[0.933s] DEBUG:colcon:Command line arguments: ['/usr/bin/colcon', 'build', '--symlink-install', '--event-handlers', 'console_direct+']
[0.934s] DEBUG:colcon:Parsed command line arguments: Namespace(log_base=None, log_level=None, verb_name='build', build_base='build', install_base='install', merge_install=False, symlink_install=True, test_result_base=None, continue_on_error=False, executor='parallel', parallel_workers=4, event_handlers=['console_direct+'], ignore_user_meta=False, metas=['./colcon.meta'], base_paths=['.'], packages_ignore=None, packages_ignore_regex=None, paths=None, packages_up_to=None, packages_up_to_regex=None, packages_above=None, packages_above_and_dependencies=None, packages_above_depth=None, packages_select_by_dep=None, packages_skip_by_dep=None, packages_skip_up_to=None, packages_select_build_failed=False, packages_skip_build_finished=False, packages_select_test_failures=False, packages_skip_test_passed=False, packages_select=None, packages_skip=None, packages_select_regex=None, packages_skip_regex=None, packages_start=None, packages_end=None, allow_overriding=[], cmake_args=None, cmake_target=None, cmake_target_skip_unavailable=False, cmake_clean_cache=False, cmake_clean_first=False, cmake_force_configure=False, ament_cmake_args=None, catkin_cmake_args=None, catkin_skip_building_tests=False, verb_parser=<colcon_defaults.argument_parser.defaults.DefaultArgumentsDecorator object at 0x7f80d4add0>, verb_extension=<colcon_core.verb.build.BuildVerb object at 0x7f80ea0b80>, main=<bound method BuildVerb.main of <colcon_core.verb.build.BuildVerb object at 0x7f80ea0b80>>)
[1.377s] Level 1:colcon.colcon_core.package_discovery:discover_packages(colcon_meta) check parameters
[1.378s] Level 1:colcon.colcon_core.package_discovery:discover_packages(recursive) check parameters
[1.378s] Level 1:colcon.colcon_core.package_discovery:discover_packages(ignore) check parameters
[1.378s] Level 1:colcon.colcon_core.package_discovery:discover_packages(path) check parameters
[1.379s] Level 1:colcon.colcon_core.package_discovery:discover_packages(colcon_meta) discover
[1.379s] Level 1:colcon.colcon_core.package_discovery:discover_packages(recursive) discover
[1.379s] INFO:colcon.colcon_core.package_discovery:Crawling recursively for packages in '/root/robot1_ws'
[1.380s] Level 1:colcon.colcon_core.package_identification:_identify(.) by extensions ['ignore', 'ignore_ament_install']
[1.381s] Level 1:colcon.colcon_core.package_identification:_identify(.) by extension 'ignore'
[1.381s] Level 1:colcon.colcon_core.package_identification:_identify(.) by extension 'ignore_ament_install'
[1.381s] Level 1:colcon.colcon_core.package_identification:_identify(.) by extensions ['colcon_pkg']
[1.382s] Level 1:colcon.colcon_core.package_identification:_identify(.) by extension 'colcon_pkg'
[1.382s] Level 1:colcon.colcon_core.package_identification:_identify(.) by extensions ['colcon_meta']
[1.382s] Level 1:colcon.colcon_core.package_identification:_identify(.) by extension 'colcon_meta'
[1.383s] Level 1:colcon.colcon_core.package_identification:_identify(.) by extensions ['ros']
[1.383s] Level 1:colcon.colcon_core.package_identification:_identify(.) by extension 'ros'
[1.508s] Level 1:colcon.colcon_core.package_identification:_identify(.) by extensions ['cmake', 'python']
[1.508s] Level 1:colcon.colcon_core.package_identification:_identify(.) by extension 'cmake'
[1.509s] Level 1:colcon.colcon_core.package_identification:_identify(.) by extension 'python'
[1.509s] Level 1:colcon.colcon_core.package_identification:_identify(.) by extensions ['python_setup_py']
[1.509s] Level 1:colcon.colcon_core.package_identification:_identify(.) by extension 'python_setup_py'
[1.510s] Level 1:colcon.colcon_core.package_identification:_identify(build) by extensions ['ignore', 'ignore_ament_install']
[1.510s] Level 1:colcon.colcon_core.package_identification:_identify(build) by extension 'ignore'
[1.511s] Level 1:colcon.colcon_core.package_identification:_identify(build) ignored
[1.512s] Level 1:colcon.colcon_core.package_identification:_identify(install) by extensions ['ignore', 'ignore_ament_install']
[1.512s] Level 1:colcon.colcon_core.package_identification:_identify(install) by extension 'ignore'
[1.513s] Level 1:colcon.colcon_core.package_identification:_identify(install) ignored
[1.513s] Level 1:colcon.colcon_core.package_identification:_identify(log) by extensions ['ignore', 'ignore_ament_install']
[1.514s] Level 1:colcon.colcon_core.package_identification:_identify(log) by extension 'ignore'
[1.514s] Level 1:colcon.colcon_core.package_identification:_identify(log) ignored
[1.515s] Level 1:colcon.colcon_core.package_identification:_identify(src) by extensions ['ignore', 'ignore_ament_install']
[1.515s] Level 1:colcon.colcon_core.package_identification:_identify(src) by extension 'ignore'
[1.516s] Level 1:colcon.colcon_core.package_identification:_identify(src) by extension 'ignore_ament_install'
[1.516s] Level 1:colcon.colcon_core.package_identification:_identify(src) by extensions ['colcon_pkg']
[1.517s] Level 1:colcon.colcon_core.package_identification:_identify(src) by extension 'colcon_pkg'
[1.517s] Level 1:colcon.colcon_core.package_identification:_identify(src) by extensions ['colcon_meta']
[1.517s] Level 1:colcon.colcon_core.package_identification:_identify(src) by extension 'colcon_meta'
[1.517s] Level 1:colcon.colcon_core.package_identification:_identify(src) by extensions ['ros']
[1.518s] Level 1:colcon.colcon_core.package_identification:_identify(src) by extension 'ros'
[1.518s] Level 1:colcon.colcon_core.package_identification:_identify(src) by extensions ['cmake', 'python']
[1.519s] Level 1:colcon.colcon_core.package_identification:_identify(src) by extension 'cmake'
[1.519s] Level 1:colcon.colcon_core.package_identification:_identify(src) by extension 'python'
[1.519s] Level 1:colcon.colcon_core.package_identification:_identify(src) by extensions ['python_setup_py']
[1.520s] Level 1:colcon.colcon_core.package_identification:_identify(src) by extension 'python_setup_py'
[1.520s] Level 1:colcon.colcon_core.package_identification:_identify(src/ydlidar_ros2_driver) by extensions ['ignore', 'ignore_ament_install']
[1.521s] Level 1:colcon.colcon_core.package_identification:_identify(src/ydlidar_ros2_driver) by extension 'ignore'
[1.521s] Level 1:colcon.colcon_core.package_identification:_identify(src/ydlidar_ros2_driver) by extension 'ignore_ament_install'
[1.522s] Level 1:colcon.colcon_core.package_identification:_identify(src/ydlidar_ros2_driver) by extensions ['colcon_pkg']
[1.522s] Level 1:colcon.colcon_core.package_identification:_identify(src/ydlidar_ros2_driver) by extension 'colcon_pkg'
[1.522s] Level 1:colcon.colcon_core.package_identification:_identify(src/ydlidar_ros2_driver) by extensions ['colcon_meta']
[1.523s] Level 1:colcon.colcon_core.package_identification:_identify(src/ydlidar_ros2_driver) by extension 'colcon_meta'
[1.523s] Level 1:colcon.colcon_core.package_identification:_identify(src/ydlidar_ros2_driver) by extensions ['ros']
[1.523s] Level 1:colcon.colcon_core.package_identification:_identify(src/ydlidar_ros2_driver) by extension 'ros'
[1.545s] DEBUG:colcon.colcon_core.package_identification:Package 'src/ydlidar_ros2_driver' with type 'ros.ament_cmake' and name 'ydlidar_ros2_driver'
[1.545s] Level 1:colcon.colcon_core.package_discovery:discover_packages(recursive) using defaults
[1.546s] Level 1:colcon.colcon_core.package_discovery:discover_packages(ignore) discover
[1.546s] Level 1:colcon.colcon_core.package_discovery:discover_packages(ignore) using defaults
[1.546s] Level 1:colcon.colcon_core.package_discovery:discover_packages(path) discover
[1.546s] Level 1:colcon.colcon_core.package_discovery:discover_packages(path) using defaults
[1.708s] Level 1:colcon.colcon_core.package_discovery:discover_packages(prefix_path) check parameters
[1.708s] Level 1:colcon.colcon_core.package_discovery:discover_packages(prefix_path) discover
[1.724s] DEBUG:colcon.colcon_installed_package_information.package_discovery:Found 183 installed packages in /opt/ros/humble
[1.734s] Level 1:colcon.colcon_core.package_discovery:discover_packages(prefix_path) using defaults
[1.960s] Level 5:colcon.colcon_core.verb:set package 'ydlidar_ros2_driver' build argument 'cmake_args' from command line to 'None'
[1.960s] Level 5:colcon.colcon_core.verb:set package 'ydlidar_ros2_driver' build argument 'cmake_target' from command line to 'None'
[1.961s] Level 5:colcon.colcon_core.verb:set package 'ydlidar_ros2_driver' build argument 'cmake_target_skip_unavailable' from command line to 'False'
[1.961s] Level 5:colcon.colcon_core.verb:set package 'ydlidar_ros2_driver' build argument 'cmake_clean_cache' from command line to 'False'
[1.961s] Level 5:colcon.colcon_core.verb:set package 'ydlidar_ros2_driver' build argument 'cmake_clean_first' from command line to 'False'
[1.961s] Level 5:colcon.colcon_core.verb:set package 'ydlidar_ros2_driver' build argument 'cmake_force_configure' from command line to 'False'
[1.961s] Level 5:colcon.colcon_core.verb:set package 'ydlidar_ros2_driver' build argument 'ament_cmake_args' from command line to 'None'
[1.962s] Level 5:colcon.colcon_core.verb:set package 'ydlidar_ros2_driver' build argument 'catkin_cmake_args' from command line to 'None'
[1.962s] Level 5:colcon.colcon_core.verb:set package 'ydlidar_ros2_driver' build argument 'catkin_skip_building_tests' from command line to 'False'
[1.962s] DEBUG:colcon.colcon_core.verb:Building package 'ydlidar_ros2_driver' with the following arguments: {'ament_cmake_args': None, 'build_base': '/root/robot1_ws/build/ydlidar_ros2_driver', 'catkin_cmake_args': None, 'catkin_skip_building_tests': False, 'cmake_args': None, 'cmake_clean_cache': False, 'cmake_clean_first': False, 'cmake_force_configure': False, 'cmake_target': None, 'cmake_target_skip_unavailable': False, 'install_base': '/root/robot1_ws/install/ydlidar_ros2_driver', 'merge_install': False, 'path': '/root/robot1_ws/src/ydlidar_ros2_driver', 'symlink_install': True, 'test_result_base': None}
[1.963s] INFO:colcon.colcon_core.executor:Executing jobs using 'parallel' executor
[1.969s] DEBUG:colcon.colcon_parallel_executor.executor.parallel:run_until_complete
[1.970s] INFO:colcon.colcon_ros.task.ament_cmake.build:Building ROS package in '/root/robot1_ws/src/ydlidar_ros2_driver' with build type 'ament_cmake'
[1.971s] INFO:colcon.colcon_cmake.task.cmake.build:Building CMake package in '/root/robot1_ws/src/ydlidar_ros2_driver'
[1.983s] INFO:colcon.colcon_core.plugin_system:Skipping extension 'colcon_core.shell.bat': Not used on non-Windows systems
[1.985s] INFO:colcon.colcon_core.shell:Skip shell extension 'powershell' for command environment: Not usable outside of PowerShell
[1.985s] DEBUG:colcon.colcon_core.shell:Skip shell extension 'dsv' for command environment
[2.017s] DEBUG:colcon.colcon_core.event_handler.log_command:Invoking command in '/root/robot1_ws/build/ydlidar_ros2_driver': CMAKE_PREFIX_PATH=/opt/ros/humble /usr/bin/cmake /root/robot1_ws/src/ydlidar_ros2_driver -DAMENT_CMAKE_SYMLINK_INSTALL=1 -DCMAKE_INSTALL_PREFIX=/root/robot1_ws/install/ydlidar_ros2_driver
[11.260s] DEBUG:colcon.colcon_core.event_handler.log_command:Invoked command in '/root/robot1_ws/build/ydlidar_ros2_driver' returned '0': CMAKE_PREFIX_PATH=/opt/ros/humble /usr/bin/cmake /root/robot1_ws/src/ydlidar_ros2_driver -DAMENT_CMAKE_SYMLINK_INSTALL=1 -DCMAKE_INSTALL_PREFIX=/root/robot1_ws/install/ydlidar_ros2_driver
[11.273s] DEBUG:colcon.colcon_core.event_handler.log_command:Invoking command in '/root/robot1_ws/build/ydlidar_ros2_driver': CMAKE_PREFIX_PATH=/opt/ros/humble /usr/bin/cmake --build /root/robot1_ws/build/ydlidar_ros2_driver -- -j4 -l4
[77.699s] DEBUG:colcon.colcon_core.event_handler.log_command:Invoked command in '/root/robot1_ws/build/ydlidar_ros2_driver' returned '2': CMAKE_PREFIX_PATH=/opt/ros/humble /usr/bin/cmake --build /root/robot1_ws/build/ydlidar_ros2_driver -- -j4 -l4
[77.702s] Level 1:colcon.colcon_core.environment:create_environment_scripts_only(ydlidar_ros2_driver)
[77.717s] Level 1:colcon.colcon_core.environment:checking '/root/robot1_ws/install/ydlidar_ros2_driver' for CMake module files
[77.720s] Level 1:colcon.colcon_core.environment:checking '/root/robot1_ws/install/ydlidar_ros2_driver' for CMake config files
[77.722s] Level 1:colcon.colcon_core.environment:checking '/root/robot1_ws/install/ydlidar_ros2_driver/bin'
[77.722s] Level 1:colcon.colcon_core.environment:checking '/root/robot1_ws/install/ydlidar_ros2_driver/lib/pkgconfig/ydlidar_ros2_driver.pc'
[77.724s] Level 1:colcon.colcon_core.environment:checking '/root/robot1_ws/install/ydlidar_ros2_driver/lib/python3.10/site-packages'
[77.727s] Level 1:colcon.colcon_core.environment:checking '/root/robot1_ws/install/ydlidar_ros2_driver/bin'
[77.729s] INFO:colcon.colcon_core.shell:Creating package script '/root/robot1_ws/install/ydlidar_ros2_driver/share/ydlidar_ros2_driver/package.ps1'
[77.739s] INFO:colcon.colcon_core.shell:Creating package descriptor '/root/robot1_ws/install/ydlidar_ros2_driver/share/ydlidar_ros2_driver/package.dsv'
[77.743s] INFO:colcon.colcon_core.shell:Creating package script '/root/robot1_ws/install/ydlidar_ros2_driver/share/ydlidar_ros2_driver/package.sh'
[77.748s] INFO:colcon.colcon_core.shell:Creating package script '/root/robot1_ws/install/ydlidar_ros2_driver/share/ydlidar_ros2_driver/package.bash'
[77.755s] INFO:colcon.colcon_core.shell:Creating package script '/root/robot1_ws/install/ydlidar_ros2_driver/share/ydlidar_ros2_driver/package.zsh'
[77.761s] Level 1:colcon.colcon_core.environment:create_file_with_runtime_dependencies(/root/robot1_ws/install/ydlidar_ros2_driver/share/colcon-core/packages/ydlidar_ros2_driver)
[77.773s] DEBUG:colcon.colcon_parallel_executor.executor.parallel:closing loop
[77.773s] DEBUG:colcon.colcon_parallel_executor.executor.parallel:loop closed
[77.773s] DEBUG:colcon.colcon_parallel_executor.executor.parallel:run_until_complete finished with '2'
[77.774s] DEBUG:colcon.colcon_core.event_reactor:joining thread
[77.775s] DEBUG:colcon.colcon_core.event_reactor:joined thread
[77.777s] INFO:colcon.colcon_core.shell:Creating prefix script '/root/robot1_ws/install/local_setup.ps1'
[77.784s] INFO:colcon.colcon_core.shell:Creating prefix util module '/root/robot1_ws/install/_local_setup_util_ps1.py'
[77.796s] INFO:colcon.colcon_core.shell:Creating prefix chain script '/root/robot1_ws/install/setup.ps1'
[77.804s] INFO:colcon.colcon_core.shell:Creating prefix script '/root/robot1_ws/install/local_setup.sh'
[77.808s] INFO:colcon.colcon_core.shell:Creating prefix util module '/root/robot1_ws/install/_local_setup_util_sh.py'
[77.812s] INFO:colcon.colcon_core.shell:Creating prefix chain script '/root/robot1_ws/install/setup.sh'
[77.819s] INFO:colcon.colcon_core.shell:Creating prefix script '/root/robot1_ws/install/local_setup.bash'
[77.823s] INFO:colcon.colcon_core.shell:Creating prefix chain script '/root/robot1_ws/install/setup.bash'
[77.829s] INFO:colcon.colcon_core.shell:Creating prefix script '/root/robot1_ws/install/local_setup.zsh'
[77.833s] INFO:colcon.colcon_core.shell:Creating prefix chain script '/root/robot1_ws/install/setup.zsh'
