-- The C compiler identification is GNU 11.2.0
-- The CXX compiler identification is GNU 11.2.0
-- Detecting C compiler ABI info
-- Detecting C compiler ABI info - done
-- Check for working C compiler: /usr/bin/cc - skipped
-- Detecting C compile features
-- Detecting C compile features - done
-- Detecting CXX compiler ABI info
-- Detecting CXX compiler ABI info - done
-- Check for working CXX compiler: /usr/bin/c++ - skipped
-- Detecting CXX compile features
-- Detecting CXX compile features - done
-- Found ament_cmake: 1.3.12 (/opt/ros/humble/share/ament_cmake/cmake)
-- Found Python3: /usr/bin/python3 (found version "3.10.12") found components: Interpreter 
-- Found rclcpp: 16.0.14 (/opt/ros/humble/share/rclcpp/cmake)
-- Found rosidl_generator_c: 3.1.7 (/opt/ros/humble/share/rosidl_generator_c/cmake)
-- Found rosidl_adapter: 3.1.7 (/opt/ros/humble/share/rosidl_adapter/cmake)
-- Found rosidl_generator_cpp: 3.1.7 (/opt/ros/humble/share/rosidl_generator_cpp/cmake)
-- Using all available rosidl_typesupport_c: rosidl_typesupport_fastrtps_c;rosidl_typesupport_introspection_c
-- Using all available rosidl_typesupport_cpp: rosidl_typesupport_fastrtps_cpp;rosidl_typesupport_introspection_cpp
-- Found rmw_implementation_cmake: 6.1.2 (/opt/ros/humble/share/rmw_implementation_cmake/cmake)
-- Found rmw_fastrtps_cpp: 6.2.8 (/opt/ros/humble/share/rmw_fastrtps_cpp/cmake)
-- Found OpenSSL: /usr/lib/aarch64-linux-gnu/libcrypto.so (found version "3.0.2")  
-- Found FastRTPS: /opt/ros/humble/include  
-- Using RMW implementation 'rmw_fastrtps_cpp' as default
-- Looking for pthread.h
-- Looking for pthread.h - found
-- Performing Test CMAKE_HAVE_LIBC_PTHREAD
-- Performing Test CMAKE_HAVE_LIBC_PTHREAD - Success
-- Found Threads: TRUE  
-- Found sensor_msgs: 4.9.0 (/opt/ros/humble/share/sensor_msgs/cmake)
-- Found visualization_msgs: 4.9.0 (/opt/ros/humble/share/visualization_msgs/cmake)
-- Found std_srvs: 4.9.0 (/opt/ros/humble/share/std_srvs/cmake)
-- Found ament_lint_auto: 0.12.14 (/opt/ros/humble/share/ament_lint_auto/cmake)
-- Added test 'copyright' to check source files copyright and LICENSE
-- Added test 'cppcheck' to perform static code analysis on C / C++ code
-- Configured cppcheck include dirs: /home/sunrise/robot1_ws/src/ydlidar_ros2_driver/src
-- Configured cppcheck exclude dirs and/or files: 
-- Added test 'cpplint' to check C / C++ code against the Google style
-- Configured cpplint exclude dirs and/or files: 
-- Added test 'flake8' to check Python code syntax and style conventions
-- Added test 'lint_cmake' to check CMake code style
-- Added test 'pep257' to check Python code against some of the docstring style conventions in PEP 257
-- Added test 'uncrustify' to check C / C++ code style
-- Configured uncrustify additional arguments: 
-- Added test 'xmllint' to check XML markup files
-- Configuring done
-- Generating done
-- Build files have been written to: /home/sunrise/robot1_ws/build/ydlidar_ros2_driver
[ 25%] Building CXX object CMakeFiles/ydlidar_ros2_driver_node.dir/src/ydlidar_ros2_driver_node.cpp.o
[ 50%] Building CXX object CMakeFiles/ydlidar_ros2_driver_client.dir/src/ydlidar_ros2_driver_client.cpp.o
/home/sunrise/robot1_ws/src/ydlidar_ros2_driver/src/ydlidar_ros2_driver_node.cpp: In lambda function:
/home/sunrise/robot1_ws/src/ydlidar_ros2_driver/src/ydlidar_ros2_driver_node.cpp:192:54: warning: unused parameter ‘request_header’ [-Wunused-parameter]
  192 |     [&laser](const std::shared_ptr<rmw_request_id_t> request_header,
      |              ~~~~~~~~~~~~~~~~~~~~~~~~~~~~~~~~~~~~~~~~^~~~~~~~~~~~~~
/home/sunrise/robot1_ws/src/ydlidar_ros2_driver/src/ydlidar_ros2_driver_node.cpp:193:56: warning: unused parameter ‘req’ [-Wunused-parameter]
  193 |   const std::shared_ptr<std_srvs::srv::Empty::Request> req,
      |   ~~~~~~~~~~~~~~~~~~~~~~~~~~~~~~~~~~~~~~~~~~~~~~~~~~~~~^~~
/home/sunrise/robot1_ws/src/ydlidar_ros2_driver/src/ydlidar_ros2_driver_node.cpp:194:51: warning: unused parameter ‘response’ [-Wunused-parameter]
  194 |   std::shared_ptr<std_srvs::srv::Empty::Response> response) -> bool
      |   ~~~~~~~~~~~~~~~~~~~~~~~~~~~~~~~~~~~~~~~~~~~~~~~~^~~~~~~~
/home/sunrise/robot1_ws/src/ydlidar_ros2_driver/src/ydlidar_ros2_driver_node.cpp: In lambda function:
/home/sunrise/robot1_ws/src/ydlidar_ros2_driver/src/ydlidar_ros2_driver_node.cpp:202:54: warning: unused parameter ‘request_header’ [-Wunused-parameter]
  202 |     [&laser](const std::shared_ptr<rmw_request_id_t> request_header,
      |              ~~~~~~~~~~~~~~~~~~~~~~~~~~~~~~~~~~~~~~~~^~~~~~~~~~~~~~
/home/sunrise/robot1_ws/src/ydlidar_ros2_driver/src/ydlidar_ros2_driver_node.cpp:203:56: warning: unused parameter ‘req’ [-Wunused-parameter]
  203 |   const std::shared_ptr<std_srvs::srv::Empty::Request> req,
      |   ~~~~~~~~~~~~~~~~~~~~~~~~~~~~~~~~~~~~~~~~~~~~~~~~~~~~~^~~
/home/sunrise/robot1_ws/src/ydlidar_ros2_driver/src/ydlidar_ros2_driver_node.cpp:204:51: warning: unused parameter ‘response’ [-Wunused-parameter]
  204 |   std::shared_ptr<std_srvs::srv::Empty::Response> response) -> bool
      |   ~~~~~~~~~~~~~~~~~~~~~~~~~~~~~~~~~~~~~~~~~~~~~~~~^~~~~~~~
[ 75%] Linking CXX executable ydlidar_ros2_driver_node
[ 75%] Built target ydlidar_ros2_driver_node
[100%] Linking CXX executable ydlidar_ros2_driver_client
[100%] Built target ydlidar_ros2_driver_client
-- Install configuration: ""
-- Installing: /home/sunrise/robot1_ws/install/ydlidar_ros2_driver/lib/ydlidar_ros2_driver/ydlidar_ros2_driver_node
-- Set runtime path of "/home/sunrise/robot1_ws/install/ydlidar_ros2_driver/lib/ydlidar_ros2_driver/ydlidar_ros2_driver_node" to ""
-- Installing: /home/sunrise/robot1_ws/install/ydlidar_ros2_driver/lib/ydlidar_ros2_driver/ydlidar_ros2_driver_client
-- Set runtime path of "/home/sunrise/robot1_ws/install/ydlidar_ros2_driver/lib/ydlidar_ros2_driver/ydlidar_ros2_driver_client" to ""
-- Up-to-date: /home/sunrise/robot1_ws/install/ydlidar_ros2_driver/share/ydlidar_ros2_driver/launch
-- Installing: /home/sunrise/robot1_ws/install/ydlidar_ros2_driver/share/ydlidar_ros2_driver/launch/ydlidar_launch_view.py
-- Installing: /home/sunrise/robot1_ws/install/ydlidar_ros2_driver/share/ydlidar_ros2_driver/launch/ydlidar.py
-- Installing: /home/sunrise/robot1_ws/install/ydlidar_ros2_driver/share/ydlidar_ros2_driver/launch/ydlidar_launch.py
-- Up-to-date: /home/sunrise/robot1_ws/install/ydlidar_ros2_driver/share/ydlidar_ros2_driver/params
-- Installing: /home/sunrise/robot1_ws/install/ydlidar_ros2_driver/share/ydlidar_ros2_driver/params/G6.yaml
-- Installing: /home/sunrise/robot1_ws/install/ydlidar_ros2_driver/share/ydlidar_ros2_driver/params/sdm15.yaml
-- Installing: /home/sunrise/robot1_ws/install/ydlidar_ros2_driver/share/ydlidar_ros2_driver/params/GS2.yaml
-- Installing: /home/sunrise/robot1_ws/install/ydlidar_ros2_driver/share/ydlidar_ros2_driver/params/TG.yaml
-- Installing: /home/sunrise/robot1_ws/install/ydlidar_ros2_driver/share/ydlidar_ros2_driver/params/Tmini.yaml
