[0.046s] Invoking command in '/home/sunrise/robot1_ws/build/ydlidar_ros2_driver': CMAKE_PREFIX_PATH=/opt/ros/humble /usr/bin/cmake /home/sunrise/robot1_ws/src/ydlidar_ros2_driver -DCMAKE_INSTALL_PREFIX=/home/sunrise/robot1_ws/install/ydlidar_ros2_driver
[0.615s] -- The C compiler identification is GNU 11.2.0
[1.266s] -- The CXX compiler identification is GNU 11.2.0
[1.314s] -- Detecting C compiler ABI info
[1.672s] -- Detecting C compiler ABI info - done
[1.733s] -- Check for working C compiler: /usr/bin/cc - skipped
[1.738s] -- Detecting C compile features
[1.741s] -- Detecting C compile features - done
[1.762s] -- Detecting CXX compiler ABI info
[2.168s] -- Detecting CXX compiler ABI info - done
[2.234s] -- Check for working CXX compiler: /usr/bin/c++ - skipped
[2.236s] -- Detecting CXX compile features
[2.239s] -- Detecting CXX compile features - done
[2.255s] -- Found ament_cmake: 1.3.12 (/opt/ros/humble/share/ament_cmake/cmake)
[4.985s] -- Found Python3: /usr/bin/python3 (found version "3.10.12") found components: Interpreter 
[5.696s] -- Found rclcpp: 16.0.14 (/opt/ros/humble/share/rclcpp/cmake)
[5.962s] -- Found rosidl_generator_c: 3.1.7 (/opt/ros/humble/share/rosidl_generator_c/cmake)
[5.991s] -- Found rosidl_adapter: 3.1.7 (/opt/ros/humble/share/rosidl_adapter/cmake)
[6.047s] -- Found rosidl_generator_cpp: 3.1.7 (/opt/ros/humble/share/rosidl_generator_cpp/cmake)
[6.135s] -- Using all available rosidl_typesupport_c: rosidl_typesupport_fastrtps_c;rosidl_typesupport_introspection_c
[6.248s] -- Using all available rosidl_typesupport_cpp: rosidl_typesupport_fastrtps_cpp;rosidl_typesupport_introspection_cpp
[6.554s] -- Found rmw_implementation_cmake: 6.1.2 (/opt/ros/humble/share/rmw_implementation_cmake/cmake)
[6.569s] -- Found rmw_fastrtps_cpp: 6.2.8 (/opt/ros/humble/share/rmw_fastrtps_cpp/cmake)
[6.980s] -- Found OpenSSL: /usr/lib/aarch64-linux-gnu/libcrypto.so (found version "3.0.2")  
[7.114s] -- Found FastRTPS: /opt/ros/humble/include  
[7.326s] -- Using RMW implementation 'rmw_fastrtps_cpp' as default
[7.377s] -- Looking for pthread.h
[7.829s] -- Looking for pthread.h - found
[7.831s] -- Performing Test CMAKE_HAVE_LIBC_PTHREAD
[8.205s] -- Performing Test CMAKE_HAVE_LIBC_PTHREAD - Success
[8.211s] -- Found Threads: TRUE  
[8.634s] -- Found sensor_msgs: 4.9.0 (/opt/ros/humble/share/sensor_msgs/cmake)
[8.902s] -- Found visualization_msgs: 4.9.0 (/opt/ros/humble/share/visualization_msgs/cmake)
[9.088s] -- Found std_srvs: 4.9.0 (/opt/ros/humble/share/std_srvs/cmake)
[9.204s] -- Found ament_lint_auto: 0.12.14 (/opt/ros/humble/share/ament_lint_auto/cmake)
[9.798s] -- Added test 'copyright' to check source files copyright and LICENSE
[9.824s] -- Added test 'cppcheck' to perform static code analysis on C / C++ code
[9.826s] -- Configured cppcheck include dirs: /home/sunrise/robot1_ws/src/ydlidar_ros2_driver/src
[9.827s] -- Configured cppcheck exclude dirs and/or files: 
[9.847s] -- Added test 'cpplint' to check C / C++ code against the Google style
[9.848s] -- Configured cpplint exclude dirs and/or files: 
[9.853s] -- Added test 'flake8' to check Python code syntax and style conventions
[9.861s] -- Added test 'lint_cmake' to check CMake code style
[9.867s] -- Added test 'pep257' to check Python code against some of the docstring style conventions in PEP 257
[9.889s] -- Added test 'uncrustify' to check C / C++ code style
[9.890s] -- Configured uncrustify additional arguments: 
[9.895s] -- Added test 'xmllint' to check XML markup files
[9.903s] -- Configuring done
[9.999s] -- Generating done
[10.042s] -- Build files have been written to: /home/sunrise/robot1_ws/build/ydlidar_ros2_driver
[10.118s] Invoked command in '/home/sunrise/robot1_ws/build/ydlidar_ros2_driver' returned '0': CMAKE_PREFIX_PATH=/opt/ros/humble /usr/bin/cmake /home/sunrise/robot1_ws/src/ydlidar_ros2_driver -DCMAKE_INSTALL_PREFIX=/home/sunrise/robot1_ws/install/ydlidar_ros2_driver
[10.127s] Invoking command in '/home/sunrise/robot1_ws/build/ydlidar_ros2_driver': CMAKE_PREFIX_PATH=/opt/ros/humble /usr/bin/cmake --build /home/sunrise/robot1_ws/build/ydlidar_ros2_driver -- -j4 -l4
[10.393s] [ 25%] Building CXX object CMakeFiles/ydlidar_ros2_driver_node.dir/src/ydlidar_ros2_driver_node.cpp.o
[10.432s] [ 50%] Building CXX object CMakeFiles/ydlidar_ros2_driver_client.dir/src/ydlidar_ros2_driver_client.cpp.o
[31.075s] /home/sunrise/robot1_ws/src/ydlidar_ros2_driver/src/ydlidar_ros2_driver_node.cpp: In lambda function:
[31.076s] /home/sunrise/robot1_ws/src/ydlidar_ros2_driver/src/ydlidar_ros2_driver_node.cpp:192:54: warning: unused parameter ‘request_header’ [-Wunused-parameter]
[31.077s]   192 |     [&laser](const std::shared_ptr<rmw_request_id_t> request_header,
[31.078s]       |              ~~~~~~~~~~~~~~~~~~~~~~~~~~~~~~~~~~~~~~~~^~~~~~~~~~~~~~
[31.079s] /home/sunrise/robot1_ws/src/ydlidar_ros2_driver/src/ydlidar_ros2_driver_node.cpp:193:56: warning: unused parameter ‘req’ [-Wunused-parameter]
[31.080s]   193 |   const std::shared_ptr<std_srvs::srv::Empty::Request> req,
[31.082s]       |   ~~~~~~~~~~~~~~~~~~~~~~~~~~~~~~~~~~~~~~~~~~~~~~~~~~~~~^~~
[31.083s] /home/sunrise/robot1_ws/src/ydlidar_ros2_driver/src/ydlidar_ros2_driver_node.cpp:194:51: warning: unused parameter ‘response’ [-Wunused-parameter]
[31.084s]   194 |   std::shared_ptr<std_srvs::srv::Empty::Response> response) -> bool
[31.085s]       |   ~~~~~~~~~~~~~~~~~~~~~~~~~~~~~~~~~~~~~~~~~~~~~~~~^~~~~~~~
[31.209s] /home/sunrise/robot1_ws/src/ydlidar_ros2_driver/src/ydlidar_ros2_driver_node.cpp: In lambda function:
[31.210s] /home/sunrise/robot1_ws/src/ydlidar_ros2_driver/src/ydlidar_ros2_driver_node.cpp:202:54: warning: unused parameter ‘request_header’ [-Wunused-parameter]
[31.211s]   202 |     [&laser](const std::shared_ptr<rmw_request_id_t> request_header,
[31.212s]       |              ~~~~~~~~~~~~~~~~~~~~~~~~~~~~~~~~~~~~~~~~^~~~~~~~~~~~~~
[31.213s] /home/sunrise/robot1_ws/src/ydlidar_ros2_driver/src/ydlidar_ros2_driver_node.cpp:203:56: warning: unused parameter ‘req’ [-Wunused-parameter]
[31.214s]   203 |   const std::shared_ptr<std_srvs::srv::Empty::Request> req,
[31.215s]       |   ~~~~~~~~~~~~~~~~~~~~~~~~~~~~~~~~~~~~~~~~~~~~~~~~~~~~~^~~
[31.216s] /home/sunrise/robot1_ws/src/ydlidar_ros2_driver/src/ydlidar_ros2_driver_node.cpp:204:51: warning: unused parameter ‘response’ [-Wunused-parameter]
[31.217s]   204 |   std::shared_ptr<std_srvs::srv::Empty::Response> response) -> bool
[31.218s]       |   ~~~~~~~~~~~~~~~~~~~~~~~~~~~~~~~~~~~~~~~~~~~~~~~~^~~~~~~~
[58.460s] [ 75%] Linking CXX executable ydlidar_ros2_driver_node
[62.237s] [ 75%] Built target ydlidar_ros2_driver_node
[80.454s] [100%] Linking CXX executable ydlidar_ros2_driver_client
[84.530s] [100%] Built target ydlidar_ros2_driver_client
[84.573s] Invoked command in '/home/sunrise/robot1_ws/build/ydlidar_ros2_driver' returned '0': CMAKE_PREFIX_PATH=/opt/ros/humble /usr/bin/cmake --build /home/sunrise/robot1_ws/build/ydlidar_ros2_driver -- -j4 -l4
[84.613s] Invoking command in '/home/sunrise/robot1_ws/build/ydlidar_ros2_driver': CMAKE_PREFIX_PATH=/opt/ros/humble /usr/bin/cmake --install /home/sunrise/robot1_ws/build/ydlidar_ros2_driver
[84.643s] -- Install configuration: ""
[84.644s] -- Installing: /home/sunrise/robot1_ws/install/ydlidar_ros2_driver/lib/ydlidar_ros2_driver/ydlidar_ros2_driver_node
[84.656s] -- Set runtime path of "/home/sunrise/robot1_ws/install/ydlidar_ros2_driver/lib/ydlidar_ros2_driver/ydlidar_ros2_driver_node" to ""
[84.657s] -- Installing: /home/sunrise/robot1_ws/install/ydlidar_ros2_driver/lib/ydlidar_ros2_driver/ydlidar_ros2_driver_client
[84.675s] -- Set runtime path of "/home/sunrise/robot1_ws/install/ydlidar_ros2_driver/lib/ydlidar_ros2_driver/ydlidar_ros2_driver_client" to ""
[84.676s] -- Up-to-date: /home/sunrise/robot1_ws/install/ydlidar_ros2_driver/share/ydlidar_ros2_driver/launch
[84.679s] -- Installing: /home/sunrise/robot1_ws/install/ydlidar_ros2_driver/share/ydlidar_ros2_driver/launch/ydlidar_launch_view.py
[84.680s] -- Installing: /home/sunrise/robot1_ws/install/ydlidar_ros2_driver/share/ydlidar_ros2_driver/launch/ydlidar.py
[84.682s] -- Installing: /home/sunrise/robot1_ws/install/ydlidar_ros2_driver/share/ydlidar_ros2_driver/launch/ydlidar_launch.py
[84.683s] -- Up-to-date: /home/sunrise/robot1_ws/install/ydlidar_ros2_driver/share/ydlidar_ros2_driver/params
[84.685s] -- Installing: /home/sunrise/robot1_ws/install/ydlidar_ros2_driver/share/ydlidar_ros2_driver/params/G6.yaml
[84.687s] -- Installing: /home/sunrise/robot1_ws/install/ydlidar_ros2_driver/share/ydlidar_ros2_driver/params/sdm15.yaml
[84.688s] -- Installing: /home/sunrise/robot1_ws/install/ydlidar_ros2_driver/share/ydlidar_ros2_driver/params/GS2.yaml
[84.689s] -- Installing: /home/sunrise/robot1_ws/install/ydlidar_ros2_driver/share/ydlidar_ros2_driver/params/TG.yaml
[84.693s] -- Installing: /home/sunrise/robot1_ws/install/ydlidar_ros2_driver/share/ydlidar_ros2_driver/params/Tmini.yaml
