[5.330s] Invoking command in '/home/sunrise/robot1_ws/src/robot_driver': PYTHONPATH=/home/sunrise/robot1_ws/build/robot_driver/prefix_override:/usr/lib/python3/dist-packages/colcon_core/task/python/colcon_distutils_commands:/home/sunrise/robot1_ws/install/robot_driver/lib/python3.10/site-packages:${PYTHONPATH} /usr/bin/python3 -W ignore:setup.py install is deprecated -W ignore:easy_install command is deprecated setup.py egg_info --egg-base ../../build/robot_driver build --build-base /home/sunrise/robot1_ws/build/robot_driver/build install --record /home/sunrise/robot1_ws/build/robot_driver/install.log --install-scripts $base/lib/robot_driver --single-version-externally-managed install_data
[6.683s] /usr/local/lib/python3.10/dist-packages/setuptools/_distutils/dist.py:289: UserWarning: Unknown distribution option: 'tests_require'
[6.684s]   warnings.warn(msg)
[7.452s] running egg_info
[7.575s] writing ../../build/robot_driver/robot_driver.egg-info/PKG-INFO
[7.578s] writing dependency_links to ../../build/robot_driver/robot_driver.egg-info/dependency_links.txt
[7.581s] writing entry points to ../../build/robot_driver/robot_driver.egg-info/entry_points.txt
[7.585s] writing requirements to ../../build/robot_driver/robot_driver.egg-info/requires.txt
[7.586s] writing top-level names to ../../build/robot_driver/robot_driver.egg-info/top_level.txt
[7.909s] reading manifest file '../../build/robot_driver/robot_driver.egg-info/SOURCES.txt'
[7.921s] writing manifest file '../../build/robot_driver/robot_driver.egg-info/SOURCES.txt'
[7.923s] running build
[7.925s] running build_py
[7.926s] copying robot_driver/__init__.py -> /home/sunrise/robot1_ws/build/robot_driver/build/lib/robot_driver
[7.927s] copying robot_driver/robot_driver_node.py -> /home/sunrise/robot1_ws/build/robot_driver/build/lib/robot_driver
[7.928s] running install
[8.010s] running install_lib
[8.255s] running install_data
[8.257s] copying resource/robot_driver -> /home/sunrise/robot1_ws/install/robot_driver/share/ament_index/resource_index/packages
[8.260s] copying package.xml -> /home/sunrise/robot1_ws/install/robot_driver/share/robot_driver
[8.263s] running install_egg_info
[8.467s] removing '/home/sunrise/robot1_ws/install/robot_driver/lib/python3.10/site-packages/robot_driver-0.0.0-py3.10.egg-info' (and everything under it)
[8.468s] Copying ../../build/robot_driver/robot_driver.egg-info to /home/sunrise/robot1_ws/install/robot_driver/lib/python3.10/site-packages/robot_driver-0.0.0-py3.10.egg-info
[8.478s] running install_scripts
[8.837s] Installing robot_driver_node script to /home/sunrise/robot1_ws/install/robot_driver/lib/robot_driver
[8.844s] writing list of installed files to '/home/sunrise/robot1_ws/build/robot_driver/install.log'
[9.092s] Invoked command in '/home/sunrise/robot1_ws/src/robot_driver' returned '0': PYTHONPATH=/home/sunrise/robot1_ws/build/robot_driver/prefix_override:/usr/lib/python3/dist-packages/colcon_core/task/python/colcon_distutils_commands:/home/sunrise/robot1_ws/install/robot_driver/lib/python3.10/site-packages:${PYTHONPATH} /usr/bin/python3 -W ignore:setup.py install is deprecated -W ignore:easy_install command is deprecated setup.py egg_info --egg-base ../../build/robot_driver build --build-base /home/sunrise/robot1_ws/build/robot_driver/build install --record /home/sunrise/robot1_ws/build/robot_driver/install.log --install-scripts $base/lib/robot_driver --single-version-externally-managed install_data
