[0.061s] Invoking command in '/home/xumeng/robot1_ws/build/gimbal_control_cpp': CMAKE_PREFIX_PATH=/opt/ros/humble /usr/bin/cmake /home/xumeng/robot1_ws/src/gimbal_ws/gimbal_control_cpp -DAMENT_CMAKE_SYMLINK_INSTALL=1 -DCMAKE_INSTALL_PREFIX=/home/xumeng/robot1_ws/install/gimbal_control_cpp
[1.129s] -- The C compiler identification is GNU 11.4.0
[1.130s] -- The CXX compiler identification is GNU 11.4.0
[1.130s] -- Detecting C compiler ABI info
[1.130s] -- Detecting C compiler ABI info - done
[1.130s] -- Check for working C compiler: /usr/bin/cc - skipped
[1.131s] -- Detecting C compile features
[1.131s] -- Detecting C compile features - done
[1.131s] -- Detecting CXX compiler ABI info
[1.131s] -- Detecting CXX compiler ABI info - done
[1.131s] -- Check for working CXX compiler: /usr/bin/c++ - skipped
[1.131s] -- Detecting CXX compile features
[1.132s] -- Detecting CXX compile features - done
[1.132s] -- Found ament_cmake: 1.3.14 (/opt/ros/humble/share/ament_cmake/cmake)
[1.606s] -- Found Python3: /usr/bin/python3 (found version "3.10.12") found components: Interpreter 
[1.901s] -- Override CMake install command with custom implementation using symlinks instead of copying resources
[1.980s] -- Found rclcpp: 16.0.19 (/opt/ros/humble/share/rclcpp/cmake)
[2.124s] -- Found rosidl_generator_c: 3.1.9 (/opt/ros/humble/share/rosidl_generator_c/cmake)
[2.155s] -- Found rosidl_adapter: 3.1.9 (/opt/ros/humble/share/rosidl_adapter/cmake)
[2.197s] -- Found rosidl_generator_cpp: 3.1.9 (/opt/ros/humble/share/rosidl_generator_cpp/cmake)
[2.260s] -- Using all available rosidl_typesupport_c: rosidl_typesupport_fastrtps_c;rosidl_typesupport_introspection_c
[2.324s] -- Using all available rosidl_typesupport_cpp: rosidl_typesupport_fastrtps_cpp;rosidl_typesupport_introspection_cpp
[2.467s] -- Found rmw_implementation_cmake: 6.1.3 (/opt/ros/humble/share/rmw_implementation_cmake/cmake)
[2.471s] -- Found rmw_fastrtps_cpp: 6.2.10 (/opt/ros/humble/share/rmw_fastrtps_cpp/cmake)
[2.805s] -- Found OpenSSL: /usr/lib/aarch64-linux-gnu/libcrypto.so (found version "3.0.2")  
[2.993s] -- Found FastRTPS: /opt/ros/humble/include  
[3.119s] -- Using RMW implementation 'rmw_fastrtps_cpp' as default
[3.148s] -- Looking for pthread.h
[3.358s] -- Looking for pthread.h - found
[3.358s] -- Performing Test CMAKE_HAVE_LIBC_PTHREAD
[3.558s] -- Performing Test CMAKE_HAVE_LIBC_PTHREAD - Success
[3.562s] -- Found Threads: TRUE  
[3.730s] -- Found geometry_msgs: 4.9.2 (/opt/ros/humble/share/geometry_msgs/cmake)
[3.771s] -- Found sensor_msgs: 4.9.2 (/opt/ros/humble/share/sensor_msgs/cmake)
[3.825s] -- Found ament_lint_auto: 0.12.15 (/opt/ros/humble/share/ament_lint_auto/cmake)
[4.103s] -- Added test 'cppcheck' to perform static code analysis on C / C++ code
[4.105s] -- Configured cppcheck include dirs: 
[4.105s] -- Configured cppcheck exclude dirs and/or files: 
[4.109s] -- Added test 'flake8' to check Python code syntax and style conventions
[4.111s] -- Added test 'lint_cmake' to check CMake code style
[4.113s] -- Added test 'pep257' to check Python code against some of the docstring style conventions in PEP 257
[4.115s] -- Added test 'uncrustify' to check C / C++ code style
[4.116s] -- Configured uncrustify additional arguments: 
[4.118s] -- Added test 'xmllint' to check XML markup files
[4.125s] -- Configuring done
[4.166s] -- Generating done
[4.176s] -- Build files have been written to: /home/xumeng/robot1_ws/build/gimbal_control_cpp
[4.211s] Invoked command in '/home/xumeng/robot1_ws/build/gimbal_control_cpp' returned '0': CMAKE_PREFIX_PATH=/opt/ros/humble /usr/bin/cmake /home/xumeng/robot1_ws/src/gimbal_ws/gimbal_control_cpp -DAMENT_CMAKE_SYMLINK_INSTALL=1 -DCMAKE_INSTALL_PREFIX=/home/xumeng/robot1_ws/install/gimbal_control_cpp
[4.212s] Invoking command in '/home/xumeng/robot1_ws/build/gimbal_control_cpp': CMAKE_PREFIX_PATH=/opt/ros/humble /usr/bin/cmake --build /home/xumeng/robot1_ws/build/gimbal_control_cpp -- -j4 -l4
[4.362s] [ 50%] Building CXX object CMakeFiles/gimbal_controller.dir/src/gimbal_controller.cpp.o
[12.617s] /home/xumeng/robot1_ws/src/gimbal_ws/gimbal_control_cpp/src/gimbal_controller.cpp: In member function ‘int GimbalController::open_serial(const string&, int)’:
[12.618s] /home/xumeng/robot1_ws/src/gimbal_ws/gimbal_control_cpp/src/gimbal_controller.cpp:71:54: warning: unused parameter ‘baudrate’ [-Wunused-parameter]
[12.618s]    71 |     int open_serial(const std::string& port_name,int baudrate){
[12.618s]       |                                                  ~~~~^~~~~~~~
[31.378s] [100%] Linking CXX executable gimbal_controller
[32.520s] [100%] Built target gimbal_controller
