[0.000000] (-) TimerEvent: {}
[0.001281] (gimbal_control_cpp) JobQueued: {'identifier': 'gimbal_control_cpp', 'dependencies': OrderedDict()}
[0.001769] (robot1_nav) JobQueued: {'identifier': 'robot1_nav', 'dependencies': OrderedDict()}
[0.001919] (robot_driver) JobQueued: {'identifier': 'robot_driver', 'dependencies': OrderedDict()}
[0.002163] (ydlidar_ros2_driver) JobQueued: {'identifier': 'ydlidar_ros2_driver', 'dependencies': OrderedDict()}
[0.002277] (robot1_soldier) JobQueued: {'identifier': 'robot1_soldier', 'dependencies': OrderedDict([('gimbal_control_cpp', '/home/xumeng/robot1_ws/install/gimbal_control_cpp')])}
[0.002354] (gimbal_control_cpp) JobStarted: {'identifier': 'gimbal_control_cpp'}
[0.022328] (robot1_nav) JobStarted: {'identifier': 'robot1_nav'}
[0.031097] (robot_driver) JobStarted: {'identifier': 'robot_driver'}
[0.046342] (ydlidar_ros2_driver) JobStarted: {'identifier': 'ydlidar_ros2_driver'}
[0.059514] (gimbal_control_cpp) JobProgress: {'identifier': 'gimbal_control_cpp', 'progress': 'cmake'}
[0.061519] (gimbal_control_cpp) JobProgress: {'identifier': 'gimbal_control_cpp', 'progress': 'build'}
[0.063521] (gimbal_control_cpp) Command: {'cmd': ['/usr/bin/cmake', '--build', '/home/xumeng/robot1_ws/build/gimbal_control_cpp', '--', '-j4', '-l4'], 'cwd': '/home/xumeng/robot1_ws/build/gimbal_control_cpp', 'env': OrderedDict([('USER', 'xumeng'), ('SSH_CLIENT', '192.168.31.57 64697 22'), ('XDG_SESSION_TYPE', 'tty'), ('SHLVL', '0'), ('LD_LIBRARY_PATH', '/opt/ros/humble/opt/rviz_ogre_vendor/lib:/opt/ros/humble/lib/aarch64-linux-gnu:/opt/ros/humble/lib'), ('MOTD_SHOWN', 'pam'), ('HOME', '/home/xumeng'), ('OLDPWD', '/home/xumeng'), ('ROS_PYTHON_VERSION', '3'), ('DBUS_SESSION_BUS_ADDRESS', 'unix:path=/run/user/1000/bus'), ('ROS_DISTRO', 'humble'), ('LOGNAME', 'xumeng'), ('_', '/usr/bin/colcon'), ('ROS_VERSION', '2'), ('XDG_SESSION_CLASS', 'user'), ('XDG_SESSION_ID', '56'), ('ROS_LOCALHOST_ONLY', '0'), ('PATH', '/opt/ros/humble/bin:/usr/local/sbin:/usr/local/bin:/usr/sbin:/usr/bin:/sbin:/bin:/usr/games:/usr/local/games:/snap/bin'), ('XDG_RUNTIME_DIR', '/run/user/1000'), ('LANG', 'zh_CN.UTF-8'), ('AMENT_PREFIX_PATH', '/opt/ros/humble'), ('SHELL', '/bin/bash'), ('PWD', '/home/xumeng/robot1_ws/build/gimbal_control_cpp'), ('SSH_CONNECTION', '192.168.31.57 64697 192.168.31.235 22'), ('PYTHONPATH', '/opt/ros/humble/lib/python3.10/site-packages:/opt/ros/humble/local/lib/python3.10/dist-packages'), ('COLCON', '1'), ('CMAKE_PREFIX_PATH', '/opt/ros/humble')]), 'shell': False}
[0.067185] (robot1_nav) JobProgress: {'identifier': 'robot1_nav', 'progress': 'cmake'}
[0.070810] (robot1_nav) JobProgress: {'identifier': 'robot1_nav', 'progress': 'build'}
[0.071247] (robot1_nav) Command: {'cmd': ['/usr/bin/cmake', '--build', '/home/xumeng/robot1_ws/build/robot1_nav', '--', '-j4', '-l4'], 'cwd': '/home/xumeng/robot1_ws/build/robot1_nav', 'env': OrderedDict([('USER', 'xumeng'), ('SSH_CLIENT', '192.168.31.57 64697 22'), ('XDG_SESSION_TYPE', 'tty'), ('SHLVL', '0'), ('LD_LIBRARY_PATH', '/opt/ros/humble/opt/rviz_ogre_vendor/lib:/opt/ros/humble/lib/aarch64-linux-gnu:/opt/ros/humble/lib'), ('MOTD_SHOWN', 'pam'), ('HOME', '/home/xumeng'), ('OLDPWD', '/home/xumeng'), ('ROS_PYTHON_VERSION', '3'), ('DBUS_SESSION_BUS_ADDRESS', 'unix:path=/run/user/1000/bus'), ('ROS_DISTRO', 'humble'), ('LOGNAME', 'xumeng'), ('_', '/usr/bin/colcon'), ('ROS_VERSION', '2'), ('XDG_SESSION_CLASS', 'user'), ('XDG_SESSION_ID', '56'), ('ROS_LOCALHOST_ONLY', '0'), ('PATH', '/opt/ros/humble/bin:/usr/local/sbin:/usr/local/bin:/usr/sbin:/usr/bin:/sbin:/bin:/usr/games:/usr/local/games:/snap/bin'), ('XDG_RUNTIME_DIR', '/run/user/1000'), ('LANG', 'zh_CN.UTF-8'), ('AMENT_PREFIX_PATH', '/opt/ros/humble'), ('SHELL', '/bin/bash'), ('PWD', '/home/xumeng/robot1_ws/build/robot1_nav'), ('SSH_CONNECTION', '192.168.31.57 64697 192.168.31.235 22'), ('PYTHONPATH', '/opt/ros/humble/lib/python3.10/site-packages:/opt/ros/humble/local/lib/python3.10/dist-packages'), ('COLCON', '1'), ('CMAKE_PREFIX_PATH', '/opt/ros/humble')]), 'shell': False}
[0.098681] (-) TimerEvent: {}
[0.199149] (-) TimerEvent: {}
[0.299877] (-) TimerEvent: {}
[0.400541] (-) TimerEvent: {}
[0.501555] (-) TimerEvent: {}
[0.601964] (-) TimerEvent: {}
[0.702388] (-) TimerEvent: {}
[0.802794] (-) TimerEvent: {}
[0.903202] (-) TimerEvent: {}
[1.003843] (-) TimerEvent: {}
[1.016282] (ydlidar_ros2_driver) JobProgress: {'identifier': 'ydlidar_ros2_driver', 'progress': 'cmake'}
[1.018860] (ydlidar_ros2_driver) Command: {'cmd': ['/usr/bin/cmake', '/home/xumeng/robot1_ws/src/ydlidar_ros2_driver', '-DAMENT_CMAKE_SYMLINK_INSTALL=1', '-DCMAKE_INSTALL_PREFIX=/home/xumeng/robot1_ws/install/ydlidar_ros2_driver'], 'cwd': '/home/xumeng/robot1_ws/build/ydlidar_ros2_driver', 'env': OrderedDict([('USER', 'xumeng'), ('SSH_CLIENT', '192.168.31.57 64697 22'), ('XDG_SESSION_TYPE', 'tty'), ('SHLVL', '0'), ('LD_LIBRARY_PATH', '/opt/ros/humble/opt/rviz_ogre_vendor/lib:/opt/ros/humble/lib/aarch64-linux-gnu:/opt/ros/humble/lib'), ('MOTD_SHOWN', 'pam'), ('HOME', '/home/xumeng'), ('OLDPWD', '/home/xumeng'), ('ROS_PYTHON_VERSION', '3'), ('DBUS_SESSION_BUS_ADDRESS', 'unix:path=/run/user/1000/bus'), ('ROS_DISTRO', 'humble'), ('LOGNAME', 'xumeng'), ('_', '/usr/bin/colcon'), ('ROS_VERSION', '2'), ('XDG_SESSION_CLASS', 'user'), ('XDG_SESSION_ID', '56'), ('ROS_LOCALHOST_ONLY', '0'), ('PATH', '/opt/ros/humble/bin:/usr/local/sbin:/usr/local/bin:/usr/sbin:/usr/bin:/sbin:/bin:/usr/games:/usr/local/games:/snap/bin'), ('XDG_RUNTIME_DIR', '/run/user/1000'), ('LANG', 'zh_CN.UTF-8'), ('AMENT_PREFIX_PATH', '/opt/ros/humble'), ('SHELL', '/bin/bash'), ('PWD', '/home/xumeng/robot1_ws/build/ydlidar_ros2_driver'), ('SSH_CONNECTION', '192.168.31.57 64697 192.168.31.235 22'), ('PYTHONPATH', '/opt/ros/humble/lib/python3.10/site-packages:/opt/ros/humble/local/lib/python3.10/dist-packages'), ('COLCON', '1'), ('CMAKE_PREFIX_PATH', '/opt/ros/humble')]), 'shell': False}
[1.025517] (gimbal_control_cpp) StdoutLine: {'line': b'Consolidate compiler generated dependencies of target gimbal_controller\n'}
[1.026100] (gimbal_control_cpp) StdoutLine: {'line': b'[100%] Built target gimbal_controller\n'}
[1.026456] (gimbal_control_cpp) CommandEnded: {'returncode': 0}
[1.027661] (gimbal_control_cpp) JobProgress: {'identifier': 'gimbal_control_cpp', 'progress': 'install'}
[1.051198] (gimbal_control_cpp) Command: {'cmd': ['/usr/bin/cmake', '--install', '/home/xumeng/robot1_ws/build/gimbal_control_cpp'], 'cwd': '/home/xumeng/robot1_ws/build/gimbal_control_cpp', 'env': OrderedDict([('USER', 'xumeng'), ('SSH_CLIENT', '192.168.31.57 64697 22'), ('XDG_SESSION_TYPE', 'tty'), ('SHLVL', '0'), ('LD_LIBRARY_PATH', '/opt/ros/humble/opt/rviz_ogre_vendor/lib:/opt/ros/humble/lib/aarch64-linux-gnu:/opt/ros/humble/lib'), ('MOTD_SHOWN', 'pam'), ('HOME', '/home/xumeng'), ('OLDPWD', '/home/xumeng'), ('ROS_PYTHON_VERSION', '3'), ('DBUS_SESSION_BUS_ADDRESS', 'unix:path=/run/user/1000/bus'), ('ROS_DISTRO', 'humble'), ('LOGNAME', 'xumeng'), ('_', '/usr/bin/colcon'), ('ROS_VERSION', '2'), ('XDG_SESSION_CLASS', 'user'), ('XDG_SESSION_ID', '56'), ('ROS_LOCALHOST_ONLY', '0'), ('PATH', '/opt/ros/humble/bin:/usr/local/sbin:/usr/local/bin:/usr/sbin:/usr/bin:/sbin:/bin:/usr/games:/usr/local/games:/snap/bin'), ('XDG_RUNTIME_DIR', '/run/user/1000'), ('LANG', 'zh_CN.UTF-8'), ('AMENT_PREFIX_PATH', '/opt/ros/humble'), ('SHELL', '/bin/bash'), ('PWD', '/home/xumeng/robot1_ws/build/gimbal_control_cpp'), ('SSH_CONNECTION', '192.168.31.57 64697 192.168.31.235 22'), ('PYTHONPATH', '/opt/ros/humble/lib/python3.10/site-packages:/opt/ros/humble/local/lib/python3.10/dist-packages'), ('COLCON', '1'), ('CMAKE_PREFIX_PATH', '/opt/ros/humble')]), 'shell': False}
[1.054652] (robot1_nav) CommandEnded: {'returncode': 0}
[1.056209] (robot1_nav) JobProgress: {'identifier': 'robot1_nav', 'progress': 'install'}
[1.056744] (robot1_nav) Command: {'cmd': ['/usr/bin/cmake', '--install', '/home/xumeng/robot1_ws/build/robot1_nav'], 'cwd': '/home/xumeng/robot1_ws/build/robot1_nav', 'env': OrderedDict([('USER', 'xumeng'), ('SSH_CLIENT', '192.168.31.57 64697 22'), ('XDG_SESSION_TYPE', 'tty'), ('SHLVL', '0'), ('LD_LIBRARY_PATH', '/opt/ros/humble/opt/rviz_ogre_vendor/lib:/opt/ros/humble/lib/aarch64-linux-gnu:/opt/ros/humble/lib'), ('MOTD_SHOWN', 'pam'), ('HOME', '/home/xumeng'), ('OLDPWD', '/home/xumeng'), ('ROS_PYTHON_VERSION', '3'), ('DBUS_SESSION_BUS_ADDRESS', 'unix:path=/run/user/1000/bus'), ('ROS_DISTRO', 'humble'), ('LOGNAME', 'xumeng'), ('_', '/usr/bin/colcon'), ('ROS_VERSION', '2'), ('XDG_SESSION_CLASS', 'user'), ('XDG_SESSION_ID', '56'), ('ROS_LOCALHOST_ONLY', '0'), ('PATH', '/opt/ros/humble/bin:/usr/local/sbin:/usr/local/bin:/usr/sbin:/usr/bin:/sbin:/bin:/usr/games:/usr/local/games:/snap/bin'), ('XDG_RUNTIME_DIR', '/run/user/1000'), ('LANG', 'zh_CN.UTF-8'), ('AMENT_PREFIX_PATH', '/opt/ros/humble'), ('SHELL', '/bin/bash'), ('PWD', '/home/xumeng/robot1_ws/build/robot1_nav'), ('SSH_CONNECTION', '192.168.31.57 64697 192.168.31.235 22'), ('PYTHONPATH', '/opt/ros/humble/lib/python3.10/site-packages:/opt/ros/humble/local/lib/python3.10/dist-packages'), ('COLCON', '1'), ('CMAKE_PREFIX_PATH', '/opt/ros/humble')]), 'shell': False}
[1.079297] (ydlidar_ros2_driver) StdoutLine: {'line': b'-- Found ament_cmake: 1.3.14 (/opt/ros/humble/share/ament_cmake/cmake)\n'}
[1.081577] (gimbal_control_cpp) StdoutLine: {'line': b'-- Install configuration: ""\n'}
[1.081869] (gimbal_control_cpp) StdoutLine: {'line': b'-- Execute custom install script\n'}
[1.082082] (gimbal_control_cpp) StdoutLine: {'line': b'-- Symlinking: /home/xumeng/robot1_ws/install/gimbal_control_cpp/lib/gimbal_control_cpp/gimbal_controller\n'}
[1.082534] (robot1_nav) StdoutLine: {'line': b'-- Install configuration: ""\n'}
[1.083125] (robot1_nav) StdoutLine: {'line': b'-- Execute custom install script\n'}
[1.083433] (robot1_nav) StdoutLine: {'line': b'-- Up-to-date symlink: /home/xumeng/robot1_ws/install/robot1_nav/share/robot1_nav//launch/__pycache__/nav2_bringup.launch.cpython-310.pyc\n'}
[1.083691] (robot1_nav) StdoutLine: {'line': b'-- Up-to-date symlink: /home/xumeng/robot1_ws/install/robot1_nav/share/robot1_nav//launch/nav2_bringup.launch.py\n'}
[1.083892] (robot1_nav) StdoutLine: {'line': b'-- Up-to-date symlink: /home/xumeng/robot1_ws/install/robot1_nav/share/robot1_nav//config/nav2_params.yaml\n'}
[1.084319] (robot1_nav) StdoutLine: {'line': b'-- Up-to-date symlink: /home/xumeng/robot1_ws/install/robot1_nav/share/robot1_nav//maps/lab_map.pgm\n'}
[1.084834] (robot1_nav) StdoutLine: {'line': b'-- Up-to-date symlink: /home/xumeng/robot1_ws/install/robot1_nav/share/robot1_nav//maps/lab_map.yaml\n'}
[1.085568] (robot1_nav) StdoutLine: {'line': b'-- Up-to-date symlink: /home/xumeng/robot1_ws/install/robot1_nav/share/robot1_nav//scripts/map_relay.py\n'}
[1.085973] (robot1_nav) StdoutLine: {'line': b'-- Up-to-date symlink: /home/xumeng/robot1_ws/install/robot1_nav/share/ament_index/resource_index/package_run_dependencies/robot1_nav\n'}
[1.086177] (robot1_nav) StdoutLine: {'line': b'-- Up-to-date symlink: /home/xumeng/robot1_ws/install/robot1_nav/share/ament_index/resource_index/parent_prefix_path/robot1_nav\n'}
[1.086362] (robot1_nav) StdoutLine: {'line': b'-- Up-to-date symlink: /home/xumeng/robot1_ws/install/robot1_nav/share/robot1_nav/environment/ament_prefix_path.sh\n'}
[1.086545] (robot1_nav) StdoutLine: {'line': b'-- Up-to-date symlink: /home/xumeng/robot1_ws/install/robot1_nav/share/robot1_nav/environment/ament_prefix_path.dsv\n'}
[1.086788] (robot1_nav) StdoutLine: {'line': b'-- Up-to-date symlink: /home/xumeng/robot1_ws/install/robot1_nav/share/robot1_nav/environment/path.sh\n'}
[1.086988] (robot1_nav) StdoutLine: {'line': b'-- Up-to-date symlink: /home/xumeng/robot1_ws/install/robot1_nav/share/robot1_nav/environment/path.dsv\n'}
[1.087161] (robot1_nav) StdoutLine: {'line': b'-- Up-to-date symlink: /home/xumeng/robot1_ws/install/robot1_nav/share/robot1_nav/local_setup.bash\n'}
[1.087333] (robot1_nav) StdoutLine: {'line': b'-- Up-to-date symlink: /home/xumeng/robot1_ws/install/robot1_nav/share/robot1_nav/local_setup.sh\n'}
[1.096346] (robot1_nav) StdoutLine: {'line': b'-- Up-to-date symlink: /home/xumeng/robot1_ws/install/robot1_nav/share/robot1_nav/local_setup.zsh\n'}
[1.097040] (robot1_nav) StdoutLine: {'line': b'-- Up-to-date symlink: /home/xumeng/robot1_ws/install/robot1_nav/share/robot1_nav/local_setup.dsv\n'}
[1.097570] (robot1_nav) StdoutLine: {'line': b'-- Symlinking: /home/xumeng/robot1_ws/install/robot1_nav/share/robot1_nav/package.dsv\n'}
[1.103876] (-) TimerEvent: {}
[1.113193] (gimbal_control_cpp) StdoutLine: {'line': b'-- Symlinking: /home/xumeng/robot1_ws/install/gimbal_control_cpp/share/gimbal_control_cpp/launch/gimbal.launch.py\n'}
[1.128718] (robot1_nav) StdoutLine: {'line': b'-- Up-to-date symlink: /home/xumeng/robot1_ws/install/robot1_nav/share/ament_index/resource_index/packages/robot1_nav\n'}
[1.129503] (robot1_nav) StdoutLine: {'line': b'-- Up-to-date symlink: /home/xumeng/robot1_ws/install/robot1_nav/share/robot1_nav/cmake/robot1_navConfig.cmake\n'}
[1.129796] (robot1_nav) StdoutLine: {'line': b'-- Up-to-date symlink: /home/xumeng/robot1_ws/install/robot1_nav/share/robot1_nav/cmake/robot1_navConfig-version.cmake\n'}
[1.130382] (robot1_nav) StdoutLine: {'line': b'-- Up-to-date symlink: /home/xumeng/robot1_ws/install/robot1_nav/share/robot1_nav/package.xml\n'}
[1.138245] (robot1_nav) CommandEnded: {'returncode': 0}
[1.205165] (-) TimerEvent: {}
[1.226703] (robot1_nav) JobEnded: {'identifier': 'robot1_nav', 'rc': 0}
[1.228451] (gimbal_control_cpp) StdoutLine: {'line': b'-- Symlinking: /home/xumeng/robot1_ws/install/gimbal_control_cpp/share/ament_index/resource_index/package_run_dependencies/gimbal_control_cpp\n'}
[1.228808] (gimbal_control_cpp) StdoutLine: {'line': b'-- Symlinking: /home/xumeng/robot1_ws/install/gimbal_control_cpp/share/ament_index/resource_index/parent_prefix_path/gimbal_control_cpp\n'}
[1.229134] (gimbal_control_cpp) StdoutLine: {'line': b'-- Symlinking: /home/xumeng/robot1_ws/install/gimbal_control_cpp/share/gimbal_control_cpp/environment/ament_prefix_path.sh\n'}
[1.229630] (gimbal_control_cpp) StdoutLine: {'line': b'-- Symlinking: /home/xumeng/robot1_ws/install/gimbal_control_cpp/share/gimbal_control_cpp/environment/ament_prefix_path.dsv\n'}
[1.256965] (gimbal_control_cpp) StdoutLine: {'line': b'-- Symlinking: /home/xumeng/robot1_ws/install/gimbal_control_cpp/share/gimbal_control_cpp/environment/path.sh\n'}
[1.288305] (gimbal_control_cpp) StdoutLine: {'line': b'-- Symlinking: /home/xumeng/robot1_ws/install/gimbal_control_cpp/share/gimbal_control_cpp/environment/path.dsv\n'}
[1.305339] (-) TimerEvent: {}
[1.325586] (gimbal_control_cpp) StdoutLine: {'line': b'-- Symlinking: /home/xumeng/robot1_ws/install/gimbal_control_cpp/share/gimbal_control_cpp/local_setup.bash\n'}
[1.360182] (gimbal_control_cpp) StdoutLine: {'line': b'-- Symlinking: /home/xumeng/robot1_ws/install/gimbal_control_cpp/share/gimbal_control_cpp/local_setup.sh\n'}
[1.397361] (gimbal_control_cpp) StdoutLine: {'line': b'-- Symlinking: /home/xumeng/robot1_ws/install/gimbal_control_cpp/share/gimbal_control_cpp/local_setup.zsh\n'}
[1.405527] (-) TimerEvent: {}
[1.432583] (ydlidar_ros2_driver) StdoutLine: {'line': b'-- Override CMake install command with custom implementation using symlinks instead of copying resources\n'}
[1.436575] (gimbal_control_cpp) StdoutLine: {'line': b'-- Symlinking: /home/xumeng/robot1_ws/install/gimbal_control_cpp/share/gimbal_control_cpp/local_setup.dsv\n'}
[1.453322] (ydlidar_ros2_driver) StdoutLine: {'line': b'-- Found rclcpp: 16.0.19 (/opt/ros/humble/share/rclcpp/cmake)\n'}
[1.464969] (gimbal_control_cpp) StdoutLine: {'line': b'-- Symlinking: /home/xumeng/robot1_ws/install/gimbal_control_cpp/share/gimbal_control_cpp/package.dsv\n'}
[1.493935] (gimbal_control_cpp) StdoutLine: {'line': b'-- Symlinking: /home/xumeng/robot1_ws/install/gimbal_control_cpp/share/ament_index/resource_index/packages/gimbal_control_cpp\n'}
[1.505690] (-) TimerEvent: {}
[1.519578] (gimbal_control_cpp) StdoutLine: {'line': b'-- Symlinking: /home/xumeng/robot1_ws/install/gimbal_control_cpp/share/gimbal_control_cpp/cmake/gimbal_control_cppConfig.cmake\n'}
[1.538097] (ydlidar_ros2_driver) StdoutLine: {'line': b'-- Found rosidl_generator_c: 3.1.9 (/opt/ros/humble/share/rosidl_generator_c/cmake)\n'}
[1.545270] (ydlidar_ros2_driver) StdoutLine: {'line': b'-- Found rosidl_adapter: 3.1.9 (/opt/ros/humble/share/rosidl_adapter/cmake)\n'}
[1.547165] (gimbal_control_cpp) StdoutLine: {'line': b'-- Symlinking: /home/xumeng/robot1_ws/install/gimbal_control_cpp/share/gimbal_control_cpp/cmake/gimbal_control_cppConfig-version.cmake\n'}
[1.563359] (ydlidar_ros2_driver) StdoutLine: {'line': b'-- Found rosidl_generator_cpp: 3.1.9 (/opt/ros/humble/share/rosidl_generator_cpp/cmake)\n'}
[1.571795] (gimbal_control_cpp) StdoutLine: {'line': b'-- Symlinking: /home/xumeng/robot1_ws/install/gimbal_control_cpp/share/gimbal_control_cpp/package.xml\n'}
[1.592964] (ydlidar_ros2_driver) StdoutLine: {'line': b'-- Using all available rosidl_typesupport_c: rosidl_typesupport_fastrtps_c;rosidl_typesupport_introspection_c\n'}
[1.611705] (gimbal_control_cpp) CommandEnded: {'returncode': 0}
[1.612501] (-) TimerEvent: {}
[1.654714] (gimbal_control_cpp) JobEnded: {'identifier': 'gimbal_control_cpp', 'rc': 0}
[1.656548] (robot1_soldier) JobStarted: {'identifier': 'robot1_soldier'}
[1.673454] (ydlidar_ros2_driver) StdoutLine: {'line': b'-- Using all available rosidl_typesupport_cpp: rosidl_typesupport_fastrtps_cpp;rosidl_typesupport_introspection_cpp\n'}
[1.712703] (-) TimerEvent: {}
[1.813196] (-) TimerEvent: {}
[1.913581] (-) TimerEvent: {}
[2.013987] (-) TimerEvent: {}
[2.114386] (-) TimerEvent: {}
[2.214811] (-) TimerEvent: {}
[2.315239] (-) TimerEvent: {}
[2.418003] (-) TimerEvent: {}
[2.518403] (-) TimerEvent: {}
[2.618810] (-) TimerEvent: {}
[2.719248] (-) TimerEvent: {}
[2.746756] (ydlidar_ros2_driver) StdoutLine: {'line': b'-- Found rmw_implementation_cmake: 6.1.3 (/opt/ros/humble/share/rmw_implementation_cmake/cmake)\n'}
[2.747647] (ydlidar_ros2_driver) StdoutLine: {'line': b'-- Found rmw_fastrtps_cpp: 6.2.10 (/opt/ros/humble/share/rmw_fastrtps_cpp/cmake)\n'}
[2.747878] (ydlidar_ros2_driver) StdoutLine: {'line': b"-- Using RMW implementation 'rmw_fastrtps_cpp' as default\n"}
[2.748075] (ydlidar_ros2_driver) StdoutLine: {'line': b'-- Found sensor_msgs: 4.9.2 (/opt/ros/humble/share/sensor_msgs/cmake)\n'}
[2.748260] (ydlidar_ros2_driver) StdoutLine: {'line': b'-- Found visualization_msgs: 4.9.2 (/opt/ros/humble/share/visualization_msgs/cmake)\n'}
[2.748438] (ydlidar_ros2_driver) StdoutLine: {'line': b'-- Found std_srvs: 4.9.2 (/opt/ros/humble/share/std_srvs/cmake)\n'}
[2.749598] (ydlidar_ros2_driver) StdoutLine: {'line': b'-- Found ament_lint_auto: 0.12.15 (/opt/ros/humble/share/ament_lint_auto/cmake)\n'}
[2.750183] (ydlidar_ros2_driver) StdoutLine: {'line': b"-- Added test 'copyright' to check source files copyright and LICENSE\n"}
[2.751737] (ydlidar_ros2_driver) StdoutLine: {'line': b"-- Added test 'cppcheck' to perform static code analysis on C / C++ code\n"}
[2.754412] (ydlidar_ros2_driver) StdoutLine: {'line': b'-- Configured cppcheck include dirs: /home/xumeng/robot1_ws/src/ydlidar_ros2_driver/src\n'}
[2.757751] (ydlidar_ros2_driver) StdoutLine: {'line': b'-- Configured cppcheck exclude dirs and/or files: \n'}
[2.758078] (ydlidar_ros2_driver) StdoutLine: {'line': b"-- Added test 'cpplint' to check C / C++ code against the Google style\n"}
[2.758277] (ydlidar_ros2_driver) StdoutLine: {'line': b'-- Configured cpplint exclude dirs and/or files: \n'}
[2.758459] (ydlidar_ros2_driver) StdoutLine: {'line': b"-- Added test 'flake8' to check Python code syntax and style conventions\n"}
[2.758635] (ydlidar_ros2_driver) StdoutLine: {'line': b"-- Added test 'lint_cmake' to check CMake code style\n"}
[2.758804] (ydlidar_ros2_driver) StdoutLine: {'line': b"-- Added test 'pep257' to check Python code against some of the docstring style conventions in PEP 257\n"}
[2.758973] (ydlidar_ros2_driver) StdoutLine: {'line': b"-- Added test 'uncrustify' to check C / C++ code style\n"}
[2.759134] (ydlidar_ros2_driver) StdoutLine: {'line': b'-- Configured uncrustify additional arguments: \n'}
[2.759292] (ydlidar_ros2_driver) StdoutLine: {'line': b"-- Added test 'xmllint' to check XML markup files\n"}
[2.759451] (ydlidar_ros2_driver) StdoutLine: {'line': b'-- Configuring done\n'}
[2.759612] (ydlidar_ros2_driver) StdoutLine: {'line': b'-- Generating done\n'}
[2.759837] (ydlidar_ros2_driver) StdoutLine: {'line': b'-- Build files have been written to: /home/xumeng/robot1_ws/build/ydlidar_ros2_driver\n'}
[2.780095] (ydlidar_ros2_driver) CommandEnded: {'returncode': 0}
[2.781303] (ydlidar_ros2_driver) JobProgress: {'identifier': 'ydlidar_ros2_driver', 'progress': 'build'}
[2.781398] (ydlidar_ros2_driver) Command: {'cmd': ['/usr/bin/cmake', '--build', '/home/xumeng/robot1_ws/build/ydlidar_ros2_driver', '--', '-j4', '-l4'], 'cwd': '/home/xumeng/robot1_ws/build/ydlidar_ros2_driver', 'env': OrderedDict([('USER', 'xumeng'), ('SSH_CLIENT', '192.168.31.57 64697 22'), ('XDG_SESSION_TYPE', 'tty'), ('SHLVL', '0'), ('LD_LIBRARY_PATH', '/opt/ros/humble/opt/rviz_ogre_vendor/lib:/opt/ros/humble/lib/aarch64-linux-gnu:/opt/ros/humble/lib'), ('MOTD_SHOWN', 'pam'), ('HOME', '/home/xumeng'), ('OLDPWD', '/home/xumeng'), ('ROS_PYTHON_VERSION', '3'), ('DBUS_SESSION_BUS_ADDRESS', 'unix:path=/run/user/1000/bus'), ('ROS_DISTRO', 'humble'), ('LOGNAME', 'xumeng'), ('_', '/usr/bin/colcon'), ('ROS_VERSION', '2'), ('XDG_SESSION_CLASS', 'user'), ('XDG_SESSION_ID', '56'), ('ROS_LOCALHOST_ONLY', '0'), ('PATH', '/opt/ros/humble/bin:/usr/local/sbin:/usr/local/bin:/usr/sbin:/usr/bin:/sbin:/bin:/usr/games:/usr/local/games:/snap/bin'), ('XDG_RUNTIME_DIR', '/run/user/1000'), ('LANG', 'zh_CN.UTF-8'), ('AMENT_PREFIX_PATH', '/opt/ros/humble'), ('SHELL', '/bin/bash'), ('PWD', '/home/xumeng/robot1_ws/build/ydlidar_ros2_driver'), ('SSH_CONNECTION', '192.168.31.57 64697 192.168.31.235 22'), ('PYTHONPATH', '/opt/ros/humble/lib/python3.10/site-packages:/opt/ros/humble/local/lib/python3.10/dist-packages'), ('COLCON', '1'), ('CMAKE_PREFIX_PATH', '/opt/ros/humble')]), 'shell': False}
[2.819422] (-) TimerEvent: {}
[2.919825] (-) TimerEvent: {}
[2.936757] (ydlidar_ros2_driver) StdoutLine: {'line': b'[ 25%] Building CXX object CMakeFiles/ydlidar_ros2_driver_node.dir/src/ydlidar_ros2_driver_node.cpp.o\n'}
[2.950402] (ydlidar_ros2_driver) StdoutLine: {'line': b'[ 50%] Building CXX object CMakeFiles/ydlidar_ros2_driver_client.dir/src/ydlidar_ros2_driver_client.cpp.o\n'}
[3.020001] (-) TimerEvent: {}
[3.120402] (-) TimerEvent: {}
[3.221270] (-) TimerEvent: {}
[3.322341] (-) TimerEvent: {}
[3.422793] (-) TimerEvent: {}
[3.523211] (-) TimerEvent: {}
[3.623619] (-) TimerEvent: {}
[3.724060] (-) TimerEvent: {}
[3.800988] (robot_driver) Command: {'cmd': ['/usr/bin/python3', '-W', 'ignore:setup.py install is deprecated', '-W', 'ignore:easy_install command is deprecated', 'setup.py', 'develop', '--editable', '--build-directory', '/home/xumeng/robot1_ws/build/robot_driver/build', '--no-deps', 'symlink_data'], 'cwd': '/home/xumeng/robot1_ws/build/robot_driver', 'env': {'USER': 'xumeng', 'SSH_CLIENT': '192.168.31.57 64697 22', 'XDG_SESSION_TYPE': 'tty', 'SHLVL': '0', 'LD_LIBRARY_PATH': '/opt/ros/humble/opt/rviz_ogre_vendor/lib:/opt/ros/humble/lib/aarch64-linux-gnu:/opt/ros/humble/lib', 'MOTD_SHOWN': 'pam', 'HOME': '/home/xumeng', 'OLDPWD': '/home/xumeng', 'ROS_PYTHON_VERSION': '3', 'DBUS_SESSION_BUS_ADDRESS': 'unix:path=/run/user/1000/bus', 'ROS_DISTRO': 'humble', 'LOGNAME': 'xumeng', '_': '/usr/bin/colcon', 'ROS_VERSION': '2', 'XDG_SESSION_CLASS': 'user', 'XDG_SESSION_ID': '56', 'ROS_LOCALHOST_ONLY': '0', 'PATH': '/opt/ros/humble/bin:/usr/local/sbin:/usr/local/bin:/usr/sbin:/usr/bin:/sbin:/bin:/usr/games:/usr/local/games:/snap/bin', 'XDG_RUNTIME_DIR': '/run/user/1000', 'LANG': 'zh_CN.UTF-8', 'AMENT_PREFIX_PATH': '/opt/ros/humble', 'SHELL': '/bin/bash', 'PWD': '/home/xumeng/robot1_ws/build/robot_driver', 'SSH_CONNECTION': '192.168.31.57 64697 192.168.31.235 22', 'PYTHONPATH': '/home/xumeng/robot1_ws/build/robot_driver/prefix_override:/usr/lib/python3/dist-packages/colcon_core/task/python/colcon_distutils_commands:/home/xumeng/robot1_ws/install/robot_driver/lib/python3.10/site-packages:/opt/ros/humble/lib/python3.10/site-packages:/opt/ros/humble/local/lib/python3.10/dist-packages', 'COLCON': '1'}, 'shell': False}
[3.824223] (-) TimerEvent: {}
[3.924664] (-) TimerEvent: {}
[4.025152] (-) TimerEvent: {}
[4.125553] (-) TimerEvent: {}
[4.225998] (-) TimerEvent: {}
[4.326414] (-) TimerEvent: {}
[4.426822] (-) TimerEvent: {}
[4.527234] (-) TimerEvent: {}
[4.627629] (-) TimerEvent: {}
[4.728043] (-) TimerEvent: {}
[4.783522] (robot_driver) StdoutLine: {'line': b'running develop\n'}
[4.828229] (-) TimerEvent: {}
[4.928636] (-) TimerEvent: {}
[5.029037] (-) TimerEvent: {}
[5.129438] (-) TimerEvent: {}
[5.229890] (-) TimerEvent: {}
[5.294382] (robot1_soldier) Command: {'cmd': ['/usr/bin/python3', '-W', 'ignore:setup.py install is deprecated', '-W', 'ignore:easy_install command is deprecated', 'setup.py', 'develop', '--editable', '--build-directory', '/home/xumeng/robot1_ws/build/robot1_soldier/build', '--no-deps', 'symlink_data'], 'cwd': '/home/xumeng/robot1_ws/build/robot1_soldier', 'env': {'USER': 'xumeng', 'SSH_CLIENT': '192.168.31.57 64697 22', 'XDG_SESSION_TYPE': 'tty', 'SHLVL': '0', 'LD_LIBRARY_PATH': '/opt/ros/humble/opt/rviz_ogre_vendor/lib:/opt/ros/humble/lib/aarch64-linux-gnu:/opt/ros/humble/lib', 'MOTD_SHOWN': 'pam', 'HOME': '/home/xumeng', 'OLDPWD': '/home/xumeng', 'ROS_PYTHON_VERSION': '3', 'DBUS_SESSION_BUS_ADDRESS': 'unix:path=/run/user/1000/bus', 'ROS_DISTRO': 'humble', 'LOGNAME': 'xumeng', '_': '/usr/bin/colcon', 'ROS_VERSION': '2', 'XDG_SESSION_CLASS': 'user', 'XDG_SESSION_ID': '56', 'ROS_LOCALHOST_ONLY': '0', 'PATH': '/opt/ros/humble/bin:/usr/local/sbin:/usr/local/bin:/usr/sbin:/usr/bin:/sbin:/bin:/usr/games:/usr/local/games:/snap/bin', 'XDG_RUNTIME_DIR': '/run/user/1000', 'LANG': 'zh_CN.UTF-8', 'AMENT_PREFIX_PATH': '/home/xumeng/robot1_ws/install/gimbal_control_cpp:/opt/ros/humble', 'SHELL': '/bin/bash', 'PWD': '/home/xumeng/robot1_ws/build/robot1_soldier', 'SSH_CONNECTION': '192.168.31.57 64697 192.168.31.235 22', 'PYTHONPATH': '/home/xumeng/robot1_ws/build/robot1_soldier/prefix_override:/usr/lib/python3/dist-packages/colcon_core/task/python/colcon_distutils_commands:/home/xumeng/robot1_ws/install/robot1_soldier/lib/python3.10/site-packages:/opt/ros/humble/lib/python3.10/site-packages:/opt/ros/humble/local/lib/python3.10/dist-packages', 'COLCON': '1', 'CMAKE_PREFIX_PATH': '/home/xumeng/robot1_ws/install/gimbal_control_cpp'}, 'shell': False}
[5.330060] (-) TimerEvent: {}
[5.430468] (-) TimerEvent: {}
[5.530878] (-) TimerEvent: {}
[5.582427] (robot_driver) StdoutLine: {'line': b'running egg_info\n'}
[5.583921] (robot_driver) StdoutLine: {'line': b'writing robot_driver.egg-info/PKG-INFO\n'}
[5.585627] (robot_driver) StdoutLine: {'line': b'writing dependency_links to robot_driver.egg-info/dependency_links.txt\n'}
[5.586729] (robot_driver) StdoutLine: {'line': b'writing entry points to robot_driver.egg-info/entry_points.txt\n'}
[5.587967] (robot_driver) StdoutLine: {'line': b'writing requirements to robot_driver.egg-info/requires.txt\n'}
[5.589224] (robot_driver) StdoutLine: {'line': b'writing top-level names to robot_driver.egg-info/top_level.txt\n'}
[5.597404] (robot_driver) StdoutLine: {'line': b"reading manifest file 'robot_driver.egg-info/SOURCES.txt'\n"}
[5.600261] (robot_driver) StdoutLine: {'line': b"writing manifest file 'robot_driver.egg-info/SOURCES.txt'\n"}
[5.605986] (robot_driver) StdoutLine: {'line': b'running build_ext\n'}
[5.607816] (robot_driver) StdoutLine: {'line': b'Creating /home/xumeng/robot1_ws/install/robot_driver/lib/python3.10/site-packages/robot-driver.egg-link (link to .)\n'}
[5.611519] (robot_driver) StdoutLine: {'line': b'Installing robot_driver_node script to /home/xumeng/robot1_ws/install/robot_driver/lib/robot_driver\n'}
[5.614479] (robot_driver) StdoutLine: {'line': b'\n'}
[5.614866] (robot_driver) StdoutLine: {'line': b'Installed /home/xumeng/robot1_ws/build/robot_driver\n'}
[5.615084] (robot_driver) StdoutLine: {'line': b'running symlink_data\n'}
[5.631051] (-) TimerEvent: {}
[5.731476] (-) TimerEvent: {}
[5.757817] (robot_driver) CommandEnded: {'returncode': 0}
[5.778983] (robot_driver) JobEnded: {'identifier': 'robot_driver', 'rc': 0}
[5.831647] (-) TimerEvent: {}
[5.932066] (-) TimerEvent: {}
[6.032509] (-) TimerEvent: {}
[6.132962] (-) TimerEvent: {}
[6.233367] (-) TimerEvent: {}
[6.333773] (-) TimerEvent: {}
[6.434223] (-) TimerEvent: {}
[6.464455] (robot1_soldier) StdoutLine: {'line': b'running develop\n'}
[6.534405] (-) TimerEvent: {}
[6.634817] (-) TimerEvent: {}
[6.735230] (-) TimerEvent: {}
[6.835650] (-) TimerEvent: {}
[6.936072] (-) TimerEvent: {}
[7.036482] (-) TimerEvent: {}
[7.136998] (-) TimerEvent: {}
[7.181924] (robot1_soldier) StdoutLine: {'line': b'running egg_info\n'}
[7.182949] (robot1_soldier) StdoutLine: {'line': b'creating robot1_soldier.egg-info\n'}
[7.184665] (robot1_soldier) StdoutLine: {'line': b'writing robot1_soldier.egg-info/PKG-INFO\n'}
[7.186144] (robot1_soldier) StdoutLine: {'line': b'writing dependency_links to robot1_soldier.egg-info/dependency_links.txt\n'}
[7.186639] (robot1_soldier) StdoutLine: {'line': b'writing entry points to robot1_soldier.egg-info/entry_points.txt\n'}
[7.187179] (robot1_soldier) StdoutLine: {'line': b'writing requirements to robot1_soldier.egg-info/requires.txt\n'}
[7.187422] (robot1_soldier) StdoutLine: {'line': b'writing top-level names to robot1_soldier.egg-info/top_level.txt\n'}
[7.187937] (robot1_soldier) StdoutLine: {'line': b"writing manifest file 'robot1_soldier.egg-info/SOURCES.txt'\n"}
[7.195351] (robot1_soldier) StdoutLine: {'line': b"reading manifest file 'robot1_soldier.egg-info/SOURCES.txt'\n"}
[7.197303] (robot1_soldier) StdoutLine: {'line': b"writing manifest file 'robot1_soldier.egg-info/SOURCES.txt'\n"}
[7.201948] (robot1_soldier) StdoutLine: {'line': b'running build_ext\n'}
[7.202553] (robot1_soldier) StdoutLine: {'line': b'Creating /home/xumeng/robot1_ws/install/robot1_soldier/lib/python3.10/site-packages/robot1-soldier.egg-link (link to .)\n'}
[7.205339] (robot1_soldier) StdoutLine: {'line': b'Installing nav_goal_gateway script to /home/xumeng/robot1_ws/install/robot1_soldier/lib/robot1_soldier\n'}
[7.205916] (robot1_soldier) StdoutLine: {'line': b'Installing position_publisher script to /home/xumeng/robot1_ws/install/robot1_soldier/lib/robot1_soldier\n'}
[7.206566] (robot1_soldier) StdoutLine: {'line': b'\n'}
[7.206801] (robot1_soldier) StdoutLine: {'line': b'Installed /home/xumeng/robot1_ws/build/robot1_soldier\n'}
[7.207359] (robot1_soldier) StdoutLine: {'line': b'running symlink_data\n'}
[7.207591] (robot1_soldier) StdoutLine: {'line': b'creating /home/xumeng/robot1_ws/install/robot1_soldier/share/ament_index\n'}
[7.207789] (robot1_soldier) StdoutLine: {'line': b'creating /home/xumeng/robot1_ws/install/robot1_soldier/share/ament_index/resource_index\n'}
[7.207977] (robot1_soldier) StdoutLine: {'line': b'creating /home/xumeng/robot1_ws/install/robot1_soldier/share/ament_index/resource_index/packages\n'}
[7.208448] (robot1_soldier) StdoutLine: {'line': b'symbolically linking /home/xumeng/robot1_ws/build/robot1_soldier/resource/robot1_soldier -> /home/xumeng/robot1_ws/install/robot1_soldier/share/ament_index/resource_index/packages\n'}
[7.208680] (robot1_soldier) StdoutLine: {'line': b'symbolically linking /home/xumeng/robot1_ws/build/robot1_soldier/package.xml -> /home/xumeng/robot1_ws/install/robot1_soldier/share/robot1_soldier\n'}
[7.208916] (robot1_soldier) StdoutLine: {'line': b'creating /home/xumeng/robot1_ws/install/robot1_soldier/share/robot1_soldier/launch\n'}
[7.209135] (robot1_soldier) StdoutLine: {'line': b'symbolically linking /home/xumeng/robot1_ws/build/robot1_soldier/launch/soldier.launch.py -> /home/xumeng/robot1_ws/install/robot1_soldier/share/robot1_soldier/launch\n'}
[7.209565] (robot1_soldier) StdoutLine: {'line': b'symbolically linking /home/xumeng/robot1_ws/build/robot1_soldier/launch/soldier_with_nav2.launch.py -> /home/xumeng/robot1_ws/install/robot1_soldier/share/robot1_soldier/launch\n'}
[7.209786] (robot1_soldier) StdoutLine: {'line': b'creating /home/xumeng/robot1_ws/install/robot1_soldier/share/robot1_soldier/config\n'}
[7.209966] (robot1_soldier) StdoutLine: {'line': b'symbolically linking /home/xumeng/robot1_ws/build/robot1_soldier/config/soldier_params.yaml -> /home/xumeng/robot1_ws/install/robot1_soldier/share/robot1_soldier/config\n'}
[7.210143] (robot1_soldier) StdoutLine: {'line': b'symbolically linking /home/xumeng/robot1_ws/build/robot1_soldier/config/soldier_ekf.yaml -> /home/xumeng/robot1_ws/install/robot1_soldier/share/robot1_soldier/config\n'}
[7.237064] (-) TimerEvent: {}
[7.333399] (robot1_soldier) CommandEnded: {'returncode': 0}
[7.337316] (-) TimerEvent: {}
[7.365059] (robot1_soldier) JobEnded: {'identifier': 'robot1_soldier', 'rc': 0}
[7.437545] (-) TimerEvent: {}
[7.537988] (-) TimerEvent: {}
[7.638376] (-) TimerEvent: {}
[7.738729] (-) TimerEvent: {}
[7.839065] (-) TimerEvent: {}
[7.939454] (-) TimerEvent: {}
[8.039901] (-) TimerEvent: {}
[8.140327] (-) TimerEvent: {}
[8.240755] (-) TimerEvent: {}
[8.341303] (-) TimerEvent: {}
[8.441695] (-) TimerEvent: {}
[8.542056] (-) TimerEvent: {}
[8.642434] (-) TimerEvent: {}
[8.742850] (-) TimerEvent: {}
[8.843208] (-) TimerEvent: {}
[8.943545] (-) TimerEvent: {}
[9.043934] (-) TimerEvent: {}
[9.144376] (-) TimerEvent: {}
[9.244837] (-) TimerEvent: {}
[9.345303] (-) TimerEvent: {}
[9.445728] (-) TimerEvent: {}
[9.546175] (-) TimerEvent: {}
[9.646640] (-) TimerEvent: {}
[9.747125] (-) TimerEvent: {}
[9.847590] (-) TimerEvent: {}
[9.948055] (-) TimerEvent: {}
[10.048516] (-) TimerEvent: {}
[10.149002] (-) TimerEvent: {}
[10.249460] (-) TimerEvent: {}
[10.349916] (-) TimerEvent: {}
[10.450396] (-) TimerEvent: {}
[10.550828] (-) TimerEvent: {}
[10.651273] (-) TimerEvent: {}
[10.751746] (-) TimerEvent: {}
[10.852211] (-) TimerEvent: {}
[10.952689] (-) TimerEvent: {}
[11.053197] (-) TimerEvent: {}
[11.153663] (-) TimerEvent: {}
[11.254125] (-) TimerEvent: {}
[11.354590] (-) TimerEvent: {}
[11.455070] (-) TimerEvent: {}
[11.555517] (-) TimerEvent: {}
[11.655977] (-) TimerEvent: {}
[11.693266] (ydlidar_ros2_driver) StderrLine: {'line': b'/home/xumeng/robot1_ws/src/ydlidar_ros2_driver/src/ydlidar_ros2_driver_node.cpp: In lambda function:\n'}
[11.693922] (ydlidar_ros2_driver) StderrLine: {'line': b'/home/xumeng/robot1_ws/src/ydlidar_ros2_driver/src/ydlidar_ros2_driver_node.cpp:192:54: warning: unused parameter \xe2\x80\x98request_header\xe2\x80\x99 [-Wunused-parameter]\n'}
[11.694168] (ydlidar_ros2_driver) StderrLine: {'line': b'  192 |     [&laser](const std::shared_ptr<rmw_request_id_t> request_header,\n'}
[11.694373] (ydlidar_ros2_driver) StderrLine: {'line': b'      |              ~~~~~~~~~~~~~~~~~~~~~~~~~~~~~~~~~~~~~~~~^~~~~~~~~~~~~~\n'}
[11.694562] (ydlidar_ros2_driver) StderrLine: {'line': b'/home/xumeng/robot1_ws/src/ydlidar_ros2_driver/src/ydlidar_ros2_driver_node.cpp:193:56: warning: unused parameter \xe2\x80\x98req\xe2\x80\x99 [-Wunused-parameter]\n'}
[11.694752] (ydlidar_ros2_driver) StderrLine: {'line': b'  193 |   const std::shared_ptr<std_srvs::srv::Empty::Request> req,\n'}
[11.694968] (ydlidar_ros2_driver) StderrLine: {'line': b'      |   ~~~~~~~~~~~~~~~~~~~~~~~~~~~~~~~~~~~~~~~~~~~~~~~~~~~~~^~~\n'}
[11.695153] (ydlidar_ros2_driver) StderrLine: {'line': b'/home/xumeng/robot1_ws/src/ydlidar_ros2_driver/src/ydlidar_ros2_driver_node.cpp:194:51: warning: unused parameter \xe2\x80\x98response\xe2\x80\x99 [-Wunused-parameter]\n'}
[11.695330] (ydlidar_ros2_driver) StderrLine: {'line': b'  194 |   std::shared_ptr<std_srvs::srv::Empty::Response> response) -> bool\n'}
[11.695503] (ydlidar_ros2_driver) StderrLine: {'line': b'      |   ~~~~~~~~~~~~~~~~~~~~~~~~~~~~~~~~~~~~~~~~~~~~~~~~^~~~~~~~\n'}
[11.746945] (ydlidar_ros2_driver) StderrLine: {'line': b'/home/xumeng/robot1_ws/src/ydlidar_ros2_driver/src/ydlidar_ros2_driver_node.cpp: In lambda function:\n'}
[11.747651] (ydlidar_ros2_driver) StderrLine: {'line': b'/home/xumeng/robot1_ws/src/ydlidar_ros2_driver/src/ydlidar_ros2_driver_node.cpp:202:54: warning: unused parameter \xe2\x80\x98request_header\xe2\x80\x99 [-Wunused-parameter]\n'}
[11.747889] (ydlidar_ros2_driver) StderrLine: {'line': b'  202 |     [&laser](const std::shared_ptr<rmw_request_id_t> request_header,\n'}
[11.748085] (ydlidar_ros2_driver) StderrLine: {'line': b'      |              ~~~~~~~~~~~~~~~~~~~~~~~~~~~~~~~~~~~~~~~~^~~~~~~~~~~~~~\n'}
[11.748269] (ydlidar_ros2_driver) StderrLine: {'line': b'/home/xumeng/robot1_ws/src/ydlidar_ros2_driver/src/ydlidar_ros2_driver_node.cpp:203:56: warning: unused parameter \xe2\x80\x98req\xe2\x80\x99 [-Wunused-parameter]\n'}
[11.748513] (ydlidar_ros2_driver) StderrLine: {'line': b'  203 |   const std::shared_ptr<std_srvs::srv::Empty::Request> req,\n'}
[11.748695] (ydlidar_ros2_driver) StderrLine: {'line': b'      |   ~~~~~~~~~~~~~~~~~~~~~~~~~~~~~~~~~~~~~~~~~~~~~~~~~~~~~^~~\n'}
[11.748921] (ydlidar_ros2_driver) StderrLine: {'line': b'/home/xumeng/robot1_ws/src/ydlidar_ros2_driver/src/ydlidar_ros2_driver_node.cpp:204:51: warning: unused parameter \xe2\x80\x98response\xe2\x80\x99 [-Wunused-parameter]\n'}
[11.749155] (ydlidar_ros2_driver) StderrLine: {'line': b'  204 |   std::shared_ptr<std_srvs::srv::Empty::Response> response) -> bool\n'}
[11.749335] (ydlidar_ros2_driver) StderrLine: {'line': b'      |   ~~~~~~~~~~~~~~~~~~~~~~~~~~~~~~~~~~~~~~~~~~~~~~~~^~~~~~~~\n'}
[11.756146] (-) TimerEvent: {}
[11.859786] (-) TimerEvent: {}
[11.960254] (-) TimerEvent: {}
[12.060740] (-) TimerEvent: {}
[12.161262] (-) TimerEvent: {}
[12.261741] (-) TimerEvent: {}
[12.362197] (-) TimerEvent: {}
[12.466536] (-) TimerEvent: {}
[12.571401] (-) TimerEvent: {}
[12.671862] (-) TimerEvent: {}
[12.772319] (-) TimerEvent: {}
[12.872784] (-) TimerEvent: {}
[12.973326] (-) TimerEvent: {}
[13.073786] (-) TimerEvent: {}
[13.174256] (-) TimerEvent: {}
[13.274721] (-) TimerEvent: {}
[13.375177] (-) TimerEvent: {}
[13.475631] (-) TimerEvent: {}
[13.576094] (-) TimerEvent: {}
[13.676558] (-) TimerEvent: {}
[13.777081] (-) TimerEvent: {}
[13.877540] (-) TimerEvent: {}
[13.977995] (-) TimerEvent: {}
[14.078453] (-) TimerEvent: {}
[14.178942] (-) TimerEvent: {}
[14.279402] (-) TimerEvent: {}
[14.379861] (-) TimerEvent: {}
[14.480314] (-) TimerEvent: {}
[14.580766] (-) TimerEvent: {}
[14.681267] (-) TimerEvent: {}
[14.781729] (-) TimerEvent: {}
[14.882234] (-) TimerEvent: {}
[14.982703] (-) TimerEvent: {}
[15.083168] (-) TimerEvent: {}
[15.183636] (-) TimerEvent: {}
[15.284102] (-) TimerEvent: {}
[15.384561] (-) TimerEvent: {}
[15.485029] (-) TimerEvent: {}
[15.585480] (-) TimerEvent: {}
[15.685949] (-) TimerEvent: {}
[15.786412] (-) TimerEvent: {}
[15.886881] (-) TimerEvent: {}
[15.987352] (-) TimerEvent: {}
[16.087836] (-) TimerEvent: {}
[16.188310] (-) TimerEvent: {}
[16.288757] (-) TimerEvent: {}
[16.389230] (-) TimerEvent: {}
[16.489703] (-) TimerEvent: {}
[16.590160] (-) TimerEvent: {}
[16.690592] (-) TimerEvent: {}
[16.791027] (-) TimerEvent: {}
[16.891462] (-) TimerEvent: {}
[16.991905] (-) TimerEvent: {}
[17.092332] (-) TimerEvent: {}
[17.192768] (-) TimerEvent: {}
[17.293230] (-) TimerEvent: {}
[17.393669] (-) TimerEvent: {}
[17.494188] (-) TimerEvent: {}
[17.594637] (-) TimerEvent: {}
[17.695065] (-) TimerEvent: {}
[17.795524] (-) TimerEvent: {}
[17.895982] (-) TimerEvent: {}
[17.996412] (-) TimerEvent: {}
[18.096847] (-) TimerEvent: {}
[18.197368] (-) TimerEvent: {}
[18.297801] (-) TimerEvent: {}
[18.398300] (-) TimerEvent: {}
[18.498766] (-) TimerEvent: {}
[18.599224] (-) TimerEvent: {}
[18.699655] (-) TimerEvent: {}
[18.802015] (-) TimerEvent: {}
[18.902461] (-) TimerEvent: {}
[19.003176] (-) TimerEvent: {}
[19.103678] (-) TimerEvent: {}
[19.204158] (-) TimerEvent: {}
[19.304616] (-) TimerEvent: {}
[19.405085] (-) TimerEvent: {}
[19.505517] (-) TimerEvent: {}
[19.605960] (-) TimerEvent: {}
[19.706387] (-) TimerEvent: {}
[19.808012] (-) TimerEvent: {}
[19.908460] (-) TimerEvent: {}
[20.008969] (-) TimerEvent: {}
[20.109930] (-) TimerEvent: {}
[20.210443] (-) TimerEvent: {}
[20.310944] (-) TimerEvent: {}
[20.417114] (-) TimerEvent: {}
[20.517564] (-) TimerEvent: {}
[20.618011] (-) TimerEvent: {}
[20.718489] (-) TimerEvent: {}
[20.818989] (-) TimerEvent: {}
[20.919463] (-) TimerEvent: {}
[21.019906] (-) TimerEvent: {}
[21.120342] (-) TimerEvent: {}
[21.220775] (-) TimerEvent: {}
[21.321251] (-) TimerEvent: {}
[21.421678] (-) TimerEvent: {}
[21.522115] (-) TimerEvent: {}
[21.622533] (-) TimerEvent: {}
[21.722963] (-) TimerEvent: {}
[21.823385] (-) TimerEvent: {}
[21.923813] (-) TimerEvent: {}
[22.024250] (-) TimerEvent: {}
[22.124682] (-) TimerEvent: {}
[22.225194] (-) TimerEvent: {}
[22.325620] (-) TimerEvent: {}
[22.426040] (-) TimerEvent: {}
[22.526471] (-) TimerEvent: {}
[22.626875] (-) TimerEvent: {}
[22.727320] (-) TimerEvent: {}
[22.827759] (-) TimerEvent: {}
[22.928197] (-) TimerEvent: {}
[23.028611] (-) TimerEvent: {}
[23.115436] (ydlidar_ros2_driver) StdoutLine: {'line': b'[ 75%] Linking CXX executable ydlidar_ros2_driver_node\n'}
[23.128809] (-) TimerEvent: {}
[23.229264] (-) TimerEvent: {}
[23.329715] (-) TimerEvent: {}
[23.430179] (-) TimerEvent: {}
[23.530631] (-) TimerEvent: {}
[23.631049] (-) TimerEvent: {}
[23.731468] (-) TimerEvent: {}
[23.831893] (-) TimerEvent: {}
[23.932326] (-) TimerEvent: {}
[24.032744] (-) TimerEvent: {}
[24.120149] (ydlidar_ros2_driver) StdoutLine: {'line': b'[ 75%] Built target ydlidar_ros2_driver_node\n'}
[24.132917] (-) TimerEvent: {}
[24.233301] (-) TimerEvent: {}
[24.333711] (-) TimerEvent: {}
[24.434050] (-) TimerEvent: {}
[24.534387] (-) TimerEvent: {}
[24.634760] (-) TimerEvent: {}
[24.735104] (-) TimerEvent: {}
[24.835438] (-) TimerEvent: {}
[24.935786] (-) TimerEvent: {}
[25.036156] (-) TimerEvent: {}
[25.136477] (-) TimerEvent: {}
[25.236763] (-) TimerEvent: {}
[25.337109] (-) TimerEvent: {}
[25.437424] (-) TimerEvent: {}
[25.537757] (-) TimerEvent: {}
[25.638120] (-) TimerEvent: {}
[25.738450] (-) TimerEvent: {}
[25.838775] (-) TimerEvent: {}
[25.939169] (-) TimerEvent: {}
[26.039608] (-) TimerEvent: {}
[26.140019] (-) TimerEvent: {}
[26.240455] (-) TimerEvent: {}
[26.340925] (-) TimerEvent: {}
[26.441364] (-) TimerEvent: {}
[26.541798] (-) TimerEvent: {}
[26.642234] (-) TimerEvent: {}
[26.742693] (-) TimerEvent: {}
[26.843150] (-) TimerEvent: {}
[26.943608] (-) TimerEvent: {}
[27.044048] (-) TimerEvent: {}
[27.144472] (-) TimerEvent: {}
[27.244931] (-) TimerEvent: {}
[27.345359] (-) TimerEvent: {}
[27.445786] (-) TimerEvent: {}
[27.546195] (-) TimerEvent: {}
[27.646627] (-) TimerEvent: {}
[27.747046] (-) TimerEvent: {}
[27.847476] (-) TimerEvent: {}
[27.947899] (-) TimerEvent: {}
[28.048330] (-) TimerEvent: {}
[28.148759] (-) TimerEvent: {}
[28.249216] (-) TimerEvent: {}
[28.349643] (-) TimerEvent: {}
[28.450056] (-) TimerEvent: {}
[28.550458] (-) TimerEvent: {}
[28.650870] (-) TimerEvent: {}
[28.751305] (-) TimerEvent: {}
[28.851755] (-) TimerEvent: {}
[28.952207] (-) TimerEvent: {}
[29.052657] (-) TimerEvent: {}
[29.153098] (-) TimerEvent: {}
[29.253547] (-) TimerEvent: {}
[29.353983] (-) TimerEvent: {}
[29.454414] (-) TimerEvent: {}
[29.554834] (-) TimerEvent: {}
[29.655266] (-) TimerEvent: {}
[29.755708] (-) TimerEvent: {}
[29.856155] (-) TimerEvent: {}
[29.956606] (-) TimerEvent: {}
[30.057077] (-) TimerEvent: {}
[30.157523] (-) TimerEvent: {}
[30.257979] (-) TimerEvent: {}
[30.358437] (-) TimerEvent: {}
[30.458912] (-) TimerEvent: {}
[30.559598] (-) TimerEvent: {}
[30.660085] (-) TimerEvent: {}
[30.760573] (-) TimerEvent: {}
[30.776006] (ydlidar_ros2_driver) StdoutLine: {'line': b'[100%] Linking CXX executable ydlidar_ros2_driver_client\n'}
[30.860832] (-) TimerEvent: {}
[30.961347] (-) TimerEvent: {}
[31.061804] (-) TimerEvent: {}
[31.162270] (-) TimerEvent: {}
[31.262730] (-) TimerEvent: {}
[31.363178] (-) TimerEvent: {}
[31.463633] (-) TimerEvent: {}
[31.564081] (-) TimerEvent: {}
[31.664531] (-) TimerEvent: {}
[31.764991] (-) TimerEvent: {}
[31.865399] (-) TimerEvent: {}
[31.915350] (ydlidar_ros2_driver) StdoutLine: {'line': b'[100%] Built target ydlidar_ros2_driver_client\n'}
[31.942453] (ydlidar_ros2_driver) CommandEnded: {'returncode': 0}
[31.945186] (ydlidar_ros2_driver) JobProgress: {'identifier': 'ydlidar_ros2_driver', 'progress': 'install'}
[31.946163] (ydlidar_ros2_driver) Command: {'cmd': ['/usr/bin/cmake', '--install', '/home/xumeng/robot1_ws/build/ydlidar_ros2_driver'], 'cwd': '/home/xumeng/robot1_ws/build/ydlidar_ros2_driver', 'env': OrderedDict([('USER', 'xumeng'), ('SSH_CLIENT', '192.168.31.57 64697 22'), ('XDG_SESSION_TYPE', 'tty'), ('SHLVL', '0'), ('LD_LIBRARY_PATH', '/opt/ros/humble/opt/rviz_ogre_vendor/lib:/opt/ros/humble/lib/aarch64-linux-gnu:/opt/ros/humble/lib'), ('MOTD_SHOWN', 'pam'), ('HOME', '/home/xumeng'), ('OLDPWD', '/home/xumeng'), ('ROS_PYTHON_VERSION', '3'), ('DBUS_SESSION_BUS_ADDRESS', 'unix:path=/run/user/1000/bus'), ('ROS_DISTRO', 'humble'), ('LOGNAME', 'xumeng'), ('_', '/usr/bin/colcon'), ('ROS_VERSION', '2'), ('XDG_SESSION_CLASS', 'user'), ('XDG_SESSION_ID', '56'), ('ROS_LOCALHOST_ONLY', '0'), ('PATH', '/opt/ros/humble/bin:/usr/local/sbin:/usr/local/bin:/usr/sbin:/usr/bin:/sbin:/bin:/usr/games:/usr/local/games:/snap/bin'), ('XDG_RUNTIME_DIR', '/run/user/1000'), ('LANG', 'zh_CN.UTF-8'), ('AMENT_PREFIX_PATH', '/opt/ros/humble'), ('SHELL', '/bin/bash'), ('PWD', '/home/xumeng/robot1_ws/build/ydlidar_ros2_driver'), ('SSH_CONNECTION', '192.168.31.57 64697 192.168.31.235 22'), ('PYTHONPATH', '/opt/ros/humble/lib/python3.10/site-packages:/opt/ros/humble/local/lib/python3.10/dist-packages'), ('COLCON', '1'), ('CMAKE_PREFIX_PATH', '/opt/ros/humble')]), 'shell': False}
[31.965577] (-) TimerEvent: {}
[31.966489] (ydlidar_ros2_driver) StdoutLine: {'line': b'-- Install configuration: ""\n'}
[31.968201] (ydlidar_ros2_driver) StdoutLine: {'line': b'-- Execute custom install script\n'}
[31.969407] (ydlidar_ros2_driver) StdoutLine: {'line': b'-- Symlinking: /home/xumeng/robot1_ws/install/ydlidar_ros2_driver/lib/ydlidar_ros2_driver/ydlidar_ros2_driver_node\n'}
[31.991074] (ydlidar_ros2_driver) StdoutLine: {'line': b'-- Symlinking: /home/xumeng/robot1_ws/install/ydlidar_ros2_driver/lib/ydlidar_ros2_driver/ydlidar_ros2_driver_client\n'}
[32.013582] (ydlidar_ros2_driver) StdoutLine: {'line': b'-- Symlinking: /home/xumeng/robot1_ws/install/ydlidar_ros2_driver/share/ydlidar_ros2_driver/launch/ydlidar.py\n'}
[32.034707] (ydlidar_ros2_driver) StdoutLine: {'line': b'-- Symlinking: /home/xumeng/robot1_ws/install/ydlidar_ros2_driver/share/ydlidar_ros2_driver/launch/ydlidar_launch.py\n'}
[32.055524] (ydlidar_ros2_driver) StdoutLine: {'line': b'-- Symlinking: /home/xumeng/robot1_ws/install/ydlidar_ros2_driver/share/ydlidar_ros2_driver/launch/ydlidar_launch_view.py\n'}
[32.065747] (-) TimerEvent: {}
[32.078153] (ydlidar_ros2_driver) StdoutLine: {'line': b'-- Symlinking: /home/xumeng/robot1_ws/install/ydlidar_ros2_driver/share/ydlidar_ros2_driver/params/G1.yaml\n'}
[32.099280] (ydlidar_ros2_driver) StdoutLine: {'line': b'-- Symlinking: /home/xumeng/robot1_ws/install/ydlidar_ros2_driver/share/ydlidar_ros2_driver/params/G2.yaml\n'}
[32.121087] (ydlidar_ros2_driver) StdoutLine: {'line': b'-- Symlinking: /home/xumeng/robot1_ws/install/ydlidar_ros2_driver/share/ydlidar_ros2_driver/params/G4.yaml\n'}
[32.142261] (ydlidar_ros2_driver) StdoutLine: {'line': b'-- Symlinking: /home/xumeng/robot1_ws/install/ydlidar_ros2_driver/share/ydlidar_ros2_driver/params/G6.yaml\n'}
[32.164720] (ydlidar_ros2_driver) StdoutLine: {'line': b'-- Symlinking: /home/xumeng/robot1_ws/install/ydlidar_ros2_driver/share/ydlidar_ros2_driver/params/GS2.yaml\n'}
[32.165831] (-) TimerEvent: {}
[32.186382] (ydlidar_ros2_driver) StdoutLine: {'line': b'-- Symlinking: /home/xumeng/robot1_ws/install/ydlidar_ros2_driver/share/ydlidar_ros2_driver/params/GS5.yaml\n'}
[32.207560] (ydlidar_ros2_driver) StdoutLine: {'line': b'-- Symlinking: /home/xumeng/robot1_ws/install/ydlidar_ros2_driver/share/ydlidar_ros2_driver/params/TEA.yaml\n'}
[32.228813] (ydlidar_ros2_driver) StdoutLine: {'line': b'-- Symlinking: /home/xumeng/robot1_ws/install/ydlidar_ros2_driver/share/ydlidar_ros2_driver/params/TG.yaml\n'}
[32.249963] (ydlidar_ros2_driver) StdoutLine: {'line': b'-- Symlinking: /home/xumeng/robot1_ws/install/ydlidar_ros2_driver/share/ydlidar_ros2_driver/params/Tmini-Plus-SH.yaml\n'}
[32.266041] (-) TimerEvent: {}
[32.271088] (ydlidar_ros2_driver) StdoutLine: {'line': b'-- Symlinking: /home/xumeng/robot1_ws/install/ydlidar_ros2_driver/share/ydlidar_ros2_driver/params/Tmini.yaml\n'}
[32.292568] (ydlidar_ros2_driver) StdoutLine: {'line': b'-- Symlinking: /home/xumeng/robot1_ws/install/ydlidar_ros2_driver/share/ydlidar_ros2_driver/params/X2.yaml\n'}
[32.313534] (ydlidar_ros2_driver) StdoutLine: {'line': b'-- Symlinking: /home/xumeng/robot1_ws/install/ydlidar_ros2_driver/share/ydlidar_ros2_driver/params/X3.yaml\n'}
[32.334781] (ydlidar_ros2_driver) StdoutLine: {'line': b'-- Symlinking: /home/xumeng/robot1_ws/install/ydlidar_ros2_driver/share/ydlidar_ros2_driver/params/X4-Pro.yaml\n'}
[32.357132] (ydlidar_ros2_driver) StdoutLine: {'line': b'-- Symlinking: /home/xumeng/robot1_ws/install/ydlidar_ros2_driver/share/ydlidar_ros2_driver/params/X4.yaml\n'}
[32.366198] (-) TimerEvent: {}
[32.378596] (ydlidar_ros2_driver) StdoutLine: {'line': b'-- Symlinking: /home/xumeng/robot1_ws/install/ydlidar_ros2_driver/share/ydlidar_ros2_driver/params/sdm15.yaml\n'}
[32.399841] (ydlidar_ros2_driver) StdoutLine: {'line': b'-- Symlinking: /home/xumeng/robot1_ws/install/ydlidar_ros2_driver/share/ydlidar_ros2_driver/params/ydlidar.yaml\n'}
[32.421449] (ydlidar_ros2_driver) StdoutLine: {'line': b'-- Symlinking: /home/xumeng/robot1_ws/install/ydlidar_ros2_driver/share/ydlidar_ros2_driver/startup/initenv.sh\n'}
[32.443518] (ydlidar_ros2_driver) StdoutLine: {'line': b'-- Symlinking: /home/xumeng/robot1_ws/install/ydlidar_ros2_driver/share/ydlidar_ros2_driver/config/ydlidar.rviz\n'}
[32.466624] (ydlidar_ros2_driver) StdoutLine: {'line': b'-- Symlinking: /home/xumeng/robot1_ws/install/ydlidar_ros2_driver/share/ament_index/resource_index/package_run_dependencies/ydlidar_ros2_driver\n'}
[32.467140] (-) TimerEvent: {}
[32.489137] (ydlidar_ros2_driver) StdoutLine: {'line': b'-- Symlinking: /home/xumeng/robot1_ws/install/ydlidar_ros2_driver/share/ament_index/resource_index/parent_prefix_path/ydlidar_ros2_driver\n'}
[32.510885] (ydlidar_ros2_driver) StdoutLine: {'line': b'-- Symlinking: /home/xumeng/robot1_ws/install/ydlidar_ros2_driver/share/ydlidar_ros2_driver/environment/ament_prefix_path.sh\n'}
[32.531938] (ydlidar_ros2_driver) StdoutLine: {'line': b'-- Symlinking: /home/xumeng/robot1_ws/install/ydlidar_ros2_driver/share/ydlidar_ros2_driver/environment/ament_prefix_path.dsv\n'}
[32.553856] (ydlidar_ros2_driver) StdoutLine: {'line': b'-- Symlinking: /home/xumeng/robot1_ws/install/ydlidar_ros2_driver/share/ydlidar_ros2_driver/environment/path.sh\n'}
[32.567354] (-) TimerEvent: {}
[32.575548] (ydlidar_ros2_driver) StdoutLine: {'line': b'-- Symlinking: /home/xumeng/robot1_ws/install/ydlidar_ros2_driver/share/ydlidar_ros2_driver/environment/path.dsv\n'}
[32.596524] (ydlidar_ros2_driver) StdoutLine: {'line': b'-- Symlinking: /home/xumeng/robot1_ws/install/ydlidar_ros2_driver/share/ydlidar_ros2_driver/local_setup.bash\n'}
[32.617770] (ydlidar_ros2_driver) StdoutLine: {'line': b'-- Symlinking: /home/xumeng/robot1_ws/install/ydlidar_ros2_driver/share/ydlidar_ros2_driver/local_setup.sh\n'}
[32.638728] (ydlidar_ros2_driver) StdoutLine: {'line': b'-- Symlinking: /home/xumeng/robot1_ws/install/ydlidar_ros2_driver/share/ydlidar_ros2_driver/local_setup.zsh\n'}
[32.661847] (ydlidar_ros2_driver) StdoutLine: {'line': b'-- Symlinking: /home/xumeng/robot1_ws/install/ydlidar_ros2_driver/share/ydlidar_ros2_driver/local_setup.dsv\n'}
[32.667449] (-) TimerEvent: {}
[32.683140] (ydlidar_ros2_driver) StdoutLine: {'line': b'-- Symlinking: /home/xumeng/robot1_ws/install/ydlidar_ros2_driver/share/ydlidar_ros2_driver/package.dsv\n'}
[32.704160] (ydlidar_ros2_driver) StdoutLine: {'line': b'-- Symlinking: /home/xumeng/robot1_ws/install/ydlidar_ros2_driver/share/ament_index/resource_index/packages/ydlidar_ros2_driver\n'}
[32.726701] (ydlidar_ros2_driver) StdoutLine: {'line': b'-- Symlinking: /home/xumeng/robot1_ws/install/ydlidar_ros2_driver/share/ydlidar_ros2_driver/cmake/ydlidar_ros2_driverConfig.cmake\n'}
[32.747632] (ydlidar_ros2_driver) StdoutLine: {'line': b'-- Symlinking: /home/xumeng/robot1_ws/install/ydlidar_ros2_driver/share/ydlidar_ros2_driver/cmake/ydlidar_ros2_driverConfig-version.cmake\n'}
[32.767662] (-) TimerEvent: {}
[32.768461] (ydlidar_ros2_driver) StdoutLine: {'line': b'-- Symlinking: /home/xumeng/robot1_ws/install/ydlidar_ros2_driver/share/ydlidar_ros2_driver/package.xml\n'}
[32.795232] (ydlidar_ros2_driver) CommandEnded: {'returncode': 0}
[32.851505] (ydlidar_ros2_driver) JobEnded: {'identifier': 'ydlidar_ros2_driver', 'rc': 0}
[32.853366] (-) EventReactorShutdown: {}
