[0.396s] DEBUG:colcon:Command line arguments: ['/usr/bin/colcon', 'build', '--symlink-install']
[0.396s] DEBUG:colcon:Parsed command line arguments: Namespace(log_base=None, log_level=None, verb_name='build', build_base='build', install_base='install', merge_install=False, symlink_install=True, test_result_base=None, continue_on_error=False, executor='parallel', parallel_workers=4, event_handlers=None, ignore_user_meta=False, metas=['./colcon.meta'], base_paths=['.'], packages_ignore=None, packages_ignore_regex=None, paths=None, packages_up_to=None, packages_up_to_regex=None, packages_above=None, packages_above_and_dependencies=None, packages_above_depth=None, packages_select_by_dep=None, packages_skip_by_dep=None, packages_skip_up_to=None, packages_select_build_failed=False, packages_skip_build_finished=False, packages_select_test_failures=False, packages_skip_test_passed=False, packages_select=None, packages_skip=None, packages_select_regex=None, packages_skip_regex=None, packages_start=None, packages_end=None, allow_overriding=[], cmake_args=None, cmake_target=None, cmake_target_skip_unavailable=False, cmake_clean_cache=False, cmake_clean_first=False, cmake_force_configure=False, ament_cmake_args=None, catkin_cmake_args=None, catkin_skip_building_tests=False, mixin_files=None, mixin=None, verb_parser=<colcon_mixin.mixin.mixin_argument.MixinArgumentDecorator object at 0xffffa4f54160>, verb_extension=<colcon_core.verb.build.BuildVerb object at 0xffffa4f23a90>, main=<bound method BuildVerb.main of <colcon_core.verb.build.BuildVerb object at 0xffffa4f23a90>>, mixin_verb=('build',))
[1.036s] Level 1:colcon.colcon_core.package_discovery:discover_packages(colcon_meta) check parameters
[1.036s] Level 1:colcon.colcon_core.package_discovery:discover_packages(recursive) check parameters
[1.036s] Level 1:colcon.colcon_core.package_discovery:discover_packages(ignore) check parameters
[1.036s] Level 1:colcon.colcon_core.package_discovery:discover_packages(path) check parameters
[1.036s] Level 1:colcon.colcon_core.package_discovery:discover_packages(colcon_meta) discover
[1.037s] Level 1:colcon.colcon_core.package_discovery:discover_packages(recursive) discover
[1.037s] INFO:colcon.colcon_core.package_discovery:Crawling recursively for packages in '/home/xumeng/robot1_ws'
[1.037s] Level 1:colcon.colcon_core.package_identification:_identify(.) by extensions ['ignore', 'ignore_ament_install']
[1.038s] Level 1:colcon.colcon_core.package_identification:_identify(.) by extension 'ignore'
[1.038s] Level 1:colcon.colcon_core.package_identification:_identify(.) by extension 'ignore_ament_install'
[1.038s] Level 1:colcon.colcon_core.package_identification:_identify(.) by extensions ['colcon_pkg']
[1.038s] Level 1:colcon.colcon_core.package_identification:_identify(.) by extension 'colcon_pkg'
[1.038s] Level 1:colcon.colcon_core.package_identification:_identify(.) by extensions ['colcon_meta']
[1.038s] Level 1:colcon.colcon_core.package_identification:_identify(.) by extension 'colcon_meta'
[1.039s] Level 1:colcon.colcon_core.package_identification:_identify(.) by extensions ['ros']
[1.039s] Level 1:colcon.colcon_core.package_identification:_identify(.) by extension 'ros'
[1.108s] Level 1:colcon.colcon_core.package_identification:_identify(.) by extensions ['cmake', 'python']
[1.108s] Level 1:colcon.colcon_core.package_identification:_identify(.) by extension 'cmake'
[1.108s] Level 1:colcon.colcon_core.package_identification:_identify(.) by extension 'python'
[1.108s] Level 1:colcon.colcon_core.package_identification:_identify(.) by extensions ['python_setup_py']
[1.109s] Level 1:colcon.colcon_core.package_identification:_identify(.) by extension 'python_setup_py'
[1.109s] Level 1:colcon.colcon_core.package_identification:_identify(build) by extensions ['ignore', 'ignore_ament_install']
[1.109s] Level 1:colcon.colcon_core.package_identification:_identify(build) by extension 'ignore'
[1.110s] Level 1:colcon.colcon_core.package_identification:_identify(build) ignored
[1.110s] Level 1:colcon.colcon_core.package_identification:_identify(install) by extensions ['ignore', 'ignore_ament_install']
[1.110s] Level 1:colcon.colcon_core.package_identification:_identify(install) by extension 'ignore'
[1.110s] Level 1:colcon.colcon_core.package_identification:_identify(install) ignored
[1.111s] Level 1:colcon.colcon_core.package_identification:_identify(log) by extensions ['ignore', 'ignore_ament_install']
[1.111s] Level 1:colcon.colcon_core.package_identification:_identify(log) by extension 'ignore'
[1.111s] Level 1:colcon.colcon_core.package_identification:_identify(log) ignored
[1.112s] Level 1:colcon.colcon_core.package_identification:_identify(src) by extensions ['ignore', 'ignore_ament_install']
[1.112s] Level 1:colcon.colcon_core.package_identification:_identify(src) by extension 'ignore'
[1.112s] Level 1:colcon.colcon_core.package_identification:_identify(src) by extension 'ignore_ament_install'
[1.112s] Level 1:colcon.colcon_core.package_identification:_identify(src) by extensions ['colcon_pkg']
[1.112s] Level 1:colcon.colcon_core.package_identification:_identify(src) by extension 'colcon_pkg'
[1.112s] Level 1:colcon.colcon_core.package_identification:_identify(src) by extensions ['colcon_meta']
[1.113s] Level 1:colcon.colcon_core.package_identification:_identify(src) by extension 'colcon_meta'
[1.113s] Level 1:colcon.colcon_core.package_identification:_identify(src) by extensions ['ros']
[1.113s] Level 1:colcon.colcon_core.package_identification:_identify(src) by extension 'ros'
[1.113s] Level 1:colcon.colcon_core.package_identification:_identify(src) by extensions ['cmake', 'python']
[1.113s] Level 1:colcon.colcon_core.package_identification:_identify(src) by extension 'cmake'
[1.113s] Level 1:colcon.colcon_core.package_identification:_identify(src) by extension 'python'
[1.113s] Level 1:colcon.colcon_core.package_identification:_identify(src) by extensions ['python_setup_py']
[1.114s] Level 1:colcon.colcon_core.package_identification:_identify(src) by extension 'python_setup_py'
[1.114s] Level 1:colcon.colcon_core.package_identification:_identify(src/gimbal_ws) by extensions ['ignore', 'ignore_ament_install']
[1.114s] Level 1:colcon.colcon_core.package_identification:_identify(src/gimbal_ws) by extension 'ignore'
[1.114s] Level 1:colcon.colcon_core.package_identification:_identify(src/gimbal_ws) by extension 'ignore_ament_install'
[1.115s] Level 1:colcon.colcon_core.package_identification:_identify(src/gimbal_ws) by extensions ['colcon_pkg']
[1.115s] Level 1:colcon.colcon_core.package_identification:_identify(src/gimbal_ws) by extension 'colcon_pkg'
[1.115s] Level 1:colcon.colcon_core.package_identification:_identify(src/gimbal_ws) by extensions ['colcon_meta']
[1.115s] Level 1:colcon.colcon_core.package_identification:_identify(src/gimbal_ws) by extension 'colcon_meta'
[1.115s] Level 1:colcon.colcon_core.package_identification:_identify(src/gimbal_ws) by extensions ['ros']
[1.115s] Level 1:colcon.colcon_core.package_identification:_identify(src/gimbal_ws) by extension 'ros'
[1.115s] Level 1:colcon.colcon_core.package_identification:_identify(src/gimbal_ws) by extensions ['cmake', 'python']
[1.116s] Level 1:colcon.colcon_core.package_identification:_identify(src/gimbal_ws) by extension 'cmake'
[1.116s] Level 1:colcon.colcon_core.package_identification:_identify(src/gimbal_ws) by extension 'python'
[1.116s] Level 1:colcon.colcon_core.package_identification:_identify(src/gimbal_ws) by extensions ['python_setup_py']
[1.116s] Level 1:colcon.colcon_core.package_identification:_identify(src/gimbal_ws) by extension 'python_setup_py'
[1.116s] Level 1:colcon.colcon_core.package_identification:_identify(src/gimbal_ws/gimbal_control_cpp) by extensions ['ignore', 'ignore_ament_install']
[1.117s] Level 1:colcon.colcon_core.package_identification:_identify(src/gimbal_ws/gimbal_control_cpp) by extension 'ignore'
[1.117s] Level 1:colcon.colcon_core.package_identification:_identify(src/gimbal_ws/gimbal_control_cpp) by extension 'ignore_ament_install'
[1.117s] Level 1:colcon.colcon_core.package_identification:_identify(src/gimbal_ws/gimbal_control_cpp) by extensions ['colcon_pkg']
[1.117s] Level 1:colcon.colcon_core.package_identification:_identify(src/gimbal_ws/gimbal_control_cpp) by extension 'colcon_pkg'
[1.117s] Level 1:colcon.colcon_core.package_identification:_identify(src/gimbal_ws/gimbal_control_cpp) by extensions ['colcon_meta']
[1.117s] Level 1:colcon.colcon_core.package_identification:_identify(src/gimbal_ws/gimbal_control_cpp) by extension 'colcon_meta'
[1.117s] Level 1:colcon.colcon_core.package_identification:_identify(src/gimbal_ws/gimbal_control_cpp) by extensions ['ros']
[1.118s] Level 1:colcon.colcon_core.package_identification:_identify(src/gimbal_ws/gimbal_control_cpp) by extension 'ros'
[1.125s] DEBUG:colcon.colcon_core.package_identification:Package 'src/gimbal_ws/gimbal_control_cpp' with type 'ros.ament_cmake' and name 'gimbal_control_cpp'
[1.126s] Level 1:colcon.colcon_core.package_identification:_identify(src/robot1_nav) by extensions ['ignore', 'ignore_ament_install']
[1.126s] Level 1:colcon.colcon_core.package_identification:_identify(src/robot1_nav) by extension 'ignore'
[1.126s] Level 1:colcon.colcon_core.package_identification:_identify(src/robot1_nav) by extension 'ignore_ament_install'
[1.126s] Level 1:colcon.colcon_core.package_identification:_identify(src/robot1_nav) by extensions ['colcon_pkg']
[1.126s] Level 1:colcon.colcon_core.package_identification:_identify(src/robot1_nav) by extension 'colcon_pkg'
[1.127s] Level 1:colcon.colcon_core.package_identification:_identify(src/robot1_nav) by extensions ['colcon_meta']
[1.127s] Level 1:colcon.colcon_core.package_identification:_identify(src/robot1_nav) by extension 'colcon_meta'
[1.127s] Level 1:colcon.colcon_core.package_identification:_identify(src/robot1_nav) by extensions ['ros']
[1.127s] Level 1:colcon.colcon_core.package_identification:_identify(src/robot1_nav) by extension 'ros'
[1.129s] DEBUG:colcon.colcon_core.package_identification:Package 'src/robot1_nav' with type 'ros.ament_cmake' and name 'robot1_nav'
[1.130s] Level 1:colcon.colcon_core.package_identification:_identify(src/robot1_soldier) by extensions ['ignore', 'ignore_ament_install']
[1.130s] Level 1:colcon.colcon_core.package_identification:_identify(src/robot1_soldier) by extension 'ignore'
[1.130s] Level 1:colcon.colcon_core.package_identification:_identify(src/robot1_soldier) by extension 'ignore_ament_install'
[1.130s] Level 1:colcon.colcon_core.package_identification:_identify(src/robot1_soldier) by extensions ['colcon_pkg']
[1.130s] Level 1:colcon.colcon_core.package_identification:_identify(src/robot1_soldier) by extension 'colcon_pkg'
[1.131s] Level 1:colcon.colcon_core.package_identification:_identify(src/robot1_soldier) by extensions ['colcon_meta']
[1.131s] Level 1:colcon.colcon_core.package_identification:_identify(src/robot1_soldier) by extension 'colcon_meta'
[1.131s] Level 1:colcon.colcon_core.package_identification:_identify(src/robot1_soldier) by extensions ['ros']
[1.131s] Level 1:colcon.colcon_core.package_identification:_identify(src/robot1_soldier) by extension 'ros'
[1.133s] DEBUG:colcon.colcon_core.package_identification:Package 'src/robot1_soldier' with type 'ros.ament_python' and name 'robot1_soldier'
[1.134s] Level 1:colcon.colcon_core.package_identification:_identify(src/robot_driver) by extensions ['ignore', 'ignore_ament_install']
[1.134s] Level 1:colcon.colcon_core.package_identification:_identify(src/robot_driver) by extension 'ignore'
[1.134s] Level 1:colcon.colcon_core.package_identification:_identify(src/robot_driver) by extension 'ignore_ament_install'
[1.134s] Level 1:colcon.colcon_core.package_identification:_identify(src/robot_driver) by extensions ['colcon_pkg']
[1.134s] Level 1:colcon.colcon_core.package_identification:_identify(src/robot_driver) by extension 'colcon_pkg'
[1.134s] Level 1:colcon.colcon_core.package_identification:_identify(src/robot_driver) by extensions ['colcon_meta']
[1.135s] Level 1:colcon.colcon_core.package_identification:_identify(src/robot_driver) by extension 'colcon_meta'
[1.135s] Level 1:colcon.colcon_core.package_identification:_identify(src/robot_driver) by extensions ['ros']
[1.135s] Level 1:colcon.colcon_core.package_identification:_identify(src/robot_driver) by extension 'ros'
[1.138s] DEBUG:colcon.colcon_core.package_identification:Package 'src/robot_driver' with type 'ros.ament_python' and name 'robot_driver'
[1.138s] Level 1:colcon.colcon_core.package_identification:_identify(src/ydlidar_ros2_driver) by extensions ['ignore', 'ignore_ament_install']
[1.138s] Level 1:colcon.colcon_core.package_identification:_identify(src/ydlidar_ros2_driver) by extension 'ignore'
[1.138s] Level 1:colcon.colcon_core.package_identification:_identify(src/ydlidar_ros2_driver) by extension 'ignore_ament_install'
[1.139s] Level 1:colcon.colcon_core.package_identification:_identify(src/ydlidar_ros2_driver) by extensions ['colcon_pkg']
[1.139s] Level 1:colcon.colcon_core.package_identification:_identify(src/ydlidar_ros2_driver) by extension 'colcon_pkg'
[1.139s] Level 1:colcon.colcon_core.package_identification:_identify(src/ydlidar_ros2_driver) by extensions ['colcon_meta']
[1.139s] Level 1:colcon.colcon_core.package_identification:_identify(src/ydlidar_ros2_driver) by extension 'colcon_meta'
[1.139s] Level 1:colcon.colcon_core.package_identification:_identify(src/ydlidar_ros2_driver) by extensions ['ros']
[1.139s] Level 1:colcon.colcon_core.package_identification:_identify(src/ydlidar_ros2_driver) by extension 'ros'
[1.141s] DEBUG:colcon.colcon_core.package_identification:Package 'src/ydlidar_ros2_driver' with type 'ros.ament_cmake' and name 'ydlidar_ros2_driver'
[1.141s] Level 1:colcon.colcon_core.package_discovery:discover_packages(recursive) using defaults
[1.141s] Level 1:colcon.colcon_core.package_discovery:discover_packages(ignore) discover
[1.142s] Level 1:colcon.colcon_core.package_discovery:discover_packages(ignore) using defaults
[1.142s] Level 1:colcon.colcon_core.package_discovery:discover_packages(path) discover
[1.142s] Level 1:colcon.colcon_core.package_discovery:discover_packages(path) using defaults
[1.211s] Level 1:colcon.colcon_core.package_discovery:discover_packages(prefix_path) check parameters
[1.211s] Level 1:colcon.colcon_core.package_discovery:discover_packages(prefix_path) discover
[1.219s] DEBUG:colcon.colcon_installed_package_information.package_discovery:Found 318 installed packages in /opt/ros/humble
[1.224s] Level 1:colcon.colcon_core.package_discovery:discover_packages(prefix_path) using defaults
[1.359s] Level 5:colcon.colcon_core.verb:set package 'gimbal_control_cpp' build argument 'cmake_args' from command line to 'None'
[1.359s] Level 5:colcon.colcon_core.verb:set package 'gimbal_control_cpp' build argument 'cmake_target' from command line to 'None'
[1.359s] Level 5:colcon.colcon_core.verb:set package 'gimbal_control_cpp' build argument 'cmake_target_skip_unavailable' from command line to 'False'
[1.359s] Level 5:colcon.colcon_core.verb:set package 'gimbal_control_cpp' build argument 'cmake_clean_cache' from command line to 'False'
[1.360s] Level 5:colcon.colcon_core.verb:set package 'gimbal_control_cpp' build argument 'cmake_clean_first' from command line to 'False'
[1.360s] Level 5:colcon.colcon_core.verb:set package 'gimbal_control_cpp' build argument 'cmake_force_configure' from command line to 'False'
[1.360s] Level 5:colcon.colcon_core.verb:set package 'gimbal_control_cpp' build argument 'ament_cmake_args' from command line to 'None'
[1.360s] Level 5:colcon.colcon_core.verb:set package 'gimbal_control_cpp' build argument 'catkin_cmake_args' from command line to 'None'
[1.360s] Level 5:colcon.colcon_core.verb:set package 'gimbal_control_cpp' build argument 'catkin_skip_building_tests' from command line to 'False'
[1.360s] DEBUG:colcon.colcon_core.verb:Building package 'gimbal_control_cpp' with the following arguments: {'ament_cmake_args': None, 'build_base': '/home/xumeng/robot1_ws/build/gimbal_control_cpp', 'catkin_cmake_args': None, 'catkin_skip_building_tests': False, 'cmake_args': None, 'cmake_clean_cache': False, 'cmake_clean_first': False, 'cmake_force_configure': False, 'cmake_target': None, 'cmake_target_skip_unavailable': False, 'install_base': '/home/xumeng/robot1_ws/install/gimbal_control_cpp', 'merge_install': False, 'path': '/home/xumeng/robot1_ws/src/gimbal_ws/gimbal_control_cpp', 'symlink_install': True, 'test_result_base': None}
[1.361s] Level 5:colcon.colcon_core.verb:set package 'robot1_nav' build argument 'cmake_args' from command line to 'None'
[1.361s] Level 5:colcon.colcon_core.verb:set package 'robot1_nav' build argument 'cmake_target' from command line to 'None'
[1.361s] Level 5:colcon.colcon_core.verb:set package 'robot1_nav' build argument 'cmake_target_skip_unavailable' from command line to 'False'
[1.361s] Level 5:colcon.colcon_core.verb:set package 'robot1_nav' build argument 'cmake_clean_cache' from command line to 'False'
[1.361s] Level 5:colcon.colcon_core.verb:set package 'robot1_nav' build argument 'cmake_clean_first' from command line to 'False'
[1.361s] Level 5:colcon.colcon_core.verb:set package 'robot1_nav' build argument 'cmake_force_configure' from command line to 'False'
[1.362s] Level 5:colcon.colcon_core.verb:set package 'robot1_nav' build argument 'ament_cmake_args' from command line to 'None'
[1.362s] Level 5:colcon.colcon_core.verb:set package 'robot1_nav' build argument 'catkin_cmake_args' from command line to 'None'
[1.362s] Level 5:colcon.colcon_core.verb:set package 'robot1_nav' build argument 'catkin_skip_building_tests' from command line to 'False'
[1.362s] DEBUG:colcon.colcon_core.verb:Building package 'robot1_nav' with the following arguments: {'ament_cmake_args': None, 'build_base': '/home/xumeng/robot1_ws/build/robot1_nav', 'catkin_cmake_args': None, 'catkin_skip_building_tests': False, 'cmake_args': None, 'cmake_clean_cache': False, 'cmake_clean_first': False, 'cmake_force_configure': False, 'cmake_target': None, 'cmake_target_skip_unavailable': False, 'install_base': '/home/xumeng/robot1_ws/install/robot1_nav', 'merge_install': False, 'path': '/home/xumeng/robot1_ws/src/robot1_nav', 'symlink_install': True, 'test_result_base': None}
[1.363s] Level 5:colcon.colcon_core.verb:set package 'robot_driver' build argument 'cmake_args' from command line to 'None'
[1.363s] Level 5:colcon.colcon_core.verb:set package 'robot_driver' build argument 'cmake_target' from command line to 'None'
[1.363s] Level 5:colcon.colcon_core.verb:set package 'robot_driver' build argument 'cmake_target_skip_unavailable' from command line to 'False'
[1.363s] Level 5:colcon.colcon_core.verb:set package 'robot_driver' build argument 'cmake_clean_cache' from command line to 'False'
[1.363s] Level 5:colcon.colcon_core.verb:set package 'robot_driver' build argument 'cmake_clean_first' from command line to 'False'
[1.363s] Level 5:colcon.colcon_core.verb:set package 'robot_driver' build argument 'cmake_force_configure' from command line to 'False'
[1.363s] Level 5:colcon.colcon_core.verb:set package 'robot_driver' build argument 'ament_cmake_args' from command line to 'None'
[1.363s] Level 5:colcon.colcon_core.verb:set package 'robot_driver' build argument 'catkin_cmake_args' from command line to 'None'
[1.363s] Level 5:colcon.colcon_core.verb:set package 'robot_driver' build argument 'catkin_skip_building_tests' from command line to 'False'
[1.363s] DEBUG:colcon.colcon_core.verb:Building package 'robot_driver' with the following arguments: {'ament_cmake_args': None, 'build_base': '/home/xumeng/robot1_ws/build/robot_driver', 'catkin_cmake_args': None, 'catkin_skip_building_tests': False, 'cmake_args': None, 'cmake_clean_cache': False, 'cmake_clean_first': False, 'cmake_force_configure': False, 'cmake_target': None, 'cmake_target_skip_unavailable': False, 'install_base': '/home/xumeng/robot1_ws/install/robot_driver', 'merge_install': False, 'path': '/home/xumeng/robot1_ws/src/robot_driver', 'symlink_install': True, 'test_result_base': None}
[1.364s] Level 5:colcon.colcon_core.verb:set package 'ydlidar_ros2_driver' build argument 'cmake_args' from command line to 'None'
[1.364s] Level 5:colcon.colcon_core.verb:set package 'ydlidar_ros2_driver' build argument 'cmake_target' from command line to 'None'
[1.364s] Level 5:colcon.colcon_core.verb:set package 'ydlidar_ros2_driver' build argument 'cmake_target_skip_unavailable' from command line to 'False'
[1.365s] Level 5:colcon.colcon_core.verb:set package 'ydlidar_ros2_driver' build argument 'cmake_clean_cache' from command line to 'False'
[1.365s] Level 5:colcon.colcon_core.verb:set package 'ydlidar_ros2_driver' build argument 'cmake_clean_first' from command line to 'False'
[1.365s] Level 5:colcon.colcon_core.verb:set package 'ydlidar_ros2_driver' build argument 'cmake_force_configure' from command line to 'False'
[1.365s] Level 5:colcon.colcon_core.verb:set package 'ydlidar_ros2_driver' build argument 'ament_cmake_args' from command line to 'None'
[1.365s] Level 5:colcon.colcon_core.verb:set package 'ydlidar_ros2_driver' build argument 'catkin_cmake_args' from command line to 'None'
[1.365s] Level 5:colcon.colcon_core.verb:set package 'ydlidar_ros2_driver' build argument 'catkin_skip_building_tests' from command line to 'False'
[1.365s] DEBUG:colcon.colcon_core.verb:Building package 'ydlidar_ros2_driver' with the following arguments: {'ament_cmake_args': None, 'build_base': '/home/xumeng/robot1_ws/build/ydlidar_ros2_driver', 'catkin_cmake_args': None, 'catkin_skip_building_tests': False, 'cmake_args': None, 'cmake_clean_cache': False, 'cmake_clean_first': False, 'cmake_force_configure': False, 'cmake_target': None, 'cmake_target_skip_unavailable': False, 'install_base': '/home/xumeng/robot1_ws/install/ydlidar_ros2_driver', 'merge_install': False, 'path': '/home/xumeng/robot1_ws/src/ydlidar_ros2_driver', 'symlink_install': True, 'test_result_base': None}
[1.366s] Level 5:colcon.colcon_core.verb:set package 'robot1_soldier' build argument 'cmake_args' from command line to 'None'
[1.366s] Level 5:colcon.colcon_core.verb:set package 'robot1_soldier' build argument 'cmake_target' from command line to 'None'
[1.366s] Level 5:colcon.colcon_core.verb:set package 'robot1_soldier' build argument 'cmake_target_skip_unavailable' from command line to 'False'
[1.366s] Level 5:colcon.colcon_core.verb:set package 'robot1_soldier' build argument 'cmake_clean_cache' from command line to 'False'
[1.366s] Level 5:colcon.colcon_core.verb:set package 'robot1_soldier' build argument 'cmake_clean_first' from command line to 'False'
[1.366s] Level 5:colcon.colcon_core.verb:set package 'robot1_soldier' build argument 'cmake_force_configure' from command line to 'False'
[1.366s] Level 5:colcon.colcon_core.verb:set package 'robot1_soldier' build argument 'ament_cmake_args' from command line to 'None'
[1.366s] Level 5:colcon.colcon_core.verb:set package 'robot1_soldier' build argument 'catkin_cmake_args' from command line to 'None'
[1.367s] Level 5:colcon.colcon_core.verb:set package 'robot1_soldier' build argument 'catkin_skip_building_tests' from command line to 'False'
[1.367s] DEBUG:colcon.colcon_core.verb:Building package 'robot1_soldier' with the following arguments: {'ament_cmake_args': None, 'build_base': '/home/xumeng/robot1_ws/build/robot1_soldier', 'catkin_cmake_args': None, 'catkin_skip_building_tests': False, 'cmake_args': None, 'cmake_clean_cache': False, 'cmake_clean_first': False, 'cmake_force_configure': False, 'cmake_target': None, 'cmake_target_skip_unavailable': False, 'install_base': '/home/xumeng/robot1_ws/install/robot1_soldier', 'merge_install': False, 'path': '/home/xumeng/robot1_ws/src/robot1_soldier', 'symlink_install': True, 'test_result_base': None}
[1.367s] INFO:colcon.colcon_core.executor:Executing jobs using 'parallel' executor
[1.370s] DEBUG:colcon.colcon_parallel_executor.executor.parallel:run_until_complete
[1.371s] INFO:colcon.colcon_ros.task.ament_cmake.build:Building ROS package in '/home/xumeng/robot1_ws/src/gimbal_ws/gimbal_control_cpp' with build type 'ament_cmake'
[1.371s] INFO:colcon.colcon_cmake.task.cmake.build:Building CMake package in '/home/xumeng/robot1_ws/src/gimbal_ws/gimbal_control_cpp'
[1.382s] INFO:colcon.colcon_core.plugin_system:Skipping extension 'colcon_core.shell.bat': Not used on non-Windows systems
[1.382s] INFO:colcon.colcon_core.shell:Skip shell extension 'powershell' for command environment: Not usable outside of PowerShell
[1.382s] DEBUG:colcon.colcon_core.shell:Skip shell extension 'dsv' for command environment
[1.392s] INFO:colcon.colcon_ros.task.ament_cmake.build:Building ROS package in '/home/xumeng/robot1_ws/src/robot1_nav' with build type 'ament_cmake'
[1.393s] INFO:colcon.colcon_cmake.task.cmake.build:Building CMake package in '/home/xumeng/robot1_ws/src/robot1_nav'
[1.393s] INFO:colcon.colcon_core.shell:Skip shell extension 'powershell' for command environment: Not usable outside of PowerShell
[1.394s] DEBUG:colcon.colcon_core.shell:Skip shell extension 'dsv' for command environment
[1.401s] INFO:colcon.colcon_ros.task.ament_python.build:Building ROS package in '/home/xumeng/robot1_ws/src/robot_driver' with build type 'ament_python'
[1.401s] Level 1:colcon.colcon_core.shell:create_environment_hook('robot_driver', 'ament_prefix_path')
[1.402s] INFO:colcon.colcon_core.shell:Creating environment hook '/home/xumeng/robot1_ws/install/robot_driver/share/robot_driver/hook/ament_prefix_path.ps1'
[1.405s] INFO:colcon.colcon_core.shell:Creating environment descriptor '/home/xumeng/robot1_ws/install/robot_driver/share/robot_driver/hook/ament_prefix_path.dsv'
[1.406s] INFO:colcon.colcon_core.shell:Creating environment hook '/home/xumeng/robot1_ws/install/robot_driver/share/robot_driver/hook/ament_prefix_path.sh'
[1.409s] INFO:colcon.colcon_core.shell:Skip shell extension 'powershell' for command environment: Not usable outside of PowerShell
[1.409s] DEBUG:colcon.colcon_core.shell:Skip shell extension 'dsv' for command environment
[1.416s] INFO:colcon.colcon_ros.task.ament_cmake.build:Building ROS package in '/home/xumeng/robot1_ws/src/ydlidar_ros2_driver' with build type 'ament_cmake'
[1.417s] INFO:colcon.colcon_cmake.task.cmake.build:Building CMake package in '/home/xumeng/robot1_ws/src/ydlidar_ros2_driver'
[1.417s] INFO:colcon.colcon_core.shell:Skip shell extension 'powershell' for command environment: Not usable outside of PowerShell
[1.418s] DEBUG:colcon.colcon_core.shell:Skip shell extension 'dsv' for command environment
[1.437s] DEBUG:colcon.colcon_core.event_handler.log_command:Invoking command in '/home/xumeng/robot1_ws/build/gimbal_control_cpp': CMAKE_PREFIX_PATH=/opt/ros/humble /usr/bin/cmake --build /home/xumeng/robot1_ws/build/gimbal_control_cpp -- -j4 -l4
[1.443s] DEBUG:colcon.colcon_core.event_handler.log_command:Invoking command in '/home/xumeng/robot1_ws/build/robot1_nav': CMAKE_PREFIX_PATH=/opt/ros/humble /usr/bin/cmake --build /home/xumeng/robot1_ws/build/robot1_nav -- -j4 -l4
[2.373s] INFO:colcon.colcon_core.task.python.build:Building Python package in '/home/xumeng/robot1_ws/src/robot_driver'
[2.375s] INFO:colcon.colcon_core.shell:Skip shell extension 'powershell' for command environment: Not usable outside of PowerShell
[2.375s] DEBUG:colcon.colcon_core.shell:Skip shell extension 'dsv' for command environment
[2.392s] DEBUG:colcon.colcon_core.event_handler.log_command:Invoking command in '/home/xumeng/robot1_ws/build/ydlidar_ros2_driver': CMAKE_PREFIX_PATH=/opt/ros/humble /usr/bin/cmake /home/xumeng/robot1_ws/src/ydlidar_ros2_driver -DAMENT_CMAKE_SYMLINK_INSTALL=1 -DCMAKE_INSTALL_PREFIX=/home/xumeng/robot1_ws/install/ydlidar_ros2_driver
[2.397s] DEBUG:colcon.colcon_core.event_handler.log_command:Invoked command in '/home/xumeng/robot1_ws/build/gimbal_control_cpp' returned '0': CMAKE_PREFIX_PATH=/opt/ros/humble /usr/bin/cmake --build /home/xumeng/robot1_ws/build/gimbal_control_cpp -- -j4 -l4
[2.422s] DEBUG:colcon.colcon_core.event_handler.log_command:Invoking command in '/home/xumeng/robot1_ws/build/gimbal_control_cpp': CMAKE_PREFIX_PATH=/opt/ros/humble /usr/bin/cmake --install /home/xumeng/robot1_ws/build/gimbal_control_cpp
[2.425s] DEBUG:colcon.colcon_core.event_handler.log_command:Invoked command in '/home/xumeng/robot1_ws/build/robot1_nav' returned '0': CMAKE_PREFIX_PATH=/opt/ros/humble /usr/bin/cmake --build /home/xumeng/robot1_ws/build/robot1_nav -- -j4 -l4
[2.428s] DEBUG:colcon.colcon_core.event_handler.log_command:Invoking command in '/home/xumeng/robot1_ws/build/robot1_nav': CMAKE_PREFIX_PATH=/opt/ros/humble /usr/bin/cmake --install /home/xumeng/robot1_ws/build/robot1_nav
[2.506s] Level 1:colcon.colcon_core.environment:create_environment_scripts_only(robot1_nav)
[2.509s] DEBUG:colcon.colcon_core.event_handler.log_command:Invoked command in '/home/xumeng/robot1_ws/build/robot1_nav' returned '0': CMAKE_PREFIX_PATH=/opt/ros/humble /usr/bin/cmake --install /home/xumeng/robot1_ws/build/robot1_nav
[2.523s] Level 1:colcon.colcon_core.environment:checking '/home/xumeng/robot1_ws/install/robot1_nav' for CMake module files
[2.527s] Level 1:colcon.colcon_core.environment:checking '/home/xumeng/robot1_ws/install/robot1_nav' for CMake config files
[2.528s] Level 1:colcon.colcon_core.shell:create_environment_hook('robot1_nav', 'cmake_prefix_path')
[2.530s] INFO:colcon.colcon_core.shell:Creating environment hook '/home/xumeng/robot1_ws/install/robot1_nav/share/robot1_nav/hook/cmake_prefix_path.ps1'
[2.532s] INFO:colcon.colcon_core.shell:Creating environment descriptor '/home/xumeng/robot1_ws/install/robot1_nav/share/robot1_nav/hook/cmake_prefix_path.dsv'
[2.534s] INFO:colcon.colcon_core.shell:Creating environment hook '/home/xumeng/robot1_ws/install/robot1_nav/share/robot1_nav/hook/cmake_prefix_path.sh'
[2.540s] Level 1:colcon.colcon_core.environment:checking '/home/xumeng/robot1_ws/install/robot1_nav/bin'
[2.541s] Level 1:colcon.colcon_core.environment:checking '/home/xumeng/robot1_ws/install/robot1_nav/lib/pkgconfig/robot1_nav.pc'
[2.542s] Level 1:colcon.colcon_core.environment:checking '/home/xumeng/robot1_ws/install/robot1_nav/lib/python3.10/site-packages'
[2.544s] Level 1:colcon.colcon_core.environment:checking '/home/xumeng/robot1_ws/install/robot1_nav/bin'
[2.545s] INFO:colcon.colcon_core.shell:Creating package script '/home/xumeng/robot1_ws/install/robot1_nav/share/robot1_nav/package.ps1'
[2.549s] INFO:colcon.colcon_core.shell:Creating package descriptor '/home/xumeng/robot1_ws/install/robot1_nav/share/robot1_nav/package.dsv'
[2.551s] INFO:colcon.colcon_core.shell:Creating package script '/home/xumeng/robot1_ws/install/robot1_nav/share/robot1_nav/package.sh'
[2.555s] INFO:colcon.colcon_core.shell:Creating package script '/home/xumeng/robot1_ws/install/robot1_nav/share/robot1_nav/package.bash'
[2.559s] INFO:colcon.colcon_core.shell:Creating package script '/home/xumeng/robot1_ws/install/robot1_nav/share/robot1_nav/package.zsh'
[2.562s] Level 1:colcon.colcon_core.environment:create_file_with_runtime_dependencies(/home/xumeng/robot1_ws/install/robot1_nav/share/colcon-core/packages/robot1_nav)
[2.564s] Level 1:colcon.colcon_core.environment:create_environment_scripts_only(robot1_nav)
[2.564s] Level 1:colcon.colcon_core.environment:checking '/home/xumeng/robot1_ws/install/robot1_nav' for CMake module files
[2.566s] Level 1:colcon.colcon_core.environment:checking '/home/xumeng/robot1_ws/install/robot1_nav' for CMake config files
[2.568s] Level 1:colcon.colcon_core.shell:create_environment_hook('robot1_nav', 'cmake_prefix_path')
[2.572s] INFO:colcon.colcon_core.shell:Creating environment hook '/home/xumeng/robot1_ws/install/robot1_nav/share/robot1_nav/hook/cmake_prefix_path.ps1'
[2.575s] INFO:colcon.colcon_core.shell:Creating environment descriptor '/home/xumeng/robot1_ws/install/robot1_nav/share/robot1_nav/hook/cmake_prefix_path.dsv'
[2.577s] INFO:colcon.colcon_core.shell:Creating environment hook '/home/xumeng/robot1_ws/install/robot1_nav/share/robot1_nav/hook/cmake_prefix_path.sh'
[2.579s] Level 1:colcon.colcon_core.environment:checking '/home/xumeng/robot1_ws/install/robot1_nav/bin'
[2.579s] Level 1:colcon.colcon_core.environment:checking '/home/xumeng/robot1_ws/install/robot1_nav/lib/pkgconfig/robot1_nav.pc'
[2.580s] Level 1:colcon.colcon_core.environment:checking '/home/xumeng/robot1_ws/install/robot1_nav/lib/python3.10/site-packages'
[2.581s] Level 1:colcon.colcon_core.environment:checking '/home/xumeng/robot1_ws/install/robot1_nav/bin'
[2.582s] INFO:colcon.colcon_core.shell:Creating package script '/home/xumeng/robot1_ws/install/robot1_nav/share/robot1_nav/package.ps1'
[2.585s] INFO:colcon.colcon_core.shell:Creating package descriptor '/home/xumeng/robot1_ws/install/robot1_nav/share/robot1_nav/package.dsv'
[2.590s] INFO:colcon.colcon_core.shell:Creating package script '/home/xumeng/robot1_ws/install/robot1_nav/share/robot1_nav/package.sh'
[2.592s] INFO:colcon.colcon_core.shell:Creating package script '/home/xumeng/robot1_ws/install/robot1_nav/share/robot1_nav/package.bash'
[2.595s] INFO:colcon.colcon_core.shell:Creating package script '/home/xumeng/robot1_ws/install/robot1_nav/share/robot1_nav/package.zsh'
[2.596s] Level 1:colcon.colcon_core.environment:create_file_with_runtime_dependencies(/home/xumeng/robot1_ws/install/robot1_nav/share/colcon-core/packages/robot1_nav)
[2.973s] Level 1:colcon.colcon_core.environment:create_environment_scripts_only(gimbal_control_cpp)
[2.974s] Level 1:colcon.colcon_core.environment:checking '/home/xumeng/robot1_ws/install/gimbal_control_cpp' for CMake module files
[2.975s] Level 1:colcon.colcon_core.environment:checking '/home/xumeng/robot1_ws/install/gimbal_control_cpp' for CMake config files
[2.976s] Level 1:colcon.colcon_core.shell:create_environment_hook('gimbal_control_cpp', 'cmake_prefix_path')
[2.977s] INFO:colcon.colcon_core.shell:Creating environment hook '/home/xumeng/robot1_ws/install/gimbal_control_cpp/share/gimbal_control_cpp/hook/cmake_prefix_path.ps1'
[2.978s] INFO:colcon.colcon_core.shell:Creating environment descriptor '/home/xumeng/robot1_ws/install/gimbal_control_cpp/share/gimbal_control_cpp/hook/cmake_prefix_path.dsv'
[2.982s] DEBUG:colcon.colcon_core.event_handler.log_command:Invoked command in '/home/xumeng/robot1_ws/build/gimbal_control_cpp' returned '0': CMAKE_PREFIX_PATH=/opt/ros/humble /usr/bin/cmake --install /home/xumeng/robot1_ws/build/gimbal_control_cpp
[2.983s] INFO:colcon.colcon_core.shell:Creating environment hook '/home/xumeng/robot1_ws/install/gimbal_control_cpp/share/gimbal_control_cpp/hook/cmake_prefix_path.sh'
[2.985s] Level 1:colcon.colcon_core.environment:checking '/home/xumeng/robot1_ws/install/gimbal_control_cpp/lib'
[2.986s] Level 1:colcon.colcon_core.environment:checking '/home/xumeng/robot1_ws/install/gimbal_control_cpp/bin'
[2.986s] Level 1:colcon.colcon_core.environment:checking '/home/xumeng/robot1_ws/install/gimbal_control_cpp/lib/pkgconfig/gimbal_control_cpp.pc'
[2.987s] Level 1:colcon.colcon_core.environment:checking '/home/xumeng/robot1_ws/install/gimbal_control_cpp/lib/python3.10/site-packages'
[2.988s] Level 1:colcon.colcon_core.environment:checking '/home/xumeng/robot1_ws/install/gimbal_control_cpp/bin'
[2.991s] INFO:colcon.colcon_core.shell:Creating package script '/home/xumeng/robot1_ws/install/gimbal_control_cpp/share/gimbal_control_cpp/package.ps1'
[2.993s] INFO:colcon.colcon_core.shell:Creating package descriptor '/home/xumeng/robot1_ws/install/gimbal_control_cpp/share/gimbal_control_cpp/package.dsv'
[2.994s] INFO:colcon.colcon_core.shell:Creating package script '/home/xumeng/robot1_ws/install/gimbal_control_cpp/share/gimbal_control_cpp/package.sh'
[2.995s] INFO:colcon.colcon_core.shell:Creating package script '/home/xumeng/robot1_ws/install/gimbal_control_cpp/share/gimbal_control_cpp/package.bash'
[2.996s] INFO:colcon.colcon_core.shell:Creating package script '/home/xumeng/robot1_ws/install/gimbal_control_cpp/share/gimbal_control_cpp/package.zsh'
[2.998s] Level 1:colcon.colcon_core.environment:create_file_with_runtime_dependencies(/home/xumeng/robot1_ws/install/gimbal_control_cpp/share/colcon-core/packages/gimbal_control_cpp)
[3.000s] Level 1:colcon.colcon_core.environment:create_environment_scripts_only(gimbal_control_cpp)
[3.001s] Level 1:colcon.colcon_core.environment:checking '/home/xumeng/robot1_ws/install/gimbal_control_cpp' for CMake module files
[3.002s] Level 1:colcon.colcon_core.environment:checking '/home/xumeng/robot1_ws/install/gimbal_control_cpp' for CMake config files
[3.004s] Level 1:colcon.colcon_core.shell:create_environment_hook('gimbal_control_cpp', 'cmake_prefix_path')
[3.004s] INFO:colcon.colcon_core.shell:Creating environment hook '/home/xumeng/robot1_ws/install/gimbal_control_cpp/share/gimbal_control_cpp/hook/cmake_prefix_path.ps1'
[3.006s] INFO:colcon.colcon_core.shell:Creating environment descriptor '/home/xumeng/robot1_ws/install/gimbal_control_cpp/share/gimbal_control_cpp/hook/cmake_prefix_path.dsv'
[3.009s] INFO:colcon.colcon_core.shell:Creating environment hook '/home/xumeng/robot1_ws/install/gimbal_control_cpp/share/gimbal_control_cpp/hook/cmake_prefix_path.sh'
[3.011s] Level 1:colcon.colcon_core.environment:checking '/home/xumeng/robot1_ws/install/gimbal_control_cpp/lib'
[3.011s] Level 1:colcon.colcon_core.environment:checking '/home/xumeng/robot1_ws/install/gimbal_control_cpp/bin'
[3.011s] Level 1:colcon.colcon_core.environment:checking '/home/xumeng/robot1_ws/install/gimbal_control_cpp/lib/pkgconfig/gimbal_control_cpp.pc'
[3.012s] Level 1:colcon.colcon_core.environment:checking '/home/xumeng/robot1_ws/install/gimbal_control_cpp/lib/python3.10/site-packages'
[3.013s] Level 1:colcon.colcon_core.environment:checking '/home/xumeng/robot1_ws/install/gimbal_control_cpp/bin'
[3.014s] INFO:colcon.colcon_core.shell:Creating package script '/home/xumeng/robot1_ws/install/gimbal_control_cpp/share/gimbal_control_cpp/package.ps1'
[3.017s] INFO:colcon.colcon_core.shell:Creating package descriptor '/home/xumeng/robot1_ws/install/gimbal_control_cpp/share/gimbal_control_cpp/package.dsv'
[3.018s] INFO:colcon.colcon_core.shell:Creating package script '/home/xumeng/robot1_ws/install/gimbal_control_cpp/share/gimbal_control_cpp/package.sh'
[3.019s] INFO:colcon.colcon_core.shell:Creating package script '/home/xumeng/robot1_ws/install/gimbal_control_cpp/share/gimbal_control_cpp/package.bash'
[3.021s] INFO:colcon.colcon_core.shell:Creating package script '/home/xumeng/robot1_ws/install/gimbal_control_cpp/share/gimbal_control_cpp/package.zsh'
[3.022s] Level 1:colcon.colcon_core.environment:create_file_with_runtime_dependencies(/home/xumeng/robot1_ws/install/gimbal_control_cpp/share/colcon-core/packages/gimbal_control_cpp)
[3.026s] INFO:colcon.colcon_ros.task.ament_python.build:Building ROS package in '/home/xumeng/robot1_ws/src/robot1_soldier' with build type 'ament_python'
[3.027s] Level 1:colcon.colcon_core.shell:create_environment_hook('robot1_soldier', 'ament_prefix_path')
[3.028s] INFO:colcon.colcon_core.shell:Creating environment hook '/home/xumeng/robot1_ws/install/robot1_soldier/share/robot1_soldier/hook/ament_prefix_path.ps1'
[3.029s] INFO:colcon.colcon_core.shell:Creating environment descriptor '/home/xumeng/robot1_ws/install/robot1_soldier/share/robot1_soldier/hook/ament_prefix_path.dsv'
[3.030s] INFO:colcon.colcon_core.shell:Creating environment hook '/home/xumeng/robot1_ws/install/robot1_soldier/share/robot1_soldier/hook/ament_prefix_path.sh'
[3.033s] INFO:colcon.colcon_core.shell:Skip shell extension 'powershell' for command environment: Not usable outside of PowerShell
[3.033s] DEBUG:colcon.colcon_core.shell:Skip shell extension 'dsv' for command environment
[4.106s] INFO:colcon.colcon_core.task.python.build:Building Python package in '/home/xumeng/robot1_ws/src/robot1_soldier'
[4.107s] INFO:colcon.colcon_core.shell:Skip shell extension 'powershell' for command environment: Not usable outside of PowerShell
[4.107s] DEBUG:colcon.colcon_core.shell:Skip shell extension 'dsv' for command environment
[4.119s] DEBUG:colcon.colcon_core.task.python.build:Available setuptools commands: build, egg_info, upload, sdist, build_scripts, dist_info, check, install_data, compile_catalog, install_egg_info, update_catalog, easy_install, bdist_wheel, develop, install_scripts, clean, register, init_catalog, bdist_dumb, saveopts, bdist_egg, build_py, build_clib, install, symlink_data, alias, install_lib, upload_docs, rotate, setopt, test, extract_messages, install_headers, bdist_rpm, bdist, build_ext
[4.151s] DEBUG:colcon.colcon_core.event_handler.log_command:Invoked command in '/home/xumeng/robot1_ws/build/ydlidar_ros2_driver' returned '0': CMAKE_PREFIX_PATH=/opt/ros/humble /usr/bin/cmake /home/xumeng/robot1_ws/src/ydlidar_ros2_driver -DAMENT_CMAKE_SYMLINK_INSTALL=1 -DCMAKE_INSTALL_PREFIX=/home/xumeng/robot1_ws/install/ydlidar_ros2_driver
[4.152s] DEBUG:colcon.colcon_core.event_handler.log_command:Invoking command in '/home/xumeng/robot1_ws/build/ydlidar_ros2_driver': CMAKE_PREFIX_PATH=/opt/ros/humble /usr/bin/cmake --build /home/xumeng/robot1_ws/build/ydlidar_ros2_driver -- -j4 -l4
[5.170s] DEBUG:colcon.colcon_core.task.python.build:Available setuptools 'develop' options: --user, --build-directory, --no-find-links, --zip-ok, --always-copy, --prefix, --egg-path, --verbose, --install-layout, --exclude-scripts, --no-deps, --record, --optimize, --allow-hosts, --always-unzip, --help, --force-installation-into-system-dir, --script-dir, --install-dir, --version, --no-user-cfg, --upgrade, --site-dirs, --editable, --quiet, --local-snapshots-ok, --multi-version, --uninstall, --find-links, --index-url, --dry-run
[5.173s] DEBUG:colcon.colcon_core.event_handler.log_command:Invoking command in '/home/xumeng/robot1_ws/build/robot_driver': PYTHONPATH=/home/xumeng/robot1_ws/build/robot_driver/prefix_override:/usr/lib/python3/dist-packages/colcon_core/task/python/colcon_distutils_commands:/home/xumeng/robot1_ws/install/robot_driver/lib/python3.10/site-packages:${PYTHONPATH} /usr/bin/python3 -W ignore:setup.py install is deprecated -W ignore:easy_install command is deprecated setup.py develop --editable --build-directory /home/xumeng/robot1_ws/build/robot_driver/build --no-deps symlink_data
[5.460s] DEBUG:colcon.colcon_core.task.python.build:Available setuptools commands: build, egg_info, upload, sdist, build_scripts, dist_info, check, install_data, compile_catalog, install_egg_info, update_catalog, easy_install, bdist_wheel, develop, install_scripts, clean, register, init_catalog, bdist_dumb, saveopts, bdist_egg, build_py, build_clib, install, symlink_data, alias, install_lib, upload_docs, rotate, setopt, test, extract_messages, install_headers, bdist_rpm, bdist, build_ext
[6.662s] DEBUG:colcon.colcon_core.task.python.build:Available setuptools 'develop' options: --user, --build-directory, --no-find-links, --zip-ok, --always-copy, --prefix, --egg-path, --verbose, --install-layout, --exclude-scripts, --no-deps, --record, --optimize, --allow-hosts, --always-unzip, --help, --force-installation-into-system-dir, --script-dir, --install-dir, --version, --no-user-cfg, --upgrade, --site-dirs, --editable, --quiet, --local-snapshots-ok, --multi-version, --uninstall, --find-links, --index-url, --dry-run
[6.666s] DEBUG:colcon.colcon_core.event_handler.log_command:Invoking command in '/home/xumeng/robot1_ws/build/robot1_soldier': AMENT_PREFIX_PATH=/home/xumeng/robot1_ws/install/gimbal_control_cpp:${AMENT_PREFIX_PATH} CMAKE_PREFIX_PATH=/home/xumeng/robot1_ws/install/gimbal_control_cpp PYTHONPATH=/home/xumeng/robot1_ws/build/robot1_soldier/prefix_override:/usr/lib/python3/dist-packages/colcon_core/task/python/colcon_distutils_commands:/home/xumeng/robot1_ws/install/robot1_soldier/lib/python3.10/site-packages:${PYTHONPATH} /usr/bin/python3 -W ignore:setup.py install is deprecated -W ignore:easy_install command is deprecated setup.py develop --editable --build-directory /home/xumeng/robot1_ws/build/robot1_soldier/build --no-deps symlink_data
[7.121s] Level 1:colcon.colcon_core.shell:create_environment_hook('robot_driver', 'pythonpath_develop')
[7.122s] INFO:colcon.colcon_core.shell:Creating environment hook '/home/xumeng/robot1_ws/build/robot_driver/share/robot_driver/hook/pythonpath_develop.ps1'
[7.124s] INFO:colcon.colcon_core.shell:Creating environment descriptor '/home/xumeng/robot1_ws/build/robot_driver/share/robot_driver/hook/pythonpath_develop.dsv'
[7.126s] INFO:colcon.colcon_core.shell:Creating environment hook '/home/xumeng/robot1_ws/build/robot_driver/share/robot_driver/hook/pythonpath_develop.sh'
[7.128s] Level 1:colcon.colcon_core.environment:checking '/home/xumeng/robot1_ws/install/robot_driver' for CMake module files
[7.128s] DEBUG:colcon.colcon_core.event_handler.log_command:Invoked command in '/home/xumeng/robot1_ws/build/robot_driver' returned '0': PYTHONPATH=/home/xumeng/robot1_ws/build/robot_driver/prefix_override:/usr/lib/python3/dist-packages/colcon_core/task/python/colcon_distutils_commands:/home/xumeng/robot1_ws/install/robot_driver/lib/python3.10/site-packages:${PYTHONPATH} /usr/bin/python3 -W ignore:setup.py install is deprecated -W ignore:easy_install command is deprecated setup.py develop --editable --build-directory /home/xumeng/robot1_ws/build/robot_driver/build --no-deps symlink_data
[7.130s] Level 1:colcon.colcon_core.environment:checking '/home/xumeng/robot1_ws/install/robot_driver' for CMake config files
[7.132s] Level 1:colcon.colcon_core.environment:checking '/home/xumeng/robot1_ws/install/robot_driver/lib'
[7.132s] Level 1:colcon.colcon_core.environment:checking '/home/xumeng/robot1_ws/install/robot_driver/bin'
[7.132s] Level 1:colcon.colcon_core.environment:checking '/home/xumeng/robot1_ws/install/robot_driver/lib/pkgconfig/robot_driver.pc'
[7.133s] Level 1:colcon.colcon_core.environment:checking '/home/xumeng/robot1_ws/install/robot_driver/lib/python3.10/site-packages'
[7.133s] Level 1:colcon.colcon_core.shell:create_environment_hook('robot_driver', 'pythonpath')
[7.134s] INFO:colcon.colcon_core.shell:Creating environment hook '/home/xumeng/robot1_ws/install/robot_driver/share/robot_driver/hook/pythonpath.ps1'
[7.135s] INFO:colcon.colcon_core.shell:Creating environment descriptor '/home/xumeng/robot1_ws/install/robot_driver/share/robot_driver/hook/pythonpath.dsv'
[7.137s] INFO:colcon.colcon_core.shell:Creating environment hook '/home/xumeng/robot1_ws/install/robot_driver/share/robot_driver/hook/pythonpath.sh'
[7.139s] Level 1:colcon.colcon_core.environment:checking '/home/xumeng/robot1_ws/install/robot_driver/bin'
[7.139s] Level 1:colcon.colcon_core.environment:create_environment_scripts_only(robot_driver)
[7.140s] INFO:colcon.colcon_core.shell:Creating package script '/home/xumeng/robot1_ws/install/robot_driver/share/robot_driver/package.ps1'
[7.142s] INFO:colcon.colcon_core.shell:Creating package descriptor '/home/xumeng/robot1_ws/install/robot_driver/share/robot_driver/package.dsv'
[7.144s] INFO:colcon.colcon_core.shell:Creating package script '/home/xumeng/robot1_ws/install/robot_driver/share/robot_driver/package.sh'
[7.146s] INFO:colcon.colcon_core.shell:Creating package script '/home/xumeng/robot1_ws/install/robot_driver/share/robot_driver/package.bash'
[7.147s] INFO:colcon.colcon_core.shell:Creating package script '/home/xumeng/robot1_ws/install/robot_driver/share/robot_driver/package.zsh'
[7.148s] Level 1:colcon.colcon_core.environment:create_file_with_runtime_dependencies(/home/xumeng/robot1_ws/install/robot_driver/share/colcon-core/packages/robot_driver)
[8.703s] Level 1:colcon.colcon_core.shell:create_environment_hook('robot1_soldier', 'pythonpath_develop')
[8.704s] INFO:colcon.colcon_core.shell:Creating environment hook '/home/xumeng/robot1_ws/build/robot1_soldier/share/robot1_soldier/hook/pythonpath_develop.ps1'
[8.705s] DEBUG:colcon.colcon_core.event_handler.log_command:Invoked command in '/home/xumeng/robot1_ws/build/robot1_soldier' returned '0': AMENT_PREFIX_PATH=/home/xumeng/robot1_ws/install/gimbal_control_cpp:${AMENT_PREFIX_PATH} CMAKE_PREFIX_PATH=/home/xumeng/robot1_ws/install/gimbal_control_cpp PYTHONPATH=/home/xumeng/robot1_ws/build/robot1_soldier/prefix_override:/usr/lib/python3/dist-packages/colcon_core/task/python/colcon_distutils_commands:/home/xumeng/robot1_ws/install/robot1_soldier/lib/python3.10/site-packages:${PYTHONPATH} /usr/bin/python3 -W ignore:setup.py install is deprecated -W ignore:easy_install command is deprecated setup.py develop --editable --build-directory /home/xumeng/robot1_ws/build/robot1_soldier/build --no-deps symlink_data
[8.707s] INFO:colcon.colcon_core.shell:Creating environment descriptor '/home/xumeng/robot1_ws/build/robot1_soldier/share/robot1_soldier/hook/pythonpath_develop.dsv'
[8.709s] INFO:colcon.colcon_core.shell:Creating environment hook '/home/xumeng/robot1_ws/build/robot1_soldier/share/robot1_soldier/hook/pythonpath_develop.sh'
[8.710s] Level 1:colcon.colcon_core.environment:checking '/home/xumeng/robot1_ws/install/robot1_soldier' for CMake module files
[8.712s] Level 1:colcon.colcon_core.environment:checking '/home/xumeng/robot1_ws/install/robot1_soldier' for CMake config files
[8.714s] Level 1:colcon.colcon_core.environment:checking '/home/xumeng/robot1_ws/install/robot1_soldier/lib'
[8.714s] Level 1:colcon.colcon_core.environment:checking '/home/xumeng/robot1_ws/install/robot1_soldier/bin'
[8.714s] Level 1:colcon.colcon_core.environment:checking '/home/xumeng/robot1_ws/install/robot1_soldier/lib/pkgconfig/robot1_soldier.pc'
[8.715s] Level 1:colcon.colcon_core.environment:checking '/home/xumeng/robot1_ws/install/robot1_soldier/lib/python3.10/site-packages'
[8.715s] Level 1:colcon.colcon_core.shell:create_environment_hook('robot1_soldier', 'pythonpath')
[8.716s] INFO:colcon.colcon_core.shell:Creating environment hook '/home/xumeng/robot1_ws/install/robot1_soldier/share/robot1_soldier/hook/pythonpath.ps1'
[8.717s] INFO:colcon.colcon_core.shell:Creating environment descriptor '/home/xumeng/robot1_ws/install/robot1_soldier/share/robot1_soldier/hook/pythonpath.dsv'
[8.718s] INFO:colcon.colcon_core.shell:Creating environment hook '/home/xumeng/robot1_ws/install/robot1_soldier/share/robot1_soldier/hook/pythonpath.sh'
[8.720s] Level 1:colcon.colcon_core.environment:checking '/home/xumeng/robot1_ws/install/robot1_soldier/bin'
[8.721s] Level 1:colcon.colcon_core.environment:create_environment_scripts_only(robot1_soldier)
[8.722s] INFO:colcon.colcon_core.shell:Creating package script '/home/xumeng/robot1_ws/install/robot1_soldier/share/robot1_soldier/package.ps1'
[8.724s] INFO:colcon.colcon_core.shell:Creating package descriptor '/home/xumeng/robot1_ws/install/robot1_soldier/share/robot1_soldier/package.dsv'
[8.725s] INFO:colcon.colcon_core.shell:Creating package script '/home/xumeng/robot1_ws/install/robot1_soldier/share/robot1_soldier/package.sh'
[8.727s] INFO:colcon.colcon_core.shell:Creating package script '/home/xumeng/robot1_ws/install/robot1_soldier/share/robot1_soldier/package.bash'
[8.729s] INFO:colcon.colcon_core.shell:Creating package script '/home/xumeng/robot1_ws/install/robot1_soldier/share/robot1_soldier/package.zsh'
[8.734s] Level 1:colcon.colcon_core.environment:create_file_with_runtime_dependencies(/home/xumeng/robot1_ws/install/robot1_soldier/share/colcon-core/packages/robot1_soldier)
[33.314s] DEBUG:colcon.colcon_core.event_handler.log_command:Invoked command in '/home/xumeng/robot1_ws/build/ydlidar_ros2_driver' returned '0': CMAKE_PREFIX_PATH=/opt/ros/humble /usr/bin/cmake --build /home/xumeng/robot1_ws/build/ydlidar_ros2_driver -- -j4 -l4
[33.317s] DEBUG:colcon.colcon_core.event_handler.log_command:Invoking command in '/home/xumeng/robot1_ws/build/ydlidar_ros2_driver': CMAKE_PREFIX_PATH=/opt/ros/humble /usr/bin/cmake --install /home/xumeng/robot1_ws/build/ydlidar_ros2_driver
[34.165s] Level 1:colcon.colcon_core.environment:create_environment_scripts_only(ydlidar_ros2_driver)
[34.166s] Level 1:colcon.colcon_core.environment:checking '/home/xumeng/robot1_ws/install/ydlidar_ros2_driver' for CMake module files
[34.168s] DEBUG:colcon.colcon_core.event_handler.log_command:Invoked command in '/home/xumeng/robot1_ws/build/ydlidar_ros2_driver' returned '0': CMAKE_PREFIX_PATH=/opt/ros/humble /usr/bin/cmake --install /home/xumeng/robot1_ws/build/ydlidar_ros2_driver
[34.169s] Level 1:colcon.colcon_core.environment:checking '/home/xumeng/robot1_ws/install/ydlidar_ros2_driver' for CMake config files
[34.172s] Level 1:colcon.colcon_core.shell:create_environment_hook('ydlidar_ros2_driver', 'cmake_prefix_path')
[34.173s] INFO:colcon.colcon_core.shell:Creating environment hook '/home/xumeng/robot1_ws/install/ydlidar_ros2_driver/share/ydlidar_ros2_driver/hook/cmake_prefix_path.ps1'
[34.177s] INFO:colcon.colcon_core.shell:Creating environment descriptor '/home/xumeng/robot1_ws/install/ydlidar_ros2_driver/share/ydlidar_ros2_driver/hook/cmake_prefix_path.dsv'
[34.179s] INFO:colcon.colcon_core.shell:Creating environment hook '/home/xumeng/robot1_ws/install/ydlidar_ros2_driver/share/ydlidar_ros2_driver/hook/cmake_prefix_path.sh'
[34.182s] Level 1:colcon.colcon_core.environment:checking '/home/xumeng/robot1_ws/install/ydlidar_ros2_driver/lib'
[34.182s] Level 1:colcon.colcon_core.environment:checking '/home/xumeng/robot1_ws/install/ydlidar_ros2_driver/bin'
[34.182s] Level 1:colcon.colcon_core.environment:checking '/home/xumeng/robot1_ws/install/ydlidar_ros2_driver/lib/pkgconfig/ydlidar_ros2_driver.pc'
[34.183s] Level 1:colcon.colcon_core.environment:checking '/home/xumeng/robot1_ws/install/ydlidar_ros2_driver/lib/python3.10/site-packages'
[34.185s] Level 1:colcon.colcon_core.environment:checking '/home/xumeng/robot1_ws/install/ydlidar_ros2_driver/bin'
[34.186s] INFO:colcon.colcon_core.shell:Creating package script '/home/xumeng/robot1_ws/install/ydlidar_ros2_driver/share/ydlidar_ros2_driver/package.ps1'
[34.188s] INFO:colcon.colcon_core.shell:Creating package descriptor '/home/xumeng/robot1_ws/install/ydlidar_ros2_driver/share/ydlidar_ros2_driver/package.dsv'
[34.189s] INFO:colcon.colcon_core.shell:Creating package script '/home/xumeng/robot1_ws/install/ydlidar_ros2_driver/share/ydlidar_ros2_driver/package.sh'
[34.191s] INFO:colcon.colcon_core.shell:Creating package script '/home/xumeng/robot1_ws/install/ydlidar_ros2_driver/share/ydlidar_ros2_driver/package.bash'
[34.192s] INFO:colcon.colcon_core.shell:Creating package script '/home/xumeng/robot1_ws/install/ydlidar_ros2_driver/share/ydlidar_ros2_driver/package.zsh'
[34.193s] Level 1:colcon.colcon_core.environment:create_file_with_runtime_dependencies(/home/xumeng/robot1_ws/install/ydlidar_ros2_driver/share/colcon-core/packages/ydlidar_ros2_driver)
[34.197s] Level 1:colcon.colcon_core.environment:create_environment_scripts_only(ydlidar_ros2_driver)
[34.198s] Level 1:colcon.colcon_core.environment:checking '/home/xumeng/robot1_ws/install/ydlidar_ros2_driver' for CMake module files
[34.200s] Level 1:colcon.colcon_core.environment:checking '/home/xumeng/robot1_ws/install/ydlidar_ros2_driver' for CMake config files
[34.202s] Level 1:colcon.colcon_core.shell:create_environment_hook('ydlidar_ros2_driver', 'cmake_prefix_path')
[34.203s] INFO:colcon.colcon_core.shell:Creating environment hook '/home/xumeng/robot1_ws/install/ydlidar_ros2_driver/share/ydlidar_ros2_driver/hook/cmake_prefix_path.ps1'
[34.204s] INFO:colcon.colcon_core.shell:Creating environment descriptor '/home/xumeng/robot1_ws/install/ydlidar_ros2_driver/share/ydlidar_ros2_driver/hook/cmake_prefix_path.dsv'
[34.205s] INFO:colcon.colcon_core.shell:Creating environment hook '/home/xumeng/robot1_ws/install/ydlidar_ros2_driver/share/ydlidar_ros2_driver/hook/cmake_prefix_path.sh'
[34.207s] Level 1:colcon.colcon_core.environment:checking '/home/xumeng/robot1_ws/install/ydlidar_ros2_driver/lib'
[34.208s] Level 1:colcon.colcon_core.environment:checking '/home/xumeng/robot1_ws/install/ydlidar_ros2_driver/bin'
[34.208s] Level 1:colcon.colcon_core.environment:checking '/home/xumeng/robot1_ws/install/ydlidar_ros2_driver/lib/pkgconfig/ydlidar_ros2_driver.pc'
[34.209s] Level 1:colcon.colcon_core.environment:checking '/home/xumeng/robot1_ws/install/ydlidar_ros2_driver/lib/python3.10/site-packages'
[34.210s] Level 1:colcon.colcon_core.environment:checking '/home/xumeng/robot1_ws/install/ydlidar_ros2_driver/bin'
[34.212s] INFO:colcon.colcon_core.shell:Creating package script '/home/xumeng/robot1_ws/install/ydlidar_ros2_driver/share/ydlidar_ros2_driver/package.ps1'
[34.215s] INFO:colcon.colcon_core.shell:Creating package descriptor '/home/xumeng/robot1_ws/install/ydlidar_ros2_driver/share/ydlidar_ros2_driver/package.dsv'
[34.216s] INFO:colcon.colcon_core.shell:Creating package script '/home/xumeng/robot1_ws/install/ydlidar_ros2_driver/share/ydlidar_ros2_driver/package.sh'
[34.217s] INFO:colcon.colcon_core.shell:Creating package script '/home/xumeng/robot1_ws/install/ydlidar_ros2_driver/share/ydlidar_ros2_driver/package.bash'
[34.219s] INFO:colcon.colcon_core.shell:Creating package script '/home/xumeng/robot1_ws/install/ydlidar_ros2_driver/share/ydlidar_ros2_driver/package.zsh'
[34.221s] Level 1:colcon.colcon_core.environment:create_file_with_runtime_dependencies(/home/xumeng/robot1_ws/install/ydlidar_ros2_driver/share/colcon-core/packages/ydlidar_ros2_driver)
[34.221s] DEBUG:colcon.colcon_parallel_executor.executor.parallel:closing loop
[34.222s] DEBUG:colcon.colcon_parallel_executor.executor.parallel:loop closed
[34.222s] DEBUG:colcon.colcon_parallel_executor.executor.parallel:run_until_complete finished with '0'
[34.223s] DEBUG:colcon.colcon_core.event_reactor:joining thread
[34.224s] DEBUG:colcon.colcon_core.event_reactor:joined thread
[34.225s] INFO:colcon.colcon_core.shell:Creating prefix script '/home/xumeng/robot1_ws/install/local_setup.ps1'
[34.229s] INFO:colcon.colcon_core.shell:Creating prefix util module '/home/xumeng/robot1_ws/install/_local_setup_util_ps1.py'
[34.234s] INFO:colcon.colcon_core.shell:Creating prefix chain script '/home/xumeng/robot1_ws/install/setup.ps1'
[34.238s] INFO:colcon.colcon_core.shell:Creating prefix script '/home/xumeng/robot1_ws/install/local_setup.sh'
[34.240s] INFO:colcon.colcon_core.shell:Creating prefix util module '/home/xumeng/robot1_ws/install/_local_setup_util_sh.py'
[34.242s] INFO:colcon.colcon_core.shell:Creating prefix chain script '/home/xumeng/robot1_ws/install/setup.sh'
[34.246s] INFO:colcon.colcon_core.shell:Creating prefix script '/home/xumeng/robot1_ws/install/local_setup.bash'
[34.248s] INFO:colcon.colcon_core.shell:Creating prefix chain script '/home/xumeng/robot1_ws/install/setup.bash'
[34.251s] INFO:colcon.colcon_core.shell:Creating prefix script '/home/xumeng/robot1_ws/install/local_setup.zsh'
[34.253s] INFO:colcon.colcon_core.shell:Creating prefix chain script '/home/xumeng/robot1_ws/install/setup.zsh'
