[4.912s] Invoking command in '/home/sunrise/robot1_ws/src/robot_driver': PYTHONPATH=/home/sunrise/robot1_ws/build/robot_driver/prefix_override:/usr/lib/python3/dist-packages/colcon_core/task/python/colcon_distutils_commands:/home/sunrise/robot1_ws/install/robot_driver/lib/python3.10/site-packages:${PYTHONPATH} /usr/bin/python3 -W ignore:setup.py install is deprecated -W ignore:easy_install command is deprecated setup.py egg_info --egg-base ../../build/robot_driver build --build-base /home/sunrise/robot1_ws/build/robot_driver/build install --record /home/sunrise/robot1_ws/build/robot_driver/install.log --install-scripts $base/lib/robot_driver --single-version-externally-managed install_data
[6.080s] /usr/local/lib/python3.10/dist-packages/setuptools/_distutils/dist.py:289: UserWarning: Unknown distribution option: 'tests_require'
[6.081s]   warnings.warn(msg)
[6.761s] running egg_info
[6.858s] writing ../../build/robot_driver/robot_driver.egg-info/PKG-INFO
[6.860s] writing dependency_links to ../../build/robot_driver/robot_driver.egg-info/dependency_links.txt
[6.862s] writing entry points to ../../build/robot_driver/robot_driver.egg-info/entry_points.txt
[6.864s] writing requirements to ../../build/robot_driver/robot_driver.egg-info/requires.txt
[6.866s] writing top-level names to ../../build/robot_driver/robot_driver.egg-info/top_level.txt
[7.069s] reading manifest file '../../build/robot_driver/robot_driver.egg-info/SOURCES.txt'
[7.079s] writing manifest file '../../build/robot_driver/robot_driver.egg-info/SOURCES.txt'
[7.080s] running build
[7.082s] running build_py
[7.083s] copying robot_driver/__init__.py -> /home/sunrise/robot1_ws/build/robot_driver/build/lib/robot_driver
[7.084s] copying robot_driver/robot_driver_node.py -> /home/sunrise/robot1_ws/build/robot_driver/build/lib/robot_driver
[7.086s] running install
[7.126s] running install_lib
[7.226s] running install_data
[7.228s] copying resource/robot_driver -> /home/sunrise/robot1_ws/install/robot_driver/share/ament_index/resource_index/packages
[7.230s] copying package.xml -> /home/sunrise/robot1_ws/install/robot_driver/share/robot_driver
[7.231s] running install_egg_info
[7.337s] removing '/home/sunrise/robot1_ws/install/robot_driver/lib/python3.10/site-packages/robot_driver-0.0.0-py3.10.egg-info' (and everything under it)
[7.339s] Copying ../../build/robot_driver/robot_driver.egg-info to /home/sunrise/robot1_ws/install/robot_driver/lib/python3.10/site-packages/robot_driver-0.0.0-py3.10.egg-info
[7.344s] running install_scripts
[7.584s] Installing robot_driver_node script to /home/sunrise/robot1_ws/install/robot_driver/lib/robot_driver
[7.587s] writing list of installed files to '/home/sunrise/robot1_ws/build/robot_driver/install.log'
[7.828s] Invoked command in '/home/sunrise/robot1_ws/src/robot_driver' returned '0': PYTHONPATH=/home/sunrise/robot1_ws/build/robot_driver/prefix_override:/usr/lib/python3/dist-packages/colcon_core/task/python/colcon_distutils_commands:/home/sunrise/robot1_ws/install/robot_driver/lib/python3.10/site-packages:${PYTHONPATH} /usr/bin/python3 -W ignore:setup.py install is deprecated -W ignore:easy_install command is deprecated setup.py egg_info --egg-base ../../build/robot_driver build --build-base /home/sunrise/robot1_ws/build/robot_driver/build install --record /home/sunrise/robot1_ws/build/robot_driver/install.log --install-scripts $base/lib/robot_driver --single-version-externally-managed install_data
