[4.526s] Invoking command in '/home/sunrise/robot1_ws/src/robot_driver': PYTHONPATH=/home/sunrise/robot1_ws/build/robot_driver/prefix_override:/usr/lib/python3/dist-packages/colcon_core/task/python/colcon_distutils_commands:/home/sunrise/robot1_ws/install/robot_driver/lib/python3.10/site-packages:${PYTHONPATH} /usr/bin/python3 -W ignore:setup.py install is deprecated -W ignore:easy_install command is deprecated setup.py egg_info --egg-base ../../build/robot_driver build --build-base /home/sunrise/robot1_ws/build/robot_driver/build install --record /home/sunrise/robot1_ws/build/robot_driver/install.log --install-scripts $base/lib/robot_driver --single-version-externally-managed install_data
[5.775s] /usr/local/lib/python3.10/dist-packages/setuptools/_distutils/dist.py:289: UserWarning: Unknown distribution option: 'tests_require'
[5.776s]   warnings.warn(msg)
[6.370s] running egg_info
[6.466s] writing ../../build/robot_driver/robot_driver.egg-info/PKG-INFO
[6.468s] writing dependency_links to ../../build/robot_driver/robot_driver.egg-info/dependency_links.txt
[6.470s] writing entry points to ../../build/robot_driver/robot_driver.egg-info/entry_points.txt
[6.472s] writing requirements to ../../build/robot_driver/robot_driver.egg-info/requires.txt
[6.473s] writing top-level names to ../../build/robot_driver/robot_driver.egg-info/top_level.txt
[6.676s] reading manifest file '../../build/robot_driver/robot_driver.egg-info/SOURCES.txt'
[6.687s] writing manifest file '../../build/robot_driver/robot_driver.egg-info/SOURCES.txt'
[6.689s] running build
[6.691s] running build_py
[6.692s] copying robot_driver/__init__.py -> /home/sunrise/robot1_ws/build/robot_driver/build/lib/robot_driver
[6.692s] copying robot_driver/robot_driver_node.py -> /home/sunrise/robot1_ws/build/robot_driver/build/lib/robot_driver
[6.694s] running install
[6.735s] running install_lib
[6.836s] running install_data
[6.838s] copying resource/robot_driver -> /home/sunrise/robot1_ws/install/robot_driver/share/ament_index/resource_index/packages
[6.840s] copying package.xml -> /home/sunrise/robot1_ws/install/robot_driver/share/robot_driver
[6.842s] copying launch/robot_driver_launch.py -> /home/sunrise/robot1_ws/install/robot_driver/share/robot_driver/launch
[6.843s] running install_egg_info
[6.950s] removing '/home/sunrise/robot1_ws/install/robot_driver/lib/python3.10/site-packages/robot_driver-0.0.0-py3.10.egg-info' (and everything under it)
[6.952s] Copying ../../build/robot_driver/robot_driver.egg-info to /home/sunrise/robot1_ws/install/robot_driver/lib/python3.10/site-packages/robot_driver-0.0.0-py3.10.egg-info
[6.957s] running install_scripts
[7.160s] Installing robot_driver_node script to /home/sunrise/robot1_ws/install/robot_driver/lib/robot_driver
[7.162s] writing list of installed files to '/home/sunrise/robot1_ws/build/robot_driver/install.log'
[7.362s] Invoked command in '/home/sunrise/robot1_ws/src/robot_driver' returned '0': PYTHONPATH=/home/sunrise/robot1_ws/build/robot_driver/prefix_override:/usr/lib/python3/dist-packages/colcon_core/task/python/colcon_distutils_commands:/home/sunrise/robot1_ws/install/robot_driver/lib/python3.10/site-packages:${PYTHONPATH} /usr/bin/python3 -W ignore:setup.py install is deprecated -W ignore:easy_install command is deprecated setup.py egg_info --egg-base ../../build/robot_driver build --build-base /home/sunrise/robot1_ws/build/robot_driver/build install --record /home/sunrise/robot1_ws/build/robot_driver/install.log --install-scripts $base/lib/robot_driver --single-version-externally-managed install_data
