[0.053s] Invoking command in '/root/robot1_ws/build/ydlidar_ros2_driver': CMAKE_PREFIX_PATH=/opt/ros/humble /usr/bin/cmake --build /root/robot1_ws/build/ydlidar_ros2_driver -- -j4 -l4
[0.158s] -- Found ament_cmake: 1.3.12 (/opt/ros/humble/share/ament_cmake/cmake)
[0.978s] -- Override CMake install command with custom implementation using symlinks instead of copying resources
[1.020s] -- Found rclcpp: 16.0.14 (/opt/ros/humble/share/rclcpp/cmake)
[1.180s] -- Found rosidl_generator_c: 3.1.7 (/opt/ros/humble/share/rosidl_generator_c/cmake)
[1.198s] -- Found rosidl_adapter: 3.1.7 (/opt/ros/humble/share/rosidl_adapter/cmake)
[1.237s] -- Found rosidl_generator_cpp: 3.1.7 (/opt/ros/humble/share/rosidl_generator_cpp/cmake)
[1.305s] -- Using all available rosidl_typesupport_c: rosidl_typesupport_fastrtps_c;rosidl_typesupport_introspection_c
[1.391s] -- Using all available rosidl_typesupport_cpp: rosidl_typesupport_fastrtps_cpp;rosidl_typesupport_introspection_cpp
[1.616s] -- Found rmw_implementation_cmake: 6.1.2 (/opt/ros/humble/share/rmw_implementation_cmake/cmake)
[1.625s] -- Found rmw_fastrtps_cpp: 6.2.8 (/opt/ros/humble/share/rmw_fastrtps_cpp/cmake)
[2.117s] -- Using RMW implementation 'rmw_fastrtps_cpp' as default
[2.493s] -- Found sensor_msgs: 4.9.0 (/opt/ros/humble/share/sensor_msgs/cmake)
[2.724s] -- Found visualization_msgs: 4.9.0 (/opt/ros/humble/share/visualization_msgs/cmake)
[2.888s] -- Found std_srvs: 4.9.0 (/opt/ros/humble/share/std_srvs/cmake)
[2.985s] -- Found ament_lint_auto: 0.12.14 (/opt/ros/humble/share/ament_lint_auto/cmake)
[3.479s] -- Added test 'copyright' to check source files copyright and LICENSE
[3.498s] -- Added test 'cppcheck' to perform static code analysis on C / C++ code
[3.501s] -- Configured cppcheck include dirs: /root/robot1_ws/src/ydlidar_ros2_driver/src
[3.501s] -- Configured cppcheck exclude dirs and/or files: 
[3.518s] -- Added test 'cpplint' to check C / C++ code against the Google style
[3.519s] -- Configured cpplint exclude dirs and/or files: 
[3.523s] -- Added test 'flake8' to check Python code syntax and style conventions
[3.529s] -- Added test 'lint_cmake' to check CMake code style
[3.533s] -- Added test 'pep257' to check Python code against some of the docstring style conventions in PEP 257
[3.550s] -- Added test 'uncrustify' to check C / C++ code style
[3.551s] -- Configured uncrustify additional arguments: 
[3.555s] -- Added test 'xmllint' to check XML markup files
[3.561s] -- Configuring done
[3.644s] -- Generating done
[3.683s] -- Build files have been written to: /root/robot1_ws/build/ydlidar_ros2_driver
[3.833s] Consolidate compiler generated dependencies of target ydlidar_ros2_driver_client
[3.835s] Consolidate compiler generated dependencies of target ydlidar_ros2_driver_node
[3.894s] [ 25%] Building CXX object CMakeFiles/ydlidar_ros2_driver_client.dir/src/ydlidar_ros2_driver_client.cpp.o
[3.899s] [ 50%] Building CXX object CMakeFiles/ydlidar_ros2_driver_node.dir/src/ydlidar_ros2_driver_node.cpp.o
[22.600s] /root/robot1_ws/src/ydlidar_ros2_driver/src/ydlidar_ros2_driver_node.cpp: In function ‘int main(int, char**)’:
[22.601s] /root/robot1_ws/src/ydlidar_ros2_driver/src/ydlidar_ros2_driver_node.cpp:131:9: error: ‘class CYdLidar’ has no member named ‘setEnableDebug’
[22.603s]   131 |   laser.setEnableDebug(b_optvalue);
[22.604s]       |         ^~~~~~~~~~~~~~
[22.707s] /root/robot1_ws/src/ydlidar_ros2_driver/src/ydlidar_ros2_driver_node.cpp: In lambda function:
[22.708s] /root/robot1_ws/src/ydlidar_ros2_driver/src/ydlidar_ros2_driver_node.cpp:191:54: warning: unused parameter ‘request_header’ [-Wunused-parameter]
[22.709s]   191 |     [&laser](const std::shared_ptr<rmw_request_id_t> request_header,
[22.710s]       |              ~~~~~~~~~~~~~~~~~~~~~~~~~~~~~~~~~~~~~~~~^~~~~~~~~~~~~~
[22.711s] /root/robot1_ws/src/ydlidar_ros2_driver/src/ydlidar_ros2_driver_node.cpp:192:56: warning: unused parameter ‘req’ [-Wunused-parameter]
[22.712s]   192 |   const std::shared_ptr<std_srvs::srv::Empty::Request> req,
[22.713s]       |   ~~~~~~~~~~~~~~~~~~~~~~~~~~~~~~~~~~~~~~~~~~~~~~~~~~~~~^~~
[22.714s] /root/robot1_ws/src/ydlidar_ros2_driver/src/ydlidar_ros2_driver_node.cpp:193:51: warning: unused parameter ‘response’ [-Wunused-parameter]
[22.715s]   193 |   std::shared_ptr<std_srvs::srv::Empty::Response> response) -> bool
[22.716s]       |   ~~~~~~~~~~~~~~~~~~~~~~~~~~~~~~~~~~~~~~~~~~~~~~~~^~~~~~~~
[22.838s] /root/robot1_ws/src/ydlidar_ros2_driver/src/ydlidar_ros2_driver_node.cpp: In lambda function:
[22.839s] /root/robot1_ws/src/ydlidar_ros2_driver/src/ydlidar_ros2_driver_node.cpp:201:54: warning: unused parameter ‘request_header’ [-Wunused-parameter]
[22.840s]   201 |     [&laser](const std::shared_ptr<rmw_request_id_t> request_header,
[22.841s]       |              ~~~~~~~~~~~~~~~~~~~~~~~~~~~~~~~~~~~~~~~~^~~~~~~~~~~~~~
[22.842s] /root/robot1_ws/src/ydlidar_ros2_driver/src/ydlidar_ros2_driver_node.cpp:202:56: warning: unused parameter ‘req’ [-Wunused-parameter]
[22.843s]   202 |   const std::shared_ptr<std_srvs::srv::Empty::Request> req,
[22.844s]       |   ~~~~~~~~~~~~~~~~~~~~~~~~~~~~~~~~~~~~~~~~~~~~~~~~~~~~~^~~
[22.845s] /root/robot1_ws/src/ydlidar_ros2_driver/src/ydlidar_ros2_driver_node.cpp:203:51: warning: unused parameter ‘response’ [-Wunused-parameter]
[22.846s]   203 |   std::shared_ptr<std_srvs::srv::Empty::Response> response) -> bool
[22.847s]       |   ~~~~~~~~~~~~~~~~~~~~~~~~~~~~~~~~~~~~~~~~~~~~~~~~^~~~~~~~
[30.694s] gmake[2]: *** [CMakeFiles/ydlidar_ros2_driver_node.dir/build.make:76: CMakeFiles/ydlidar_ros2_driver_node.dir/src/ydlidar_ros2_driver_node.cpp.o] Error 1
[30.696s] gmake[1]: *** [CMakeFiles/Makefile2:139: CMakeFiles/ydlidar_ros2_driver_node.dir/all] Error 2
[30.697s] gmake[1]: *** Waiting for unfinished jobs....
[66.103s] [ 75%] Linking CXX executable ydlidar_ros2_driver_client
[70.232s] [ 75%] Built target ydlidar_ros2_driver_client
[70.236s] gmake: *** [Makefile:146: all] Error 2
[70.245s] Invoked command in '/root/robot1_ws/build/ydlidar_ros2_driver' returned '2': CMAKE_PREFIX_PATH=/opt/ros/humble /usr/bin/cmake --build /root/robot1_ws/build/ydlidar_ros2_driver -- -j4 -l4
