running develop
running egg_info
creating robot_driver.egg-info
writing robot_driver.egg-info/PKG-INFO
writing dependency_links to robot_driver.egg-info/dependency_links.txt
writing entry points to robot_driver.egg-info/entry_points.txt
writing requirements to robot_driver.egg-info/requires.txt
writing top-level names to robot_driver.egg-info/top_level.txt
writing manifest file 'robot_driver.egg-info/SOURCES.txt'
reading manifest file 'robot_driver.egg-info/SOURCES.txt'
writing manifest file 'robot_driver.egg-info/SOURCES.txt'
running build_ext
Creating /home/xumeng/robot1_ws/install/robot_driver/lib/python3.10/site-packages/robot-driver.egg-link (link to .)
Installing robot_driver_node script to /home/xumeng/robot1_ws/install/robot_driver/lib/robot_driver

Installed /home/xumeng/robot1_ws/build/robot_driver
running symlink_data
creating /home/xumeng/robot1_ws/install/robot_driver/share/ament_index
creating /home/xumeng/robot1_ws/install/robot_driver/share/ament_index/resource_index
creating /home/xumeng/robot1_ws/install/robot_driver/share/ament_index/resource_index/packages
symbolically linking /home/xumeng/robot1_ws/build/robot_driver/resource/robot_driver -> /home/xumeng/robot1_ws/install/robot_driver/share/ament_index/resource_index/packages
symbolically linking /home/xumeng/robot1_ws/build/robot_driver/package.xml -> /home/xumeng/robot1_ws/install/robot_driver/share/robot_driver
creating /home/xumeng/robot1_ws/install/robot_driver/share/robot_driver/launch
symbolically linking /home/xumeng/robot1_ws/build/robot_driver/launch/robot_driver_launch.py -> /home/xumeng/robot1_ws/install/robot_driver/share/robot_driver/launch
