[1.102s] DEBUG:colcon:Command line arguments: ['/usr/bin/colcon', 'build', '--packages-select', 'robot_driver']
[1.103s] DEBUG:colcon:Parsed command line arguments: Namespace(log_base=None, log_level=None, verb_name='build', build_base='build', install_base='install', merge_install=False, symlink_install=False, test_result_base=None, continue_on_error=False, executor='parallel', parallel_workers=4, event_handlers=None, ignore_user_meta=False, metas=['./colcon.meta'], base_paths=['.'], packages_ignore=None, packages_ignore_regex=None, paths=None, packages_up_to=None, packages_up_to_regex=None, packages_above=None, packages_above_and_dependencies=None, packages_above_depth=None, packages_select_by_dep=None, packages_skip_by_dep=None, packages_skip_up_to=None, packages_select_build_failed=False, packages_skip_build_finished=False, packages_select_test_failures=False, packages_skip_test_passed=False, packages_select=['robot_driver'], packages_skip=None, packages_select_regex=None, packages_skip_regex=None, packages_start=None, packages_end=None, allow_overriding=[], cmake_args=None, cmake_target=None, cmake_target_skip_unavailable=False, cmake_clean_cache=False, cmake_clean_first=False, cmake_force_configure=False, ament_cmake_args=None, catkin_cmake_args=None, catkin_skip_building_tests=False, verb_parser=<colcon_defaults.argument_parser.defaults.DefaultArgumentsDecorator object at 0x7fa286af20>, verb_extension=<colcon_core.verb.build.BuildVerb object at 0x7fa29c4cd0>, main=<bound method BuildVerb.main of <colcon_core.verb.build.BuildVerb object at 0x7fa29c4cd0>>)
[1.470s] Level 1:colcon.colcon_core.package_discovery:discover_packages(colcon_meta) check parameters
[1.471s] Level 1:colcon.colcon_core.package_discovery:discover_packages(recursive) check parameters
[1.471s] Level 1:colcon.colcon_core.package_discovery:discover_packages(ignore) check parameters
[1.472s] Level 1:colcon.colcon_core.package_discovery:discover_packages(path) check parameters
[1.472s] Level 1:colcon.colcon_core.package_discovery:discover_packages(colcon_meta) discover
[1.473s] Level 1:colcon.colcon_core.package_discovery:discover_packages(recursive) discover
[1.473s] INFO:colcon.colcon_core.package_discovery:Crawling recursively for packages in '/home/sunrise/robot1_ws'
[1.474s] Level 1:colcon.colcon_core.package_identification:_identify(.) by extensions ['ignore', 'ignore_ament_install']
[1.475s] Level 1:colcon.colcon_core.package_identification:_identify(.) by extension 'ignore'
[1.476s] Level 1:colcon.colcon_core.package_identification:_identify(.) by extension 'ignore_ament_install'
[1.476s] Level 1:colcon.colcon_core.package_identification:_identify(.) by extensions ['colcon_pkg']
[1.477s] Level 1:colcon.colcon_core.package_identification:_identify(.) by extension 'colcon_pkg'
[1.478s] Level 1:colcon.colcon_core.package_identification:_identify(.) by extensions ['colcon_meta']
[1.478s] Level 1:colcon.colcon_core.package_identification:_identify(.) by extension 'colcon_meta'
[1.479s] Level 1:colcon.colcon_core.package_identification:_identify(.) by extensions ['ros']
[1.479s] Level 1:colcon.colcon_core.package_identification:_identify(.) by extension 'ros'
[1.600s] Level 1:colcon.colcon_core.package_identification:_identify(.) by extensions ['cmake', 'python']
[1.601s] Level 1:colcon.colcon_core.package_identification:_identify(.) by extension 'cmake'
[1.601s] Level 1:colcon.colcon_core.package_identification:_identify(.) by extension 'python'
[1.601s] Level 1:colcon.colcon_core.package_identification:_identify(.) by extensions ['python_setup_py']
[1.601s] Level 1:colcon.colcon_core.package_identification:_identify(.) by extension 'python_setup_py'
[1.602s] Level 1:colcon.colcon_core.package_identification:_identify(build) by extensions ['ignore', 'ignore_ament_install']
[1.603s] Level 1:colcon.colcon_core.package_identification:_identify(build) by extension 'ignore'
[1.603s] Level 1:colcon.colcon_core.package_identification:_identify(build) ignored
[1.604s] Level 1:colcon.colcon_core.package_identification:_identify(install) by extensions ['ignore', 'ignore_ament_install']
[1.605s] Level 1:colcon.colcon_core.package_identification:_identify(install) by extension 'ignore'
[1.605s] Level 1:colcon.colcon_core.package_identification:_identify(install) ignored
[1.606s] Level 1:colcon.colcon_core.package_identification:_identify(log) by extensions ['ignore', 'ignore_ament_install']
[1.606s] Level 1:colcon.colcon_core.package_identification:_identify(log) by extension 'ignore'
[1.607s] Level 1:colcon.colcon_core.package_identification:_identify(log) ignored
[1.607s] Level 1:colcon.colcon_core.package_identification:_identify(src) by extensions ['ignore', 'ignore_ament_install']
[1.608s] Level 1:colcon.colcon_core.package_identification:_identify(src) by extension 'ignore'
[1.608s] Level 1:colcon.colcon_core.package_identification:_identify(src) by extension 'ignore_ament_install'
[1.609s] Level 1:colcon.colcon_core.package_identification:_identify(src) by extensions ['colcon_pkg']
[1.609s] Level 1:colcon.colcon_core.package_identification:_identify(src) by extension 'colcon_pkg'
[1.609s] Level 1:colcon.colcon_core.package_identification:_identify(src) by extensions ['colcon_meta']
[1.609s] Level 1:colcon.colcon_core.package_identification:_identify(src) by extension 'colcon_meta'
[1.610s] Level 1:colcon.colcon_core.package_identification:_identify(src) by extensions ['ros']
[1.610s] Level 1:colcon.colcon_core.package_identification:_identify(src) by extension 'ros'
[1.611s] Level 1:colcon.colcon_core.package_identification:_identify(src) by extensions ['cmake', 'python']
[1.611s] Level 1:colcon.colcon_core.package_identification:_identify(src) by extension 'cmake'
[1.611s] Level 1:colcon.colcon_core.package_identification:_identify(src) by extension 'python'
[1.611s] Level 1:colcon.colcon_core.package_identification:_identify(src) by extensions ['python_setup_py']
[1.612s] Level 1:colcon.colcon_core.package_identification:_identify(src) by extension 'python_setup_py'
[1.612s] Level 1:colcon.colcon_core.package_identification:_identify(src/robot_driver) by extensions ['ignore', 'ignore_ament_install']
[1.613s] Level 1:colcon.colcon_core.package_identification:_identify(src/robot_driver) by extension 'ignore'
[1.613s] Level 1:colcon.colcon_core.package_identification:_identify(src/robot_driver) by extension 'ignore_ament_install'
[1.614s] Level 1:colcon.colcon_core.package_identification:_identify(src/robot_driver) by extensions ['colcon_pkg']
[1.614s] Level 1:colcon.colcon_core.package_identification:_identify(src/robot_driver) by extension 'colcon_pkg'
[1.614s] Level 1:colcon.colcon_core.package_identification:_identify(src/robot_driver) by extensions ['colcon_meta']
[1.614s] Level 1:colcon.colcon_core.package_identification:_identify(src/robot_driver) by extension 'colcon_meta'
[1.615s] Level 1:colcon.colcon_core.package_identification:_identify(src/robot_driver) by extensions ['ros']
[1.615s] Level 1:colcon.colcon_core.package_identification:_identify(src/robot_driver) by extension 'ros'
[1.622s] DEBUG:colcon.colcon_core.package_identification:Failed to parse potential ROS package manifest in'src/robot_driver': Error(s) in package 'src/robot_driver/package.xml':
The manifest contains invalid XML:
junk after document element: line 18, column 68
[1.622s] Level 1:colcon.colcon_core.package_identification:_identify(src/robot_driver) by extensions ['cmake', 'python']
[1.623s] Level 1:colcon.colcon_core.package_identification:_identify(src/robot_driver) by extension 'cmake'
[1.623s] Level 1:colcon.colcon_core.package_identification:_identify(src/robot_driver) by extension 'python'
[1.624s] DEBUG:colcon.colcon_core.package_identification:Python package in 'src/robot_driver' passes arguments to the setup() function which requires a different identification extension than 'python'
[1.624s] Level 1:colcon.colcon_core.package_identification:_identify(src/robot_driver) by extensions ['python_setup_py']
[1.624s] Level 1:colcon.colcon_core.package_identification:_identify(src/robot_driver) by extension 'python_setup_py'
[3.056s] DEBUG:colcon.colcon_core.package_identification:Package 'src/robot_driver' with type 'python' and name 'robot_driver'
[3.057s] Level 1:colcon.colcon_core.package_identification:_identify(src/ydlidar_ros2_driver) by extensions ['ignore', 'ignore_ament_install']
[3.058s] Level 1:colcon.colcon_core.package_identification:_identify(src/ydlidar_ros2_driver) by extension 'ignore'
[3.058s] Level 1:colcon.colcon_core.package_identification:_identify(src/ydlidar_ros2_driver) by extension 'ignore_ament_install'
[3.059s] Level 1:colcon.colcon_core.package_identification:_identify(src/ydlidar_ros2_driver) by extensions ['colcon_pkg']
[3.059s] Level 1:colcon.colcon_core.package_identification:_identify(src/ydlidar_ros2_driver) by extension 'colcon_pkg'
[3.059s] Level 1:colcon.colcon_core.package_identification:_identify(src/ydlidar_ros2_driver) by extensions ['colcon_meta']
[3.060s] Level 1:colcon.colcon_core.package_identification:_identify(src/ydlidar_ros2_driver) by extension 'colcon_meta'
[3.060s] Level 1:colcon.colcon_core.package_identification:_identify(src/ydlidar_ros2_driver) by extensions ['ros']
[3.060s] Level 1:colcon.colcon_core.package_identification:_identify(src/ydlidar_ros2_driver) by extension 'ros'
[3.074s] DEBUG:colcon.colcon_core.package_identification:Package 'src/ydlidar_ros2_driver' with type 'ros.ament_cmake' and name 'ydlidar_ros2_driver'
[3.074s] Level 1:colcon.colcon_core.package_discovery:discover_packages(recursive) using defaults
[3.074s] Level 1:colcon.colcon_core.package_discovery:discover_packages(ignore) discover
[3.075s] Level 1:colcon.colcon_core.package_discovery:discover_packages(ignore) using defaults
[3.075s] Level 1:colcon.colcon_core.package_discovery:discover_packages(path) discover
[3.075s] Level 1:colcon.colcon_core.package_discovery:discover_packages(path) using defaults
[3.224s] INFO:colcon.colcon_core.package_selection:Skipping not selected package 'ydlidar_ros2_driver' in 'src/ydlidar_ros2_driver'
[3.227s] Level 1:colcon.colcon_core.package_discovery:discover_packages(prefix_path) check parameters
[3.228s] Level 1:colcon.colcon_core.package_discovery:discover_packages(prefix_path) discover
[3.240s] DEBUG:colcon.colcon_installed_package_information.package_discovery:Found 1 installed packages in /home/sunrise/robot1_ws/install
[3.247s] DEBUG:colcon.colcon_installed_package_information.package_discovery:Found 195 installed packages in /opt/ros/humble
[3.257s] Level 1:colcon.colcon_core.package_discovery:discover_packages(prefix_path) using defaults
[3.516s] Level 5:colcon.colcon_core.verb:set package 'robot_driver' build argument 'cmake_args' from command line to 'None'
[3.516s] Level 5:colcon.colcon_core.verb:set package 'robot_driver' build argument 'cmake_target' from command line to 'None'
[3.516s] Level 5:colcon.colcon_core.verb:set package 'robot_driver' build argument 'cmake_target_skip_unavailable' from command line to 'False'
[3.517s] Level 5:colcon.colcon_core.verb:set package 'robot_driver' build argument 'cmake_clean_cache' from command line to 'False'
[3.517s] Level 5:colcon.colcon_core.verb:set package 'robot_driver' build argument 'cmake_clean_first' from command line to 'False'
[3.517s] Level 5:colcon.colcon_core.verb:set package 'robot_driver' build argument 'cmake_force_configure' from command line to 'False'
[3.517s] Level 5:colcon.colcon_core.verb:set package 'robot_driver' build argument 'ament_cmake_args' from command line to 'None'
[3.518s] Level 5:colcon.colcon_core.verb:set package 'robot_driver' build argument 'catkin_cmake_args' from command line to 'None'
[3.518s] Level 5:colcon.colcon_core.verb:set package 'robot_driver' build argument 'catkin_skip_building_tests' from command line to 'False'
[3.518s] DEBUG:colcon.colcon_core.verb:Building package 'robot_driver' with the following arguments: {'ament_cmake_args': None, 'build_base': '/home/sunrise/robot1_ws/build/robot_driver', 'catkin_cmake_args': None, 'catkin_skip_building_tests': False, 'cmake_args': None, 'cmake_clean_cache': False, 'cmake_clean_first': False, 'cmake_force_configure': False, 'cmake_target': None, 'cmake_target_skip_unavailable': False, 'install_base': '/home/sunrise/robot1_ws/install/robot_driver', 'merge_install': False, 'path': '/home/sunrise/robot1_ws/src/robot_driver', 'symlink_install': False, 'test_result_base': None}
[3.520s] INFO:colcon.colcon_core.executor:Executing jobs using 'parallel' executor
[3.526s] DEBUG:colcon.colcon_parallel_executor.executor.parallel:run_until_complete
[3.528s] INFO:colcon.colcon_core.task.python.build:Building Python package in '/home/sunrise/robot1_ws/src/robot_driver'
[3.543s] INFO:colcon.colcon_core.plugin_system:Skipping extension 'colcon_core.shell.bat': Not used on non-Windows systems
[3.545s] INFO:colcon.colcon_core.shell:Skip shell extension 'powershell' for command environment: Not usable outside of PowerShell
[3.546s] DEBUG:colcon.colcon_core.shell:Skip shell extension 'dsv' for command environment
[7.963s] DEBUG:colcon.colcon_core.task.python.build:Available setuptools commands: isort, build_scripts, easy_install, bdist, alias, check, bdist_dumb, install_headers, setopt, install_data, install_lib, editable_wheel, develop, install_scripts, build_ext, clean, symlink_data, dist_info, install, rotate, build, bdist_wheel, build_py, egg_info, build_clib, bdist_rpm, sdist, saveopts, install_egg_info, bdist_egg
[7.974s] DEBUG:colcon.colcon_core.event_handler.log_command:Invoking command in '/home/sunrise/robot1_ws/src/robot_driver': PYTHONPATH=/home/sunrise/robot1_ws/build/robot_driver/prefix_override:/usr/lib/python3/dist-packages/colcon_core/task/python/colcon_distutils_commands:/home/sunrise/robot1_ws/install/robot_driver/lib/python3.10/site-packages:${PYTHONPATH} /usr/bin/python3 -W ignore:setup.py install is deprecated -W ignore:easy_install command is deprecated setup.py egg_info --egg-base ../../build/robot_driver build --build-base /home/sunrise/robot1_ws/build/robot_driver/build install --record /home/sunrise/robot1_ws/build/robot_driver/install.log --install-scripts $base/lib/robot_driver --single-version-externally-managed install_data
[10.874s] DEBUG:colcon.colcon_core.event_handler.log_command:Invoked command in '/home/sunrise/robot1_ws/src/robot_driver' returned '0': PYTHONPATH=/home/sunrise/robot1_ws/build/robot_driver/prefix_override:/usr/lib/python3/dist-packages/colcon_core/task/python/colcon_distutils_commands:/home/sunrise/robot1_ws/install/robot_driver/lib/python3.10/site-packages:${PYTHONPATH} /usr/bin/python3 -W ignore:setup.py install is deprecated -W ignore:easy_install command is deprecated setup.py egg_info --egg-base ../../build/robot_driver build --build-base /home/sunrise/robot1_ws/build/robot_driver/build install --record /home/sunrise/robot1_ws/build/robot_driver/install.log --install-scripts $base/lib/robot_driver --single-version-externally-managed install_data
[10.892s] Level 1:colcon.colcon_core.environment:checking '/home/sunrise/robot1_ws/install/robot_driver' for CMake module files
[10.895s] Level 1:colcon.colcon_core.environment:checking '/home/sunrise/robot1_ws/install/robot_driver' for CMake config files
[10.899s] Level 1:colcon.colcon_core.environment:checking '/home/sunrise/robot1_ws/install/robot_driver/lib'
[10.901s] Level 1:colcon.colcon_core.environment:checking '/home/sunrise/robot1_ws/install/robot_driver/bin'
[10.902s] Level 1:colcon.colcon_core.environment:checking '/home/sunrise/robot1_ws/install/robot_driver/lib/pkgconfig/robot_driver.pc'
[10.904s] Level 1:colcon.colcon_core.environment:checking '/home/sunrise/robot1_ws/install/robot_driver/lib/python3.10/site-packages'
[10.905s] Level 1:colcon.colcon_core.shell:create_environment_hook('robot_driver', 'pythonpath')
[10.907s] INFO:colcon.colcon_core.shell:Creating environment hook '/home/sunrise/robot1_ws/install/robot_driver/share/robot_driver/hook/pythonpath.ps1'
[10.912s] INFO:colcon.colcon_core.shell:Creating environment descriptor '/home/sunrise/robot1_ws/install/robot_driver/share/robot_driver/hook/pythonpath.dsv'
[10.922s] INFO:colcon.colcon_core.shell:Creating environment hook '/home/sunrise/robot1_ws/install/robot_driver/share/robot_driver/hook/pythonpath.sh'
[10.931s] Level 1:colcon.colcon_core.environment:checking '/home/sunrise/robot1_ws/install/robot_driver/bin'
[10.932s] Level 1:colcon.colcon_core.environment:create_environment_scripts_only(robot_driver)
[10.935s] INFO:colcon.colcon_core.shell:Creating package script '/home/sunrise/robot1_ws/install/robot_driver/share/robot_driver/package.ps1'
[10.946s] INFO:colcon.colcon_core.shell:Creating package descriptor '/home/sunrise/robot1_ws/install/robot_driver/share/robot_driver/package.dsv'
[10.952s] INFO:colcon.colcon_core.shell:Creating package script '/home/sunrise/robot1_ws/install/robot_driver/share/robot_driver/package.sh'
[10.959s] INFO:colcon.colcon_core.shell:Creating package script '/home/sunrise/robot1_ws/install/robot_driver/share/robot_driver/package.bash'
[10.971s] INFO:colcon.colcon_core.shell:Creating package script '/home/sunrise/robot1_ws/install/robot_driver/share/robot_driver/package.zsh'
[10.978s] Level 1:colcon.colcon_core.environment:create_file_with_runtime_dependencies(/home/sunrise/robot1_ws/install/robot_driver/share/colcon-core/packages/robot_driver)
[10.981s] DEBUG:colcon.colcon_parallel_executor.executor.parallel:closing loop
[10.982s] DEBUG:colcon.colcon_parallel_executor.executor.parallel:loop closed
[10.983s] DEBUG:colcon.colcon_parallel_executor.executor.parallel:run_until_complete finished with '0'
[10.983s] DEBUG:colcon.colcon_core.event_reactor:joining thread
[10.987s] DEBUG:colcon.colcon_core.event_reactor:joined thread
[10.990s] INFO:colcon.colcon_core.shell:Creating prefix script '/home/sunrise/robot1_ws/install/local_setup.ps1'
[11.000s] INFO:colcon.colcon_core.shell:Creating prefix util module '/home/sunrise/robot1_ws/install/_local_setup_util_ps1.py'
[11.016s] INFO:colcon.colcon_core.shell:Creating prefix chain script '/home/sunrise/robot1_ws/install/setup.ps1'
[11.026s] INFO:colcon.colcon_core.shell:Creating prefix script '/home/sunrise/robot1_ws/install/local_setup.sh'
[11.034s] INFO:colcon.colcon_core.shell:Creating prefix util module '/home/sunrise/robot1_ws/install/_local_setup_util_sh.py'
[11.039s] INFO:colcon.colcon_core.shell:Creating prefix chain script '/home/sunrise/robot1_ws/install/setup.sh'
[11.048s] INFO:colcon.colcon_core.shell:Creating prefix script '/home/sunrise/robot1_ws/install/local_setup.bash'
[11.053s] INFO:colcon.colcon_core.shell:Creating prefix chain script '/home/sunrise/robot1_ws/install/setup.bash'
[11.061s] INFO:colcon.colcon_core.shell:Creating prefix script '/home/sunrise/robot1_ws/install/local_setup.zsh'
[11.066s] INFO:colcon.colcon_core.shell:Creating prefix chain script '/home/sunrise/robot1_ws/install/setup.zsh'
