/home/sunrise/robot1_ws/src/ydlidar_ros2_driver/src/ydlidar_ros2_driver_node.cpp: In lambda function:
/home/sunrise/robot1_ws/src/ydlidar_ros2_driver/src/ydlidar_ros2_driver_node.cpp:192:54: warning: unused parameter ‘request_header’ [-Wunused-parameter]
  192 |     [&laser](const std::shared_ptr<rmw_request_id_t> request_header,
      |              ~~~~~~~~~~~~~~~~~~~~~~~~~~~~~~~~~~~~~~~~^~~~~~~~~~~~~~
/home/sunrise/robot1_ws/src/ydlidar_ros2_driver/src/ydlidar_ros2_driver_node.cpp:193:56: warning: unused parameter ‘req’ [-Wunused-parameter]
  193 |   const std::shared_ptr<std_srvs::srv::Empty::Request> req,
      |   ~~~~~~~~~~~~~~~~~~~~~~~~~~~~~~~~~~~~~~~~~~~~~~~~~~~~~^~~
/home/sunrise/robot1_ws/src/ydlidar_ros2_driver/src/ydlidar_ros2_driver_node.cpp:194:51: warning: unused parameter ‘response’ [-Wunused-parameter]
  194 |   std::shared_ptr<std_srvs::srv::Empty::Response> response) -> bool
      |   ~~~~~~~~~~~~~~~~~~~~~~~~~~~~~~~~~~~~~~~~~~~~~~~~^~~~~~~~
/home/sunrise/robot1_ws/src/ydlidar_ros2_driver/src/ydlidar_ros2_driver_node.cpp: In lambda function:
/home/sunrise/robot1_ws/src/ydlidar_ros2_driver/src/ydlidar_ros2_driver_node.cpp:202:54: warning: unused parameter ‘request_header’ [-Wunused-parameter]
  202 |     [&laser](const std::shared_ptr<rmw_request_id_t> request_header,
      |              ~~~~~~~~~~~~~~~~~~~~~~~~~~~~~~~~~~~~~~~~^~~~~~~~~~~~~~
/home/sunrise/robot1_ws/src/ydlidar_ros2_driver/src/ydlidar_ros2_driver_node.cpp:203:56: warning: unused parameter ‘req’ [-Wunused-parameter]
  203 |   const std::shared_ptr<std_srvs::srv::Empty::Request> req,
      |   ~~~~~~~~~~~~~~~~~~~~~~~~~~~~~~~~~~~~~~~~~~~~~~~~~~~~~^~~
/home/sunrise/robot1_ws/src/ydlidar_ros2_driver/src/ydlidar_ros2_driver_node.cpp:204:51: warning: unused parameter ‘response’ [-Wunused-parameter]
  204 |   std::shared_ptr<std_srvs::srv::Empty::Response> response) -> bool
      |   ~~~~~~~~~~~~~~~~~~~~~~~~~~~~~~~~~~~~~~~~~~~~~~~~^~~~~~~~
