[3.639s] Invoking command in '/home/xumeng/robot1_ws/build/robot1_soldier': AMENT_PREFIX_PATH=/home/xumeng/robot1_ws/install/gimbal_control_cpp:${AMENT_PREFIX_PATH} CMAKE_PREFIX_PATH=/home/xumeng/robot1_ws/install/gimbal_control_cpp PYTHONPATH=/home/xumeng/robot1_ws/build/robot1_soldier/prefix_override:/usr/lib/python3/dist-packages/colcon_core/task/python/colcon_distutils_commands:/home/xumeng/robot1_ws/install/robot1_soldier/lib/python3.10/site-packages:${PYTHONPATH} /usr/bin/python3 -W ignore:setup.py install is deprecated -W ignore:easy_install command is deprecated setup.py develop --editable --build-directory /home/xumeng/robot1_ws/build/robot1_soldier/build --no-deps symlink_data
[4.808s] running develop
[5.526s] running egg_info
[5.527s] creating robot1_soldier.egg-info
[5.528s] writing robot1_soldier.egg-info/PKG-INFO
[5.530s] writing dependency_links to robot1_soldier.egg-info/dependency_links.txt
[5.530s] writing entry points to robot1_soldier.egg-info/entry_points.txt
[5.531s] writing requirements to robot1_soldier.egg-info/requires.txt
[5.531s] writing top-level names to robot1_soldier.egg-info/top_level.txt
[5.532s] writing manifest file 'robot1_soldier.egg-info/SOURCES.txt'
[5.539s] reading manifest file 'robot1_soldier.egg-info/SOURCES.txt'
[5.541s] writing manifest file 'robot1_soldier.egg-info/SOURCES.txt'
[5.546s] running build_ext
[5.546s] Creating /home/xumeng/robot1_ws/install/robot1_soldier/lib/python3.10/site-packages/robot1-soldier.egg-link (link to .)
[5.549s] Installing nav_goal_gateway script to /home/xumeng/robot1_ws/install/robot1_soldier/lib/robot1_soldier
[5.550s] Installing position_publisher script to /home/xumeng/robot1_ws/install/robot1_soldier/lib/robot1_soldier
[5.550s] 
[5.550s] Installed /home/xumeng/robot1_ws/build/robot1_soldier
[5.551s] running symlink_data
[5.551s] creating /home/xumeng/robot1_ws/install/robot1_soldier/share/ament_index
[5.551s] creating /home/xumeng/robot1_ws/install/robot1_soldier/share/ament_index/resource_index
[5.552s] creating /home/xumeng/robot1_ws/install/robot1_soldier/share/ament_index/resource_index/packages
[5.552s] symbolically linking /home/xumeng/robot1_ws/build/robot1_soldier/resource/robot1_soldier -> /home/xumeng/robot1_ws/install/robot1_soldier/share/ament_index/resource_index/packages
[5.552s] symbolically linking /home/xumeng/robot1_ws/build/robot1_soldier/package.xml -> /home/xumeng/robot1_ws/install/robot1_soldier/share/robot1_soldier
[5.552s] creating /home/xumeng/robot1_ws/install/robot1_soldier/share/robot1_soldier/launch
[5.553s] symbolically linking /home/xumeng/robot1_ws/build/robot1_soldier/launch/soldier.launch.py -> /home/xumeng/robot1_ws/install/robot1_soldier/share/robot1_soldier/launch
[5.553s] symbolically linking /home/xumeng/robot1_ws/build/robot1_soldier/launch/soldier_with_nav2.launch.py -> /home/xumeng/robot1_ws/install/robot1_soldier/share/robot1_soldier/launch
[5.553s] creating /home/xumeng/robot1_ws/install/robot1_soldier/share/robot1_soldier/config
[5.554s] symbolically linking /home/xumeng/robot1_ws/build/robot1_soldier/config/soldier_params.yaml -> /home/xumeng/robot1_ws/install/robot1_soldier/share/robot1_soldier/config
[5.554s] symbolically linking /home/xumeng/robot1_ws/build/robot1_soldier/config/soldier_ekf.yaml -> /home/xumeng/robot1_ws/install/robot1_soldier/share/robot1_soldier/config
[5.678s] Invoked command in '/home/xumeng/robot1_ws/build/robot1_soldier' returned '0': AMENT_PREFIX_PATH=/home/xumeng/robot1_ws/install/gimbal_control_cpp:${AMENT_PREFIX_PATH} CMAKE_PREFIX_PATH=/home/xumeng/robot1_ws/install/gimbal_control_cpp PYTHONPATH=/home/xumeng/robot1_ws/build/robot1_soldier/prefix_override:/usr/lib/python3/dist-packages/colcon_core/task/python/colcon_distutils_commands:/home/xumeng/robot1_ws/install/robot1_soldier/lib/python3.10/site-packages:${PYTHONPATH} /usr/bin/python3 -W ignore:setup.py install is deprecated -W ignore:easy_install command is deprecated setup.py develop --editable --build-directory /home/xumeng/robot1_ws/build/robot1_soldier/build --no-deps symlink_data
