[0.064s] Invoking command in '/home/xumeng/robot1_ws/build/gimbal_control_cpp': CMAKE_PREFIX_PATH=/opt/ros/humble /usr/bin/cmake --build /home/xumeng/robot1_ws/build/gimbal_control_cpp -- -j4 -l4
[1.029s] [100%] Built target gimbal_controller
[1.030s] Invoked command in '/home/xumeng/robot1_ws/build/gimbal_control_cpp' returned '0': CMAKE_PREFIX_PATH=/opt/ros/humble /usr/bin/cmake --build /home/xumeng/robot1_ws/build/gimbal_control_cpp -- -j4 -l4
[1.060s] Invoking command in '/home/xumeng/robot1_ws/build/gimbal_control_cpp': CMAKE_PREFIX_PATH=/opt/ros/humble /usr/bin/cmake --install /home/xumeng/robot1_ws/build/gimbal_control_cpp
[1.092s] -- Install configuration: ""
[1.108s] -- Execute custom install script
[1.111s] -- Up-to-date symlink: /home/xumeng/robot1_ws/install/gimbal_control_cpp/lib/gimbal_control_cpp/gimbal_controller
[1.113s] -- Up-to-date symlink: /home/xumeng/robot1_ws/install/gimbal_control_cpp/share/gimbal_control_cpp/launch/gimbal.launch.py
[1.115s] -- Up-to-date symlink: /home/xumeng/robot1_ws/install/gimbal_control_cpp/share/ament_index/resource_index/package_run_dependencies/gimbal_control_cpp
[1.122s] -- Up-to-date symlink: /home/xumeng/robot1_ws/install/gimbal_control_cpp/share/ament_index/resource_index/parent_prefix_path/gimbal_control_cpp
[1.122s] -- Up-to-date symlink: /home/xumeng/robot1_ws/install/gimbal_control_cpp/share/gimbal_control_cpp/environment/ament_prefix_path.sh
[1.122s] -- Up-to-date symlink: /home/xumeng/robot1_ws/install/gimbal_control_cpp/share/gimbal_control_cpp/environment/ament_prefix_path.dsv
[1.122s] -- Up-to-date symlink: /home/xumeng/robot1_ws/install/gimbal_control_cpp/share/gimbal_control_cpp/environment/path.sh
[1.123s] -- Up-to-date symlink: /home/xumeng/robot1_ws/install/gimbal_control_cpp/share/gimbal_control_cpp/environment/path.dsv
[1.123s] -- Up-to-date symlink: /home/xumeng/robot1_ws/install/gimbal_control_cpp/share/gimbal_control_cpp/local_setup.bash
[1.123s] -- Up-to-date symlink: /home/xumeng/robot1_ws/install/gimbal_control_cpp/share/gimbal_control_cpp/local_setup.sh
[1.123s] -- Up-to-date symlink: /home/xumeng/robot1_ws/install/gimbal_control_cpp/share/gimbal_control_cpp/local_setup.zsh
[1.123s] -- Up-to-date symlink: /home/xumeng/robot1_ws/install/gimbal_control_cpp/share/gimbal_control_cpp/local_setup.dsv
[1.123s] -- Symlinking: /home/xumeng/robot1_ws/install/gimbal_control_cpp/share/gimbal_control_cpp/package.dsv
[1.195s] -- Up-to-date symlink: /home/xumeng/robot1_ws/install/gimbal_control_cpp/share/ament_index/resource_index/packages/gimbal_control_cpp
[1.196s] -- Up-to-date symlink: /home/xumeng/robot1_ws/install/gimbal_control_cpp/share/gimbal_control_cpp/cmake/gimbal_control_cppConfig.cmake
[1.196s] -- Up-to-date symlink: /home/xumeng/robot1_ws/install/gimbal_control_cpp/share/gimbal_control_cpp/cmake/gimbal_control_cppConfig-version.cmake
[1.196s] -- Up-to-date symlink: /home/xumeng/robot1_ws/install/gimbal_control_cpp/share/gimbal_control_cpp/package.xml
[1.197s] Invoked command in '/home/xumeng/robot1_ws/build/gimbal_control_cpp' returned '0': CMAKE_PREFIX_PATH=/opt/ros/humble /usr/bin/cmake --install /home/xumeng/robot1_ws/build/gimbal_control_cpp
