[0.762s] DEBUG:colcon:Command line arguments: ['/usr/bin/colcon', 'build', '--packages-select', 'robot_driver']
[0.762s] DEBUG:colcon:Parsed command line arguments: Namespace(log_base=None, log_level=None, verb_name='build', build_base='build', install_base='install', merge_install=False, symlink_install=False, test_result_base=None, continue_on_error=False, executor='parallel', parallel_workers=4, event_handlers=None, ignore_user_meta=False, metas=['./colcon.meta'], base_paths=['.'], packages_ignore=None, packages_ignore_regex=None, paths=None, packages_up_to=None, packages_up_to_regex=None, packages_above=None, packages_above_and_dependencies=None, packages_above_depth=None, packages_select_by_dep=None, packages_skip_by_dep=None, packages_skip_up_to=None, packages_select_build_failed=False, packages_skip_build_finished=False, packages_select_test_failures=False, packages_skip_test_passed=False, packages_select=['robot_driver'], packages_skip=None, packages_select_regex=None, packages_skip_regex=None, packages_start=None, packages_end=None, allow_overriding=[], cmake_args=None, cmake_target=None, cmake_target_skip_unavailable=False, cmake_clean_cache=False, cmake_clean_first=False, cmake_force_configure=False, ament_cmake_args=None, catkin_cmake_args=None, catkin_skip_building_tests=False, verb_parser=<colcon_defaults.argument_parser.defaults.DefaultArgumentsDecorator object at 0x7f80e3aec0>, verb_extension=<colcon_core.verb.build.BuildVerb object at 0x7f80f94c70>, main=<bound method BuildVerb.main of <colcon_core.verb.build.BuildVerb object at 0x7f80f94c70>>)
[1.065s] Level 1:colcon.colcon_core.package_discovery:discover_packages(colcon_meta) check parameters
[1.066s] Level 1:colcon.colcon_core.package_discovery:discover_packages(recursive) check parameters
[1.066s] Level 1:colcon.colcon_core.package_discovery:discover_packages(ignore) check parameters
[1.066s] Level 1:colcon.colcon_core.package_discovery:discover_packages(path) check parameters
[1.067s] Level 1:colcon.colcon_core.package_discovery:discover_packages(colcon_meta) discover
[1.067s] Level 1:colcon.colcon_core.package_discovery:discover_packages(recursive) discover
[1.067s] INFO:colcon.colcon_core.package_discovery:Crawling recursively for packages in '/home/sunrise/robot1_ws'
[1.068s] Level 1:colcon.colcon_core.package_identification:_identify(.) by extensions ['ignore', 'ignore_ament_install']
[1.069s] Level 1:colcon.colcon_core.package_identification:_identify(.) by extension 'ignore'
[1.069s] Level 1:colcon.colcon_core.package_identification:_identify(.) by extension 'ignore_ament_install'
[1.069s] Level 1:colcon.colcon_core.package_identification:_identify(.) by extensions ['colcon_pkg']
[1.070s] Level 1:colcon.colcon_core.package_identification:_identify(.) by extension 'colcon_pkg'
[1.070s] Level 1:colcon.colcon_core.package_identification:_identify(.) by extensions ['colcon_meta']
[1.070s] Level 1:colcon.colcon_core.package_identification:_identify(.) by extension 'colcon_meta'
[1.070s] Level 1:colcon.colcon_core.package_identification:_identify(.) by extensions ['ros']
[1.071s] Level 1:colcon.colcon_core.package_identification:_identify(.) by extension 'ros'
[1.187s] Level 1:colcon.colcon_core.package_identification:_identify(.) by extensions ['cmake', 'python']
[1.187s] Level 1:colcon.colcon_core.package_identification:_identify(.) by extension 'cmake'
[1.188s] Level 1:colcon.colcon_core.package_identification:_identify(.) by extension 'python'
[1.188s] Level 1:colcon.colcon_core.package_identification:_identify(.) by extensions ['python_setup_py']
[1.188s] Level 1:colcon.colcon_core.package_identification:_identify(.) by extension 'python_setup_py'
[1.189s] Level 1:colcon.colcon_core.package_identification:_identify(build) by extensions ['ignore', 'ignore_ament_install']
[1.190s] Level 1:colcon.colcon_core.package_identification:_identify(build) by extension 'ignore'
[1.190s] Level 1:colcon.colcon_core.package_identification:_identify(build) ignored
[1.191s] Level 1:colcon.colcon_core.package_identification:_identify(install) by extensions ['ignore', 'ignore_ament_install']
[1.192s] Level 1:colcon.colcon_core.package_identification:_identify(install) by extension 'ignore'
[1.193s] Level 1:colcon.colcon_core.package_identification:_identify(install) ignored
[1.194s] Level 1:colcon.colcon_core.package_identification:_identify(log) by extensions ['ignore', 'ignore_ament_install']
[1.195s] Level 1:colcon.colcon_core.package_identification:_identify(log) by extension 'ignore'
[1.195s] Level 1:colcon.colcon_core.package_identification:_identify(log) ignored
[1.196s] Level 1:colcon.colcon_core.package_identification:_identify(src) by extensions ['ignore', 'ignore_ament_install']
[1.197s] Level 1:colcon.colcon_core.package_identification:_identify(src) by extension 'ignore'
[1.198s] Level 1:colcon.colcon_core.package_identification:_identify(src) by extension 'ignore_ament_install'
[1.198s] Level 1:colcon.colcon_core.package_identification:_identify(src) by extensions ['colcon_pkg']
[1.199s] Level 1:colcon.colcon_core.package_identification:_identify(src) by extension 'colcon_pkg'
[1.199s] Level 1:colcon.colcon_core.package_identification:_identify(src) by extensions ['colcon_meta']
[1.200s] Level 1:colcon.colcon_core.package_identification:_identify(src) by extension 'colcon_meta'
[1.200s] Level 1:colcon.colcon_core.package_identification:_identify(src) by extensions ['ros']
[1.201s] Level 1:colcon.colcon_core.package_identification:_identify(src) by extension 'ros'
[1.201s] Level 1:colcon.colcon_core.package_identification:_identify(src) by extensions ['cmake', 'python']
[1.202s] Level 1:colcon.colcon_core.package_identification:_identify(src) by extension 'cmake'
[1.202s] Level 1:colcon.colcon_core.package_identification:_identify(src) by extension 'python'
[1.202s] Level 1:colcon.colcon_core.package_identification:_identify(src) by extensions ['python_setup_py']
[1.203s] Level 1:colcon.colcon_core.package_identification:_identify(src) by extension 'python_setup_py'
[1.203s] Level 1:colcon.colcon_core.package_identification:_identify(src/robot_driver) by extensions ['ignore', 'ignore_ament_install']
[1.204s] Level 1:colcon.colcon_core.package_identification:_identify(src/robot_driver) by extension 'ignore'
[1.205s] Level 1:colcon.colcon_core.package_identification:_identify(src/robot_driver) by extension 'ignore_ament_install'
[1.205s] Level 1:colcon.colcon_core.package_identification:_identify(src/robot_driver) by extensions ['colcon_pkg']
[1.205s] Level 1:colcon.colcon_core.package_identification:_identify(src/robot_driver) by extension 'colcon_pkg'
[1.206s] Level 1:colcon.colcon_core.package_identification:_identify(src/robot_driver) by extensions ['colcon_meta']
[1.206s] Level 1:colcon.colcon_core.package_identification:_identify(src/robot_driver) by extension 'colcon_meta'
[1.206s] Level 1:colcon.colcon_core.package_identification:_identify(src/robot_driver) by extensions ['ros']
[1.207s] Level 1:colcon.colcon_core.package_identification:_identify(src/robot_driver) by extension 'ros'
[1.214s] DEBUG:colcon.colcon_core.package_identification:Failed to parse potential ROS package manifest in'src/robot_driver': Error(s) in package 'src/robot_driver/package.xml':
The manifest contains invalid XML:
junk after document element: line 18, column 68
[1.215s] Level 1:colcon.colcon_core.package_identification:_identify(src/robot_driver) by extensions ['cmake', 'python']
[1.215s] Level 1:colcon.colcon_core.package_identification:_identify(src/robot_driver) by extension 'cmake'
[1.215s] Level 1:colcon.colcon_core.package_identification:_identify(src/robot_driver) by extension 'python'
[1.216s] DEBUG:colcon.colcon_core.package_identification:Python package in 'src/robot_driver' passes arguments to the setup() function which requires a different identification extension than 'python'
[1.216s] Level 1:colcon.colcon_core.package_identification:_identify(src/robot_driver) by extensions ['python_setup_py']
[1.216s] Level 1:colcon.colcon_core.package_identification:_identify(src/robot_driver) by extension 'python_setup_py'
[2.761s] DEBUG:colcon.colcon_core.package_identification:Package 'src/robot_driver' with type 'python' and name 'robot_driver'
[2.762s] Level 1:colcon.colcon_core.package_identification:_identify(src/ydlidar_ros2_driver) by extensions ['ignore', 'ignore_ament_install']
[2.763s] Level 1:colcon.colcon_core.package_identification:_identify(src/ydlidar_ros2_driver) by extension 'ignore'
[2.764s] Level 1:colcon.colcon_core.package_identification:_identify(src/ydlidar_ros2_driver) by extension 'ignore_ament_install'
[2.764s] Level 1:colcon.colcon_core.package_identification:_identify(src/ydlidar_ros2_driver) by extensions ['colcon_pkg']
[2.764s] Level 1:colcon.colcon_core.package_identification:_identify(src/ydlidar_ros2_driver) by extension 'colcon_pkg'
[2.765s] Level 1:colcon.colcon_core.package_identification:_identify(src/ydlidar_ros2_driver) by extensions ['colcon_meta']
[2.765s] Level 1:colcon.colcon_core.package_identification:_identify(src/ydlidar_ros2_driver) by extension 'colcon_meta'
[2.765s] Level 1:colcon.colcon_core.package_identification:_identify(src/ydlidar_ros2_driver) by extensions ['ros']
[2.765s] Level 1:colcon.colcon_core.package_identification:_identify(src/ydlidar_ros2_driver) by extension 'ros'
[2.779s] DEBUG:colcon.colcon_core.package_identification:Package 'src/ydlidar_ros2_driver' with type 'ros.ament_cmake' and name 'ydlidar_ros2_driver'
[2.779s] Level 1:colcon.colcon_core.package_discovery:discover_packages(recursive) using defaults
[2.780s] Level 1:colcon.colcon_core.package_discovery:discover_packages(ignore) discover
[2.780s] Level 1:colcon.colcon_core.package_discovery:discover_packages(ignore) using defaults
[2.780s] Level 1:colcon.colcon_core.package_discovery:discover_packages(path) discover
[2.780s] Level 1:colcon.colcon_core.package_discovery:discover_packages(path) using defaults
[2.924s] INFO:colcon.colcon_core.package_selection:Skipping not selected package 'ydlidar_ros2_driver' in 'src/ydlidar_ros2_driver'
[2.927s] Level 1:colcon.colcon_core.package_discovery:discover_packages(prefix_path) check parameters
[2.928s] Level 1:colcon.colcon_core.package_discovery:discover_packages(prefix_path) discover
[2.940s] DEBUG:colcon.colcon_installed_package_information.package_discovery:Found 2 installed packages in /home/sunrise/robot1_ws/install
[2.948s] DEBUG:colcon.colcon_installed_package_information.package_discovery:Found 195 installed packages in /opt/ros/humble
[2.958s] Level 1:colcon.colcon_core.package_discovery:discover_packages(prefix_path) using defaults
[3.194s] Level 5:colcon.colcon_core.verb:set package 'robot_driver' build argument 'cmake_args' from command line to 'None'
[3.195s] Level 5:colcon.colcon_core.verb:set package 'robot_driver' build argument 'cmake_target' from command line to 'None'
[3.195s] Level 5:colcon.colcon_core.verb:set package 'robot_driver' build argument 'cmake_target_skip_unavailable' from command line to 'False'
[3.195s] Level 5:colcon.colcon_core.verb:set package 'robot_driver' build argument 'cmake_clean_cache' from command line to 'False'
[3.195s] Level 5:colcon.colcon_core.verb:set package 'robot_driver' build argument 'cmake_clean_first' from command line to 'False'
[3.195s] Level 5:colcon.colcon_core.verb:set package 'robot_driver' build argument 'cmake_force_configure' from command line to 'False'
[3.196s] Level 5:colcon.colcon_core.verb:set package 'robot_driver' build argument 'ament_cmake_args' from command line to 'None'
[3.196s] Level 5:colcon.colcon_core.verb:set package 'robot_driver' build argument 'catkin_cmake_args' from command line to 'None'
[3.196s] Level 5:colcon.colcon_core.verb:set package 'robot_driver' build argument 'catkin_skip_building_tests' from command line to 'False'
[3.196s] DEBUG:colcon.colcon_core.verb:Building package 'robot_driver' with the following arguments: {'ament_cmake_args': None, 'build_base': '/home/sunrise/robot1_ws/build/robot_driver', 'catkin_cmake_args': None, 'catkin_skip_building_tests': False, 'cmake_args': None, 'cmake_clean_cache': False, 'cmake_clean_first': False, 'cmake_force_configure': False, 'cmake_target': None, 'cmake_target_skip_unavailable': False, 'install_base': '/home/sunrise/robot1_ws/install/robot_driver', 'merge_install': False, 'path': '/home/sunrise/robot1_ws/src/robot_driver', 'symlink_install': False, 'test_result_base': None}
[3.197s] INFO:colcon.colcon_core.executor:Executing jobs using 'parallel' executor
[3.203s] DEBUG:colcon.colcon_parallel_executor.executor.parallel:run_until_complete
[3.205s] INFO:colcon.colcon_core.task.python.build:Building Python package in '/home/sunrise/robot1_ws/src/robot_driver'
[3.217s] INFO:colcon.colcon_core.plugin_system:Skipping extension 'colcon_core.shell.bat': Not used on non-Windows systems
[3.219s] INFO:colcon.colcon_core.shell:Skip shell extension 'powershell' for command environment: Not usable outside of PowerShell
[3.219s] DEBUG:colcon.colcon_core.shell:Skip shell extension 'dsv' for command environment
[7.805s] DEBUG:colcon.colcon_core.task.python.build:Available setuptools commands: isort, bdist_rpm, symlink_data, install_headers, install, setopt, bdist, install_data, develop, bdist_wheel, rotate, clean, build_scripts, alias, bdist_dumb, install_lib, build_clib, build_ext, check, sdist, install_scripts, build, easy_install, saveopts, bdist_egg, install_egg_info, egg_info, editable_wheel, build_py, dist_info
[7.823s] DEBUG:colcon.colcon_core.event_handler.log_command:Invoking command in '/home/sunrise/robot1_ws/src/robot_driver': PYTHONPATH=/home/sunrise/robot1_ws/build/robot_driver/prefix_override:/usr/lib/python3/dist-packages/colcon_core/task/python/colcon_distutils_commands:/home/sunrise/robot1_ws/install/robot_driver/lib/python3.10/site-packages:${PYTHONPATH} /usr/bin/python3 -W ignore:setup.py install is deprecated -W ignore:easy_install command is deprecated setup.py egg_info --egg-base ../../build/robot_driver build --build-base /home/sunrise/robot1_ws/build/robot_driver/build install --record /home/sunrise/robot1_ws/build/robot_driver/install.log --install-scripts $base/lib/robot_driver --single-version-externally-managed install_data
[10.726s] DEBUG:colcon.colcon_core.event_handler.log_command:Invoked command in '/home/sunrise/robot1_ws/src/robot_driver' returned '0': PYTHONPATH=/home/sunrise/robot1_ws/build/robot_driver/prefix_override:/usr/lib/python3/dist-packages/colcon_core/task/python/colcon_distutils_commands:/home/sunrise/robot1_ws/install/robot_driver/lib/python3.10/site-packages:${PYTHONPATH} /usr/bin/python3 -W ignore:setup.py install is deprecated -W ignore:easy_install command is deprecated setup.py egg_info --egg-base ../../build/robot_driver build --build-base /home/sunrise/robot1_ws/build/robot_driver/build install --record /home/sunrise/robot1_ws/build/robot_driver/install.log --install-scripts $base/lib/robot_driver --single-version-externally-managed install_data
[10.740s] Level 1:colcon.colcon_core.environment:checking '/home/sunrise/robot1_ws/install/robot_driver' for CMake module files
[10.744s] Level 1:colcon.colcon_core.environment:checking '/home/sunrise/robot1_ws/install/robot_driver' for CMake config files
[10.748s] Level 1:colcon.colcon_core.environment:checking '/home/sunrise/robot1_ws/install/robot_driver/lib'
[10.749s] Level 1:colcon.colcon_core.environment:checking '/home/sunrise/robot1_ws/install/robot_driver/bin'
[10.749s] Level 1:colcon.colcon_core.environment:checking '/home/sunrise/robot1_ws/install/robot_driver/lib/pkgconfig/robot_driver.pc'
[10.751s] Level 1:colcon.colcon_core.environment:checking '/home/sunrise/robot1_ws/install/robot_driver/lib/python3.10/site-packages'
[10.752s] Level 1:colcon.colcon_core.shell:create_environment_hook('robot_driver', 'pythonpath')
[10.753s] INFO:colcon.colcon_core.shell:Creating environment hook '/home/sunrise/robot1_ws/install/robot_driver/share/robot_driver/hook/pythonpath.ps1'
[10.758s] INFO:colcon.colcon_core.shell:Creating environment descriptor '/home/sunrise/robot1_ws/install/robot_driver/share/robot_driver/hook/pythonpath.dsv'
[10.764s] INFO:colcon.colcon_core.shell:Creating environment hook '/home/sunrise/robot1_ws/install/robot_driver/share/robot_driver/hook/pythonpath.sh'
[10.772s] Level 1:colcon.colcon_core.environment:checking '/home/sunrise/robot1_ws/install/robot_driver/bin'
[10.772s] Level 1:colcon.colcon_core.environment:create_environment_scripts_only(robot_driver)
[10.774s] INFO:colcon.colcon_core.shell:Creating package script '/home/sunrise/robot1_ws/install/robot_driver/share/robot_driver/package.ps1'
[10.783s] INFO:colcon.colcon_core.shell:Creating package descriptor '/home/sunrise/robot1_ws/install/robot_driver/share/robot_driver/package.dsv'
[10.787s] INFO:colcon.colcon_core.shell:Creating package script '/home/sunrise/robot1_ws/install/robot_driver/share/robot_driver/package.sh'
[10.793s] INFO:colcon.colcon_core.shell:Creating package script '/home/sunrise/robot1_ws/install/robot_driver/share/robot_driver/package.bash'
[10.800s] INFO:colcon.colcon_core.shell:Creating package script '/home/sunrise/robot1_ws/install/robot_driver/share/robot_driver/package.zsh'
[10.805s] Level 1:colcon.colcon_core.environment:create_file_with_runtime_dependencies(/home/sunrise/robot1_ws/install/robot_driver/share/colcon-core/packages/robot_driver)
[10.807s] DEBUG:colcon.colcon_parallel_executor.executor.parallel:closing loop
[10.808s] DEBUG:colcon.colcon_parallel_executor.executor.parallel:loop closed
[10.808s] DEBUG:colcon.colcon_parallel_executor.executor.parallel:run_until_complete finished with '0'
[10.809s] DEBUG:colcon.colcon_core.event_reactor:joining thread
[10.811s] DEBUG:colcon.colcon_core.event_reactor:joined thread
[10.813s] INFO:colcon.colcon_core.shell:Creating prefix script '/home/sunrise/robot1_ws/install/local_setup.ps1'
[10.820s] INFO:colcon.colcon_core.shell:Creating prefix util module '/home/sunrise/robot1_ws/install/_local_setup_util_ps1.py'
[10.832s] INFO:colcon.colcon_core.shell:Creating prefix chain script '/home/sunrise/robot1_ws/install/setup.ps1'
[10.840s] INFO:colcon.colcon_core.shell:Creating prefix script '/home/sunrise/robot1_ws/install/local_setup.sh'
[10.844s] INFO:colcon.colcon_core.shell:Creating prefix util module '/home/sunrise/robot1_ws/install/_local_setup_util_sh.py'
[10.849s] INFO:colcon.colcon_core.shell:Creating prefix chain script '/home/sunrise/robot1_ws/install/setup.sh'
[10.857s] INFO:colcon.colcon_core.shell:Creating prefix script '/home/sunrise/robot1_ws/install/local_setup.bash'
[10.861s] INFO:colcon.colcon_core.shell:Creating prefix chain script '/home/sunrise/robot1_ws/install/setup.bash'
[10.868s] INFO:colcon.colcon_core.shell:Creating prefix script '/home/sunrise/robot1_ws/install/local_setup.zsh'
[10.872s] INFO:colcon.colcon_core.shell:Creating prefix chain script '/home/sunrise/robot1_ws/install/setup.zsh'
