[0.388s] DEBUG:colcon:Command line arguments: ['/usr/bin/colcon', 'build', '--symlink-install']
[0.388s] DEBUG:colcon:Parsed command line arguments: Namespace(log_base=None, log_level=None, verb_name='build', build_base='build', install_base='install', merge_install=False, symlink_install=True, test_result_base=None, continue_on_error=False, executor='parallel', parallel_workers=4, event_handlers=None, ignore_user_meta=False, metas=['./colcon.meta'], base_paths=['.'], packages_ignore=None, packages_ignore_regex=None, paths=None, packages_up_to=None, packages_up_to_regex=None, packages_above=None, packages_above_and_dependencies=None, packages_above_depth=None, packages_select_by_dep=None, packages_skip_by_dep=None, packages_skip_up_to=None, packages_select_build_failed=False, packages_skip_build_finished=False, packages_select_test_failures=False, packages_skip_test_passed=False, packages_select=None, packages_skip=None, packages_select_regex=None, packages_skip_regex=None, packages_start=None, packages_end=None, allow_overriding=[], cmake_args=None, cmake_target=None, cmake_target_skip_unavailable=False, cmake_clean_cache=False, cmake_clean_first=False, cmake_force_configure=False, ament_cmake_args=None, catkin_cmake_args=None, catkin_skip_building_tests=False, mixin_files=None, mixin=None, verb_parser=<colcon_mixin.mixin.mixin_argument.MixinArgumentDecorator object at 0xffff9b424130>, verb_extension=<colcon_core.verb.build.BuildVerb object at 0xffff9b3f3a60>, main=<bound method BuildVerb.main of <colcon_core.verb.build.BuildVerb object at 0xffff9b3f3a60>>, mixin_verb=('build',))
[1.036s] Level 1:colcon.colcon_core.package_discovery:discover_packages(colcon_meta) check parameters
[1.036s] Level 1:colcon.colcon_core.package_discovery:discover_packages(recursive) check parameters
[1.037s] Level 1:colcon.colcon_core.package_discovery:discover_packages(ignore) check parameters
[1.037s] Level 1:colcon.colcon_core.package_discovery:discover_packages(path) check parameters
[1.037s] Level 1:colcon.colcon_core.package_discovery:discover_packages(colcon_meta) discover
[1.037s] Level 1:colcon.colcon_core.package_discovery:discover_packages(recursive) discover
[1.037s] INFO:colcon.colcon_core.package_discovery:Crawling recursively for packages in '/home/xumeng/robot1_ws'
[1.037s] Level 1:colcon.colcon_core.package_identification:_identify(.) by extensions ['ignore', 'ignore_ament_install']
[1.038s] Level 1:colcon.colcon_core.package_identification:_identify(.) by extension 'ignore'
[1.038s] Level 1:colcon.colcon_core.package_identification:_identify(.) by extension 'ignore_ament_install'
[1.038s] Level 1:colcon.colcon_core.package_identification:_identify(.) by extensions ['colcon_pkg']
[1.038s] Level 1:colcon.colcon_core.package_identification:_identify(.) by extension 'colcon_pkg'
[1.039s] Level 1:colcon.colcon_core.package_identification:_identify(.) by extensions ['colcon_meta']
[1.039s] Level 1:colcon.colcon_core.package_identification:_identify(.) by extension 'colcon_meta'
[1.039s] Level 1:colcon.colcon_core.package_identification:_identify(.) by extensions ['ros']
[1.039s] Level 1:colcon.colcon_core.package_identification:_identify(.) by extension 'ros'
[1.108s] Level 1:colcon.colcon_core.package_identification:_identify(.) by extensions ['cmake', 'python']
[1.108s] Level 1:colcon.colcon_core.package_identification:_identify(.) by extension 'cmake'
[1.109s] Level 1:colcon.colcon_core.package_identification:_identify(.) by extension 'python'
[1.109s] Level 1:colcon.colcon_core.package_identification:_identify(.) by extensions ['python_setup_py']
[1.109s] Level 1:colcon.colcon_core.package_identification:_identify(.) by extension 'python_setup_py'
[1.110s] Level 1:colcon.colcon_core.package_identification:_identify(build) by extensions ['ignore', 'ignore_ament_install']
[1.110s] Level 1:colcon.colcon_core.package_identification:_identify(build) by extension 'ignore'
[1.110s] Level 1:colcon.colcon_core.package_identification:_identify(build) ignored
[1.110s] Level 1:colcon.colcon_core.package_identification:_identify(install) by extensions ['ignore', 'ignore_ament_install']
[1.111s] Level 1:colcon.colcon_core.package_identification:_identify(install) by extension 'ignore'
[1.111s] Level 1:colcon.colcon_core.package_identification:_identify(install) ignored
[1.111s] Level 1:colcon.colcon_core.package_identification:_identify(log) by extensions ['ignore', 'ignore_ament_install']
[1.111s] Level 1:colcon.colcon_core.package_identification:_identify(log) by extension 'ignore'
[1.112s] Level 1:colcon.colcon_core.package_identification:_identify(log) ignored
[1.112s] Level 1:colcon.colcon_core.package_identification:_identify(src) by extensions ['ignore', 'ignore_ament_install']
[1.112s] Level 1:colcon.colcon_core.package_identification:_identify(src) by extension 'ignore'
[1.112s] Level 1:colcon.colcon_core.package_identification:_identify(src) by extension 'ignore_ament_install'
[1.113s] Level 1:colcon.colcon_core.package_identification:_identify(src) by extensions ['colcon_pkg']
[1.113s] Level 1:colcon.colcon_core.package_identification:_identify(src) by extension 'colcon_pkg'
[1.113s] Level 1:colcon.colcon_core.package_identification:_identify(src) by extensions ['colcon_meta']
[1.113s] Level 1:colcon.colcon_core.package_identification:_identify(src) by extension 'colcon_meta'
[1.113s] Level 1:colcon.colcon_core.package_identification:_identify(src) by extensions ['ros']
[1.113s] Level 1:colcon.colcon_core.package_identification:_identify(src) by extension 'ros'
[1.114s] Level 1:colcon.colcon_core.package_identification:_identify(src) by extensions ['cmake', 'python']
[1.114s] Level 1:colcon.colcon_core.package_identification:_identify(src) by extension 'cmake'
[1.114s] Level 1:colcon.colcon_core.package_identification:_identify(src) by extension 'python'
[1.114s] Level 1:colcon.colcon_core.package_identification:_identify(src) by extensions ['python_setup_py']
[1.114s] Level 1:colcon.colcon_core.package_identification:_identify(src) by extension 'python_setup_py'
[1.115s] Level 1:colcon.colcon_core.package_identification:_identify(src/gimbal_ws) by extensions ['ignore', 'ignore_ament_install']
[1.115s] Level 1:colcon.colcon_core.package_identification:_identify(src/gimbal_ws) by extension 'ignore'
[1.115s] Level 1:colcon.colcon_core.package_identification:_identify(src/gimbal_ws) by extension 'ignore_ament_install'
[1.115s] Level 1:colcon.colcon_core.package_identification:_identify(src/gimbal_ws) by extensions ['colcon_pkg']
[1.115s] Level 1:colcon.colcon_core.package_identification:_identify(src/gimbal_ws) by extension 'colcon_pkg'
[1.115s] Level 1:colcon.colcon_core.package_identification:_identify(src/gimbal_ws) by extensions ['colcon_meta']
[1.116s] Level 1:colcon.colcon_core.package_identification:_identify(src/gimbal_ws) by extension 'colcon_meta'
[1.116s] Level 1:colcon.colcon_core.package_identification:_identify(src/gimbal_ws) by extensions ['ros']
[1.116s] Level 1:colcon.colcon_core.package_identification:_identify(src/gimbal_ws) by extension 'ros'
[1.116s] Level 1:colcon.colcon_core.package_identification:_identify(src/gimbal_ws) by extensions ['cmake', 'python']
[1.116s] Level 1:colcon.colcon_core.package_identification:_identify(src/gimbal_ws) by extension 'cmake'
[1.116s] Level 1:colcon.colcon_core.package_identification:_identify(src/gimbal_ws) by extension 'python'
[1.117s] Level 1:colcon.colcon_core.package_identification:_identify(src/gimbal_ws) by extensions ['python_setup_py']
[1.117s] Level 1:colcon.colcon_core.package_identification:_identify(src/gimbal_ws) by extension 'python_setup_py'
[1.117s] Level 1:colcon.colcon_core.package_identification:_identify(src/gimbal_ws/gimbal_control_cpp) by extensions ['ignore', 'ignore_ament_install']
[1.117s] Level 1:colcon.colcon_core.package_identification:_identify(src/gimbal_ws/gimbal_control_cpp) by extension 'ignore'
[1.117s] Level 1:colcon.colcon_core.package_identification:_identify(src/gimbal_ws/gimbal_control_cpp) by extension 'ignore_ament_install'
[1.118s] Level 1:colcon.colcon_core.package_identification:_identify(src/gimbal_ws/gimbal_control_cpp) by extensions ['colcon_pkg']
[1.118s] Level 1:colcon.colcon_core.package_identification:_identify(src/gimbal_ws/gimbal_control_cpp) by extension 'colcon_pkg'
[1.118s] Level 1:colcon.colcon_core.package_identification:_identify(src/gimbal_ws/gimbal_control_cpp) by extensions ['colcon_meta']
[1.118s] Level 1:colcon.colcon_core.package_identification:_identify(src/gimbal_ws/gimbal_control_cpp) by extension 'colcon_meta'
[1.118s] Level 1:colcon.colcon_core.package_identification:_identify(src/gimbal_ws/gimbal_control_cpp) by extensions ['ros']
[1.118s] Level 1:colcon.colcon_core.package_identification:_identify(src/gimbal_ws/gimbal_control_cpp) by extension 'ros'
[1.126s] DEBUG:colcon.colcon_core.package_identification:Package 'src/gimbal_ws/gimbal_control_cpp' with type 'ros.ament_cmake' and name 'gimbal_control_cpp'
[1.127s] Level 1:colcon.colcon_core.package_identification:_identify(src/robot1_nav) by extensions ['ignore', 'ignore_ament_install']
[1.127s] Level 1:colcon.colcon_core.package_identification:_identify(src/robot1_nav) by extension 'ignore'
[1.127s] Level 1:colcon.colcon_core.package_identification:_identify(src/robot1_nav) by extension 'ignore_ament_install'
[1.128s] Level 1:colcon.colcon_core.package_identification:_identify(src/robot1_nav) by extensions ['colcon_pkg']
[1.128s] Level 1:colcon.colcon_core.package_identification:_identify(src/robot1_nav) by extension 'colcon_pkg'
[1.128s] Level 1:colcon.colcon_core.package_identification:_identify(src/robot1_nav) by extensions ['colcon_meta']
[1.128s] Level 1:colcon.colcon_core.package_identification:_identify(src/robot1_nav) by extension 'colcon_meta'
[1.128s] Level 1:colcon.colcon_core.package_identification:_identify(src/robot1_nav) by extensions ['ros']
[1.128s] Level 1:colcon.colcon_core.package_identification:_identify(src/robot1_nav) by extension 'ros'
[1.130s] DEBUG:colcon.colcon_core.package_identification:Package 'src/robot1_nav' with type 'ros.ament_cmake' and name 'robot1_nav'
[1.131s] Level 1:colcon.colcon_core.package_identification:_identify(src/robot1_soldier) by extensions ['ignore', 'ignore_ament_install']
[1.131s] Level 1:colcon.colcon_core.package_identification:_identify(src/robot1_soldier) by extension 'ignore'
[1.131s] Level 1:colcon.colcon_core.package_identification:_identify(src/robot1_soldier) by extension 'ignore_ament_install'
[1.132s] Level 1:colcon.colcon_core.package_identification:_identify(src/robot1_soldier) by extensions ['colcon_pkg']
[1.132s] Level 1:colcon.colcon_core.package_identification:_identify(src/robot1_soldier) by extension 'colcon_pkg'
[1.132s] Level 1:colcon.colcon_core.package_identification:_identify(src/robot1_soldier) by extensions ['colcon_meta']
[1.132s] Level 1:colcon.colcon_core.package_identification:_identify(src/robot1_soldier) by extension 'colcon_meta'
[1.132s] Level 1:colcon.colcon_core.package_identification:_identify(src/robot1_soldier) by extensions ['ros']
[1.132s] Level 1:colcon.colcon_core.package_identification:_identify(src/robot1_soldier) by extension 'ros'
[1.135s] DEBUG:colcon.colcon_core.package_identification:Package 'src/robot1_soldier' with type 'ros.ament_python' and name 'robot1_soldier'
[1.135s] Level 1:colcon.colcon_core.package_identification:_identify(src/robot_driver) by extensions ['ignore', 'ignore_ament_install']
[1.135s] Level 1:colcon.colcon_core.package_identification:_identify(src/robot_driver) by extension 'ignore'
[1.135s] Level 1:colcon.colcon_core.package_identification:_identify(src/robot_driver) by extension 'ignore_ament_install'
[1.136s] Level 1:colcon.colcon_core.package_identification:_identify(src/robot_driver) by extensions ['colcon_pkg']
[1.136s] Level 1:colcon.colcon_core.package_identification:_identify(src/robot_driver) by extension 'colcon_pkg'
[1.136s] Level 1:colcon.colcon_core.package_identification:_identify(src/robot_driver) by extensions ['colcon_meta']
[1.136s] Level 1:colcon.colcon_core.package_identification:_identify(src/robot_driver) by extension 'colcon_meta'
[1.136s] Level 1:colcon.colcon_core.package_identification:_identify(src/robot_driver) by extensions ['ros']
[1.136s] Level 1:colcon.colcon_core.package_identification:_identify(src/robot_driver) by extension 'ros'
[1.139s] DEBUG:colcon.colcon_core.package_identification:Package 'src/robot_driver' with type 'ros.ament_python' and name 'robot_driver'
[1.139s] Level 1:colcon.colcon_core.package_identification:_identify(src/ydlidar_ros2_driver) by extensions ['ignore', 'ignore_ament_install']
[1.140s] Level 1:colcon.colcon_core.package_identification:_identify(src/ydlidar_ros2_driver) by extension 'ignore'
[1.140s] Level 1:colcon.colcon_core.package_identification:_identify(src/ydlidar_ros2_driver) by extension 'ignore_ament_install'
[1.140s] Level 1:colcon.colcon_core.package_identification:_identify(src/ydlidar_ros2_driver) by extensions ['colcon_pkg']
[1.140s] Level 1:colcon.colcon_core.package_identification:_identify(src/ydlidar_ros2_driver) by extension 'colcon_pkg'
[1.140s] Level 1:colcon.colcon_core.package_identification:_identify(src/ydlidar_ros2_driver) by extensions ['colcon_meta']
[1.140s] Level 1:colcon.colcon_core.package_identification:_identify(src/ydlidar_ros2_driver) by extension 'colcon_meta'
[1.141s] Level 1:colcon.colcon_core.package_identification:_identify(src/ydlidar_ros2_driver) by extensions ['ros']
[1.141s] Level 1:colcon.colcon_core.package_identification:_identify(src/ydlidar_ros2_driver) by extension 'ros'
[1.142s] DEBUG:colcon.colcon_core.package_identification:Package 'src/ydlidar_ros2_driver' with type 'ros.ament_cmake' and name 'ydlidar_ros2_driver'
[1.143s] Level 1:colcon.colcon_core.package_discovery:discover_packages(recursive) using defaults
[1.143s] Level 1:colcon.colcon_core.package_discovery:discover_packages(ignore) discover
[1.143s] Level 1:colcon.colcon_core.package_discovery:discover_packages(ignore) using defaults
[1.143s] Level 1:colcon.colcon_core.package_discovery:discover_packages(path) discover
[1.143s] Level 1:colcon.colcon_core.package_discovery:discover_packages(path) using defaults
[1.211s] Level 1:colcon.colcon_core.package_discovery:discover_packages(prefix_path) check parameters
[1.212s] Level 1:colcon.colcon_core.package_discovery:discover_packages(prefix_path) discover
[1.220s] DEBUG:colcon.colcon_installed_package_information.package_discovery:Found 318 installed packages in /opt/ros/humble
[1.224s] Level 1:colcon.colcon_core.package_discovery:discover_packages(prefix_path) using defaults
[1.362s] Level 5:colcon.colcon_core.verb:set package 'gimbal_control_cpp' build argument 'cmake_args' from command line to 'None'
[1.362s] Level 5:colcon.colcon_core.verb:set package 'gimbal_control_cpp' build argument 'cmake_target' from command line to 'None'
[1.362s] Level 5:colcon.colcon_core.verb:set package 'gimbal_control_cpp' build argument 'cmake_target_skip_unavailable' from command line to 'False'
[1.362s] Level 5:colcon.colcon_core.verb:set package 'gimbal_control_cpp' build argument 'cmake_clean_cache' from command line to 'False'
[1.362s] Level 5:colcon.colcon_core.verb:set package 'gimbal_control_cpp' build argument 'cmake_clean_first' from command line to 'False'
[1.362s] Level 5:colcon.colcon_core.verb:set package 'gimbal_control_cpp' build argument 'cmake_force_configure' from command line to 'False'
[1.363s] Level 5:colcon.colcon_core.verb:set package 'gimbal_control_cpp' build argument 'ament_cmake_args' from command line to 'None'
[1.363s] Level 5:colcon.colcon_core.verb:set package 'gimbal_control_cpp' build argument 'catkin_cmake_args' from command line to 'None'
[1.363s] Level 5:colcon.colcon_core.verb:set package 'gimbal_control_cpp' build argument 'catkin_skip_building_tests' from command line to 'False'
[1.363s] DEBUG:colcon.colcon_core.verb:Building package 'gimbal_control_cpp' with the following arguments: {'ament_cmake_args': None, 'build_base': '/home/xumeng/robot1_ws/build/gimbal_control_cpp', 'catkin_cmake_args': None, 'catkin_skip_building_tests': False, 'cmake_args': None, 'cmake_clean_cache': False, 'cmake_clean_first': False, 'cmake_force_configure': False, 'cmake_target': None, 'cmake_target_skip_unavailable': False, 'install_base': '/home/xumeng/robot1_ws/install/gimbal_control_cpp', 'merge_install': False, 'path': '/home/xumeng/robot1_ws/src/gimbal_ws/gimbal_control_cpp', 'symlink_install': True, 'test_result_base': None}
[1.364s] Level 5:colcon.colcon_core.verb:set package 'robot1_nav' build argument 'cmake_args' from command line to 'None'
[1.364s] Level 5:colcon.colcon_core.verb:set package 'robot1_nav' build argument 'cmake_target' from command line to 'None'
[1.364s] Level 5:colcon.colcon_core.verb:set package 'robot1_nav' build argument 'cmake_target_skip_unavailable' from command line to 'False'
[1.364s] Level 5:colcon.colcon_core.verb:set package 'robot1_nav' build argument 'cmake_clean_cache' from command line to 'False'
[1.364s] Level 5:colcon.colcon_core.verb:set package 'robot1_nav' build argument 'cmake_clean_first' from command line to 'False'
[1.364s] Level 5:colcon.colcon_core.verb:set package 'robot1_nav' build argument 'cmake_force_configure' from command line to 'False'
[1.364s] Level 5:colcon.colcon_core.verb:set package 'robot1_nav' build argument 'ament_cmake_args' from command line to 'None'
[1.364s] Level 5:colcon.colcon_core.verb:set package 'robot1_nav' build argument 'catkin_cmake_args' from command line to 'None'
[1.365s] Level 5:colcon.colcon_core.verb:set package 'robot1_nav' build argument 'catkin_skip_building_tests' from command line to 'False'
[1.365s] DEBUG:colcon.colcon_core.verb:Building package 'robot1_nav' with the following arguments: {'ament_cmake_args': None, 'build_base': '/home/xumeng/robot1_ws/build/robot1_nav', 'catkin_cmake_args': None, 'catkin_skip_building_tests': False, 'cmake_args': None, 'cmake_clean_cache': False, 'cmake_clean_first': False, 'cmake_force_configure': False, 'cmake_target': None, 'cmake_target_skip_unavailable': False, 'install_base': '/home/xumeng/robot1_ws/install/robot1_nav', 'merge_install': False, 'path': '/home/xumeng/robot1_ws/src/robot1_nav', 'symlink_install': True, 'test_result_base': None}
[1.366s] Level 5:colcon.colcon_core.verb:set package 'robot_driver' build argument 'cmake_args' from command line to 'None'
[1.366s] Level 5:colcon.colcon_core.verb:set package 'robot_driver' build argument 'cmake_target' from command line to 'None'
[1.366s] Level 5:colcon.colcon_core.verb:set package 'robot_driver' build argument 'cmake_target_skip_unavailable' from command line to 'False'
[1.366s] Level 5:colcon.colcon_core.verb:set package 'robot_driver' build argument 'cmake_clean_cache' from command line to 'False'
[1.366s] Level 5:colcon.colcon_core.verb:set package 'robot_driver' build argument 'cmake_clean_first' from command line to 'False'
[1.366s] Level 5:colcon.colcon_core.verb:set package 'robot_driver' build argument 'cmake_force_configure' from command line to 'False'
[1.366s] Level 5:colcon.colcon_core.verb:set package 'robot_driver' build argument 'ament_cmake_args' from command line to 'None'
[1.366s] Level 5:colcon.colcon_core.verb:set package 'robot_driver' build argument 'catkin_cmake_args' from command line to 'None'
[1.366s] Level 5:colcon.colcon_core.verb:set package 'robot_driver' build argument 'catkin_skip_building_tests' from command line to 'False'
[1.366s] DEBUG:colcon.colcon_core.verb:Building package 'robot_driver' with the following arguments: {'ament_cmake_args': None, 'build_base': '/home/xumeng/robot1_ws/build/robot_driver', 'catkin_cmake_args': None, 'catkin_skip_building_tests': False, 'cmake_args': None, 'cmake_clean_cache': False, 'cmake_clean_first': False, 'cmake_force_configure': False, 'cmake_target': None, 'cmake_target_skip_unavailable': False, 'install_base': '/home/xumeng/robot1_ws/install/robot_driver', 'merge_install': False, 'path': '/home/xumeng/robot1_ws/src/robot_driver', 'symlink_install': True, 'test_result_base': None}
[1.367s] Level 5:colcon.colcon_core.verb:set package 'ydlidar_ros2_driver' build argument 'cmake_args' from command line to 'None'
[1.367s] Level 5:colcon.colcon_core.verb:set package 'ydlidar_ros2_driver' build argument 'cmake_target' from command line to 'None'
[1.368s] Level 5:colcon.colcon_core.verb:set package 'ydlidar_ros2_driver' build argument 'cmake_target_skip_unavailable' from command line to 'False'
[1.368s] Level 5:colcon.colcon_core.verb:set package 'ydlidar_ros2_driver' build argument 'cmake_clean_cache' from command line to 'False'
[1.368s] Level 5:colcon.colcon_core.verb:set package 'ydlidar_ros2_driver' build argument 'cmake_clean_first' from command line to 'False'
[1.368s] Level 5:colcon.colcon_core.verb:set package 'ydlidar_ros2_driver' build argument 'cmake_force_configure' from command line to 'False'
[1.368s] Level 5:colcon.colcon_core.verb:set package 'ydlidar_ros2_driver' build argument 'ament_cmake_args' from command line to 'None'
[1.368s] Level 5:colcon.colcon_core.verb:set package 'ydlidar_ros2_driver' build argument 'catkin_cmake_args' from command line to 'None'
[1.368s] Level 5:colcon.colcon_core.verb:set package 'ydlidar_ros2_driver' build argument 'catkin_skip_building_tests' from command line to 'False'
[1.368s] DEBUG:colcon.colcon_core.verb:Building package 'ydlidar_ros2_driver' with the following arguments: {'ament_cmake_args': None, 'build_base': '/home/xumeng/robot1_ws/build/ydlidar_ros2_driver', 'catkin_cmake_args': None, 'catkin_skip_building_tests': False, 'cmake_args': None, 'cmake_clean_cache': False, 'cmake_clean_first': False, 'cmake_force_configure': False, 'cmake_target': None, 'cmake_target_skip_unavailable': False, 'install_base': '/home/xumeng/robot1_ws/install/ydlidar_ros2_driver', 'merge_install': False, 'path': '/home/xumeng/robot1_ws/src/ydlidar_ros2_driver', 'symlink_install': True, 'test_result_base': None}
[1.369s] Level 5:colcon.colcon_core.verb:set package 'robot1_soldier' build argument 'cmake_args' from command line to 'None'
[1.369s] Level 5:colcon.colcon_core.verb:set package 'robot1_soldier' build argument 'cmake_target' from command line to 'None'
[1.369s] Level 5:colcon.colcon_core.verb:set package 'robot1_soldier' build argument 'cmake_target_skip_unavailable' from command line to 'False'
[1.369s] Level 5:colcon.colcon_core.verb:set package 'robot1_soldier' build argument 'cmake_clean_cache' from command line to 'False'
[1.369s] Level 5:colcon.colcon_core.verb:set package 'robot1_soldier' build argument 'cmake_clean_first' from command line to 'False'
[1.369s] Level 5:colcon.colcon_core.verb:set package 'robot1_soldier' build argument 'cmake_force_configure' from command line to 'False'
[1.370s] Level 5:colcon.colcon_core.verb:set package 'robot1_soldier' build argument 'ament_cmake_args' from command line to 'None'
[1.370s] Level 5:colcon.colcon_core.verb:set package 'robot1_soldier' build argument 'catkin_cmake_args' from command line to 'None'
[1.370s] Level 5:colcon.colcon_core.verb:set package 'robot1_soldier' build argument 'catkin_skip_building_tests' from command line to 'False'
[1.370s] DEBUG:colcon.colcon_core.verb:Building package 'robot1_soldier' with the following arguments: {'ament_cmake_args': None, 'build_base': '/home/xumeng/robot1_ws/build/robot1_soldier', 'catkin_cmake_args': None, 'catkin_skip_building_tests': False, 'cmake_args': None, 'cmake_clean_cache': False, 'cmake_clean_first': False, 'cmake_force_configure': False, 'cmake_target': None, 'cmake_target_skip_unavailable': False, 'install_base': '/home/xumeng/robot1_ws/install/robot1_soldier', 'merge_install': False, 'path': '/home/xumeng/robot1_ws/src/robot1_soldier', 'symlink_install': True, 'test_result_base': None}
[1.370s] INFO:colcon.colcon_core.executor:Executing jobs using 'parallel' executor
[1.373s] DEBUG:colcon.colcon_parallel_executor.executor.parallel:run_until_complete
[1.374s] INFO:colcon.colcon_ros.task.ament_cmake.build:Building ROS package in '/home/xumeng/robot1_ws/src/gimbal_ws/gimbal_control_cpp' with build type 'ament_cmake'
[1.374s] INFO:colcon.colcon_cmake.task.cmake.build:Building CMake package in '/home/xumeng/robot1_ws/src/gimbal_ws/gimbal_control_cpp'
[1.384s] INFO:colcon.colcon_core.plugin_system:Skipping extension 'colcon_core.shell.bat': Not used on non-Windows systems
[1.384s] INFO:colcon.colcon_core.shell:Skip shell extension 'powershell' for command environment: Not usable outside of PowerShell
[1.384s] DEBUG:colcon.colcon_core.shell:Skip shell extension 'dsv' for command environment
[1.394s] INFO:colcon.colcon_ros.task.ament_cmake.build:Building ROS package in '/home/xumeng/robot1_ws/src/robot1_nav' with build type 'ament_cmake'
[1.394s] INFO:colcon.colcon_cmake.task.cmake.build:Building CMake package in '/home/xumeng/robot1_ws/src/robot1_nav'
[1.395s] INFO:colcon.colcon_core.shell:Skip shell extension 'powershell' for command environment: Not usable outside of PowerShell
[1.395s] DEBUG:colcon.colcon_core.shell:Skip shell extension 'dsv' for command environment
[1.403s] INFO:colcon.colcon_ros.task.ament_python.build:Building ROS package in '/home/xumeng/robot1_ws/src/robot_driver' with build type 'ament_python'
[1.403s] Level 1:colcon.colcon_core.shell:create_environment_hook('robot_driver', 'ament_prefix_path')
[1.404s] INFO:colcon.colcon_core.shell:Creating environment hook '/home/xumeng/robot1_ws/install/robot_driver/share/robot_driver/hook/ament_prefix_path.ps1'
[1.406s] INFO:colcon.colcon_core.shell:Creating environment descriptor '/home/xumeng/robot1_ws/install/robot_driver/share/robot_driver/hook/ament_prefix_path.dsv'
[1.408s] INFO:colcon.colcon_core.shell:Creating environment hook '/home/xumeng/robot1_ws/install/robot_driver/share/robot_driver/hook/ament_prefix_path.sh'
[1.410s] INFO:colcon.colcon_core.shell:Skip shell extension 'powershell' for command environment: Not usable outside of PowerShell
[1.410s] DEBUG:colcon.colcon_core.shell:Skip shell extension 'dsv' for command environment
[1.418s] INFO:colcon.colcon_ros.task.ament_cmake.build:Building ROS package in '/home/xumeng/robot1_ws/src/ydlidar_ros2_driver' with build type 'ament_cmake'
[1.419s] INFO:colcon.colcon_cmake.task.cmake.build:Building CMake package in '/home/xumeng/robot1_ws/src/ydlidar_ros2_driver'
[1.420s] INFO:colcon.colcon_core.shell:Skip shell extension 'powershell' for command environment: Not usable outside of PowerShell
[1.420s] DEBUG:colcon.colcon_core.shell:Skip shell extension 'dsv' for command environment
[1.439s] DEBUG:colcon.colcon_core.event_handler.log_command:Invoking command in '/home/xumeng/robot1_ws/build/gimbal_control_cpp': CMAKE_PREFIX_PATH=/opt/ros/humble /usr/bin/cmake --build /home/xumeng/robot1_ws/build/gimbal_control_cpp -- -j4 -l4
[1.447s] DEBUG:colcon.colcon_core.event_handler.log_command:Invoking command in '/home/xumeng/robot1_ws/build/robot1_nav': CMAKE_PREFIX_PATH=/opt/ros/humble /usr/bin/cmake --build /home/xumeng/robot1_ws/build/robot1_nav -- -j4 -l4
[2.380s] INFO:colcon.colcon_core.task.python.build:Building Python package in '/home/xumeng/robot1_ws/src/robot_driver'
[2.381s] INFO:colcon.colcon_core.shell:Skip shell extension 'powershell' for command environment: Not usable outside of PowerShell
[2.381s] DEBUG:colcon.colcon_core.shell:Skip shell extension 'dsv' for command environment
[2.403s] DEBUG:colcon.colcon_core.event_handler.log_command:Invoking command in '/home/xumeng/robot1_ws/build/ydlidar_ros2_driver': CMAKE_PREFIX_PATH=/opt/ros/humble /usr/bin/cmake --build /home/xumeng/robot1_ws/build/ydlidar_ros2_driver -- -j4 -l4
[2.405s] DEBUG:colcon.colcon_core.event_handler.log_command:Invoked command in '/home/xumeng/robot1_ws/build/gimbal_control_cpp' returned '0': CMAKE_PREFIX_PATH=/opt/ros/humble /usr/bin/cmake --build /home/xumeng/robot1_ws/build/gimbal_control_cpp -- -j4 -l4
[2.436s] DEBUG:colcon.colcon_core.event_handler.log_command:Invoking command in '/home/xumeng/robot1_ws/build/gimbal_control_cpp': CMAKE_PREFIX_PATH=/opt/ros/humble /usr/bin/cmake --install /home/xumeng/robot1_ws/build/gimbal_control_cpp
[2.439s] DEBUG:colcon.colcon_core.event_handler.log_command:Invoked command in '/home/xumeng/robot1_ws/build/robot1_nav' returned '0': CMAKE_PREFIX_PATH=/opt/ros/humble /usr/bin/cmake --build /home/xumeng/robot1_ws/build/robot1_nav -- -j4 -l4
[2.443s] DEBUG:colcon.colcon_core.event_handler.log_command:Invoking command in '/home/xumeng/robot1_ws/build/robot1_nav': CMAKE_PREFIX_PATH=/opt/ros/humble /usr/bin/cmake --install /home/xumeng/robot1_ws/build/robot1_nav
[2.508s] Level 1:colcon.colcon_core.environment:create_environment_scripts_only(robot1_nav)
[2.515s] Level 1:colcon.colcon_core.environment:checking '/home/xumeng/robot1_ws/install/robot1_nav' for CMake module files
[2.517s] DEBUG:colcon.colcon_core.event_handler.log_command:Invoked command in '/home/xumeng/robot1_ws/build/robot1_nav' returned '0': CMAKE_PREFIX_PATH=/opt/ros/humble /usr/bin/cmake --install /home/xumeng/robot1_ws/build/robot1_nav
[2.519s] Level 1:colcon.colcon_core.environment:checking '/home/xumeng/robot1_ws/install/robot1_nav' for CMake config files
[2.521s] Level 1:colcon.colcon_core.shell:create_environment_hook('robot1_nav', 'cmake_prefix_path')
[2.522s] INFO:colcon.colcon_core.shell:Creating environment hook '/home/xumeng/robot1_ws/install/robot1_nav/share/robot1_nav/hook/cmake_prefix_path.ps1'
[2.523s] INFO:colcon.colcon_core.shell:Creating environment descriptor '/home/xumeng/robot1_ws/install/robot1_nav/share/robot1_nav/hook/cmake_prefix_path.dsv'
[2.524s] INFO:colcon.colcon_core.shell:Creating environment hook '/home/xumeng/robot1_ws/install/robot1_nav/share/robot1_nav/hook/cmake_prefix_path.sh'
[2.526s] Level 1:colcon.colcon_core.environment:checking '/home/xumeng/robot1_ws/install/robot1_nav/bin'
[2.527s] Level 1:colcon.colcon_core.environment:checking '/home/xumeng/robot1_ws/install/robot1_nav/lib/pkgconfig/robot1_nav.pc'
[2.527s] Level 1:colcon.colcon_core.environment:checking '/home/xumeng/robot1_ws/install/robot1_nav/lib/python3.10/site-packages'
[2.528s] Level 1:colcon.colcon_core.environment:checking '/home/xumeng/robot1_ws/install/robot1_nav/bin'
[2.529s] INFO:colcon.colcon_core.shell:Creating package script '/home/xumeng/robot1_ws/install/robot1_nav/share/robot1_nav/package.ps1'
[2.534s] INFO:colcon.colcon_core.shell:Creating package descriptor '/home/xumeng/robot1_ws/install/robot1_nav/share/robot1_nav/package.dsv'
[2.536s] INFO:colcon.colcon_core.shell:Creating package script '/home/xumeng/robot1_ws/install/robot1_nav/share/robot1_nav/package.sh'
[2.539s] INFO:colcon.colcon_core.shell:Creating package script '/home/xumeng/robot1_ws/install/robot1_nav/share/robot1_nav/package.bash'
[2.541s] INFO:colcon.colcon_core.shell:Creating package script '/home/xumeng/robot1_ws/install/robot1_nav/share/robot1_nav/package.zsh'
[2.543s] Level 1:colcon.colcon_core.environment:create_file_with_runtime_dependencies(/home/xumeng/robot1_ws/install/robot1_nav/share/colcon-core/packages/robot1_nav)
[2.545s] Level 1:colcon.colcon_core.environment:create_environment_scripts_only(robot1_nav)
[2.546s] Level 1:colcon.colcon_core.environment:checking '/home/xumeng/robot1_ws/install/robot1_nav' for CMake module files
[2.547s] Level 1:colcon.colcon_core.environment:checking '/home/xumeng/robot1_ws/install/robot1_nav' for CMake config files
[2.549s] Level 1:colcon.colcon_core.shell:create_environment_hook('robot1_nav', 'cmake_prefix_path')
[2.549s] INFO:colcon.colcon_core.shell:Creating environment hook '/home/xumeng/robot1_ws/install/robot1_nav/share/robot1_nav/hook/cmake_prefix_path.ps1'
[2.551s] INFO:colcon.colcon_core.shell:Creating environment descriptor '/home/xumeng/robot1_ws/install/robot1_nav/share/robot1_nav/hook/cmake_prefix_path.dsv'
[2.553s] INFO:colcon.colcon_core.shell:Creating environment hook '/home/xumeng/robot1_ws/install/robot1_nav/share/robot1_nav/hook/cmake_prefix_path.sh'
[2.555s] Level 1:colcon.colcon_core.environment:checking '/home/xumeng/robot1_ws/install/robot1_nav/bin'
[2.555s] Level 1:colcon.colcon_core.environment:checking '/home/xumeng/robot1_ws/install/robot1_nav/lib/pkgconfig/robot1_nav.pc'
[2.556s] Level 1:colcon.colcon_core.environment:checking '/home/xumeng/robot1_ws/install/robot1_nav/lib/python3.10/site-packages'
[2.557s] Level 1:colcon.colcon_core.environment:checking '/home/xumeng/robot1_ws/install/robot1_nav/bin'
[2.558s] INFO:colcon.colcon_core.shell:Creating package script '/home/xumeng/robot1_ws/install/robot1_nav/share/robot1_nav/package.ps1'
[2.560s] INFO:colcon.colcon_core.shell:Creating package descriptor '/home/xumeng/robot1_ws/install/robot1_nav/share/robot1_nav/package.dsv'
[2.562s] INFO:colcon.colcon_core.shell:Creating package script '/home/xumeng/robot1_ws/install/robot1_nav/share/robot1_nav/package.sh'
[2.563s] INFO:colcon.colcon_core.shell:Creating package script '/home/xumeng/robot1_ws/install/robot1_nav/share/robot1_nav/package.bash'
[2.564s] INFO:colcon.colcon_core.shell:Creating package script '/home/xumeng/robot1_ws/install/robot1_nav/share/robot1_nav/package.zsh'
[2.566s] Level 1:colcon.colcon_core.environment:create_file_with_runtime_dependencies(/home/xumeng/robot1_ws/install/robot1_nav/share/colcon-core/packages/robot1_nav)
[2.572s] Level 1:colcon.colcon_core.environment:create_environment_scripts_only(gimbal_control_cpp)
[2.572s] DEBUG:colcon.colcon_core.event_handler.log_command:Invoked command in '/home/xumeng/robot1_ws/build/gimbal_control_cpp' returned '0': CMAKE_PREFIX_PATH=/opt/ros/humble /usr/bin/cmake --install /home/xumeng/robot1_ws/build/gimbal_control_cpp
[2.573s] Level 1:colcon.colcon_core.environment:checking '/home/xumeng/robot1_ws/install/gimbal_control_cpp' for CMake module files
[2.575s] Level 1:colcon.colcon_core.environment:checking '/home/xumeng/robot1_ws/install/gimbal_control_cpp' for CMake config files
[2.576s] Level 1:colcon.colcon_core.shell:create_environment_hook('gimbal_control_cpp', 'cmake_prefix_path')
[2.577s] INFO:colcon.colcon_core.shell:Creating environment hook '/home/xumeng/robot1_ws/install/gimbal_control_cpp/share/gimbal_control_cpp/hook/cmake_prefix_path.ps1'
[2.579s] INFO:colcon.colcon_core.shell:Creating environment descriptor '/home/xumeng/robot1_ws/install/gimbal_control_cpp/share/gimbal_control_cpp/hook/cmake_prefix_path.dsv'
[2.580s] INFO:colcon.colcon_core.shell:Creating environment hook '/home/xumeng/robot1_ws/install/gimbal_control_cpp/share/gimbal_control_cpp/hook/cmake_prefix_path.sh'
[2.582s] Level 1:colcon.colcon_core.environment:checking '/home/xumeng/robot1_ws/install/gimbal_control_cpp/lib'
[2.583s] Level 1:colcon.colcon_core.environment:checking '/home/xumeng/robot1_ws/install/gimbal_control_cpp/bin'
[2.583s] Level 1:colcon.colcon_core.environment:checking '/home/xumeng/robot1_ws/install/gimbal_control_cpp/lib/pkgconfig/gimbal_control_cpp.pc'
[2.584s] Level 1:colcon.colcon_core.environment:checking '/home/xumeng/robot1_ws/install/gimbal_control_cpp/lib/python3.10/site-packages'
[2.585s] Level 1:colcon.colcon_core.environment:checking '/home/xumeng/robot1_ws/install/gimbal_control_cpp/bin'
[2.587s] INFO:colcon.colcon_core.shell:Creating package script '/home/xumeng/robot1_ws/install/gimbal_control_cpp/share/gimbal_control_cpp/package.ps1'
[2.589s] INFO:colcon.colcon_core.shell:Creating package descriptor '/home/xumeng/robot1_ws/install/gimbal_control_cpp/share/gimbal_control_cpp/package.dsv'
[2.590s] INFO:colcon.colcon_core.shell:Creating package script '/home/xumeng/robot1_ws/install/gimbal_control_cpp/share/gimbal_control_cpp/package.sh'
[2.592s] INFO:colcon.colcon_core.shell:Creating package script '/home/xumeng/robot1_ws/install/gimbal_control_cpp/share/gimbal_control_cpp/package.bash'
[2.593s] INFO:colcon.colcon_core.shell:Creating package script '/home/xumeng/robot1_ws/install/gimbal_control_cpp/share/gimbal_control_cpp/package.zsh'
[2.594s] Level 1:colcon.colcon_core.environment:create_file_with_runtime_dependencies(/home/xumeng/robot1_ws/install/gimbal_control_cpp/share/colcon-core/packages/gimbal_control_cpp)
[2.596s] Level 1:colcon.colcon_core.environment:create_environment_scripts_only(gimbal_control_cpp)
[2.597s] Level 1:colcon.colcon_core.environment:checking '/home/xumeng/robot1_ws/install/gimbal_control_cpp' for CMake module files
[2.598s] Level 1:colcon.colcon_core.environment:checking '/home/xumeng/robot1_ws/install/gimbal_control_cpp' for CMake config files
[2.599s] Level 1:colcon.colcon_core.shell:create_environment_hook('gimbal_control_cpp', 'cmake_prefix_path')
[2.600s] INFO:colcon.colcon_core.shell:Creating environment hook '/home/xumeng/robot1_ws/install/gimbal_control_cpp/share/gimbal_control_cpp/hook/cmake_prefix_path.ps1'
[2.601s] INFO:colcon.colcon_core.shell:Creating environment descriptor '/home/xumeng/robot1_ws/install/gimbal_control_cpp/share/gimbal_control_cpp/hook/cmake_prefix_path.dsv'
[2.604s] INFO:colcon.colcon_core.shell:Creating environment hook '/home/xumeng/robot1_ws/install/gimbal_control_cpp/share/gimbal_control_cpp/hook/cmake_prefix_path.sh'
[2.605s] Level 1:colcon.colcon_core.environment:checking '/home/xumeng/robot1_ws/install/gimbal_control_cpp/lib'
[2.606s] Level 1:colcon.colcon_core.environment:checking '/home/xumeng/robot1_ws/install/gimbal_control_cpp/bin'
[2.606s] Level 1:colcon.colcon_core.environment:checking '/home/xumeng/robot1_ws/install/gimbal_control_cpp/lib/pkgconfig/gimbal_control_cpp.pc'
[2.607s] Level 1:colcon.colcon_core.environment:checking '/home/xumeng/robot1_ws/install/gimbal_control_cpp/lib/python3.10/site-packages'
[2.608s] Level 1:colcon.colcon_core.environment:checking '/home/xumeng/robot1_ws/install/gimbal_control_cpp/bin'
[2.609s] INFO:colcon.colcon_core.shell:Creating package script '/home/xumeng/robot1_ws/install/gimbal_control_cpp/share/gimbal_control_cpp/package.ps1'
[2.611s] INFO:colcon.colcon_core.shell:Creating package descriptor '/home/xumeng/robot1_ws/install/gimbal_control_cpp/share/gimbal_control_cpp/package.dsv'
[2.612s] INFO:colcon.colcon_core.shell:Creating package script '/home/xumeng/robot1_ws/install/gimbal_control_cpp/share/gimbal_control_cpp/package.sh'
[2.614s] INFO:colcon.colcon_core.shell:Creating package script '/home/xumeng/robot1_ws/install/gimbal_control_cpp/share/gimbal_control_cpp/package.bash'
[2.615s] INFO:colcon.colcon_core.shell:Creating package script '/home/xumeng/robot1_ws/install/gimbal_control_cpp/share/gimbal_control_cpp/package.zsh'
[2.616s] Level 1:colcon.colcon_core.environment:create_file_with_runtime_dependencies(/home/xumeng/robot1_ws/install/gimbal_control_cpp/share/colcon-core/packages/gimbal_control_cpp)
[2.619s] INFO:colcon.colcon_ros.task.ament_python.build:Building ROS package in '/home/xumeng/robot1_ws/src/robot1_soldier' with build type 'ament_python'
[2.620s] Level 1:colcon.colcon_core.shell:create_environment_hook('robot1_soldier', 'ament_prefix_path')
[2.621s] INFO:colcon.colcon_core.shell:Creating environment hook '/home/xumeng/robot1_ws/install/robot1_soldier/share/robot1_soldier/hook/ament_prefix_path.ps1'
[2.622s] INFO:colcon.colcon_core.shell:Creating environment descriptor '/home/xumeng/robot1_ws/install/robot1_soldier/share/robot1_soldier/hook/ament_prefix_path.dsv'
[2.624s] INFO:colcon.colcon_core.shell:Creating environment hook '/home/xumeng/robot1_ws/install/robot1_soldier/share/robot1_soldier/hook/ament_prefix_path.sh'
[2.625s] INFO:colcon.colcon_core.shell:Skip shell extension 'powershell' for command environment: Not usable outside of PowerShell
[2.626s] DEBUG:colcon.colcon_core.shell:Skip shell extension 'dsv' for command environment
[3.582s] INFO:colcon.colcon_core.task.python.build:Building Python package in '/home/xumeng/robot1_ws/src/robot1_soldier'
[3.584s] INFO:colcon.colcon_core.shell:Skip shell extension 'powershell' for command environment: Not usable outside of PowerShell
[3.584s] DEBUG:colcon.colcon_core.shell:Skip shell extension 'dsv' for command environment
[3.594s] DEBUG:colcon.colcon_core.event_handler.log_command:Invoked command in '/home/xumeng/robot1_ws/build/ydlidar_ros2_driver' returned '0': CMAKE_PREFIX_PATH=/opt/ros/humble /usr/bin/cmake --build /home/xumeng/robot1_ws/build/ydlidar_ros2_driver -- -j4 -l4
[3.598s] DEBUG:colcon.colcon_core.event_handler.log_command:Invoking command in '/home/xumeng/robot1_ws/build/ydlidar_ros2_driver': CMAKE_PREFIX_PATH=/opt/ros/humble /usr/bin/cmake --install /home/xumeng/robot1_ws/build/ydlidar_ros2_driver
[3.681s] Level 1:colcon.colcon_core.environment:create_environment_scripts_only(ydlidar_ros2_driver)
[3.682s] Level 1:colcon.colcon_core.environment:checking '/home/xumeng/robot1_ws/install/ydlidar_ros2_driver' for CMake module files
[3.683s] DEBUG:colcon.colcon_core.event_handler.log_command:Invoked command in '/home/xumeng/robot1_ws/build/ydlidar_ros2_driver' returned '0': CMAKE_PREFIX_PATH=/opt/ros/humble /usr/bin/cmake --install /home/xumeng/robot1_ws/build/ydlidar_ros2_driver
[3.685s] Level 1:colcon.colcon_core.environment:checking '/home/xumeng/robot1_ws/install/ydlidar_ros2_driver' for CMake config files
[3.687s] Level 1:colcon.colcon_core.shell:create_environment_hook('ydlidar_ros2_driver', 'cmake_prefix_path')
[3.687s] INFO:colcon.colcon_core.shell:Creating environment hook '/home/xumeng/robot1_ws/install/ydlidar_ros2_driver/share/ydlidar_ros2_driver/hook/cmake_prefix_path.ps1'
[3.690s] INFO:colcon.colcon_core.shell:Creating environment descriptor '/home/xumeng/robot1_ws/install/ydlidar_ros2_driver/share/ydlidar_ros2_driver/hook/cmake_prefix_path.dsv'
[3.691s] INFO:colcon.colcon_core.shell:Creating environment hook '/home/xumeng/robot1_ws/install/ydlidar_ros2_driver/share/ydlidar_ros2_driver/hook/cmake_prefix_path.sh'
[3.693s] Level 1:colcon.colcon_core.environment:checking '/home/xumeng/robot1_ws/install/ydlidar_ros2_driver/lib'
[3.693s] Level 1:colcon.colcon_core.environment:checking '/home/xumeng/robot1_ws/install/ydlidar_ros2_driver/bin'
[3.694s] Level 1:colcon.colcon_core.environment:checking '/home/xumeng/robot1_ws/install/ydlidar_ros2_driver/lib/pkgconfig/ydlidar_ros2_driver.pc'
[3.695s] Level 1:colcon.colcon_core.environment:checking '/home/xumeng/robot1_ws/install/ydlidar_ros2_driver/lib/python3.10/site-packages'
[3.696s] Level 1:colcon.colcon_core.environment:checking '/home/xumeng/robot1_ws/install/ydlidar_ros2_driver/bin'
[3.699s] INFO:colcon.colcon_core.shell:Creating package script '/home/xumeng/robot1_ws/install/ydlidar_ros2_driver/share/ydlidar_ros2_driver/package.ps1'
[3.702s] INFO:colcon.colcon_core.shell:Creating package descriptor '/home/xumeng/robot1_ws/install/ydlidar_ros2_driver/share/ydlidar_ros2_driver/package.dsv'
[3.705s] INFO:colcon.colcon_core.shell:Creating package script '/home/xumeng/robot1_ws/install/ydlidar_ros2_driver/share/ydlidar_ros2_driver/package.sh'
[3.707s] INFO:colcon.colcon_core.shell:Creating package script '/home/xumeng/robot1_ws/install/ydlidar_ros2_driver/share/ydlidar_ros2_driver/package.bash'
[3.708s] INFO:colcon.colcon_core.shell:Creating package script '/home/xumeng/robot1_ws/install/ydlidar_ros2_driver/share/ydlidar_ros2_driver/package.zsh'
[3.710s] Level 1:colcon.colcon_core.environment:create_file_with_runtime_dependencies(/home/xumeng/robot1_ws/install/ydlidar_ros2_driver/share/colcon-core/packages/ydlidar_ros2_driver)
[3.712s] Level 1:colcon.colcon_core.environment:create_environment_scripts_only(ydlidar_ros2_driver)
[3.713s] Level 1:colcon.colcon_core.environment:checking '/home/xumeng/robot1_ws/install/ydlidar_ros2_driver' for CMake module files
[3.716s] Level 1:colcon.colcon_core.environment:checking '/home/xumeng/robot1_ws/install/ydlidar_ros2_driver' for CMake config files
[3.720s] Level 1:colcon.colcon_core.shell:create_environment_hook('ydlidar_ros2_driver', 'cmake_prefix_path')
[3.722s] INFO:colcon.colcon_core.shell:Creating environment hook '/home/xumeng/robot1_ws/install/ydlidar_ros2_driver/share/ydlidar_ros2_driver/hook/cmake_prefix_path.ps1'
[3.725s] INFO:colcon.colcon_core.shell:Creating environment descriptor '/home/xumeng/robot1_ws/install/ydlidar_ros2_driver/share/ydlidar_ros2_driver/hook/cmake_prefix_path.dsv'
[3.728s] INFO:colcon.colcon_core.shell:Creating environment hook '/home/xumeng/robot1_ws/install/ydlidar_ros2_driver/share/ydlidar_ros2_driver/hook/cmake_prefix_path.sh'
[3.730s] Level 1:colcon.colcon_core.environment:checking '/home/xumeng/robot1_ws/install/ydlidar_ros2_driver/lib'
[3.730s] Level 1:colcon.colcon_core.environment:checking '/home/xumeng/robot1_ws/install/ydlidar_ros2_driver/bin'
[3.731s] Level 1:colcon.colcon_core.environment:checking '/home/xumeng/robot1_ws/install/ydlidar_ros2_driver/lib/pkgconfig/ydlidar_ros2_driver.pc'
[3.731s] Level 1:colcon.colcon_core.environment:checking '/home/xumeng/robot1_ws/install/ydlidar_ros2_driver/lib/python3.10/site-packages'
[3.733s] Level 1:colcon.colcon_core.environment:checking '/home/xumeng/robot1_ws/install/ydlidar_ros2_driver/bin'
[3.735s] INFO:colcon.colcon_core.shell:Creating package script '/home/xumeng/robot1_ws/install/ydlidar_ros2_driver/share/ydlidar_ros2_driver/package.ps1'
[3.739s] INFO:colcon.colcon_core.shell:Creating package descriptor '/home/xumeng/robot1_ws/install/ydlidar_ros2_driver/share/ydlidar_ros2_driver/package.dsv'
[3.740s] INFO:colcon.colcon_core.shell:Creating package script '/home/xumeng/robot1_ws/install/ydlidar_ros2_driver/share/ydlidar_ros2_driver/package.sh'
[3.742s] INFO:colcon.colcon_core.shell:Creating package script '/home/xumeng/robot1_ws/install/ydlidar_ros2_driver/share/ydlidar_ros2_driver/package.bash'
[3.744s] INFO:colcon.colcon_core.shell:Creating package script '/home/xumeng/robot1_ws/install/ydlidar_ros2_driver/share/ydlidar_ros2_driver/package.zsh'
[3.746s] Level 1:colcon.colcon_core.environment:create_file_with_runtime_dependencies(/home/xumeng/robot1_ws/install/ydlidar_ros2_driver/share/colcon-core/packages/ydlidar_ros2_driver)
[3.748s] DEBUG:colcon.colcon_core.task.python.build:Available setuptools commands: develop, saveopts, test, check, build_ext, egg_info, bdist, install_data, clean, build, register, install_scripts, sdist, install, build_clib, rotate, upload_docs, bdist_rpm, bdist_wheel, setopt, build_scripts, install_headers, init_catalog, alias, install_egg_info, symlink_data, bdist_dumb, bdist_egg, easy_install, build_py, install_lib, compile_catalog, upload, extract_messages, update_catalog, dist_info
[4.753s] DEBUG:colcon.colcon_core.task.python.build:Available setuptools 'develop' options: --no-user-cfg, --force-installation-into-system-dir, --quiet, --multi-version, --build-directory, --always-copy, --local-snapshots-ok, --index-url, --editable, --optimize, --allow-hosts, --always-unzip, --help, --no-find-links, --user, --upgrade, --version, --install-dir, --script-dir, --record, --exclude-scripts, --find-links, --verbose, --no-deps, --dry-run, --egg-path, --site-dirs, --install-layout, --uninstall, --zip-ok, --prefix
[4.757s] DEBUG:colcon.colcon_core.event_handler.log_command:Invoking command in '/home/xumeng/robot1_ws/build/robot_driver': PYTHONPATH=/home/xumeng/robot1_ws/build/robot_driver/prefix_override:/usr/lib/python3/dist-packages/colcon_core/task/python/colcon_distutils_commands:/home/xumeng/robot1_ws/install/robot_driver/lib/python3.10/site-packages:${PYTHONPATH} /usr/bin/python3 -W ignore:setup.py install is deprecated -W ignore:easy_install command is deprecated setup.py develop --editable --build-directory /home/xumeng/robot1_ws/build/robot_driver/build --no-deps symlink_data
[4.864s] DEBUG:colcon.colcon_core.task.python.build:Available setuptools commands: develop, saveopts, test, check, build_ext, egg_info, bdist, install_data, clean, build, register, install_scripts, sdist, install, build_clib, rotate, upload_docs, bdist_rpm, bdist_wheel, setopt, build_scripts, install_headers, init_catalog, alias, install_egg_info, symlink_data, bdist_dumb, bdist_egg, easy_install, build_py, install_lib, compile_catalog, upload, extract_messages, update_catalog, dist_info
[5.873s] DEBUG:colcon.colcon_core.task.python.build:Available setuptools 'develop' options: --no-user-cfg, --force-installation-into-system-dir, --quiet, --multi-version, --build-directory, --always-copy, --local-snapshots-ok, --index-url, --editable, --optimize, --allow-hosts, --always-unzip, --help, --no-find-links, --user, --upgrade, --version, --install-dir, --script-dir, --record, --exclude-scripts, --find-links, --verbose, --no-deps, --dry-run, --egg-path, --site-dirs, --install-layout, --uninstall, --zip-ok, --prefix
[5.878s] DEBUG:colcon.colcon_core.event_handler.log_command:Invoking command in '/home/xumeng/robot1_ws/build/robot1_soldier': AMENT_PREFIX_PATH=/home/xumeng/robot1_ws/install/gimbal_control_cpp:${AMENT_PREFIX_PATH} CMAKE_PREFIX_PATH=/home/xumeng/robot1_ws/install/gimbal_control_cpp PYTHONPATH=/home/xumeng/robot1_ws/build/robot1_soldier/prefix_override:/usr/lib/python3/dist-packages/colcon_core/task/python/colcon_distutils_commands:/home/xumeng/robot1_ws/install/robot1_soldier/lib/python3.10/site-packages:${PYTHONPATH} /usr/bin/python3 -W ignore:setup.py install is deprecated -W ignore:easy_install command is deprecated setup.py develop --editable --build-directory /home/xumeng/robot1_ws/build/robot1_soldier/build --no-deps symlink_data
[6.959s] Level 1:colcon.colcon_core.shell:create_environment_hook('robot_driver', 'pythonpath_develop')
[6.961s] INFO:colcon.colcon_core.shell:Creating environment hook '/home/xumeng/robot1_ws/build/robot_driver/share/robot_driver/hook/pythonpath_develop.ps1'
[6.962s] INFO:colcon.colcon_core.shell:Creating environment descriptor '/home/xumeng/robot1_ws/build/robot_driver/share/robot_driver/hook/pythonpath_develop.dsv'
[6.964s] INFO:colcon.colcon_core.shell:Creating environment hook '/home/xumeng/robot1_ws/build/robot_driver/share/robot_driver/hook/pythonpath_develop.sh'
[6.965s] Level 1:colcon.colcon_core.environment:checking '/home/xumeng/robot1_ws/install/robot_driver' for CMake module files
[6.967s] DEBUG:colcon.colcon_core.event_handler.log_command:Invoked command in '/home/xumeng/robot1_ws/build/robot_driver' returned '0': PYTHONPATH=/home/xumeng/robot1_ws/build/robot_driver/prefix_override:/usr/lib/python3/dist-packages/colcon_core/task/python/colcon_distutils_commands:/home/xumeng/robot1_ws/install/robot_driver/lib/python3.10/site-packages:${PYTHONPATH} /usr/bin/python3 -W ignore:setup.py install is deprecated -W ignore:easy_install command is deprecated setup.py develop --editable --build-directory /home/xumeng/robot1_ws/build/robot_driver/build --no-deps symlink_data
[6.967s] Level 1:colcon.colcon_core.environment:checking '/home/xumeng/robot1_ws/install/robot_driver' for CMake config files
[6.969s] Level 1:colcon.colcon_core.environment:checking '/home/xumeng/robot1_ws/install/robot_driver/lib'
[6.969s] Level 1:colcon.colcon_core.environment:checking '/home/xumeng/robot1_ws/install/robot_driver/bin'
[6.970s] Level 1:colcon.colcon_core.environment:checking '/home/xumeng/robot1_ws/install/robot_driver/lib/pkgconfig/robot_driver.pc'
[6.970s] Level 1:colcon.colcon_core.environment:checking '/home/xumeng/robot1_ws/install/robot_driver/lib/python3.10/site-packages'
[6.971s] Level 1:colcon.colcon_core.shell:create_environment_hook('robot_driver', 'pythonpath')
[6.971s] INFO:colcon.colcon_core.shell:Creating environment hook '/home/xumeng/robot1_ws/install/robot_driver/share/robot_driver/hook/pythonpath.ps1'
[6.973s] INFO:colcon.colcon_core.shell:Creating environment descriptor '/home/xumeng/robot1_ws/install/robot_driver/share/robot_driver/hook/pythonpath.dsv'
[6.974s] INFO:colcon.colcon_core.shell:Creating environment hook '/home/xumeng/robot1_ws/install/robot_driver/share/robot_driver/hook/pythonpath.sh'
[6.976s] Level 1:colcon.colcon_core.environment:checking '/home/xumeng/robot1_ws/install/robot_driver/bin'
[6.977s] Level 1:colcon.colcon_core.environment:create_environment_scripts_only(robot_driver)
[6.978s] INFO:colcon.colcon_core.shell:Creating package script '/home/xumeng/robot1_ws/install/robot_driver/share/robot_driver/package.ps1'
[6.980s] INFO:colcon.colcon_core.shell:Creating package descriptor '/home/xumeng/robot1_ws/install/robot_driver/share/robot_driver/package.dsv'
[6.982s] INFO:colcon.colcon_core.shell:Creating package script '/home/xumeng/robot1_ws/install/robot_driver/share/robot_driver/package.sh'
[6.983s] INFO:colcon.colcon_core.shell:Creating package script '/home/xumeng/robot1_ws/install/robot_driver/share/robot_driver/package.bash'
[6.984s] INFO:colcon.colcon_core.shell:Creating package script '/home/xumeng/robot1_ws/install/robot_driver/share/robot_driver/package.zsh'
[6.986s] Level 1:colcon.colcon_core.environment:create_file_with_runtime_dependencies(/home/xumeng/robot1_ws/install/robot_driver/share/colcon-core/packages/robot_driver)
[7.645s] Level 1:colcon.colcon_core.shell:create_environment_hook('robot1_soldier', 'pythonpath_develop')
[7.646s] INFO:colcon.colcon_core.shell:Creating environment hook '/home/xumeng/robot1_ws/build/robot1_soldier/share/robot1_soldier/hook/pythonpath_develop.ps1'
[7.647s] DEBUG:colcon.colcon_core.event_handler.log_command:Invoked command in '/home/xumeng/robot1_ws/build/robot1_soldier' returned '0': AMENT_PREFIX_PATH=/home/xumeng/robot1_ws/install/gimbal_control_cpp:${AMENT_PREFIX_PATH} CMAKE_PREFIX_PATH=/home/xumeng/robot1_ws/install/gimbal_control_cpp PYTHONPATH=/home/xumeng/robot1_ws/build/robot1_soldier/prefix_override:/usr/lib/python3/dist-packages/colcon_core/task/python/colcon_distutils_commands:/home/xumeng/robot1_ws/install/robot1_soldier/lib/python3.10/site-packages:${PYTHONPATH} /usr/bin/python3 -W ignore:setup.py install is deprecated -W ignore:easy_install command is deprecated setup.py develop --editable --build-directory /home/xumeng/robot1_ws/build/robot1_soldier/build --no-deps symlink_data
[7.649s] INFO:colcon.colcon_core.shell:Creating environment descriptor '/home/xumeng/robot1_ws/build/robot1_soldier/share/robot1_soldier/hook/pythonpath_develop.dsv'
[7.650s] INFO:colcon.colcon_core.shell:Creating environment hook '/home/xumeng/robot1_ws/build/robot1_soldier/share/robot1_soldier/hook/pythonpath_develop.sh'
[7.652s] Level 1:colcon.colcon_core.environment:checking '/home/xumeng/robot1_ws/install/robot1_soldier' for CMake module files
[7.654s] Level 1:colcon.colcon_core.environment:checking '/home/xumeng/robot1_ws/install/robot1_soldier' for CMake config files
[7.656s] Level 1:colcon.colcon_core.environment:checking '/home/xumeng/robot1_ws/install/robot1_soldier/lib'
[7.656s] Level 1:colcon.colcon_core.environment:checking '/home/xumeng/robot1_ws/install/robot1_soldier/bin'
[7.656s] Level 1:colcon.colcon_core.environment:checking '/home/xumeng/robot1_ws/install/robot1_soldier/lib/pkgconfig/robot1_soldier.pc'
[7.657s] Level 1:colcon.colcon_core.environment:checking '/home/xumeng/robot1_ws/install/robot1_soldier/lib/python3.10/site-packages'
[7.657s] Level 1:colcon.colcon_core.shell:create_environment_hook('robot1_soldier', 'pythonpath')
[7.658s] INFO:colcon.colcon_core.shell:Creating environment hook '/home/xumeng/robot1_ws/install/robot1_soldier/share/robot1_soldier/hook/pythonpath.ps1'
[7.659s] INFO:colcon.colcon_core.shell:Creating environment descriptor '/home/xumeng/robot1_ws/install/robot1_soldier/share/robot1_soldier/hook/pythonpath.dsv'
[7.661s] INFO:colcon.colcon_core.shell:Creating environment hook '/home/xumeng/robot1_ws/install/robot1_soldier/share/robot1_soldier/hook/pythonpath.sh'
[7.663s] Level 1:colcon.colcon_core.environment:checking '/home/xumeng/robot1_ws/install/robot1_soldier/bin'
[7.664s] Level 1:colcon.colcon_core.environment:create_environment_scripts_only(robot1_soldier)
[7.665s] INFO:colcon.colcon_core.shell:Creating package script '/home/xumeng/robot1_ws/install/robot1_soldier/share/robot1_soldier/package.ps1'
[7.667s] INFO:colcon.colcon_core.shell:Creating package descriptor '/home/xumeng/robot1_ws/install/robot1_soldier/share/robot1_soldier/package.dsv'
[7.669s] INFO:colcon.colcon_core.shell:Creating package script '/home/xumeng/robot1_ws/install/robot1_soldier/share/robot1_soldier/package.sh'
[7.671s] INFO:colcon.colcon_core.shell:Creating package script '/home/xumeng/robot1_ws/install/robot1_soldier/share/robot1_soldier/package.bash'
[7.672s] INFO:colcon.colcon_core.shell:Creating package script '/home/xumeng/robot1_ws/install/robot1_soldier/share/robot1_soldier/package.zsh'
[7.674s] Level 1:colcon.colcon_core.environment:create_file_with_runtime_dependencies(/home/xumeng/robot1_ws/install/robot1_soldier/share/colcon-core/packages/robot1_soldier)
[7.676s] DEBUG:colcon.colcon_parallel_executor.executor.parallel:closing loop
[7.676s] DEBUG:colcon.colcon_parallel_executor.executor.parallel:loop closed
[7.677s] DEBUG:colcon.colcon_parallel_executor.executor.parallel:run_until_complete finished with '0'
[7.678s] DEBUG:colcon.colcon_core.event_reactor:joining thread
[7.679s] DEBUG:colcon.colcon_core.event_reactor:joined thread
[7.680s] INFO:colcon.colcon_core.shell:Creating prefix script '/home/xumeng/robot1_ws/install/local_setup.ps1'
[7.684s] INFO:colcon.colcon_core.shell:Creating prefix util module '/home/xumeng/robot1_ws/install/_local_setup_util_ps1.py'
[7.688s] INFO:colcon.colcon_core.shell:Creating prefix chain script '/home/xumeng/robot1_ws/install/setup.ps1'
[7.692s] INFO:colcon.colcon_core.shell:Creating prefix script '/home/xumeng/robot1_ws/install/local_setup.sh'
[7.694s] INFO:colcon.colcon_core.shell:Creating prefix util module '/home/xumeng/robot1_ws/install/_local_setup_util_sh.py'
[7.696s] INFO:colcon.colcon_core.shell:Creating prefix chain script '/home/xumeng/robot1_ws/install/setup.sh'
[7.700s] INFO:colcon.colcon_core.shell:Creating prefix script '/home/xumeng/robot1_ws/install/local_setup.bash'
[7.701s] INFO:colcon.colcon_core.shell:Creating prefix chain script '/home/xumeng/robot1_ws/install/setup.bash'
[7.704s] INFO:colcon.colcon_core.shell:Creating prefix script '/home/xumeng/robot1_ws/install/local_setup.zsh'
[7.706s] INFO:colcon.colcon_core.shell:Creating prefix chain script '/home/xumeng/robot1_ws/install/setup.zsh'
