[0.052s] Invoking command in '/home/xumeng/robot1_ws/build/robot1_nav': CMAKE_PREFIX_PATH=/opt/ros/humble /usr/bin/cmake --build /home/xumeng/robot1_ws/build/robot1_nav -- -j4 -l4
[1.044s] Invoked command in '/home/xumeng/robot1_ws/build/robot1_nav' returned '0': CMAKE_PREFIX_PATH=/opt/ros/humble /usr/bin/cmake --build /home/xumeng/robot1_ws/build/robot1_nav -- -j4 -l4
[1.048s] Invoking command in '/home/xumeng/robot1_ws/build/robot1_nav': CMAKE_PREFIX_PATH=/opt/ros/humble /usr/bin/cmake --install /home/xumeng/robot1_ws/build/robot1_nav
[1.069s] -- Install configuration: ""
[1.071s] -- Execute custom install script
[1.074s] -- Up-to-date symlink: /home/xumeng/robot1_ws/install/robot1_nav/share/robot1_nav//launch/__pycache__/nav2_bringup.launch.cpython-310.pyc
[1.074s] -- Up-to-date symlink: /home/xumeng/robot1_ws/install/robot1_nav/share/robot1_nav//launch/nav2_bringup.launch.py
[1.075s] -- Up-to-date symlink: /home/xumeng/robot1_ws/install/robot1_nav/share/robot1_nav//config/nav2_params.yaml
[1.075s] -- Up-to-date symlink: /home/xumeng/robot1_ws/install/robot1_nav/share/robot1_nav//maps/lab_map.pgm
[1.076s] -- Up-to-date symlink: /home/xumeng/robot1_ws/install/robot1_nav/share/robot1_nav//maps/lab_map.yaml
[1.076s] -- Up-to-date symlink: /home/xumeng/robot1_ws/install/robot1_nav/share/robot1_nav//scripts/map_relay.py
[1.076s] -- Up-to-date symlink: /home/xumeng/robot1_ws/install/robot1_nav/share/ament_index/resource_index/package_run_dependencies/robot1_nav
[1.077s] -- Up-to-date symlink: /home/xumeng/robot1_ws/install/robot1_nav/share/ament_index/resource_index/parent_prefix_path/robot1_nav
[1.077s] -- Up-to-date symlink: /home/xumeng/robot1_ws/install/robot1_nav/share/robot1_nav/environment/ament_prefix_path.sh
[1.078s] -- Up-to-date symlink: /home/xumeng/robot1_ws/install/robot1_nav/share/robot1_nav/environment/ament_prefix_path.dsv
[1.083s] -- Up-to-date symlink: /home/xumeng/robot1_ws/install/robot1_nav/share/robot1_nav/environment/path.sh
[1.083s] -- Up-to-date symlink: /home/xumeng/robot1_ws/install/robot1_nav/share/robot1_nav/environment/path.dsv
[1.084s] -- Up-to-date symlink: /home/xumeng/robot1_ws/install/robot1_nav/share/robot1_nav/local_setup.bash
[1.084s] -- Up-to-date symlink: /home/xumeng/robot1_ws/install/robot1_nav/share/robot1_nav/local_setup.sh
[1.084s] -- Up-to-date symlink: /home/xumeng/robot1_ws/install/robot1_nav/share/robot1_nav/local_setup.zsh
[1.085s] -- Up-to-date symlink: /home/xumeng/robot1_ws/install/robot1_nav/share/robot1_nav/local_setup.dsv
[1.085s] -- Symlinking: /home/xumeng/robot1_ws/install/robot1_nav/share/robot1_nav/package.dsv
[1.111s] -- Up-to-date symlink: /home/xumeng/robot1_ws/install/robot1_nav/share/ament_index/resource_index/packages/robot1_nav
[1.111s] -- Up-to-date symlink: /home/xumeng/robot1_ws/install/robot1_nav/share/robot1_nav/cmake/robot1_navConfig.cmake
[1.112s] -- Up-to-date symlink: /home/xumeng/robot1_ws/install/robot1_nav/share/robot1_nav/cmake/robot1_navConfig-version.cmake
[1.112s] -- Up-to-date symlink: /home/xumeng/robot1_ws/install/robot1_nav/share/robot1_nav/package.xml
[1.123s] Invoked command in '/home/xumeng/robot1_ws/build/robot1_nav' returned '0': CMAKE_PREFIX_PATH=/opt/ros/humble /usr/bin/cmake --install /home/xumeng/robot1_ws/build/robot1_nav
