[4.891s] Invoking command in '/home/sunrise/robot1_ws/src/robot_driver': PYTHONPATH=/home/sunrise/robot1_ws/build/robot_driver/prefix_override:/usr/lib/python3/dist-packages/colcon_core/task/python/colcon_distutils_commands:/home/sunrise/robot1_ws/install/robot_driver/lib/python3.10/site-packages:${PYTHONPATH} /usr/bin/python3 -W ignore:setup.py install is deprecated -W ignore:easy_install command is deprecated setup.py egg_info --egg-base ../../build/robot_driver build --build-base /home/sunrise/robot1_ws/build/robot_driver/build install --record /home/sunrise/robot1_ws/build/robot_driver/install.log --install-scripts $base/lib/robot_driver --single-version-externally-managed install_data
[6.147s] /usr/local/lib/python3.10/dist-packages/setuptools/_distutils/dist.py:289: UserWarning: Unknown distribution option: 'tests_require'
[6.147s]   warnings.warn(msg)
[6.781s] running egg_info
[6.876s] writing ../../build/robot_driver/robot_driver.egg-info/PKG-INFO
[6.879s] writing dependency_links to ../../build/robot_driver/robot_driver.egg-info/dependency_links.txt
[6.881s] writing requirements to ../../build/robot_driver/robot_driver.egg-info/requires.txt
[6.882s] writing top-level names to ../../build/robot_driver/robot_driver.egg-info/top_level.txt
[7.107s] reading manifest file '../../build/robot_driver/robot_driver.egg-info/SOURCES.txt'
[7.124s] writing manifest file '../../build/robot_driver/robot_driver.egg-info/SOURCES.txt'
[7.154s] running build
[7.155s] running build_py
[7.156s] copying robot_driver/__init__.py -> /home/sunrise/robot1_ws/build/robot_driver/build/lib/robot_driver
[7.158s] copying robot_driver/robot_driver_node.py -> /home/sunrise/robot1_ws/build/robot_driver/build/lib/robot_driver
[7.160s] running install
[7.203s] running install_lib
[7.314s] running install_data
[7.316s] copying resource/robot_driver -> /home/sunrise/robot1_ws/install/robot_driver/share/ament_index/resource_index/packages
[7.318s] copying package.xml -> /home/sunrise/robot1_ws/install/robot_driver/share/robot_driver
[7.319s] running install_egg_info
[7.430s] removing '/home/sunrise/robot1_ws/install/robot_driver/lib/python3.10/site-packages/robot_driver-0.0.0-py3.10.egg-info' (and everything under it)
[7.432s] Copying ../../build/robot_driver/robot_driver.egg-info to /home/sunrise/robot1_ws/install/robot_driver/lib/python3.10/site-packages/robot_driver-0.0.0-py3.10.egg-info
[7.436s] running install_scripts
[7.684s] writing list of installed files to '/home/sunrise/robot1_ws/build/robot_driver/install.log'
[7.921s] Invoked command in '/home/sunrise/robot1_ws/src/robot_driver' returned '0': PYTHONPATH=/home/sunrise/robot1_ws/build/robot_driver/prefix_override:/usr/lib/python3/dist-packages/colcon_core/task/python/colcon_distutils_commands:/home/sunrise/robot1_ws/install/robot_driver/lib/python3.10/site-packages:${PYTHONPATH} /usr/bin/python3 -W ignore:setup.py install is deprecated -W ignore:easy_install command is deprecated setup.py egg_info --egg-base ../../build/robot_driver build --build-base /home/sunrise/robot1_ws/build/robot_driver/build install --record /home/sunrise/robot1_ws/build/robot_driver/install.log --install-scripts $base/lib/robot_driver --single-version-externally-managed install_data
