[0.493s] DEBUG:colcon:Command line arguments: ['/usr/bin/colcon', 'build', '--symlink-install', '--packages-select', 'ydlidar_ros2_driver']
[0.493s] DEBUG:colcon:Parsed command line arguments: Namespace(log_base=None, log_level=None, verb_name='build', build_base='build', install_base='install', merge_install=False, symlink_install=True, test_result_base=None, continue_on_error=False, executor='parallel', parallel_workers=4, event_handlers=None, ignore_user_meta=False, metas=['./colcon.meta'], base_paths=['.'], packages_ignore=None, packages_ignore_regex=None, paths=None, packages_up_to=None, packages_up_to_regex=None, packages_above=None, packages_above_and_dependencies=None, packages_above_depth=None, packages_select_by_dep=None, packages_skip_by_dep=None, packages_skip_up_to=None, packages_select_build_failed=False, packages_skip_build_finished=False, packages_select_test_failures=False, packages_skip_test_passed=False, packages_select=['ydlidar_ros2_driver'], packages_skip=None, packages_select_regex=None, packages_skip_regex=None, packages_start=None, packages_end=None, allow_overriding=[], cmake_args=None, cmake_target=None, cmake_target_skip_unavailable=False, cmake_clean_cache=False, cmake_clean_first=False, cmake_force_configure=False, ament_cmake_args=None, catkin_cmake_args=None, catkin_skip_building_tests=False, mixin_files=None, mixin=None, verb_parser=<colcon_mixin.mixin.mixin_argument.MixinArgumentDecorator object at 0xffff9a504190>, verb_extension=<colcon_core.verb.build.BuildVerb object at 0xffff9a4d3ac0>, main=<bound method BuildVerb.main of <colcon_core.verb.build.BuildVerb object at 0xffff9a4d3ac0>>, mixin_verb=('build',))
[1.502s] Level 1:colcon.colcon_core.package_discovery:discover_packages(colcon_meta) check parameters
[1.503s] Level 1:colcon.colcon_core.package_discovery:discover_packages(recursive) check parameters
[1.504s] Level 1:colcon.colcon_core.package_discovery:discover_packages(ignore) check parameters
[1.504s] Level 1:colcon.colcon_core.package_discovery:discover_packages(path) check parameters
[1.504s] Level 1:colcon.colcon_core.package_discovery:discover_packages(colcon_meta) discover
[1.504s] Level 1:colcon.colcon_core.package_discovery:discover_packages(recursive) discover
[1.504s] INFO:colcon.colcon_core.package_discovery:Crawling recursively for packages in '/home/xumeng/robot1_ws'
[1.505s] Level 1:colcon.colcon_core.package_identification:_identify(.) by extensions ['ignore', 'ignore_ament_install']
[1.505s] Level 1:colcon.colcon_core.package_identification:_identify(.) by extension 'ignore'
[1.505s] Level 1:colcon.colcon_core.package_identification:_identify(.) by extension 'ignore_ament_install'
[1.506s] Level 1:colcon.colcon_core.package_identification:_identify(.) by extensions ['colcon_pkg']
[1.506s] Level 1:colcon.colcon_core.package_identification:_identify(.) by extension 'colcon_pkg'
[1.506s] Level 1:colcon.colcon_core.package_identification:_identify(.) by extensions ['colcon_meta']
[1.506s] Level 1:colcon.colcon_core.package_identification:_identify(.) by extension 'colcon_meta'
[1.506s] Level 1:colcon.colcon_core.package_identification:_identify(.) by extensions ['ros']
[1.507s] Level 1:colcon.colcon_core.package_identification:_identify(.) by extension 'ros'
[1.581s] Level 1:colcon.colcon_core.package_identification:_identify(.) by extensions ['cmake', 'python']
[1.582s] Level 1:colcon.colcon_core.package_identification:_identify(.) by extension 'cmake'
[1.582s] Level 1:colcon.colcon_core.package_identification:_identify(.) by extension 'python'
[1.582s] Level 1:colcon.colcon_core.package_identification:_identify(.) by extensions ['python_setup_py']
[1.582s] Level 1:colcon.colcon_core.package_identification:_identify(.) by extension 'python_setup_py'
[1.583s] Level 1:colcon.colcon_core.package_identification:_identify(build) by extensions ['ignore', 'ignore_ament_install']
[1.583s] Level 1:colcon.colcon_core.package_identification:_identify(build) by extension 'ignore'
[1.583s] Level 1:colcon.colcon_core.package_identification:_identify(build) ignored
[1.584s] Level 1:colcon.colcon_core.package_identification:_identify(install) by extensions ['ignore', 'ignore_ament_install']
[1.584s] Level 1:colcon.colcon_core.package_identification:_identify(install) by extension 'ignore'
[1.584s] Level 1:colcon.colcon_core.package_identification:_identify(install) ignored
[1.585s] Level 1:colcon.colcon_core.package_identification:_identify(log) by extensions ['ignore', 'ignore_ament_install']
[1.585s] Level 1:colcon.colcon_core.package_identification:_identify(log) by extension 'ignore'
[1.585s] Level 1:colcon.colcon_core.package_identification:_identify(log) ignored
[1.586s] Level 1:colcon.colcon_core.package_identification:_identify(src) by extensions ['ignore', 'ignore_ament_install']
[1.586s] Level 1:colcon.colcon_core.package_identification:_identify(src) by extension 'ignore'
[1.586s] Level 1:colcon.colcon_core.package_identification:_identify(src) by extension 'ignore_ament_install'
[1.586s] Level 1:colcon.colcon_core.package_identification:_identify(src) by extensions ['colcon_pkg']
[1.587s] Level 1:colcon.colcon_core.package_identification:_identify(src) by extension 'colcon_pkg'
[1.587s] Level 1:colcon.colcon_core.package_identification:_identify(src) by extensions ['colcon_meta']
[1.587s] Level 1:colcon.colcon_core.package_identification:_identify(src) by extension 'colcon_meta'
[1.587s] Level 1:colcon.colcon_core.package_identification:_identify(src) by extensions ['ros']
[1.587s] Level 1:colcon.colcon_core.package_identification:_identify(src) by extension 'ros'
[1.587s] Level 1:colcon.colcon_core.package_identification:_identify(src) by extensions ['cmake', 'python']
[1.588s] Level 1:colcon.colcon_core.package_identification:_identify(src) by extension 'cmake'
[1.588s] Level 1:colcon.colcon_core.package_identification:_identify(src) by extension 'python'
[1.588s] Level 1:colcon.colcon_core.package_identification:_identify(src) by extensions ['python_setup_py']
[1.588s] Level 1:colcon.colcon_core.package_identification:_identify(src) by extension 'python_setup_py'
[1.589s] Level 1:colcon.colcon_core.package_identification:_identify(src/gimbal_ws) by extensions ['ignore', 'ignore_ament_install']
[1.589s] Level 1:colcon.colcon_core.package_identification:_identify(src/gimbal_ws) by extension 'ignore'
[1.589s] Level 1:colcon.colcon_core.package_identification:_identify(src/gimbal_ws) by extension 'ignore_ament_install'
[1.590s] Level 1:colcon.colcon_core.package_identification:_identify(src/gimbal_ws) by extensions ['colcon_pkg']
[1.590s] Level 1:colcon.colcon_core.package_identification:_identify(src/gimbal_ws) by extension 'colcon_pkg'
[1.590s] Level 1:colcon.colcon_core.package_identification:_identify(src/gimbal_ws) by extensions ['colcon_meta']
[1.590s] Level 1:colcon.colcon_core.package_identification:_identify(src/gimbal_ws) by extension 'colcon_meta'
[1.590s] Level 1:colcon.colcon_core.package_identification:_identify(src/gimbal_ws) by extensions ['ros']
[1.590s] Level 1:colcon.colcon_core.package_identification:_identify(src/gimbal_ws) by extension 'ros'
[1.591s] Level 1:colcon.colcon_core.package_identification:_identify(src/gimbal_ws) by extensions ['cmake', 'python']
[1.591s] Level 1:colcon.colcon_core.package_identification:_identify(src/gimbal_ws) by extension 'cmake'
[1.591s] Level 1:colcon.colcon_core.package_identification:_identify(src/gimbal_ws) by extension 'python'
[1.591s] Level 1:colcon.colcon_core.package_identification:_identify(src/gimbal_ws) by extensions ['python_setup_py']
[1.591s] Level 1:colcon.colcon_core.package_identification:_identify(src/gimbal_ws) by extension 'python_setup_py'
[1.592s] Level 1:colcon.colcon_core.package_identification:_identify(src/gimbal_ws/gimbal_control_cpp) by extensions ['ignore', 'ignore_ament_install']
[1.592s] Level 1:colcon.colcon_core.package_identification:_identify(src/gimbal_ws/gimbal_control_cpp) by extension 'ignore'
[1.592s] Level 1:colcon.colcon_core.package_identification:_identify(src/gimbal_ws/gimbal_control_cpp) by extension 'ignore_ament_install'
[1.592s] Level 1:colcon.colcon_core.package_identification:_identify(src/gimbal_ws/gimbal_control_cpp) by extensions ['colcon_pkg']
[1.592s] Level 1:colcon.colcon_core.package_identification:_identify(src/gimbal_ws/gimbal_control_cpp) by extension 'colcon_pkg'
[1.593s] Level 1:colcon.colcon_core.package_identification:_identify(src/gimbal_ws/gimbal_control_cpp) by extensions ['colcon_meta']
[1.593s] Level 1:colcon.colcon_core.package_identification:_identify(src/gimbal_ws/gimbal_control_cpp) by extension 'colcon_meta'
[1.593s] Level 1:colcon.colcon_core.package_identification:_identify(src/gimbal_ws/gimbal_control_cpp) by extensions ['ros']
[1.593s] Level 1:colcon.colcon_core.package_identification:_identify(src/gimbal_ws/gimbal_control_cpp) by extension 'ros'
[1.603s] DEBUG:colcon.colcon_core.package_identification:Package 'src/gimbal_ws/gimbal_control_cpp' with type 'ros.ament_cmake' and name 'gimbal_control_cpp'
[1.603s] Level 1:colcon.colcon_core.package_identification:_identify(src/robot1_nav) by extensions ['ignore', 'ignore_ament_install']
[1.604s] Level 1:colcon.colcon_core.package_identification:_identify(src/robot1_nav) by extension 'ignore'
[1.604s] Level 1:colcon.colcon_core.package_identification:_identify(src/robot1_nav) by extension 'ignore_ament_install'
[1.604s] Level 1:colcon.colcon_core.package_identification:_identify(src/robot1_nav) by extensions ['colcon_pkg']
[1.604s] Level 1:colcon.colcon_core.package_identification:_identify(src/robot1_nav) by extension 'colcon_pkg'
[1.604s] Level 1:colcon.colcon_core.package_identification:_identify(src/robot1_nav) by extensions ['colcon_meta']
[1.605s] Level 1:colcon.colcon_core.package_identification:_identify(src/robot1_nav) by extension 'colcon_meta'
[1.605s] Level 1:colcon.colcon_core.package_identification:_identify(src/robot1_nav) by extensions ['ros']
[1.605s] Level 1:colcon.colcon_core.package_identification:_identify(src/robot1_nav) by extension 'ros'
[1.607s] DEBUG:colcon.colcon_core.package_identification:Package 'src/robot1_nav' with type 'ros.ament_cmake' and name 'robot1_nav'
[1.607s] Level 1:colcon.colcon_core.package_identification:_identify(src/robot1_soldier) by extensions ['ignore', 'ignore_ament_install']
[1.607s] Level 1:colcon.colcon_core.package_identification:_identify(src/robot1_soldier) by extension 'ignore'
[1.608s] Level 1:colcon.colcon_core.package_identification:_identify(src/robot1_soldier) by extension 'ignore_ament_install'
[1.608s] Level 1:colcon.colcon_core.package_identification:_identify(src/robot1_soldier) by extensions ['colcon_pkg']
[1.608s] Level 1:colcon.colcon_core.package_identification:_identify(src/robot1_soldier) by extension 'colcon_pkg'
[1.608s] Level 1:colcon.colcon_core.package_identification:_identify(src/robot1_soldier) by extensions ['colcon_meta']
[1.608s] Level 1:colcon.colcon_core.package_identification:_identify(src/robot1_soldier) by extension 'colcon_meta'
[1.609s] Level 1:colcon.colcon_core.package_identification:_identify(src/robot1_soldier) by extensions ['ros']
[1.609s] Level 1:colcon.colcon_core.package_identification:_identify(src/robot1_soldier) by extension 'ros'
[1.611s] DEBUG:colcon.colcon_core.package_identification:Package 'src/robot1_soldier' with type 'ros.ament_python' and name 'robot1_soldier'
[1.611s] Level 1:colcon.colcon_core.package_identification:_identify(src/robot_driver) by extensions ['ignore', 'ignore_ament_install']
[1.612s] Level 1:colcon.colcon_core.package_identification:_identify(src/robot_driver) by extension 'ignore'
[1.612s] Level 1:colcon.colcon_core.package_identification:_identify(src/robot_driver) by extension 'ignore_ament_install'
[1.612s] Level 1:colcon.colcon_core.package_identification:_identify(src/robot_driver) by extensions ['colcon_pkg']
[1.612s] Level 1:colcon.colcon_core.package_identification:_identify(src/robot_driver) by extension 'colcon_pkg'
[1.612s] Level 1:colcon.colcon_core.package_identification:_identify(src/robot_driver) by extensions ['colcon_meta']
[1.613s] Level 1:colcon.colcon_core.package_identification:_identify(src/robot_driver) by extension 'colcon_meta'
[1.613s] Level 1:colcon.colcon_core.package_identification:_identify(src/robot_driver) by extensions ['ros']
[1.613s] Level 1:colcon.colcon_core.package_identification:_identify(src/robot_driver) by extension 'ros'
[1.616s] DEBUG:colcon.colcon_core.package_identification:Package 'src/robot_driver' with type 'ros.ament_python' and name 'robot_driver'
[1.616s] Level 1:colcon.colcon_core.package_identification:_identify(src/ydlidar_ros2_driver) by extensions ['ignore', 'ignore_ament_install']
[1.617s] Level 1:colcon.colcon_core.package_identification:_identify(src/ydlidar_ros2_driver) by extension 'ignore'
[1.617s] Level 1:colcon.colcon_core.package_identification:_identify(src/ydlidar_ros2_driver) by extension 'ignore_ament_install'
[1.617s] Level 1:colcon.colcon_core.package_identification:_identify(src/ydlidar_ros2_driver) by extensions ['colcon_pkg']
[1.617s] Level 1:colcon.colcon_core.package_identification:_identify(src/ydlidar_ros2_driver) by extension 'colcon_pkg'
[1.618s] Level 1:colcon.colcon_core.package_identification:_identify(src/ydlidar_ros2_driver) by extensions ['colcon_meta']
[1.618s] Level 1:colcon.colcon_core.package_identification:_identify(src/ydlidar_ros2_driver) by extension 'colcon_meta'
[1.618s] Level 1:colcon.colcon_core.package_identification:_identify(src/ydlidar_ros2_driver) by extensions ['ros']
[1.618s] Level 1:colcon.colcon_core.package_identification:_identify(src/ydlidar_ros2_driver) by extension 'ros'
[1.620s] DEBUG:colcon.colcon_core.package_identification:Package 'src/ydlidar_ros2_driver' with type 'ros.ament_cmake' and name 'ydlidar_ros2_driver'
[1.620s] Level 1:colcon.colcon_core.package_discovery:discover_packages(recursive) using defaults
[1.620s] Level 1:colcon.colcon_core.package_discovery:discover_packages(ignore) discover
[1.621s] Level 1:colcon.colcon_core.package_discovery:discover_packages(ignore) using defaults
[1.621s] Level 1:colcon.colcon_core.package_discovery:discover_packages(path) discover
[1.621s] Level 1:colcon.colcon_core.package_discovery:discover_packages(path) using defaults
[1.696s] INFO:colcon.colcon_core.package_selection:Skipping not selected package 'gimbal_control_cpp' in 'src/gimbal_ws/gimbal_control_cpp'
[1.696s] INFO:colcon.colcon_core.package_selection:Skipping not selected package 'robot1_nav' in 'src/robot1_nav'
[1.696s] INFO:colcon.colcon_core.package_selection:Skipping not selected package 'robot_driver' in 'src/robot_driver'
[1.696s] INFO:colcon.colcon_core.package_selection:Skipping not selected package 'robot1_soldier' in 'src/robot1_soldier'
[1.698s] Level 1:colcon.colcon_core.package_discovery:discover_packages(prefix_path) check parameters
[1.698s] Level 1:colcon.colcon_core.package_discovery:discover_packages(prefix_path) discover
[1.707s] DEBUG:colcon.colcon_installed_package_information.package_discovery:Found 318 installed packages in /opt/ros/humble
[1.712s] Level 1:colcon.colcon_core.package_discovery:discover_packages(prefix_path) using defaults
[1.856s] Level 5:colcon.colcon_core.verb:set package 'ydlidar_ros2_driver' build argument 'cmake_args' from command line to 'None'
[1.856s] Level 5:colcon.colcon_core.verb:set package 'ydlidar_ros2_driver' build argument 'cmake_target' from command line to 'None'
[1.856s] Level 5:colcon.colcon_core.verb:set package 'ydlidar_ros2_driver' build argument 'cmake_target_skip_unavailable' from command line to 'False'
[1.857s] Level 5:colcon.colcon_core.verb:set package 'ydlidar_ros2_driver' build argument 'cmake_clean_cache' from command line to 'False'
[1.857s] Level 5:colcon.colcon_core.verb:set package 'ydlidar_ros2_driver' build argument 'cmake_clean_first' from command line to 'False'
[1.857s] Level 5:colcon.colcon_core.verb:set package 'ydlidar_ros2_driver' build argument 'cmake_force_configure' from command line to 'False'
[1.857s] Level 5:colcon.colcon_core.verb:set package 'ydlidar_ros2_driver' build argument 'ament_cmake_args' from command line to 'None'
[1.857s] Level 5:colcon.colcon_core.verb:set package 'ydlidar_ros2_driver' build argument 'catkin_cmake_args' from command line to 'None'
[1.857s] Level 5:colcon.colcon_core.verb:set package 'ydlidar_ros2_driver' build argument 'catkin_skip_building_tests' from command line to 'False'
[1.857s] DEBUG:colcon.colcon_core.verb:Building package 'ydlidar_ros2_driver' with the following arguments: {'ament_cmake_args': None, 'build_base': '/home/xumeng/robot1_ws/build/ydlidar_ros2_driver', 'catkin_cmake_args': None, 'catkin_skip_building_tests': False, 'cmake_args': None, 'cmake_clean_cache': False, 'cmake_clean_first': False, 'cmake_force_configure': False, 'cmake_target': None, 'cmake_target_skip_unavailable': False, 'install_base': '/home/xumeng/robot1_ws/install/ydlidar_ros2_driver', 'merge_install': False, 'path': '/home/xumeng/robot1_ws/src/ydlidar_ros2_driver', 'symlink_install': True, 'test_result_base': None}
[1.858s] INFO:colcon.colcon_core.executor:Executing jobs using 'parallel' executor
[1.861s] DEBUG:colcon.colcon_parallel_executor.executor.parallel:run_until_complete
[1.862s] INFO:colcon.colcon_ros.task.ament_cmake.build:Building ROS package in '/home/xumeng/robot1_ws/src/ydlidar_ros2_driver' with build type 'ament_cmake'
[1.863s] INFO:colcon.colcon_cmake.task.cmake.build:Building CMake package in '/home/xumeng/robot1_ws/src/ydlidar_ros2_driver'
[1.881s] INFO:colcon.colcon_core.plugin_system:Skipping extension 'colcon_core.shell.bat': Not used on non-Windows systems
[1.882s] INFO:colcon.colcon_core.shell:Skip shell extension 'powershell' for command environment: Not usable outside of PowerShell
[1.883s] DEBUG:colcon.colcon_core.shell:Skip shell extension 'dsv' for command environment
[1.908s] DEBUG:colcon.colcon_core.event_handler.log_command:Invoking command in '/home/xumeng/robot1_ws/build/ydlidar_ros2_driver': CMAKE_PREFIX_PATH=/opt/ros/humble /usr/bin/cmake --build /home/xumeng/robot1_ws/build/ydlidar_ros2_driver -- -j4 -l4
[22.937s] DEBUG:colcon.colcon_core.event_handler.log_command:Invoked command in '/home/xumeng/robot1_ws/build/ydlidar_ros2_driver' returned '0': CMAKE_PREFIX_PATH=/opt/ros/humble /usr/bin/cmake --build /home/xumeng/robot1_ws/build/ydlidar_ros2_driver -- -j4 -l4
[22.971s] DEBUG:colcon.colcon_core.event_handler.log_command:Invoking command in '/home/xumeng/robot1_ws/build/ydlidar_ros2_driver': CMAKE_PREFIX_PATH=/opt/ros/humble /usr/bin/cmake --install /home/xumeng/robot1_ws/build/ydlidar_ros2_driver
[23.060s] Level 1:colcon.colcon_core.environment:create_environment_scripts_only(ydlidar_ros2_driver)
[23.062s] DEBUG:colcon.colcon_core.event_handler.log_command:Invoked command in '/home/xumeng/robot1_ws/build/ydlidar_ros2_driver' returned '0': CMAKE_PREFIX_PATH=/opt/ros/humble /usr/bin/cmake --install /home/xumeng/robot1_ws/build/ydlidar_ros2_driver
[23.078s] Level 1:colcon.colcon_core.environment:checking '/home/xumeng/robot1_ws/install/ydlidar_ros2_driver' for CMake module files
[23.080s] Level 1:colcon.colcon_core.environment:checking '/home/xumeng/robot1_ws/install/ydlidar_ros2_driver' for CMake config files
[23.083s] Level 1:colcon.colcon_core.shell:create_environment_hook('ydlidar_ros2_driver', 'cmake_prefix_path')
[23.084s] INFO:colcon.colcon_core.shell:Creating environment hook '/home/xumeng/robot1_ws/install/ydlidar_ros2_driver/share/ydlidar_ros2_driver/hook/cmake_prefix_path.ps1'
[23.087s] INFO:colcon.colcon_core.shell:Creating environment descriptor '/home/xumeng/robot1_ws/install/ydlidar_ros2_driver/share/ydlidar_ros2_driver/hook/cmake_prefix_path.dsv'
[23.088s] INFO:colcon.colcon_core.shell:Creating environment hook '/home/xumeng/robot1_ws/install/ydlidar_ros2_driver/share/ydlidar_ros2_driver/hook/cmake_prefix_path.sh'
[23.091s] Level 1:colcon.colcon_core.environment:checking '/home/xumeng/robot1_ws/install/ydlidar_ros2_driver/lib'
[23.092s] Level 1:colcon.colcon_core.environment:checking '/home/xumeng/robot1_ws/install/ydlidar_ros2_driver/bin'
[23.092s] Level 1:colcon.colcon_core.environment:checking '/home/xumeng/robot1_ws/install/ydlidar_ros2_driver/lib/pkgconfig/ydlidar_ros2_driver.pc'
[23.093s] Level 1:colcon.colcon_core.environment:checking '/home/xumeng/robot1_ws/install/ydlidar_ros2_driver/lib/python3.10/site-packages'
[23.095s] Level 1:colcon.colcon_core.environment:checking '/home/xumeng/robot1_ws/install/ydlidar_ros2_driver/bin'
[23.096s] INFO:colcon.colcon_core.shell:Creating package script '/home/xumeng/robot1_ws/install/ydlidar_ros2_driver/share/ydlidar_ros2_driver/package.ps1'
[23.100s] INFO:colcon.colcon_core.shell:Creating package descriptor '/home/xumeng/robot1_ws/install/ydlidar_ros2_driver/share/ydlidar_ros2_driver/package.dsv'
[23.102s] INFO:colcon.colcon_core.shell:Creating package script '/home/xumeng/robot1_ws/install/ydlidar_ros2_driver/share/ydlidar_ros2_driver/package.sh'
[23.105s] INFO:colcon.colcon_core.shell:Creating package script '/home/xumeng/robot1_ws/install/ydlidar_ros2_driver/share/ydlidar_ros2_driver/package.bash'
[23.108s] INFO:colcon.colcon_core.shell:Creating package script '/home/xumeng/robot1_ws/install/ydlidar_ros2_driver/share/ydlidar_ros2_driver/package.zsh'
[23.110s] Level 1:colcon.colcon_core.environment:create_file_with_runtime_dependencies(/home/xumeng/robot1_ws/install/ydlidar_ros2_driver/share/colcon-core/packages/ydlidar_ros2_driver)
[23.112s] Level 1:colcon.colcon_core.environment:create_environment_scripts_only(ydlidar_ros2_driver)
[23.113s] Level 1:colcon.colcon_core.environment:checking '/home/xumeng/robot1_ws/install/ydlidar_ros2_driver' for CMake module files
[23.115s] Level 1:colcon.colcon_core.environment:checking '/home/xumeng/robot1_ws/install/ydlidar_ros2_driver' for CMake config files
[23.117s] Level 1:colcon.colcon_core.shell:create_environment_hook('ydlidar_ros2_driver', 'cmake_prefix_path')
[23.118s] INFO:colcon.colcon_core.shell:Creating environment hook '/home/xumeng/robot1_ws/install/ydlidar_ros2_driver/share/ydlidar_ros2_driver/hook/cmake_prefix_path.ps1'
[23.119s] INFO:colcon.colcon_core.shell:Creating environment descriptor '/home/xumeng/robot1_ws/install/ydlidar_ros2_driver/share/ydlidar_ros2_driver/hook/cmake_prefix_path.dsv'
[23.120s] INFO:colcon.colcon_core.shell:Creating environment hook '/home/xumeng/robot1_ws/install/ydlidar_ros2_driver/share/ydlidar_ros2_driver/hook/cmake_prefix_path.sh'
[23.122s] Level 1:colcon.colcon_core.environment:checking '/home/xumeng/robot1_ws/install/ydlidar_ros2_driver/lib'
[23.122s] Level 1:colcon.colcon_core.environment:checking '/home/xumeng/robot1_ws/install/ydlidar_ros2_driver/bin'
[23.122s] Level 1:colcon.colcon_core.environment:checking '/home/xumeng/robot1_ws/install/ydlidar_ros2_driver/lib/pkgconfig/ydlidar_ros2_driver.pc'
[23.123s] Level 1:colcon.colcon_core.environment:checking '/home/xumeng/robot1_ws/install/ydlidar_ros2_driver/lib/python3.10/site-packages'
[23.124s] Level 1:colcon.colcon_core.environment:checking '/home/xumeng/robot1_ws/install/ydlidar_ros2_driver/bin'
[23.125s] INFO:colcon.colcon_core.shell:Creating package script '/home/xumeng/robot1_ws/install/ydlidar_ros2_driver/share/ydlidar_ros2_driver/package.ps1'
[23.127s] INFO:colcon.colcon_core.shell:Creating package descriptor '/home/xumeng/robot1_ws/install/ydlidar_ros2_driver/share/ydlidar_ros2_driver/package.dsv'
[23.128s] INFO:colcon.colcon_core.shell:Creating package script '/home/xumeng/robot1_ws/install/ydlidar_ros2_driver/share/ydlidar_ros2_driver/package.sh'
[23.130s] INFO:colcon.colcon_core.shell:Creating package script '/home/xumeng/robot1_ws/install/ydlidar_ros2_driver/share/ydlidar_ros2_driver/package.bash'
[23.131s] INFO:colcon.colcon_core.shell:Creating package script '/home/xumeng/robot1_ws/install/ydlidar_ros2_driver/share/ydlidar_ros2_driver/package.zsh'
[23.132s] Level 1:colcon.colcon_core.environment:create_file_with_runtime_dependencies(/home/xumeng/robot1_ws/install/ydlidar_ros2_driver/share/colcon-core/packages/ydlidar_ros2_driver)
[23.133s] DEBUG:colcon.colcon_parallel_executor.executor.parallel:closing loop
[23.135s] DEBUG:colcon.colcon_parallel_executor.executor.parallel:loop closed
[23.135s] DEBUG:colcon.colcon_parallel_executor.executor.parallel:run_until_complete finished with '0'
[23.135s] DEBUG:colcon.colcon_core.event_reactor:joining thread
[23.136s] DEBUG:colcon.colcon_core.event_reactor:joined thread
[23.137s] INFO:colcon.colcon_core.shell:Creating prefix script '/home/xumeng/robot1_ws/install/local_setup.ps1'
[23.141s] INFO:colcon.colcon_core.shell:Creating prefix util module '/home/xumeng/robot1_ws/install/_local_setup_util_ps1.py'
[23.145s] INFO:colcon.colcon_core.shell:Creating prefix chain script '/home/xumeng/robot1_ws/install/setup.ps1'
[23.149s] INFO:colcon.colcon_core.shell:Creating prefix script '/home/xumeng/robot1_ws/install/local_setup.sh'
[23.151s] INFO:colcon.colcon_core.shell:Creating prefix util module '/home/xumeng/robot1_ws/install/_local_setup_util_sh.py'
[23.152s] INFO:colcon.colcon_core.shell:Creating prefix chain script '/home/xumeng/robot1_ws/install/setup.sh'
[23.156s] INFO:colcon.colcon_core.shell:Creating prefix script '/home/xumeng/robot1_ws/install/local_setup.bash'
[23.157s] INFO:colcon.colcon_core.shell:Creating prefix chain script '/home/xumeng/robot1_ws/install/setup.bash'
[23.161s] INFO:colcon.colcon_core.shell:Creating prefix script '/home/xumeng/robot1_ws/install/local_setup.zsh'
[23.163s] INFO:colcon.colcon_core.shell:Creating prefix chain script '/home/xumeng/robot1_ws/install/setup.zsh'
