[0.000000] (-) TimerEvent: {}
[0.000318] (gimbal_control_cpp) JobQueued: {'identifier': 'gimbal_control_cpp', 'dependencies': OrderedDict()}
[0.000713] (robot1_nav) JobQueued: {'identifier': 'robot1_nav', 'dependencies': OrderedDict()}
[0.001470] (robot_driver) JobQueued: {'identifier': 'robot_driver', 'dependencies': OrderedDict()}
[0.001813] (ydlidar_ros2_driver) JobQueued: {'identifier': 'ydlidar_ros2_driver', 'dependencies': OrderedDict()}
[0.002227] (robot1_soldier) JobQueued: {'identifier': 'robot1_soldier', 'dependencies': OrderedDict([('gimbal_control_cpp', '/home/xumeng/robot1_ws/install/gimbal_control_cpp')])}
[0.002305] (gimbal_control_cpp) JobStarted: {'identifier': 'gimbal_control_cpp'}
[0.020758] (robot1_nav) JobStarted: {'identifier': 'robot1_nav'}
[0.029663] (robot_driver) JobStarted: {'identifier': 'robot_driver'}
[0.044910] (ydlidar_ros2_driver) JobStarted: {'identifier': 'ydlidar_ros2_driver'}
[0.058235] (gimbal_control_cpp) JobProgress: {'identifier': 'gimbal_control_cpp', 'progress': 'cmake'}
[0.059680] (gimbal_control_cpp) Command: {'cmd': ['/usr/bin/cmake', '/home/xumeng/robot1_ws/src/gimbal_ws/gimbal_control_cpp', '-DAMENT_CMAKE_SYMLINK_INSTALL=1', '-DCMAKE_INSTALL_PREFIX=/home/xumeng/robot1_ws/install/gimbal_control_cpp'], 'cwd': '/home/xumeng/robot1_ws/build/gimbal_control_cpp', 'env': OrderedDict([('USER', 'xumeng'), ('SSH_CLIENT', '192.168.31.57 64207 22'), ('XDG_SESSION_TYPE', 'tty'), ('SHLVL', '0'), ('LD_LIBRARY_PATH', '/opt/ros/humble/opt/rviz_ogre_vendor/lib:/opt/ros/humble/lib/aarch64-linux-gnu:/opt/ros/humble/lib'), ('MOTD_SHOWN', 'pam'), ('HOME', '/home/xumeng'), ('OLDPWD', '/home/xumeng'), ('ROS_PYTHON_VERSION', '3'), ('DBUS_SESSION_BUS_ADDRESS', 'unix:path=/run/user/1000/bus'), ('ROS_DISTRO', 'humble'), ('LOGNAME', 'xumeng'), ('_', '/usr/bin/colcon'), ('ROS_VERSION', '2'), ('XDG_SESSION_CLASS', 'user'), ('XDG_SESSION_ID', '54'), ('ROS_LOCALHOST_ONLY', '0'), ('PATH', '/opt/ros/humble/bin:/usr/local/sbin:/usr/local/bin:/usr/sbin:/usr/bin:/sbin:/bin:/usr/games:/usr/local/games:/snap/bin'), ('XDG_RUNTIME_DIR', '/run/user/1000'), ('LANG', 'zh_CN.UTF-8'), ('AMENT_PREFIX_PATH', '/opt/ros/humble'), ('SHELL', '/bin/bash'), ('PWD', '/home/xumeng/robot1_ws/build/gimbal_control_cpp'), ('SSH_CONNECTION', '192.168.31.57 64207 192.168.31.235 22'), ('PYTHONPATH', '/opt/ros/humble/lib/python3.10/site-packages:/opt/ros/humble/local/lib/python3.10/dist-packages'), ('COLCON', '1'), ('CMAKE_PREFIX_PATH', '/opt/ros/humble')]), 'shell': False}
[0.064253] (robot1_nav) JobProgress: {'identifier': 'robot1_nav', 'progress': 'cmake'}
[0.064870] (robot1_nav) Command: {'cmd': ['/usr/bin/cmake', '/home/xumeng/robot1_ws/src/robot1_nav', '-DAMENT_CMAKE_SYMLINK_INSTALL=1', '-DCMAKE_INSTALL_PREFIX=/home/xumeng/robot1_ws/install/robot1_nav'], 'cwd': '/home/xumeng/robot1_ws/build/robot1_nav', 'env': OrderedDict([('USER', 'xumeng'), ('SSH_CLIENT', '192.168.31.57 64207 22'), ('XDG_SESSION_TYPE', 'tty'), ('SHLVL', '0'), ('LD_LIBRARY_PATH', '/opt/ros/humble/opt/rviz_ogre_vendor/lib:/opt/ros/humble/lib/aarch64-linux-gnu:/opt/ros/humble/lib'), ('MOTD_SHOWN', 'pam'), ('HOME', '/home/xumeng'), ('OLDPWD', '/home/xumeng'), ('ROS_PYTHON_VERSION', '3'), ('DBUS_SESSION_BUS_ADDRESS', 'unix:path=/run/user/1000/bus'), ('ROS_DISTRO', 'humble'), ('LOGNAME', 'xumeng'), ('_', '/usr/bin/colcon'), ('ROS_VERSION', '2'), ('XDG_SESSION_CLASS', 'user'), ('XDG_SESSION_ID', '54'), ('ROS_LOCALHOST_ONLY', '0'), ('PATH', '/opt/ros/humble/bin:/usr/local/sbin:/usr/local/bin:/usr/sbin:/usr/bin:/sbin:/bin:/usr/games:/usr/local/games:/snap/bin'), ('XDG_RUNTIME_DIR', '/run/user/1000'), ('LANG', 'zh_CN.UTF-8'), ('AMENT_PREFIX_PATH', '/opt/ros/humble'), ('SHELL', '/bin/bash'), ('PWD', '/home/xumeng/robot1_ws/build/robot1_nav'), ('SSH_CONNECTION', '192.168.31.57 64207 192.168.31.235 22'), ('PYTHONPATH', '/opt/ros/humble/lib/python3.10/site-packages:/opt/ros/humble/local/lib/python3.10/dist-packages'), ('COLCON', '1'), ('CMAKE_PREFIX_PATH', '/opt/ros/humble')]), 'shell': False}
[0.099168] (-) TimerEvent: {}
[0.199665] (-) TimerEvent: {}
[0.300097] (-) TimerEvent: {}
[0.400551] (-) TimerEvent: {}
[0.500979] (-) TimerEvent: {}
[0.601423] (-) TimerEvent: {}
[0.701830] (-) TimerEvent: {}
[0.802232] (-) TimerEvent: {}
[0.902629] (-) TimerEvent: {}
[1.003052] (-) TimerEvent: {}
[1.103397] (-) TimerEvent: {}
[1.112581] (ydlidar_ros2_driver) JobProgress: {'identifier': 'ydlidar_ros2_driver', 'progress': 'cmake'}
[1.115809] (ydlidar_ros2_driver) Command: {'cmd': ['/usr/bin/cmake', '/home/xumeng/robot1_ws/src/ydlidar_ros2_driver', '-DAMENT_CMAKE_SYMLINK_INSTALL=1', '-DCMAKE_INSTALL_PREFIX=/home/xumeng/robot1_ws/install/ydlidar_ros2_driver'], 'cwd': '/home/xumeng/robot1_ws/build/ydlidar_ros2_driver', 'env': OrderedDict([('USER', 'xumeng'), ('SSH_CLIENT', '192.168.31.57 64207 22'), ('XDG_SESSION_TYPE', 'tty'), ('SHLVL', '0'), ('LD_LIBRARY_PATH', '/opt/ros/humble/opt/rviz_ogre_vendor/lib:/opt/ros/humble/lib/aarch64-linux-gnu:/opt/ros/humble/lib'), ('MOTD_SHOWN', 'pam'), ('HOME', '/home/xumeng'), ('OLDPWD', '/home/xumeng'), ('ROS_PYTHON_VERSION', '3'), ('DBUS_SESSION_BUS_ADDRESS', 'unix:path=/run/user/1000/bus'), ('ROS_DISTRO', 'humble'), ('LOGNAME', 'xumeng'), ('_', '/usr/bin/colcon'), ('ROS_VERSION', '2'), ('XDG_SESSION_CLASS', 'user'), ('XDG_SESSION_ID', '54'), ('ROS_LOCALHOST_ONLY', '0'), ('PATH', '/opt/ros/humble/bin:/usr/local/sbin:/usr/local/bin:/usr/sbin:/usr/bin:/sbin:/bin:/usr/games:/usr/local/games:/snap/bin'), ('XDG_RUNTIME_DIR', '/run/user/1000'), ('LANG', 'zh_CN.UTF-8'), ('AMENT_PREFIX_PATH', '/opt/ros/humble'), ('SHELL', '/bin/bash'), ('PWD', '/home/xumeng/robot1_ws/build/ydlidar_ros2_driver'), ('SSH_CONNECTION', '192.168.31.57 64207 192.168.31.235 22'), ('PYTHONPATH', '/opt/ros/humble/lib/python3.10/site-packages:/opt/ros/humble/local/lib/python3.10/dist-packages'), ('COLCON', '1'), ('CMAKE_PREFIX_PATH', '/opt/ros/humble')]), 'shell': False}
[1.131545] (gimbal_control_cpp) StdoutLine: {'line': b'-- The C compiler identification is GNU 11.4.0\n'}
[1.132024] (gimbal_control_cpp) StdoutLine: {'line': b'-- The CXX compiler identification is GNU 11.4.0\n'}
[1.132255] (gimbal_control_cpp) StdoutLine: {'line': b'-- Detecting C compiler ABI info\n'}
[1.132459] (gimbal_control_cpp) StdoutLine: {'line': b'-- Detecting C compiler ABI info - done\n'}
[1.132652] (gimbal_control_cpp) StdoutLine: {'line': b'-- Check for working C compiler: /usr/bin/cc - skipped\n'}
[1.132836] (gimbal_control_cpp) StdoutLine: {'line': b'-- Detecting C compile features\n'}
[1.133015] (gimbal_control_cpp) StdoutLine: {'line': b'-- Detecting C compile features - done\n'}
[1.133187] (gimbal_control_cpp) StdoutLine: {'line': b'-- Detecting CXX compiler ABI info\n'}
[1.133356] (gimbal_control_cpp) StdoutLine: {'line': b'-- Detecting CXX compiler ABI info - done\n'}
[1.133524] (gimbal_control_cpp) StdoutLine: {'line': b'-- Check for working CXX compiler: /usr/bin/c++ - skipped\n'}
[1.133696] (gimbal_control_cpp) StdoutLine: {'line': b'-- Detecting CXX compile features\n'}
[1.133865] (gimbal_control_cpp) StdoutLine: {'line': b'-- Detecting CXX compile features - done\n'}
[1.134033] (gimbal_control_cpp) StdoutLine: {'line': b'-- Found ament_cmake: 1.3.14 (/opt/ros/humble/share/ament_cmake/cmake)\n'}
[1.134208] (robot1_nav) StdoutLine: {'line': b'-- The C compiler identification is GNU 11.4.0\n'}
[1.134462] (robot1_nav) StdoutLine: {'line': b'-- The CXX compiler identification is GNU 11.4.0\n'}
[1.134640] (robot1_nav) StdoutLine: {'line': b'-- Detecting C compiler ABI info\n'}
[1.134817] (robot1_nav) StdoutLine: {'line': b'-- Detecting C compiler ABI info - done\n'}
[1.135060] (robot1_nav) StdoutLine: {'line': b'-- Check for working C compiler: /usr/bin/cc - skipped\n'}
[1.135239] (robot1_nav) StdoutLine: {'line': b'-- Detecting C compile features\n'}
[1.135412] (robot1_nav) StdoutLine: {'line': b'-- Detecting C compile features - done\n'}
[1.135581] (robot1_nav) StdoutLine: {'line': b'-- Detecting CXX compiler ABI info\n'}
[1.135748] (robot1_nav) StdoutLine: {'line': b'-- Detecting CXX compiler ABI info - done\n'}
[1.135917] (robot1_nav) StdoutLine: {'line': b'-- Check for working CXX compiler: /usr/bin/c++ - skipped\n'}
[1.136115] (robot1_nav) StdoutLine: {'line': b'-- Detecting CXX compile features\n'}
[1.136279] (robot1_nav) StdoutLine: {'line': b'-- Detecting CXX compile features - done\n'}
[1.136444] (robot1_nav) StdoutLine: {'line': b'-- Found ament_cmake: 1.3.14 (/opt/ros/humble/share/ament_cmake/cmake)\n'}
[1.203594] (-) TimerEvent: {}
[1.304015] (-) TimerEvent: {}
[1.353273] (ydlidar_ros2_driver) StdoutLine: {'line': b'-- The C compiler identification is GNU 11.4.0\n'}
[1.404208] (-) TimerEvent: {}
[1.504626] (-) TimerEvent: {}
[1.542671] (ydlidar_ros2_driver) StdoutLine: {'line': b'-- The CXX compiler identification is GNU 11.4.0\n'}
[1.576815] (ydlidar_ros2_driver) StdoutLine: {'line': b'-- Detecting C compiler ABI info\n'}
[1.607057] (-) TimerEvent: {}
[1.607668] (gimbal_control_cpp) StdoutLine: {'line': b'-- Found Python3: /usr/bin/python3 (found version "3.10.12") found components: Interpreter \n'}
[1.711038] (-) TimerEvent: {}
[1.711664] (robot1_nav) StdoutLine: {'line': b'-- Found Python3: /usr/bin/python3 (found version "3.10.12") found components: Interpreter \n'}
[1.813388] (ydlidar_ros2_driver) StdoutLine: {'line': b'-- Detecting C compiler ABI info - done\n'}
[1.813881] (-) TimerEvent: {}
[1.842418] (ydlidar_ros2_driver) StdoutLine: {'line': b'-- Check for working C compiler: /usr/bin/cc - skipped\n'}
[1.844519] (ydlidar_ros2_driver) StdoutLine: {'line': b'-- Detecting C compile features\n'}
[1.846533] (ydlidar_ros2_driver) StdoutLine: {'line': b'-- Detecting C compile features - done\n'}
[1.856434] (ydlidar_ros2_driver) StdoutLine: {'line': b'-- Detecting CXX compiler ABI info\n'}
[1.903443] (gimbal_control_cpp) StdoutLine: {'line': b'-- Override CMake install command with custom implementation using symlinks instead of copying resources\n'}
[1.914087] (-) TimerEvent: {}
[1.981558] (gimbal_control_cpp) StdoutLine: {'line': b'-- Found rclcpp: 16.0.19 (/opt/ros/humble/share/rclcpp/cmake)\n'}
[1.988732] (robot1_nav) StdoutLine: {'line': b'-- Override CMake install command with custom implementation using symlinks instead of copying resources\n'}
[2.014277] (-) TimerEvent: {}
[2.105706] (robot1_nav) StdoutLine: {'line': b'-- Found ament_lint_auto: 0.12.15 (/opt/ros/humble/share/ament_lint_auto/cmake)\n'}
[2.114460] (-) TimerEvent: {}
[2.125715] (gimbal_control_cpp) StdoutLine: {'line': b'-- Found rosidl_generator_c: 3.1.9 (/opt/ros/humble/share/rosidl_generator_c/cmake)\n'}
[2.138696] (ydlidar_ros2_driver) StdoutLine: {'line': b'-- Detecting CXX compiler ABI info - done\n'}
[2.156734] (gimbal_control_cpp) StdoutLine: {'line': b'-- Found rosidl_adapter: 3.1.9 (/opt/ros/humble/share/rosidl_adapter/cmake)\n'}
[2.161500] (ydlidar_ros2_driver) StdoutLine: {'line': b'-- Check for working CXX compiler: /usr/bin/c++ - skipped\n'}
[2.163373] (ydlidar_ros2_driver) StdoutLine: {'line': b'-- Detecting CXX compile features\n'}
[2.165431] (ydlidar_ros2_driver) StdoutLine: {'line': b'-- Detecting CXX compile features - done\n'}
[2.173031] (ydlidar_ros2_driver) StdoutLine: {'line': b'-- Found ament_cmake: 1.3.14 (/opt/ros/humble/share/ament_cmake/cmake)\n'}
[2.198813] (gimbal_control_cpp) StdoutLine: {'line': b'-- Found rosidl_generator_cpp: 3.1.9 (/opt/ros/humble/share/rosidl_generator_cpp/cmake)\n'}
[2.214642] (-) TimerEvent: {}
[2.261607] (gimbal_control_cpp) StdoutLine: {'line': b'-- Using all available rosidl_typesupport_c: rosidl_typesupport_fastrtps_c;rosidl_typesupport_introspection_c\n'}
[2.314836] (-) TimerEvent: {}
[2.322555] (gimbal_control_cpp) StdoutLine: {'line': b'-- Using all available rosidl_typesupport_cpp: rosidl_typesupport_fastrtps_cpp;rosidl_typesupport_introspection_cpp\n'}
[2.384930] (robot1_nav) StdoutLine: {'line': b"-- Added test 'copyright' to check source files copyright and LICENSE\n"}
[2.395026] (robot1_nav) StdoutLine: {'line': b"-- Added test 'flake8' to check Python code syntax and style conventions\n"}
[2.397880] (robot1_nav) StdoutLine: {'line': b"-- Added test 'lint_cmake' to check CMake code style\n"}
[2.400286] (robot1_nav) StdoutLine: {'line': b"-- Added test 'pep257' to check Python code against some of the docstring style conventions in PEP 257\n"}
[2.405500] (robot1_nav) StdoutLine: {'line': b"-- Added test 'xmllint' to check XML markup files\n"}
[2.410895] (robot1_nav) StdoutLine: {'line': b'-- Configuring done\n'}
[2.414973] (-) TimerEvent: {}
[2.422164] (robot1_nav) StdoutLine: {'line': b'-- Generating done\n'}
[2.428325] (robot1_nav) StdoutLine: {'line': b'-- Build files have been written to: /home/xumeng/robot1_ws/build/robot1_nav\n'}
[2.453710] (robot1_nav) CommandEnded: {'returncode': 0}
[2.455019] (robot1_nav) JobProgress: {'identifier': 'robot1_nav', 'progress': 'build'}
[2.455104] (robot1_nav) Command: {'cmd': ['/usr/bin/cmake', '--build', '/home/xumeng/robot1_ws/build/robot1_nav', '--', '-j4', '-l4'], 'cwd': '/home/xumeng/robot1_ws/build/robot1_nav', 'env': OrderedDict([('USER', 'xumeng'), ('SSH_CLIENT', '192.168.31.57 64207 22'), ('XDG_SESSION_TYPE', 'tty'), ('SHLVL', '0'), ('LD_LIBRARY_PATH', '/opt/ros/humble/opt/rviz_ogre_vendor/lib:/opt/ros/humble/lib/aarch64-linux-gnu:/opt/ros/humble/lib'), ('MOTD_SHOWN', 'pam'), ('HOME', '/home/xumeng'), ('OLDPWD', '/home/xumeng'), ('ROS_PYTHON_VERSION', '3'), ('DBUS_SESSION_BUS_ADDRESS', 'unix:path=/run/user/1000/bus'), ('ROS_DISTRO', 'humble'), ('LOGNAME', 'xumeng'), ('_', '/usr/bin/colcon'), ('ROS_VERSION', '2'), ('XDG_SESSION_CLASS', 'user'), ('XDG_SESSION_ID', '54'), ('ROS_LOCALHOST_ONLY', '0'), ('PATH', '/opt/ros/humble/bin:/usr/local/sbin:/usr/local/bin:/usr/sbin:/usr/bin:/sbin:/bin:/usr/games:/usr/local/games:/snap/bin'), ('XDG_RUNTIME_DIR', '/run/user/1000'), ('LANG', 'zh_CN.UTF-8'), ('AMENT_PREFIX_PATH', '/opt/ros/humble'), ('SHELL', '/bin/bash'), ('PWD', '/home/xumeng/robot1_ws/build/robot1_nav'), ('SSH_CONNECTION', '192.168.31.57 64207 192.168.31.235 22'), ('PYTHONPATH', '/opt/ros/humble/lib/python3.10/site-packages:/opt/ros/humble/local/lib/python3.10/dist-packages'), ('COLCON', '1'), ('CMAKE_PREFIX_PATH', '/opt/ros/humble')]), 'shell': False}
[2.468543] (gimbal_control_cpp) StdoutLine: {'line': b'-- Found rmw_implementation_cmake: 6.1.3 (/opt/ros/humble/share/rmw_implementation_cmake/cmake)\n'}
[2.473274] (gimbal_control_cpp) StdoutLine: {'line': b'-- Found rmw_fastrtps_cpp: 6.2.10 (/opt/ros/humble/share/rmw_fastrtps_cpp/cmake)\n'}
[2.515170] (-) TimerEvent: {}
[2.561951] (robot1_nav) CommandEnded: {'returncode': 0}
[2.562891] (robot1_nav) JobProgress: {'identifier': 'robot1_nav', 'progress': 'install'}
[2.586465] (robot1_nav) Command: {'cmd': ['/usr/bin/cmake', '--install', '/home/xumeng/robot1_ws/build/robot1_nav'], 'cwd': '/home/xumeng/robot1_ws/build/robot1_nav', 'env': OrderedDict([('USER', 'xumeng'), ('SSH_CLIENT', '192.168.31.57 64207 22'), ('XDG_SESSION_TYPE', 'tty'), ('SHLVL', '0'), ('LD_LIBRARY_PATH', '/opt/ros/humble/opt/rviz_ogre_vendor/lib:/opt/ros/humble/lib/aarch64-linux-gnu:/opt/ros/humble/lib'), ('MOTD_SHOWN', 'pam'), ('HOME', '/home/xumeng'), ('OLDPWD', '/home/xumeng'), ('ROS_PYTHON_VERSION', '3'), ('DBUS_SESSION_BUS_ADDRESS', 'unix:path=/run/user/1000/bus'), ('ROS_DISTRO', 'humble'), ('LOGNAME', 'xumeng'), ('_', '/usr/bin/colcon'), ('ROS_VERSION', '2'), ('XDG_SESSION_CLASS', 'user'), ('XDG_SESSION_ID', '54'), ('ROS_LOCALHOST_ONLY', '0'), ('PATH', '/opt/ros/humble/bin:/usr/local/sbin:/usr/local/bin:/usr/sbin:/usr/bin:/sbin:/bin:/usr/games:/usr/local/games:/snap/bin'), ('XDG_RUNTIME_DIR', '/run/user/1000'), ('LANG', 'zh_CN.UTF-8'), ('AMENT_PREFIX_PATH', '/opt/ros/humble'), ('SHELL', '/bin/bash'), ('PWD', '/home/xumeng/robot1_ws/build/robot1_nav'), ('SSH_CONNECTION', '192.168.31.57 64207 192.168.31.235 22'), ('PYTHONPATH', '/opt/ros/humble/lib/python3.10/site-packages:/opt/ros/humble/local/lib/python3.10/dist-packages'), ('COLCON', '1'), ('CMAKE_PREFIX_PATH', '/opt/ros/humble')]), 'shell': False}
[2.608819] (robot1_nav) StdoutLine: {'line': b'-- Install configuration: ""\n'}
[2.611231] (robot1_nav) StdoutLine: {'line': b'-- Execute custom install script\n'}
[2.613822] (robot1_nav) StdoutLine: {'line': b'-- Symlinking: /home/xumeng/robot1_ws/install/robot1_nav/share/robot1_nav//launch/__pycache__/nav2_bringup.launch.cpython-310.pyc\n'}
[2.615269] (-) TimerEvent: {}
[2.639325] (robot1_nav) StdoutLine: {'line': b'-- Symlinking: /home/xumeng/robot1_ws/install/robot1_nav/share/robot1_nav//launch/nav2_bringup.launch.py\n'}
[2.665047] (robot1_nav) StdoutLine: {'line': b'-- Symlinking: /home/xumeng/robot1_ws/install/robot1_nav/share/robot1_nav//config/nav2_params.yaml\n'}
[2.696944] (robot1_nav) StdoutLine: {'line': b'-- Symlinking: /home/xumeng/robot1_ws/install/robot1_nav/share/robot1_nav//maps/lab_map.pgm\n'}
[2.715485] (-) TimerEvent: {}
[2.733022] (robot1_nav) StdoutLine: {'line': b'-- Symlinking: /home/xumeng/robot1_ws/install/robot1_nav/share/robot1_nav//maps/lab_map.yaml\n'}
[2.785166] (robot1_nav) StdoutLine: {'line': b'-- Symlinking: /home/xumeng/robot1_ws/install/robot1_nav/share/robot1_nav//scripts/map_relay.py\n'}
[2.786115] (robot1_nav) StdoutLine: {'line': b'-- Symlinking: /home/xumeng/robot1_ws/install/robot1_nav/share/ament_index/resource_index/package_run_dependencies/robot1_nav\n'}
[2.792510] (ydlidar_ros2_driver) StdoutLine: {'line': b'-- Found Python3: /usr/bin/python3 (found version "3.10.12") found components: Interpreter \n'}
[2.807364] (gimbal_control_cpp) StdoutLine: {'line': b'-- Found OpenSSL: /usr/lib/aarch64-linux-gnu/libcrypto.so (found version "3.0.2")  \n'}
[2.815187] (robot1_nav) StdoutLine: {'line': b'-- Symlinking: /home/xumeng/robot1_ws/install/robot1_nav/share/ament_index/resource_index/parent_prefix_path/robot1_nav\n'}
[2.815666] (-) TimerEvent: {}
[2.840434] (robot1_nav) StdoutLine: {'line': b'-- Symlinking: /home/xumeng/robot1_ws/install/robot1_nav/share/robot1_nav/environment/ament_prefix_path.sh\n'}
[2.867434] (robot1_nav) StdoutLine: {'line': b'-- Symlinking: /home/xumeng/robot1_ws/install/robot1_nav/share/robot1_nav/environment/ament_prefix_path.dsv\n'}
[2.893114] (robot1_nav) StdoutLine: {'line': b'-- Symlinking: /home/xumeng/robot1_ws/install/robot1_nav/share/robot1_nav/environment/path.sh\n'}
[2.915880] (-) TimerEvent: {}
[2.924394] (robot1_nav) StdoutLine: {'line': b'-- Symlinking: /home/xumeng/robot1_ws/install/robot1_nav/share/robot1_nav/environment/path.dsv\n'}
[2.953392] (robot1_nav) StdoutLine: {'line': b'-- Symlinking: /home/xumeng/robot1_ws/install/robot1_nav/share/robot1_nav/local_setup.bash\n'}
[2.982246] (robot1_nav) StdoutLine: {'line': b'-- Symlinking: /home/xumeng/robot1_ws/install/robot1_nav/share/robot1_nav/local_setup.sh\n'}
[2.994717] (gimbal_control_cpp) StdoutLine: {'line': b'-- Found FastRTPS: /opt/ros/humble/include  \n'}
[3.002294] (ydlidar_ros2_driver) StdoutLine: {'line': b'-- Override CMake install command with custom implementation using symlinks instead of copying resources\n'}
[3.008618] (robot1_nav) StdoutLine: {'line': b'-- Symlinking: /home/xumeng/robot1_ws/install/robot1_nav/share/robot1_nav/local_setup.zsh\n'}
[3.016039] (-) TimerEvent: {}
[3.035360] (robot1_nav) StdoutLine: {'line': b'-- Symlinking: /home/xumeng/robot1_ws/install/robot1_nav/share/robot1_nav/local_setup.dsv\n'}
[3.060634] (robot1_nav) StdoutLine: {'line': b'-- Symlinking: /home/xumeng/robot1_ws/install/robot1_nav/share/robot1_nav/package.dsv\n'}
[3.079413] (ydlidar_ros2_driver) StdoutLine: {'line': b'-- Found rclcpp: 16.0.19 (/opt/ros/humble/share/rclcpp/cmake)\n'}
[3.087100] (robot1_nav) StdoutLine: {'line': b'-- Symlinking: /home/xumeng/robot1_ws/install/robot1_nav/share/ament_index/resource_index/packages/robot1_nav\n'}
[3.111896] (robot1_nav) StdoutLine: {'line': b'-- Symlinking: /home/xumeng/robot1_ws/install/robot1_nav/share/robot1_nav/cmake/robot1_navConfig.cmake\n'}
[3.116199] (-) TimerEvent: {}
[3.120773] (gimbal_control_cpp) StdoutLine: {'line': b"-- Using RMW implementation 'rmw_fastrtps_cpp' as default\n"}
[3.138960] (robot1_nav) StdoutLine: {'line': b'-- Symlinking: /home/xumeng/robot1_ws/install/robot1_nav/share/robot1_nav/cmake/robot1_navConfig-version.cmake\n'}
[3.149623] (gimbal_control_cpp) StdoutLine: {'line': b'-- Looking for pthread.h\n'}
[3.162924] (robot1_nav) StdoutLine: {'line': b'-- Symlinking: /home/xumeng/robot1_ws/install/robot1_nav/share/robot1_nav/package.xml\n'}
[3.201499] (robot1_nav) CommandEnded: {'returncode': 0}
[3.217417] (-) TimerEvent: {}
[3.251171] (robot1_nav) JobEnded: {'identifier': 'robot1_nav', 'rc': 0}
[3.253642] (ydlidar_ros2_driver) StdoutLine: {'line': b'-- Found rosidl_generator_c: 3.1.9 (/opt/ros/humble/share/rosidl_generator_c/cmake)\n'}
[3.253983] (ydlidar_ros2_driver) StdoutLine: {'line': b'-- Found rosidl_adapter: 3.1.9 (/opt/ros/humble/share/rosidl_adapter/cmake)\n'}
[3.254194] (ydlidar_ros2_driver) StdoutLine: {'line': b'-- Found rosidl_generator_cpp: 3.1.9 (/opt/ros/humble/share/rosidl_generator_cpp/cmake)\n'}
[3.274212] (ydlidar_ros2_driver) StdoutLine: {'line': b'-- Using all available rosidl_typesupport_c: rosidl_typesupport_fastrtps_c;rosidl_typesupport_introspection_c\n'}
[3.317630] (-) TimerEvent: {}
[3.321057] (ydlidar_ros2_driver) StdoutLine: {'line': b'-- Using all available rosidl_typesupport_cpp: rosidl_typesupport_fastrtps_cpp;rosidl_typesupport_introspection_cpp\n'}
[3.359585] (gimbal_control_cpp) StdoutLine: {'line': b'-- Looking for pthread.h - found\n'}
[3.360095] (gimbal_control_cpp) StdoutLine: {'line': b'-- Performing Test CMAKE_HAVE_LIBC_PTHREAD\n'}
[3.417799] (-) TimerEvent: {}
[3.446610] (ydlidar_ros2_driver) StdoutLine: {'line': b'-- Found rmw_implementation_cmake: 6.1.3 (/opt/ros/humble/share/rmw_implementation_cmake/cmake)\n'}
[3.454083] (ydlidar_ros2_driver) StdoutLine: {'line': b'-- Found rmw_fastrtps_cpp: 6.2.10 (/opt/ros/humble/share/rmw_fastrtps_cpp/cmake)\n'}
[3.517990] (-) TimerEvent: {}
[3.559700] (gimbal_control_cpp) StdoutLine: {'line': b'-- Performing Test CMAKE_HAVE_LIBC_PTHREAD - Success\n'}
[3.564077] (gimbal_control_cpp) StdoutLine: {'line': b'-- Found Threads: TRUE  \n'}
[3.618177] (-) TimerEvent: {}
[3.697688] (ydlidar_ros2_driver) StdoutLine: {'line': b'-- Found OpenSSL: /usr/lib/aarch64-linux-gnu/libcrypto.so (found version "3.0.2")  \n'}
[3.718348] (-) TimerEvent: {}
[3.731948] (gimbal_control_cpp) StdoutLine: {'line': b'-- Found geometry_msgs: 4.9.2 (/opt/ros/humble/share/geometry_msgs/cmake)\n'}
[3.772736] (gimbal_control_cpp) StdoutLine: {'line': b'-- Found sensor_msgs: 4.9.2 (/opt/ros/humble/share/sensor_msgs/cmake)\n'}
[3.776283] (ydlidar_ros2_driver) StdoutLine: {'line': b'-- Found FastRTPS: /opt/ros/humble/include  \n'}
[3.818544] (-) TimerEvent: {}
[3.826952] (gimbal_control_cpp) StdoutLine: {'line': b'-- Found ament_lint_auto: 0.12.15 (/opt/ros/humble/share/ament_lint_auto/cmake)\n'}
[3.905786] (ydlidar_ros2_driver) StdoutLine: {'line': b"-- Using RMW implementation 'rmw_fastrtps_cpp' as default\n"}
[3.918734] (-) TimerEvent: {}
[3.930954] (ydlidar_ros2_driver) StdoutLine: {'line': b'-- Looking for pthread.h\n'}
[3.955923] (robot_driver) Command: {'cmd': ['/usr/bin/python3', '-W', 'ignore:setup.py install is deprecated', '-W', 'ignore:easy_install command is deprecated', 'setup.py', 'develop', '--editable', '--build-directory', '/home/xumeng/robot1_ws/build/robot_driver/build', '--no-deps', 'symlink_data'], 'cwd': '/home/xumeng/robot1_ws/build/robot_driver', 'env': {'USER': 'xumeng', 'SSH_CLIENT': '192.168.31.57 64207 22', 'XDG_SESSION_TYPE': 'tty', 'SHLVL': '0', 'LD_LIBRARY_PATH': '/opt/ros/humble/opt/rviz_ogre_vendor/lib:/opt/ros/humble/lib/aarch64-linux-gnu:/opt/ros/humble/lib', 'MOTD_SHOWN': 'pam', 'HOME': '/home/xumeng', 'OLDPWD': '/home/xumeng', 'ROS_PYTHON_VERSION': '3', 'DBUS_SESSION_BUS_ADDRESS': 'unix:path=/run/user/1000/bus', 'ROS_DISTRO': 'humble', 'LOGNAME': 'xumeng', '_': '/usr/bin/colcon', 'ROS_VERSION': '2', 'XDG_SESSION_CLASS': 'user', 'XDG_SESSION_ID': '54', 'ROS_LOCALHOST_ONLY': '0', 'PATH': '/opt/ros/humble/bin:/usr/local/sbin:/usr/local/bin:/usr/sbin:/usr/bin:/sbin:/bin:/usr/games:/usr/local/games:/snap/bin', 'XDG_RUNTIME_DIR': '/run/user/1000', 'LANG': 'zh_CN.UTF-8', 'AMENT_PREFIX_PATH': '/opt/ros/humble', 'SHELL': '/bin/bash', 'PWD': '/home/xumeng/robot1_ws/build/robot_driver', 'SSH_CONNECTION': '192.168.31.57 64207 192.168.31.235 22', 'PYTHONPATH': '/home/xumeng/robot1_ws/build/robot_driver/prefix_override:/usr/lib/python3/dist-packages/colcon_core/task/python/colcon_distutils_commands:/home/xumeng/robot1_ws/install/robot_driver/lib/python3.10/site-packages:/opt/ros/humble/lib/python3.10/site-packages:/opt/ros/humble/local/lib/python3.10/dist-packages', 'COLCON': '1'}, 'shell': False}
[4.018984] (-) TimerEvent: {}
[4.105102] (gimbal_control_cpp) StdoutLine: {'line': b"-- Added test 'cppcheck' to perform static code analysis on C / C++ code\n"}
[4.106673] (gimbal_control_cpp) StdoutLine: {'line': b'-- Configured cppcheck include dirs: \n'}
[4.107584] (gimbal_control_cpp) StdoutLine: {'line': b'-- Configured cppcheck exclude dirs and/or files: \n'}
[4.110812] (gimbal_control_cpp) StdoutLine: {'line': b"-- Added test 'flake8' to check Python code syntax and style conventions\n"}
[4.113103] (gimbal_control_cpp) StdoutLine: {'line': b"-- Added test 'lint_cmake' to check CMake code style\n"}
[4.114901] (gimbal_control_cpp) StdoutLine: {'line': b"-- Added test 'pep257' to check Python code against some of the docstring style conventions in PEP 257\n"}
[4.117534] (gimbal_control_cpp) StdoutLine: {'line': b"-- Added test 'uncrustify' to check C / C++ code style\n"}
[4.117871] (gimbal_control_cpp) StdoutLine: {'line': b'-- Configured uncrustify additional arguments: \n'}
[4.119078] (-) TimerEvent: {}
[4.119946] (gimbal_control_cpp) StdoutLine: {'line': b"-- Added test 'xmllint' to check XML markup files\n"}
[4.126753] (gimbal_control_cpp) StdoutLine: {'line': b'-- Configuring done\n'}
[4.167524] (ydlidar_ros2_driver) StdoutLine: {'line': b'-- Looking for pthread.h - found\n'}
[4.168024] (ydlidar_ros2_driver) StdoutLine: {'line': b'-- Performing Test CMAKE_HAVE_LIBC_PTHREAD\n'}
[4.168254] (gimbal_control_cpp) StdoutLine: {'line': b'-- Generating done\n'}
[4.177569] (gimbal_control_cpp) StdoutLine: {'line': b'-- Build files have been written to: /home/xumeng/robot1_ws/build/gimbal_control_cpp\n'}
[4.212881] (gimbal_control_cpp) CommandEnded: {'returncode': 0}
[4.213835] (gimbal_control_cpp) JobProgress: {'identifier': 'gimbal_control_cpp', 'progress': 'build'}
[4.213923] (gimbal_control_cpp) Command: {'cmd': ['/usr/bin/cmake', '--build', '/home/xumeng/robot1_ws/build/gimbal_control_cpp', '--', '-j4', '-l4'], 'cwd': '/home/xumeng/robot1_ws/build/gimbal_control_cpp', 'env': OrderedDict([('USER', 'xumeng'), ('SSH_CLIENT', '192.168.31.57 64207 22'), ('XDG_SESSION_TYPE', 'tty'), ('SHLVL', '0'), ('LD_LIBRARY_PATH', '/opt/ros/humble/opt/rviz_ogre_vendor/lib:/opt/ros/humble/lib/aarch64-linux-gnu:/opt/ros/humble/lib'), ('MOTD_SHOWN', 'pam'), ('HOME', '/home/xumeng'), ('OLDPWD', '/home/xumeng'), ('ROS_PYTHON_VERSION', '3'), ('DBUS_SESSION_BUS_ADDRESS', 'unix:path=/run/user/1000/bus'), ('ROS_DISTRO', 'humble'), ('LOGNAME', 'xumeng'), ('_', '/usr/bin/colcon'), ('ROS_VERSION', '2'), ('XDG_SESSION_CLASS', 'user'), ('XDG_SESSION_ID', '54'), ('ROS_LOCALHOST_ONLY', '0'), ('PATH', '/opt/ros/humble/bin:/usr/local/sbin:/usr/local/bin:/usr/sbin:/usr/bin:/sbin:/bin:/usr/games:/usr/local/games:/snap/bin'), ('XDG_RUNTIME_DIR', '/run/user/1000'), ('LANG', 'zh_CN.UTF-8'), ('AMENT_PREFIX_PATH', '/opt/ros/humble'), ('SHELL', '/bin/bash'), ('PWD', '/home/xumeng/robot1_ws/build/gimbal_control_cpp'), ('SSH_CONNECTION', '192.168.31.57 64207 192.168.31.235 22'), ('PYTHONPATH', '/opt/ros/humble/lib/python3.10/site-packages:/opt/ros/humble/local/lib/python3.10/dist-packages'), ('COLCON', '1'), ('CMAKE_PREFIX_PATH', '/opt/ros/humble')]), 'shell': False}
[4.219241] (-) TimerEvent: {}
[4.319630] (-) TimerEvent: {}
[4.363733] (gimbal_control_cpp) StdoutLine: {'line': b'[ 50%] Building CXX object CMakeFiles/gimbal_controller.dir/src/gimbal_controller.cpp.o\n'}
[4.377065] (ydlidar_ros2_driver) StdoutLine: {'line': b'-- Performing Test CMAKE_HAVE_LIBC_PTHREAD - Success\n'}
[4.380234] (ydlidar_ros2_driver) StdoutLine: {'line': b'-- Found Threads: TRUE  \n'}
[4.419797] (-) TimerEvent: {}
[4.520248] (-) TimerEvent: {}
[4.539763] (ydlidar_ros2_driver) StdoutLine: {'line': b'-- Found sensor_msgs: 4.9.2 (/opt/ros/humble/share/sensor_msgs/cmake)\n'}
[4.620532] (-) TimerEvent: {}
[4.629997] (ydlidar_ros2_driver) StdoutLine: {'line': b'-- Found visualization_msgs: 4.9.2 (/opt/ros/humble/share/visualization_msgs/cmake)\n'}
[4.688958] (ydlidar_ros2_driver) StdoutLine: {'line': b'-- Found std_srvs: 4.9.2 (/opt/ros/humble/share/std_srvs/cmake)\n'}
[4.720661] (-) TimerEvent: {}
[4.743433] (ydlidar_ros2_driver) StderrLine: {'line': b'CMake Error at CMakeLists.txt:25 (find_package):\n'}
[4.743989] (ydlidar_ros2_driver) StderrLine: {'line': b'  By not providing "Findydlidar_sdk.cmake" in CMAKE_MODULE_PATH this project\n'}
[4.744231] (ydlidar_ros2_driver) StderrLine: {'line': b'  has asked CMake to find a package configuration file provided by\n'}
[4.744442] (ydlidar_ros2_driver) StderrLine: {'line': b'  "ydlidar_sdk", but CMake did not find one.\n'}
[4.744638] (ydlidar_ros2_driver) StderrLine: {'line': b'\n'}
[4.744828] (ydlidar_ros2_driver) StderrLine: {'line': b'  Could not find a package configuration file provided by "ydlidar_sdk" with\n'}
[4.745013] (ydlidar_ros2_driver) StderrLine: {'line': b'  any of the following names:\n'}
[4.745191] (ydlidar_ros2_driver) StderrLine: {'line': b'\n'}
[4.745363] (ydlidar_ros2_driver) StderrLine: {'line': b'    ydlidar_sdkConfig.cmake\n'}
[4.745531] (ydlidar_ros2_driver) StderrLine: {'line': b'    ydlidar_sdk-config.cmake\n'}
[4.745700] (ydlidar_ros2_driver) StderrLine: {'line': b'\n'}
[4.745870] (ydlidar_ros2_driver) StderrLine: {'line': b'  Add the installation prefix of "ydlidar_sdk" to CMAKE_PREFIX_PATH or set\n'}
[4.746042] (ydlidar_ros2_driver) StderrLine: {'line': b'  "ydlidar_sdk_DIR" to a directory containing one of the above files.  If\n'}
[4.746209] (ydlidar_ros2_driver) StderrLine: {'line': b'  "ydlidar_sdk" provides a separate development package or SDK, be sure it\n'}
[4.746381] (ydlidar_ros2_driver) StderrLine: {'line': b'  has been installed.\n'}
[4.746547] (ydlidar_ros2_driver) StderrLine: {'line': b'\n'}
[4.746712] (ydlidar_ros2_driver) StderrLine: {'line': b'\n'}
[4.746951] (ydlidar_ros2_driver) StdoutLine: {'line': b'-- Configuring incomplete, errors occurred!\n'}
[4.747160] (ydlidar_ros2_driver) StdoutLine: {'line': b'See also "/home/xumeng/robot1_ws/build/ydlidar_ros2_driver/CMakeFiles/CMakeOutput.log".\n'}
[4.777347] (ydlidar_ros2_driver) CommandEnded: {'returncode': 1}
[4.821987] (-) TimerEvent: {}
[4.829442] (ydlidar_ros2_driver) JobEnded: {'identifier': 'ydlidar_ros2_driver', 'rc': 1}
[4.905776] (robot_driver) StdoutLine: {'line': b'running develop\n'}
[4.922163] (-) TimerEvent: {}
[5.022559] (-) TimerEvent: {}
[5.123071] (-) TimerEvent: {}
[5.223479] (-) TimerEvent: {}
[5.323894] (-) TimerEvent: {}
[5.424344] (-) TimerEvent: {}
[5.524814] (-) TimerEvent: {}
[5.613114] (robot_driver) StdoutLine: {'line': b'running egg_info\n'}
[5.613616] (robot_driver) StdoutLine: {'line': b'creating robot_driver.egg-info\n'}
[5.614042] (robot_driver) StdoutLine: {'line': b'writing robot_driver.egg-info/PKG-INFO\n'}
[5.614728] (robot_driver) StdoutLine: {'line': b'writing dependency_links to robot_driver.egg-info/dependency_links.txt\n'}
[5.615238] (robot_driver) StdoutLine: {'line': b'writing entry points to robot_driver.egg-info/entry_points.txt\n'}
[5.615605] (robot_driver) StdoutLine: {'line': b'writing requirements to robot_driver.egg-info/requires.txt\n'}
[5.615945] (robot_driver) StdoutLine: {'line': b'writing top-level names to robot_driver.egg-info/top_level.txt\n'}
[5.616561] (robot_driver) StdoutLine: {'line': b"writing manifest file 'robot_driver.egg-info/SOURCES.txt'\n"}
[5.623157] (robot_driver) StdoutLine: {'line': b"reading manifest file 'robot_driver.egg-info/SOURCES.txt'\n"}
[5.624935] (-) TimerEvent: {}
[5.625244] (robot_driver) StdoutLine: {'line': b"writing manifest file 'robot_driver.egg-info/SOURCES.txt'\n"}
[5.629846] (robot_driver) StdoutLine: {'line': b'running build_ext\n'}
[5.630426] (robot_driver) StdoutLine: {'line': b'Creating /home/xumeng/robot1_ws/install/robot_driver/lib/python3.10/site-packages/robot-driver.egg-link (link to .)\n'}
[5.633131] (robot_driver) StdoutLine: {'line': b'Installing robot_driver_node script to /home/xumeng/robot1_ws/install/robot_driver/lib/robot_driver\n'}
[5.633987] (robot_driver) StdoutLine: {'line': b'\n'}
[5.634353] (robot_driver) StdoutLine: {'line': b'Installed /home/xumeng/robot1_ws/build/robot_driver\n'}
[5.634912] (robot_driver) StdoutLine: {'line': b'running symlink_data\n'}
[5.635252] (robot_driver) StdoutLine: {'line': b'creating /home/xumeng/robot1_ws/install/robot_driver/share/ament_index\n'}
[5.635710] (robot_driver) StdoutLine: {'line': b'creating /home/xumeng/robot1_ws/install/robot_driver/share/ament_index/resource_index\n'}
[5.636033] (robot_driver) StdoutLine: {'line': b'creating /home/xumeng/robot1_ws/install/robot_driver/share/ament_index/resource_index/packages\n'}
[5.636218] (robot_driver) StdoutLine: {'line': b'symbolically linking /home/xumeng/robot1_ws/build/robot_driver/resource/robot_driver -> /home/xumeng/robot1_ws/install/robot_driver/share/ament_index/resource_index/packages\n'}
[5.636397] (robot_driver) StdoutLine: {'line': b'symbolically linking /home/xumeng/robot1_ws/build/robot_driver/package.xml -> /home/xumeng/robot1_ws/install/robot_driver/share/robot_driver\n'}
[5.636573] (robot_driver) StdoutLine: {'line': b'creating /home/xumeng/robot1_ws/install/robot_driver/share/robot_driver/launch\n'}
[5.636744] (robot_driver) StdoutLine: {'line': b'symbolically linking /home/xumeng/robot1_ws/build/robot_driver/launch/robot_driver_launch.py -> /home/xumeng/robot1_ws/install/robot_driver/share/robot_driver/launch\n'}
[5.725215] (-) TimerEvent: {}
[5.756458] (robot_driver) JobEnded: {'identifier': 'robot_driver', 'rc': 'SIGINT'}
[5.825408] (-) TimerEvent: {}
[5.925846] (-) TimerEvent: {}
[6.026300] (-) TimerEvent: {}
[6.126762] (-) TimerEvent: {}
[6.227237] (-) TimerEvent: {}
[6.327686] (-) TimerEvent: {}
[6.428133] (-) TimerEvent: {}
[6.528589] (-) TimerEvent: {}
[6.629050] (-) TimerEvent: {}
[6.729513] (-) TimerEvent: {}
[6.829967] (-) TimerEvent: {}
[6.930413] (-) TimerEvent: {}
[7.030889] (-) TimerEvent: {}
[7.131336] (-) TimerEvent: {}
[7.231789] (-) TimerEvent: {}
[7.332242] (-) TimerEvent: {}
[7.432818] (-) TimerEvent: {}
[7.533266] (-) TimerEvent: {}
[7.633711] (-) TimerEvent: {}
[7.734166] (-) TimerEvent: {}
[7.834622] (-) TimerEvent: {}
[7.935119] (-) TimerEvent: {}
[8.035589] (-) TimerEvent: {}
[8.136056] (-) TimerEvent: {}
[8.236519] (-) TimerEvent: {}
[8.336981] (-) TimerEvent: {}
[8.437428] (-) TimerEvent: {}
[8.537891] (-) TimerEvent: {}
[8.638368] (-) TimerEvent: {}
[8.738819] (-) TimerEvent: {}
[8.839314] (-) TimerEvent: {}
[8.939767] (-) TimerEvent: {}
[9.040233] (-) TimerEvent: {}
[9.140697] (-) TimerEvent: {}
[9.241157] (-) TimerEvent: {}
[9.341621] (-) TimerEvent: {}
[9.442082] (-) TimerEvent: {}
[9.542559] (-) TimerEvent: {}
[9.643064] (-) TimerEvent: {}
[9.743512] (-) TimerEvent: {}
[9.843985] (-) TimerEvent: {}
[9.944471] (-) TimerEvent: {}
[10.044963] (-) TimerEvent: {}
[10.145447] (-) TimerEvent: {}
[10.245902] (-) TimerEvent: {}
[10.346452] (-) TimerEvent: {}
[10.446976] (-) TimerEvent: {}
[10.547455] (-) TimerEvent: {}
[10.647906] (-) TimerEvent: {}
[10.748352] (-) TimerEvent: {}
[10.848800] (-) TimerEvent: {}
[10.949256] (-) TimerEvent: {}
[11.049710] (-) TimerEvent: {}
[11.150156] (-) TimerEvent: {}
[11.250605] (-) TimerEvent: {}
[11.351030] (-) TimerEvent: {}
[11.451482] (-) TimerEvent: {}
[11.551937] (-) TimerEvent: {}
[11.652387] (-) TimerEvent: {}
[11.752844] (-) TimerEvent: {}
[11.853297] (-) TimerEvent: {}
[11.953753] (-) TimerEvent: {}
[12.054217] (-) TimerEvent: {}
[12.154665] (-) TimerEvent: {}
[12.255149] (-) TimerEvent: {}
[12.355604] (-) TimerEvent: {}
[12.456111] (-) TimerEvent: {}
[12.556567] (-) TimerEvent: {}
[12.619143] (gimbal_control_cpp) StderrLine: {'line': b'/home/xumeng/robot1_ws/src/gimbal_ws/gimbal_control_cpp/src/gimbal_controller.cpp: In member function \xe2\x80\x98int GimbalController::open_serial(const string&, int)\xe2\x80\x99:\n'}
[12.619816] (gimbal_control_cpp) StderrLine: {'line': b'/home/xumeng/robot1_ws/src/gimbal_ws/gimbal_control_cpp/src/gimbal_controller.cpp:71:54: warning: unused parameter \xe2\x80\x98baudrate\xe2\x80\x99 [-Wunused-parameter]\n'}
[12.620062] (gimbal_control_cpp) StderrLine: {'line': b'   71 |     int open_serial(const std::string& port_name,int baudrate){\n'}
[12.620289] (gimbal_control_cpp) StderrLine: {'line': b'      |                                                  ~~~~^~~~~~~~\n'}
[12.656764] (-) TimerEvent: {}
[12.757220] (-) TimerEvent: {}
[12.857669] (-) TimerEvent: {}
[12.958122] (-) TimerEvent: {}
[13.058592] (-) TimerEvent: {}
[13.159044] (-) TimerEvent: {}
[13.259508] (-) TimerEvent: {}
[13.359961] (-) TimerEvent: {}
[13.460418] (-) TimerEvent: {}
[13.560920] (-) TimerEvent: {}
[13.661487] (-) TimerEvent: {}
[13.762078] (-) TimerEvent: {}
[13.862539] (-) TimerEvent: {}
[13.963139] (-) TimerEvent: {}
[14.063584] (-) TimerEvent: {}
[14.164049] (-) TimerEvent: {}
[14.264500] (-) TimerEvent: {}
[14.364942] (-) TimerEvent: {}
[14.465380] (-) TimerEvent: {}
[14.565829] (-) TimerEvent: {}
[14.666276] (-) TimerEvent: {}
[14.766725] (-) TimerEvent: {}
[14.867187] (-) TimerEvent: {}
[14.967629] (-) TimerEvent: {}
[15.068083] (-) TimerEvent: {}
[15.168522] (-) TimerEvent: {}
[15.268945] (-) TimerEvent: {}
[15.369377] (-) TimerEvent: {}
[15.469812] (-) TimerEvent: {}
[15.570244] (-) TimerEvent: {}
[15.670678] (-) TimerEvent: {}
[15.771156] (-) TimerEvent: {}
[15.871607] (-) TimerEvent: {}
[15.972063] (-) TimerEvent: {}
[16.072509] (-) TimerEvent: {}
[16.172946] (-) TimerEvent: {}
[16.273366] (-) TimerEvent: {}
[16.373786] (-) TimerEvent: {}
[16.474205] (-) TimerEvent: {}
[16.574639] (-) TimerEvent: {}
[16.675093] (-) TimerEvent: {}
[16.775533] (-) TimerEvent: {}
[16.875968] (-) TimerEvent: {}
[16.976409] (-) TimerEvent: {}
[17.076845] (-) TimerEvent: {}
[17.177287] (-) TimerEvent: {}
[17.277727] (-) TimerEvent: {}
[17.378149] (-) TimerEvent: {}
[17.479644] (-) TimerEvent: {}
[17.580076] (-) TimerEvent: {}
[17.680506] (-) TimerEvent: {}
[17.780934] (-) TimerEvent: {}
[17.881355] (-) TimerEvent: {}
[17.981787] (-) TimerEvent: {}
[18.082222] (-) TimerEvent: {}
[18.182648] (-) TimerEvent: {}
[18.283085] (-) TimerEvent: {}
[18.383480] (-) TimerEvent: {}
[18.483879] (-) TimerEvent: {}
[18.584314] (-) TimerEvent: {}
[18.684866] (-) TimerEvent: {}
[18.785328] (-) TimerEvent: {}
[18.885785] (-) TimerEvent: {}
[18.986224] (-) TimerEvent: {}
[19.086679] (-) TimerEvent: {}
[19.187204] (-) TimerEvent: {}
[19.287670] (-) TimerEvent: {}
[19.388120] (-) TimerEvent: {}
[19.488561] (-) TimerEvent: {}
[19.589000] (-) TimerEvent: {}
[19.689440] (-) TimerEvent: {}
[19.789887] (-) TimerEvent: {}
[19.890334] (-) TimerEvent: {}
[19.990781] (-) TimerEvent: {}
[20.091260] (-) TimerEvent: {}
[20.191711] (-) TimerEvent: {}
[20.292166] (-) TimerEvent: {}
[20.392622] (-) TimerEvent: {}
[20.493077] (-) TimerEvent: {}
[20.593523] (-) TimerEvent: {}
[20.693980] (-) TimerEvent: {}
[20.794441] (-) TimerEvent: {}
[20.894920] (-) TimerEvent: {}
[20.995377] (-) TimerEvent: {}
[21.095844] (-) TimerEvent: {}
[21.196334] (-) TimerEvent: {}
[21.296769] (-) TimerEvent: {}
[21.397251] (-) TimerEvent: {}
[21.497696] (-) TimerEvent: {}
[21.598141] (-) TimerEvent: {}
[21.698557] (-) TimerEvent: {}
[21.799002] (-) TimerEvent: {}
[21.899427] (-) TimerEvent: {}
[21.999872] (-) TimerEvent: {}
[22.100321] (-) TimerEvent: {}
[22.200794] (-) TimerEvent: {}
[22.301245] (-) TimerEvent: {}
[22.401691] (-) TimerEvent: {}
[22.502113] (-) TimerEvent: {}
[22.602549] (-) TimerEvent: {}
[22.703010] (-) TimerEvent: {}
[22.803438] (-) TimerEvent: {}
[22.903860] (-) TimerEvent: {}
[23.004301] (-) TimerEvent: {}
[23.104733] (-) TimerEvent: {}
[23.205159] (-) TimerEvent: {}
[23.305585] (-) TimerEvent: {}
[23.406015] (-) TimerEvent: {}
[23.506440] (-) TimerEvent: {}
[23.606896] (-) TimerEvent: {}
[23.707317] (-) TimerEvent: {}
[23.807742] (-) TimerEvent: {}
[23.908177] (-) TimerEvent: {}
[24.008602] (-) TimerEvent: {}
[24.109028] (-) TimerEvent: {}
[24.209460] (-) TimerEvent: {}
[24.309898] (-) TimerEvent: {}
[24.410329] (-) TimerEvent: {}
[24.510755] (-) TimerEvent: {}
[24.611196] (-) TimerEvent: {}
[24.711628] (-) TimerEvent: {}
[24.812061] (-) TimerEvent: {}
[24.912468] (-) TimerEvent: {}
[25.012887] (-) TimerEvent: {}
[25.113323] (-) TimerEvent: {}
[25.213870] (-) TimerEvent: {}
[25.314485] (-) TimerEvent: {}
[25.414947] (-) TimerEvent: {}
[25.515361] (-) TimerEvent: {}
[25.619056] (-) TimerEvent: {}
[25.719475] (-) TimerEvent: {}
[25.819903] (-) TimerEvent: {}
[25.920322] (-) TimerEvent: {}
[26.020743] (-) TimerEvent: {}
[26.121173] (-) TimerEvent: {}
[26.221607] (-) TimerEvent: {}
[26.322029] (-) TimerEvent: {}
[26.422455] (-) TimerEvent: {}
[26.522966] (-) TimerEvent: {}
[26.623386] (-) TimerEvent: {}
[26.723812] (-) TimerEvent: {}
[26.824241] (-) TimerEvent: {}
[26.924671] (-) TimerEvent: {}
[27.025106] (-) TimerEvent: {}
[27.125535] (-) TimerEvent: {}
[27.225969] (-) TimerEvent: {}
[27.326390] (-) TimerEvent: {}
[27.426813] (-) TimerEvent: {}
[27.527286] (-) TimerEvent: {}
[27.627708] (-) TimerEvent: {}
[27.728116] (-) TimerEvent: {}
[27.828525] (-) TimerEvent: {}
[27.928928] (-) TimerEvent: {}
[28.029336] (-) TimerEvent: {}
[28.129752] (-) TimerEvent: {}
[28.230157] (-) TimerEvent: {}
[28.330558] (-) TimerEvent: {}
[28.431005] (-) TimerEvent: {}
[28.531399] (-) TimerEvent: {}
[28.631780] (-) TimerEvent: {}
[28.732150] (-) TimerEvent: {}
[28.832515] (-) TimerEvent: {}
[28.932921] (-) TimerEvent: {}
[29.033343] (-) TimerEvent: {}
[29.133749] (-) TimerEvent: {}
[29.234171] (-) TimerEvent: {}
[29.334595] (-) TimerEvent: {}
[29.435018] (-) TimerEvent: {}
[29.535394] (-) TimerEvent: {}
[29.635776] (-) TimerEvent: {}
[29.736166] (-) TimerEvent: {}
[29.836541] (-) TimerEvent: {}
[29.936900] (-) TimerEvent: {}
[30.037286] (-) TimerEvent: {}
[30.137654] (-) TimerEvent: {}
[30.238027] (-) TimerEvent: {}
[30.338397] (-) TimerEvent: {}
[30.438770] (-) TimerEvent: {}
[30.539157] (-) TimerEvent: {}
[30.639524] (-) TimerEvent: {}
[30.739898] (-) TimerEvent: {}
[30.840300] (-) TimerEvent: {}
[30.940720] (-) TimerEvent: {}
[31.041136] (-) TimerEvent: {}
[31.141556] (-) TimerEvent: {}
[31.241963] (-) TimerEvent: {}
[31.342352] (-) TimerEvent: {}
[31.380104] (gimbal_control_cpp) StdoutLine: {'line': b'[100%] Linking CXX executable gimbal_controller\n'}
[31.442553] (-) TimerEvent: {}
[31.543048] (-) TimerEvent: {}
[31.643487] (-) TimerEvent: {}
[31.743924] (-) TimerEvent: {}
[31.844302] (-) TimerEvent: {}
[31.944660] (-) TimerEvent: {}
[32.045070] (-) TimerEvent: {}
[32.145470] (-) TimerEvent: {}
[32.245829] (-) TimerEvent: {}
[32.346153] (-) TimerEvent: {}
[32.446478] (-) TimerEvent: {}
[32.522101] (gimbal_control_cpp) StdoutLine: {'line': b'[100%] Built target gimbal_controller\n'}
[32.546721] (-) TimerEvent: {}
[32.548295] (gimbal_control_cpp) JobEnded: {'identifier': 'gimbal_control_cpp', 'rc': 'SIGINT'}
[32.559510] (robot1_soldier) JobSkipped: {'identifier': 'robot1_soldier'}
[32.559690] (-) EventReactorShutdown: {}
