[0.482s] DEBUG:colcon:Command line arguments: ['/usr/bin/colcon', 'build', '--symlink-install']
[0.482s] DEBUG:colcon:Parsed command line arguments: Namespace(log_base=None, log_level=None, verb_name='build', build_base='build', install_base='install', merge_install=False, symlink_install=True, test_result_base=None, continue_on_error=False, executor='parallel', parallel_workers=4, event_handlers=None, ignore_user_meta=False, metas=['./colcon.meta'], base_paths=['.'], packages_ignore=None, packages_ignore_regex=None, paths=None, packages_up_to=None, packages_up_to_regex=None, packages_above=None, packages_above_and_dependencies=None, packages_above_depth=None, packages_select_by_dep=None, packages_skip_by_dep=None, packages_skip_up_to=None, packages_select_build_failed=False, packages_skip_build_finished=False, packages_select_test_failures=False, packages_skip_test_passed=False, packages_select=None, packages_skip=None, packages_select_regex=None, packages_skip_regex=None, packages_start=None, packages_end=None, allow_overriding=[], cmake_args=None, cmake_target=None, cmake_target_skip_unavailable=False, cmake_clean_cache=False, cmake_clean_first=False, cmake_force_configure=False, ament_cmake_args=None, catkin_cmake_args=None, catkin_skip_building_tests=False, mixin_files=None, mixin=None, verb_parser=<colcon_mixin.mixin.mixin_argument.MixinArgumentDecorator object at 0xffff93814160>, verb_extension=<colcon_core.verb.build.BuildVerb object at 0xffff937e3a90>, main=<bound method BuildVerb.main of <colcon_core.verb.build.BuildVerb object at 0xffff937e3a90>>, mixin_verb=('build',))
[1.265s] Level 1:colcon.colcon_core.package_discovery:discover_packages(colcon_meta) check parameters
[1.265s] Level 1:colcon.colcon_core.package_discovery:discover_packages(recursive) check parameters
[1.265s] Level 1:colcon.colcon_core.package_discovery:discover_packages(ignore) check parameters
[1.265s] Level 1:colcon.colcon_core.package_discovery:discover_packages(path) check parameters
[1.266s] Level 1:colcon.colcon_core.package_discovery:discover_packages(colcon_meta) discover
[1.266s] Level 1:colcon.colcon_core.package_discovery:discover_packages(recursive) discover
[1.266s] INFO:colcon.colcon_core.package_discovery:Crawling recursively for packages in '/home/xumeng/robot1_ws'
[1.266s] Level 1:colcon.colcon_core.package_identification:_identify(.) by extensions ['ignore', 'ignore_ament_install']
[1.267s] Level 1:colcon.colcon_core.package_identification:_identify(.) by extension 'ignore'
[1.267s] Level 1:colcon.colcon_core.package_identification:_identify(.) by extension 'ignore_ament_install'
[1.267s] Level 1:colcon.colcon_core.package_identification:_identify(.) by extensions ['colcon_pkg']
[1.267s] Level 1:colcon.colcon_core.package_identification:_identify(.) by extension 'colcon_pkg'
[1.267s] Level 1:colcon.colcon_core.package_identification:_identify(.) by extensions ['colcon_meta']
[1.268s] Level 1:colcon.colcon_core.package_identification:_identify(.) by extension 'colcon_meta'
[1.268s] Level 1:colcon.colcon_core.package_identification:_identify(.) by extensions ['ros']
[1.268s] Level 1:colcon.colcon_core.package_identification:_identify(.) by extension 'ros'
[1.340s] Level 1:colcon.colcon_core.package_identification:_identify(.) by extensions ['cmake', 'python']
[1.340s] Level 1:colcon.colcon_core.package_identification:_identify(.) by extension 'cmake'
[1.340s] Level 1:colcon.colcon_core.package_identification:_identify(.) by extension 'python'
[1.341s] Level 1:colcon.colcon_core.package_identification:_identify(.) by extensions ['python_setup_py']
[1.341s] Level 1:colcon.colcon_core.package_identification:_identify(.) by extension 'python_setup_py'
[1.341s] Level 1:colcon.colcon_core.package_identification:_identify(build) by extensions ['ignore', 'ignore_ament_install']
[1.342s] Level 1:colcon.colcon_core.package_identification:_identify(build) by extension 'ignore'
[1.342s] Level 1:colcon.colcon_core.package_identification:_identify(build) ignored
[1.342s] Level 1:colcon.colcon_core.package_identification:_identify(install) by extensions ['ignore', 'ignore_ament_install']
[1.343s] Level 1:colcon.colcon_core.package_identification:_identify(install) by extension 'ignore'
[1.343s] Level 1:colcon.colcon_core.package_identification:_identify(install) ignored
[1.343s] Level 1:colcon.colcon_core.package_identification:_identify(log) by extensions ['ignore', 'ignore_ament_install']
[1.343s] Level 1:colcon.colcon_core.package_identification:_identify(log) by extension 'ignore'
[1.343s] Level 1:colcon.colcon_core.package_identification:_identify(log) ignored
[1.344s] Level 1:colcon.colcon_core.package_identification:_identify(src) by extensions ['ignore', 'ignore_ament_install']
[1.344s] Level 1:colcon.colcon_core.package_identification:_identify(src) by extension 'ignore'
[1.345s] Level 1:colcon.colcon_core.package_identification:_identify(src) by extension 'ignore_ament_install'
[1.345s] Level 1:colcon.colcon_core.package_identification:_identify(src) by extensions ['colcon_pkg']
[1.345s] Level 1:colcon.colcon_core.package_identification:_identify(src) by extension 'colcon_pkg'
[1.345s] Level 1:colcon.colcon_core.package_identification:_identify(src) by extensions ['colcon_meta']
[1.345s] Level 1:colcon.colcon_core.package_identification:_identify(src) by extension 'colcon_meta'
[1.345s] Level 1:colcon.colcon_core.package_identification:_identify(src) by extensions ['ros']
[1.345s] Level 1:colcon.colcon_core.package_identification:_identify(src) by extension 'ros'
[1.346s] Level 1:colcon.colcon_core.package_identification:_identify(src) by extensions ['cmake', 'python']
[1.346s] Level 1:colcon.colcon_core.package_identification:_identify(src) by extension 'cmake'
[1.346s] Level 1:colcon.colcon_core.package_identification:_identify(src) by extension 'python'
[1.346s] Level 1:colcon.colcon_core.package_identification:_identify(src) by extensions ['python_setup_py']
[1.346s] Level 1:colcon.colcon_core.package_identification:_identify(src) by extension 'python_setup_py'
[1.347s] Level 1:colcon.colcon_core.package_identification:_identify(src/gimbal_ws) by extensions ['ignore', 'ignore_ament_install']
[1.347s] Level 1:colcon.colcon_core.package_identification:_identify(src/gimbal_ws) by extension 'ignore'
[1.347s] Level 1:colcon.colcon_core.package_identification:_identify(src/gimbal_ws) by extension 'ignore_ament_install'
[1.347s] Level 1:colcon.colcon_core.package_identification:_identify(src/gimbal_ws) by extensions ['colcon_pkg']
[1.348s] Level 1:colcon.colcon_core.package_identification:_identify(src/gimbal_ws) by extension 'colcon_pkg'
[1.348s] Level 1:colcon.colcon_core.package_identification:_identify(src/gimbal_ws) by extensions ['colcon_meta']
[1.348s] Level 1:colcon.colcon_core.package_identification:_identify(src/gimbal_ws) by extension 'colcon_meta'
[1.348s] Level 1:colcon.colcon_core.package_identification:_identify(src/gimbal_ws) by extensions ['ros']
[1.348s] Level 1:colcon.colcon_core.package_identification:_identify(src/gimbal_ws) by extension 'ros'
[1.348s] Level 1:colcon.colcon_core.package_identification:_identify(src/gimbal_ws) by extensions ['cmake', 'python']
[1.348s] Level 1:colcon.colcon_core.package_identification:_identify(src/gimbal_ws) by extension 'cmake'
[1.349s] Level 1:colcon.colcon_core.package_identification:_identify(src/gimbal_ws) by extension 'python'
[1.349s] Level 1:colcon.colcon_core.package_identification:_identify(src/gimbal_ws) by extensions ['python_setup_py']
[1.349s] Level 1:colcon.colcon_core.package_identification:_identify(src/gimbal_ws) by extension 'python_setup_py'
[1.349s] Level 1:colcon.colcon_core.package_identification:_identify(src/gimbal_ws/gimbal_control_cpp) by extensions ['ignore', 'ignore_ament_install']
[1.350s] Level 1:colcon.colcon_core.package_identification:_identify(src/gimbal_ws/gimbal_control_cpp) by extension 'ignore'
[1.350s] Level 1:colcon.colcon_core.package_identification:_identify(src/gimbal_ws/gimbal_control_cpp) by extension 'ignore_ament_install'
[1.350s] Level 1:colcon.colcon_core.package_identification:_identify(src/gimbal_ws/gimbal_control_cpp) by extensions ['colcon_pkg']
[1.350s] Level 1:colcon.colcon_core.package_identification:_identify(src/gimbal_ws/gimbal_control_cpp) by extension 'colcon_pkg'
[1.350s] Level 1:colcon.colcon_core.package_identification:_identify(src/gimbal_ws/gimbal_control_cpp) by extensions ['colcon_meta']
[1.351s] Level 1:colcon.colcon_core.package_identification:_identify(src/gimbal_ws/gimbal_control_cpp) by extension 'colcon_meta'
[1.351s] Level 1:colcon.colcon_core.package_identification:_identify(src/gimbal_ws/gimbal_control_cpp) by extensions ['ros']
[1.351s] Level 1:colcon.colcon_core.package_identification:_identify(src/gimbal_ws/gimbal_control_cpp) by extension 'ros'
[1.360s] DEBUG:colcon.colcon_core.package_identification:Package 'src/gimbal_ws/gimbal_control_cpp' with type 'ros.ament_cmake' and name 'gimbal_control_cpp'
[1.361s] Level 1:colcon.colcon_core.package_identification:_identify(src/robot1_nav) by extensions ['ignore', 'ignore_ament_install']
[1.361s] Level 1:colcon.colcon_core.package_identification:_identify(src/robot1_nav) by extension 'ignore'
[1.361s] Level 1:colcon.colcon_core.package_identification:_identify(src/robot1_nav) by extension 'ignore_ament_install'
[1.362s] Level 1:colcon.colcon_core.package_identification:_identify(src/robot1_nav) by extensions ['colcon_pkg']
[1.362s] Level 1:colcon.colcon_core.package_identification:_identify(src/robot1_nav) by extension 'colcon_pkg'
[1.362s] Level 1:colcon.colcon_core.package_identification:_identify(src/robot1_nav) by extensions ['colcon_meta']
[1.362s] Level 1:colcon.colcon_core.package_identification:_identify(src/robot1_nav) by extension 'colcon_meta'
[1.362s] Level 1:colcon.colcon_core.package_identification:_identify(src/robot1_nav) by extensions ['ros']
[1.362s] Level 1:colcon.colcon_core.package_identification:_identify(src/robot1_nav) by extension 'ros'
[1.364s] DEBUG:colcon.colcon_core.package_identification:Package 'src/robot1_nav' with type 'ros.ament_cmake' and name 'robot1_nav'
[1.365s] Level 1:colcon.colcon_core.package_identification:_identify(src/robot1_soldier) by extensions ['ignore', 'ignore_ament_install']
[1.365s] Level 1:colcon.colcon_core.package_identification:_identify(src/robot1_soldier) by extension 'ignore'
[1.365s] Level 1:colcon.colcon_core.package_identification:_identify(src/robot1_soldier) by extension 'ignore_ament_install'
[1.365s] Level 1:colcon.colcon_core.package_identification:_identify(src/robot1_soldier) by extensions ['colcon_pkg']
[1.365s] Level 1:colcon.colcon_core.package_identification:_identify(src/robot1_soldier) by extension 'colcon_pkg'
[1.366s] Level 1:colcon.colcon_core.package_identification:_identify(src/robot1_soldier) by extensions ['colcon_meta']
[1.366s] Level 1:colcon.colcon_core.package_identification:_identify(src/robot1_soldier) by extension 'colcon_meta'
[1.366s] Level 1:colcon.colcon_core.package_identification:_identify(src/robot1_soldier) by extensions ['ros']
[1.366s] Level 1:colcon.colcon_core.package_identification:_identify(src/robot1_soldier) by extension 'ros'
[1.368s] DEBUG:colcon.colcon_core.package_identification:Package 'src/robot1_soldier' with type 'ros.ament_python' and name 'robot1_soldier'
[1.369s] Level 1:colcon.colcon_core.package_identification:_identify(src/robot_driver) by extensions ['ignore', 'ignore_ament_install']
[1.369s] Level 1:colcon.colcon_core.package_identification:_identify(src/robot_driver) by extension 'ignore'
[1.369s] Level 1:colcon.colcon_core.package_identification:_identify(src/robot_driver) by extension 'ignore_ament_install'
[1.370s] Level 1:colcon.colcon_core.package_identification:_identify(src/robot_driver) by extensions ['colcon_pkg']
[1.370s] Level 1:colcon.colcon_core.package_identification:_identify(src/robot_driver) by extension 'colcon_pkg'
[1.370s] Level 1:colcon.colcon_core.package_identification:_identify(src/robot_driver) by extensions ['colcon_meta']
[1.370s] Level 1:colcon.colcon_core.package_identification:_identify(src/robot_driver) by extension 'colcon_meta'
[1.370s] Level 1:colcon.colcon_core.package_identification:_identify(src/robot_driver) by extensions ['ros']
[1.370s] Level 1:colcon.colcon_core.package_identification:_identify(src/robot_driver) by extension 'ros'
[1.373s] DEBUG:colcon.colcon_core.package_identification:Package 'src/robot_driver' with type 'ros.ament_python' and name 'robot_driver'
[1.374s] Level 1:colcon.colcon_core.package_identification:_identify(src/ydlidar_ros2_driver) by extensions ['ignore', 'ignore_ament_install']
[1.374s] Level 1:colcon.colcon_core.package_identification:_identify(src/ydlidar_ros2_driver) by extension 'ignore'
[1.375s] Level 1:colcon.colcon_core.package_identification:_identify(src/ydlidar_ros2_driver) by extension 'ignore_ament_install'
[1.375s] Level 1:colcon.colcon_core.package_identification:_identify(src/ydlidar_ros2_driver) by extensions ['colcon_pkg']
[1.375s] Level 1:colcon.colcon_core.package_identification:_identify(src/ydlidar_ros2_driver) by extension 'colcon_pkg'
[1.375s] Level 1:colcon.colcon_core.package_identification:_identify(src/ydlidar_ros2_driver) by extensions ['colcon_meta']
[1.375s] Level 1:colcon.colcon_core.package_identification:_identify(src/ydlidar_ros2_driver) by extension 'colcon_meta'
[1.375s] Level 1:colcon.colcon_core.package_identification:_identify(src/ydlidar_ros2_driver) by extensions ['ros']
[1.376s] Level 1:colcon.colcon_core.package_identification:_identify(src/ydlidar_ros2_driver) by extension 'ros'
[1.377s] DEBUG:colcon.colcon_core.package_identification:Package 'src/ydlidar_ros2_driver' with type 'ros.ament_cmake' and name 'ydlidar_ros2_driver'
[1.378s] Level 1:colcon.colcon_core.package_discovery:discover_packages(recursive) using defaults
[1.378s] Level 1:colcon.colcon_core.package_discovery:discover_packages(ignore) discover
[1.378s] Level 1:colcon.colcon_core.package_discovery:discover_packages(ignore) using defaults
[1.378s] Level 1:colcon.colcon_core.package_discovery:discover_packages(path) discover
[1.378s] Level 1:colcon.colcon_core.package_discovery:discover_packages(path) using defaults
[1.449s] Level 1:colcon.colcon_core.package_discovery:discover_packages(prefix_path) check parameters
[1.449s] Level 1:colcon.colcon_core.package_discovery:discover_packages(prefix_path) discover
[1.458s] DEBUG:colcon.colcon_installed_package_information.package_discovery:Found 318 installed packages in /opt/ros/humble
[1.462s] Level 1:colcon.colcon_core.package_discovery:discover_packages(prefix_path) using defaults
[1.601s] Level 5:colcon.colcon_core.verb:set package 'gimbal_control_cpp' build argument 'cmake_args' from command line to 'None'
[1.601s] Level 5:colcon.colcon_core.verb:set package 'gimbal_control_cpp' build argument 'cmake_target' from command line to 'None'
[1.601s] Level 5:colcon.colcon_core.verb:set package 'gimbal_control_cpp' build argument 'cmake_target_skip_unavailable' from command line to 'False'
[1.601s] Level 5:colcon.colcon_core.verb:set package 'gimbal_control_cpp' build argument 'cmake_clean_cache' from command line to 'False'
[1.601s] Level 5:colcon.colcon_core.verb:set package 'gimbal_control_cpp' build argument 'cmake_clean_first' from command line to 'False'
[1.601s] Level 5:colcon.colcon_core.verb:set package 'gimbal_control_cpp' build argument 'cmake_force_configure' from command line to 'False'
[1.601s] Level 5:colcon.colcon_core.verb:set package 'gimbal_control_cpp' build argument 'ament_cmake_args' from command line to 'None'
[1.601s] Level 5:colcon.colcon_core.verb:set package 'gimbal_control_cpp' build argument 'catkin_cmake_args' from command line to 'None'
[1.601s] Level 5:colcon.colcon_core.verb:set package 'gimbal_control_cpp' build argument 'catkin_skip_building_tests' from command line to 'False'
[1.602s] DEBUG:colcon.colcon_core.verb:Building package 'gimbal_control_cpp' with the following arguments: {'ament_cmake_args': None, 'build_base': '/home/xumeng/robot1_ws/build/gimbal_control_cpp', 'catkin_cmake_args': None, 'catkin_skip_building_tests': False, 'cmake_args': None, 'cmake_clean_cache': False, 'cmake_clean_first': False, 'cmake_force_configure': False, 'cmake_target': None, 'cmake_target_skip_unavailable': False, 'install_base': '/home/xumeng/robot1_ws/install/gimbal_control_cpp', 'merge_install': False, 'path': '/home/xumeng/robot1_ws/src/gimbal_ws/gimbal_control_cpp', 'symlink_install': True, 'test_result_base': None}
[1.603s] Level 5:colcon.colcon_core.verb:set package 'robot1_nav' build argument 'cmake_args' from command line to 'None'
[1.603s] Level 5:colcon.colcon_core.verb:set package 'robot1_nav' build argument 'cmake_target' from command line to 'None'
[1.603s] Level 5:colcon.colcon_core.verb:set package 'robot1_nav' build argument 'cmake_target_skip_unavailable' from command line to 'False'
[1.603s] Level 5:colcon.colcon_core.verb:set package 'robot1_nav' build argument 'cmake_clean_cache' from command line to 'False'
[1.603s] Level 5:colcon.colcon_core.verb:set package 'robot1_nav' build argument 'cmake_clean_first' from command line to 'False'
[1.603s] Level 5:colcon.colcon_core.verb:set package 'robot1_nav' build argument 'cmake_force_configure' from command line to 'False'
[1.603s] Level 5:colcon.colcon_core.verb:set package 'robot1_nav' build argument 'ament_cmake_args' from command line to 'None'
[1.603s] Level 5:colcon.colcon_core.verb:set package 'robot1_nav' build argument 'catkin_cmake_args' from command line to 'None'
[1.603s] Level 5:colcon.colcon_core.verb:set package 'robot1_nav' build argument 'catkin_skip_building_tests' from command line to 'False'
[1.603s] DEBUG:colcon.colcon_core.verb:Building package 'robot1_nav' with the following arguments: {'ament_cmake_args': None, 'build_base': '/home/xumeng/robot1_ws/build/robot1_nav', 'catkin_cmake_args': None, 'catkin_skip_building_tests': False, 'cmake_args': None, 'cmake_clean_cache': False, 'cmake_clean_first': False, 'cmake_force_configure': False, 'cmake_target': None, 'cmake_target_skip_unavailable': False, 'install_base': '/home/xumeng/robot1_ws/install/robot1_nav', 'merge_install': False, 'path': '/home/xumeng/robot1_ws/src/robot1_nav', 'symlink_install': True, 'test_result_base': None}
[1.604s] Level 5:colcon.colcon_core.verb:set package 'robot_driver' build argument 'cmake_args' from command line to 'None'
[1.604s] Level 5:colcon.colcon_core.verb:set package 'robot_driver' build argument 'cmake_target' from command line to 'None'
[1.604s] Level 5:colcon.colcon_core.verb:set package 'robot_driver' build argument 'cmake_target_skip_unavailable' from command line to 'False'
[1.605s] Level 5:colcon.colcon_core.verb:set package 'robot_driver' build argument 'cmake_clean_cache' from command line to 'False'
[1.605s] Level 5:colcon.colcon_core.verb:set package 'robot_driver' build argument 'cmake_clean_first' from command line to 'False'
[1.605s] Level 5:colcon.colcon_core.verb:set package 'robot_driver' build argument 'cmake_force_configure' from command line to 'False'
[1.605s] Level 5:colcon.colcon_core.verb:set package 'robot_driver' build argument 'ament_cmake_args' from command line to 'None'
[1.605s] Level 5:colcon.colcon_core.verb:set package 'robot_driver' build argument 'catkin_cmake_args' from command line to 'None'
[1.605s] Level 5:colcon.colcon_core.verb:set package 'robot_driver' build argument 'catkin_skip_building_tests' from command line to 'False'
[1.605s] DEBUG:colcon.colcon_core.verb:Building package 'robot_driver' with the following arguments: {'ament_cmake_args': None, 'build_base': '/home/xumeng/robot1_ws/build/robot_driver', 'catkin_cmake_args': None, 'catkin_skip_building_tests': False, 'cmake_args': None, 'cmake_clean_cache': False, 'cmake_clean_first': False, 'cmake_force_configure': False, 'cmake_target': None, 'cmake_target_skip_unavailable': False, 'install_base': '/home/xumeng/robot1_ws/install/robot_driver', 'merge_install': False, 'path': '/home/xumeng/robot1_ws/src/robot_driver', 'symlink_install': True, 'test_result_base': None}
[1.606s] Level 5:colcon.colcon_core.verb:set package 'ydlidar_ros2_driver' build argument 'cmake_args' from command line to 'None'
[1.606s] Level 5:colcon.colcon_core.verb:set package 'ydlidar_ros2_driver' build argument 'cmake_target' from command line to 'None'
[1.606s] Level 5:colcon.colcon_core.verb:set package 'ydlidar_ros2_driver' build argument 'cmake_target_skip_unavailable' from command line to 'False'
[1.606s] Level 5:colcon.colcon_core.verb:set package 'ydlidar_ros2_driver' build argument 'cmake_clean_cache' from command line to 'False'
[1.606s] Level 5:colcon.colcon_core.verb:set package 'ydlidar_ros2_driver' build argument 'cmake_clean_first' from command line to 'False'
[1.606s] Level 5:colcon.colcon_core.verb:set package 'ydlidar_ros2_driver' build argument 'cmake_force_configure' from command line to 'False'
[1.606s] Level 5:colcon.colcon_core.verb:set package 'ydlidar_ros2_driver' build argument 'ament_cmake_args' from command line to 'None'
[1.606s] Level 5:colcon.colcon_core.verb:set package 'ydlidar_ros2_driver' build argument 'catkin_cmake_args' from command line to 'None'
[1.607s] Level 5:colcon.colcon_core.verb:set package 'ydlidar_ros2_driver' build argument 'catkin_skip_building_tests' from command line to 'False'
[1.607s] DEBUG:colcon.colcon_core.verb:Building package 'ydlidar_ros2_driver' with the following arguments: {'ament_cmake_args': None, 'build_base': '/home/xumeng/robot1_ws/build/ydlidar_ros2_driver', 'catkin_cmake_args': None, 'catkin_skip_building_tests': False, 'cmake_args': None, 'cmake_clean_cache': False, 'cmake_clean_first': False, 'cmake_force_configure': False, 'cmake_target': None, 'cmake_target_skip_unavailable': False, 'install_base': '/home/xumeng/robot1_ws/install/ydlidar_ros2_driver', 'merge_install': False, 'path': '/home/xumeng/robot1_ws/src/ydlidar_ros2_driver', 'symlink_install': True, 'test_result_base': None}
[1.608s] Level 5:colcon.colcon_core.verb:set package 'robot1_soldier' build argument 'cmake_args' from command line to 'None'
[1.608s] Level 5:colcon.colcon_core.verb:set package 'robot1_soldier' build argument 'cmake_target' from command line to 'None'
[1.608s] Level 5:colcon.colcon_core.verb:set package 'robot1_soldier' build argument 'cmake_target_skip_unavailable' from command line to 'False'
[1.608s] Level 5:colcon.colcon_core.verb:set package 'robot1_soldier' build argument 'cmake_clean_cache' from command line to 'False'
[1.608s] Level 5:colcon.colcon_core.verb:set package 'robot1_soldier' build argument 'cmake_clean_first' from command line to 'False'
[1.608s] Level 5:colcon.colcon_core.verb:set package 'robot1_soldier' build argument 'cmake_force_configure' from command line to 'False'
[1.608s] Level 5:colcon.colcon_core.verb:set package 'robot1_soldier' build argument 'ament_cmake_args' from command line to 'None'
[1.608s] Level 5:colcon.colcon_core.verb:set package 'robot1_soldier' build argument 'catkin_cmake_args' from command line to 'None'
[1.608s] Level 5:colcon.colcon_core.verb:set package 'robot1_soldier' build argument 'catkin_skip_building_tests' from command line to 'False'
[1.608s] DEBUG:colcon.colcon_core.verb:Building package 'robot1_soldier' with the following arguments: {'ament_cmake_args': None, 'build_base': '/home/xumeng/robot1_ws/build/robot1_soldier', 'catkin_cmake_args': None, 'catkin_skip_building_tests': False, 'cmake_args': None, 'cmake_clean_cache': False, 'cmake_clean_first': False, 'cmake_force_configure': False, 'cmake_target': None, 'cmake_target_skip_unavailable': False, 'install_base': '/home/xumeng/robot1_ws/install/robot1_soldier', 'merge_install': False, 'path': '/home/xumeng/robot1_ws/src/robot1_soldier', 'symlink_install': True, 'test_result_base': None}
[1.609s] INFO:colcon.colcon_core.executor:Executing jobs using 'parallel' executor
[1.612s] DEBUG:colcon.colcon_parallel_executor.executor.parallel:run_until_complete
[1.612s] INFO:colcon.colcon_ros.task.ament_cmake.build:Building ROS package in '/home/xumeng/robot1_ws/src/gimbal_ws/gimbal_control_cpp' with build type 'ament_cmake'
[1.613s] INFO:colcon.colcon_cmake.task.cmake.build:Building CMake package in '/home/xumeng/robot1_ws/src/gimbal_ws/gimbal_control_cpp'
[1.619s] INFO:colcon.colcon_core.plugin_system:Skipping extension 'colcon_core.shell.bat': Not used on non-Windows systems
[1.620s] INFO:colcon.colcon_core.shell:Skip shell extension 'powershell' for command environment: Not usable outside of PowerShell
[1.620s] DEBUG:colcon.colcon_core.shell:Skip shell extension 'dsv' for command environment
[1.632s] INFO:colcon.colcon_ros.task.ament_cmake.build:Building ROS package in '/home/xumeng/robot1_ws/src/robot1_nav' with build type 'ament_cmake'
[1.632s] INFO:colcon.colcon_cmake.task.cmake.build:Building CMake package in '/home/xumeng/robot1_ws/src/robot1_nav'
[1.633s] INFO:colcon.colcon_core.shell:Skip shell extension 'powershell' for command environment: Not usable outside of PowerShell
[1.633s] DEBUG:colcon.colcon_core.shell:Skip shell extension 'dsv' for command environment
[1.641s] INFO:colcon.colcon_ros.task.ament_python.build:Building ROS package in '/home/xumeng/robot1_ws/src/robot_driver' with build type 'ament_python'
[1.641s] Level 1:colcon.colcon_core.shell:create_environment_hook('robot_driver', 'ament_prefix_path')
[1.642s] INFO:colcon.colcon_core.shell:Creating environment hook '/home/xumeng/robot1_ws/install/robot_driver/share/robot_driver/hook/ament_prefix_path.ps1'
[1.645s] INFO:colcon.colcon_core.shell:Creating environment descriptor '/home/xumeng/robot1_ws/install/robot_driver/share/robot_driver/hook/ament_prefix_path.dsv'
[1.646s] INFO:colcon.colcon_core.shell:Creating environment hook '/home/xumeng/robot1_ws/install/robot_driver/share/robot_driver/hook/ament_prefix_path.sh'
[1.649s] INFO:colcon.colcon_core.shell:Skip shell extension 'powershell' for command environment: Not usable outside of PowerShell
[1.649s] DEBUG:colcon.colcon_core.shell:Skip shell extension 'dsv' for command environment
[1.656s] INFO:colcon.colcon_ros.task.ament_cmake.build:Building ROS package in '/home/xumeng/robot1_ws/src/ydlidar_ros2_driver' with build type 'ament_cmake'
[1.656s] INFO:colcon.colcon_cmake.task.cmake.build:Building CMake package in '/home/xumeng/robot1_ws/src/ydlidar_ros2_driver'
[1.657s] INFO:colcon.colcon_core.shell:Skip shell extension 'powershell' for command environment: Not usable outside of PowerShell
[1.657s] DEBUG:colcon.colcon_core.shell:Skip shell extension 'dsv' for command environment
[1.675s] DEBUG:colcon.colcon_core.event_handler.log_command:Invoking command in '/home/xumeng/robot1_ws/build/gimbal_control_cpp': CMAKE_PREFIX_PATH=/opt/ros/humble /usr/bin/cmake /home/xumeng/robot1_ws/src/gimbal_ws/gimbal_control_cpp -DAMENT_CMAKE_SYMLINK_INSTALL=1 -DCMAKE_INSTALL_PREFIX=/home/xumeng/robot1_ws/install/gimbal_control_cpp
[1.683s] DEBUG:colcon.colcon_core.event_handler.log_command:Invoking command in '/home/xumeng/robot1_ws/build/robot1_nav': CMAKE_PREFIX_PATH=/opt/ros/humble /usr/bin/cmake /home/xumeng/robot1_ws/src/robot1_nav -DAMENT_CMAKE_SYMLINK_INSTALL=1 -DCMAKE_INSTALL_PREFIX=/home/xumeng/robot1_ws/install/robot1_nav
[2.711s] INFO:colcon.colcon_core.task.python.build:Building Python package in '/home/xumeng/robot1_ws/src/robot_driver'
[2.712s] INFO:colcon.colcon_core.shell:Skip shell extension 'powershell' for command environment: Not usable outside of PowerShell
[2.712s] DEBUG:colcon.colcon_core.shell:Skip shell extension 'dsv' for command environment
[2.728s] DEBUG:colcon.colcon_core.event_handler.log_command:Invoking command in '/home/xumeng/robot1_ws/build/ydlidar_ros2_driver': CMAKE_PREFIX_PATH=/opt/ros/humble /usr/bin/cmake /home/xumeng/robot1_ws/src/ydlidar_ros2_driver -DAMENT_CMAKE_SYMLINK_INSTALL=1 -DCMAKE_INSTALL_PREFIX=/home/xumeng/robot1_ws/install/ydlidar_ros2_driver
[4.066s] DEBUG:colcon.colcon_core.event_handler.log_command:Invoked command in '/home/xumeng/robot1_ws/build/robot1_nav' returned '0': CMAKE_PREFIX_PATH=/opt/ros/humble /usr/bin/cmake /home/xumeng/robot1_ws/src/robot1_nav -DAMENT_CMAKE_SYMLINK_INSTALL=1 -DCMAKE_INSTALL_PREFIX=/home/xumeng/robot1_ws/install/robot1_nav
[4.067s] DEBUG:colcon.colcon_core.event_handler.log_command:Invoking command in '/home/xumeng/robot1_ws/build/robot1_nav': CMAKE_PREFIX_PATH=/opt/ros/humble /usr/bin/cmake --build /home/xumeng/robot1_ws/build/robot1_nav -- -j4 -l4
[4.174s] DEBUG:colcon.colcon_core.event_handler.log_command:Invoked command in '/home/xumeng/robot1_ws/build/robot1_nav' returned '0': CMAKE_PREFIX_PATH=/opt/ros/humble /usr/bin/cmake --build /home/xumeng/robot1_ws/build/robot1_nav -- -j4 -l4
[4.198s] DEBUG:colcon.colcon_core.event_handler.log_command:Invoking command in '/home/xumeng/robot1_ws/build/robot1_nav': CMAKE_PREFIX_PATH=/opt/ros/humble /usr/bin/cmake --install /home/xumeng/robot1_ws/build/robot1_nav
[4.371s] DEBUG:colcon.colcon_core.task.python.build:Available setuptools commands: upload_docs, build_ext, compile_catalog, bdist_wheel, install_data, build_py, install_lib, upload, sdist, build_clib, clean, update_catalog, bdist_rpm, develop, bdist, extract_messages, check, bdist_dumb, egg_info, install_egg_info, saveopts, rotate, build_scripts, dist_info, symlink_data, install, setopt, bdist_egg, alias, init_catalog, install_scripts, test, register, install_headers, easy_install, build
[4.803s] Level 1:colcon.colcon_core.environment:create_environment_scripts_only(robot1_nav)
[4.811s] Level 1:colcon.colcon_core.environment:checking '/home/xumeng/robot1_ws/install/robot1_nav' for CMake module files
[4.813s] DEBUG:colcon.colcon_core.event_handler.log_command:Invoked command in '/home/xumeng/robot1_ws/build/robot1_nav' returned '0': CMAKE_PREFIX_PATH=/opt/ros/humble /usr/bin/cmake --install /home/xumeng/robot1_ws/build/robot1_nav
[4.815s] Level 1:colcon.colcon_core.environment:checking '/home/xumeng/robot1_ws/install/robot1_nav' for CMake config files
[4.816s] Level 1:colcon.colcon_core.shell:create_environment_hook('robot1_nav', 'cmake_prefix_path')
[4.817s] INFO:colcon.colcon_core.shell:Creating environment hook '/home/xumeng/robot1_ws/install/robot1_nav/share/robot1_nav/hook/cmake_prefix_path.ps1'
[4.819s] INFO:colcon.colcon_core.shell:Creating environment descriptor '/home/xumeng/robot1_ws/install/robot1_nav/share/robot1_nav/hook/cmake_prefix_path.dsv'
[4.820s] INFO:colcon.colcon_core.shell:Creating environment hook '/home/xumeng/robot1_ws/install/robot1_nav/share/robot1_nav/hook/cmake_prefix_path.sh'
[4.822s] Level 1:colcon.colcon_core.environment:checking '/home/xumeng/robot1_ws/install/robot1_nav/bin'
[4.822s] Level 1:colcon.colcon_core.environment:checking '/home/xumeng/robot1_ws/install/robot1_nav/lib/pkgconfig/robot1_nav.pc'
[4.823s] Level 1:colcon.colcon_core.environment:checking '/home/xumeng/robot1_ws/install/robot1_nav/lib/python3.10/site-packages'
[4.824s] Level 1:colcon.colcon_core.environment:checking '/home/xumeng/robot1_ws/install/robot1_nav/bin'
[4.825s] INFO:colcon.colcon_core.shell:Creating package script '/home/xumeng/robot1_ws/install/robot1_nav/share/robot1_nav/package.ps1'
[4.830s] INFO:colcon.colcon_core.shell:Creating package descriptor '/home/xumeng/robot1_ws/install/robot1_nav/share/robot1_nav/package.dsv'
[4.832s] INFO:colcon.colcon_core.shell:Creating package script '/home/xumeng/robot1_ws/install/robot1_nav/share/robot1_nav/package.sh'
[4.835s] INFO:colcon.colcon_core.shell:Creating package script '/home/xumeng/robot1_ws/install/robot1_nav/share/robot1_nav/package.bash'
[4.837s] INFO:colcon.colcon_core.shell:Creating package script '/home/xumeng/robot1_ws/install/robot1_nav/share/robot1_nav/package.zsh'
[4.839s] Level 1:colcon.colcon_core.environment:create_file_with_runtime_dependencies(/home/xumeng/robot1_ws/install/robot1_nav/share/colcon-core/packages/robot1_nav)
[4.841s] Level 1:colcon.colcon_core.environment:create_environment_scripts_only(robot1_nav)
[4.842s] Level 1:colcon.colcon_core.environment:checking '/home/xumeng/robot1_ws/install/robot1_nav' for CMake module files
[4.844s] Level 1:colcon.colcon_core.environment:checking '/home/xumeng/robot1_ws/install/robot1_nav' for CMake config files
[4.845s] Level 1:colcon.colcon_core.shell:create_environment_hook('robot1_nav', 'cmake_prefix_path')
[4.846s] INFO:colcon.colcon_core.shell:Creating environment hook '/home/xumeng/robot1_ws/install/robot1_nav/share/robot1_nav/hook/cmake_prefix_path.ps1'
[4.848s] INFO:colcon.colcon_core.shell:Creating environment descriptor '/home/xumeng/robot1_ws/install/robot1_nav/share/robot1_nav/hook/cmake_prefix_path.dsv'
[4.849s] INFO:colcon.colcon_core.shell:Creating environment hook '/home/xumeng/robot1_ws/install/robot1_nav/share/robot1_nav/hook/cmake_prefix_path.sh'
[4.851s] Level 1:colcon.colcon_core.environment:checking '/home/xumeng/robot1_ws/install/robot1_nav/bin'
[4.851s] Level 1:colcon.colcon_core.environment:checking '/home/xumeng/robot1_ws/install/robot1_nav/lib/pkgconfig/robot1_nav.pc'
[4.852s] Level 1:colcon.colcon_core.environment:checking '/home/xumeng/robot1_ws/install/robot1_nav/lib/python3.10/site-packages'
[4.853s] Level 1:colcon.colcon_core.environment:checking '/home/xumeng/robot1_ws/install/robot1_nav/bin'
[4.854s] INFO:colcon.colcon_core.shell:Creating package script '/home/xumeng/robot1_ws/install/robot1_nav/share/robot1_nav/package.ps1'
[4.856s] INFO:colcon.colcon_core.shell:Creating package descriptor '/home/xumeng/robot1_ws/install/robot1_nav/share/robot1_nav/package.dsv'
[4.857s] INFO:colcon.colcon_core.shell:Creating package script '/home/xumeng/robot1_ws/install/robot1_nav/share/robot1_nav/package.sh'
[4.858s] INFO:colcon.colcon_core.shell:Creating package script '/home/xumeng/robot1_ws/install/robot1_nav/share/robot1_nav/package.bash'
[4.860s] INFO:colcon.colcon_core.shell:Creating package script '/home/xumeng/robot1_ws/install/robot1_nav/share/robot1_nav/package.zsh'
[4.862s] Level 1:colcon.colcon_core.environment:create_file_with_runtime_dependencies(/home/xumeng/robot1_ws/install/robot1_nav/share/colcon-core/packages/robot1_nav)
[5.564s] DEBUG:colcon.colcon_core.task.python.build:Available setuptools 'develop' options: --install-dir, --find-links, --exclude-scripts, --egg-path, --always-unzip, --local-snapshots-ok, --quiet, --force-installation-into-system-dir, --zip-ok, --always-copy, --optimize, --prefix, --allow-hosts, --no-find-links, --no-user-cfg, --install-layout, --uninstall, --version, --editable, --site-dirs, --script-dir, --build-directory, --multi-version, --no-deps, --help, --user, --index-url, --upgrade, --record, --verbose, --dry-run
[5.569s] DEBUG:colcon.colcon_core.event_handler.log_command:Invoking command in '/home/xumeng/robot1_ws/build/robot_driver': PYTHONPATH=/home/xumeng/robot1_ws/build/robot_driver/prefix_override:/usr/lib/python3/dist-packages/colcon_core/task/python/colcon_distutils_commands:/home/xumeng/robot1_ws/install/robot_driver/lib/python3.10/site-packages:${PYTHONPATH} /usr/bin/python3 -W ignore:setup.py install is deprecated -W ignore:easy_install command is deprecated setup.py develop --editable --build-directory /home/xumeng/robot1_ws/build/robot_driver/build --no-deps symlink_data
[5.825s] DEBUG:colcon.colcon_core.event_handler.log_command:Invoked command in '/home/xumeng/robot1_ws/build/gimbal_control_cpp' returned '0': CMAKE_PREFIX_PATH=/opt/ros/humble /usr/bin/cmake /home/xumeng/robot1_ws/src/gimbal_ws/gimbal_control_cpp -DAMENT_CMAKE_SYMLINK_INSTALL=1 -DCMAKE_INSTALL_PREFIX=/home/xumeng/robot1_ws/install/gimbal_control_cpp
[5.826s] DEBUG:colcon.colcon_core.event_handler.log_command:Invoking command in '/home/xumeng/robot1_ws/build/gimbal_control_cpp': CMAKE_PREFIX_PATH=/opt/ros/humble /usr/bin/cmake --build /home/xumeng/robot1_ws/build/gimbal_control_cpp -- -j4 -l4
[6.390s] DEBUG:colcon.colcon_core.event_handler.log_command:Invoked command in '/home/xumeng/robot1_ws/build/ydlidar_ros2_driver' returned '1': CMAKE_PREFIX_PATH=/opt/ros/humble /usr/bin/cmake /home/xumeng/robot1_ws/src/ydlidar_ros2_driver -DAMENT_CMAKE_SYMLINK_INSTALL=1 -DCMAKE_INSTALL_PREFIX=/home/xumeng/robot1_ws/install/ydlidar_ros2_driver
[6.427s] Level 1:colcon.colcon_core.environment:create_environment_scripts_only(ydlidar_ros2_driver)
[6.428s] Level 1:colcon.colcon_core.environment:checking '/home/xumeng/robot1_ws/install/ydlidar_ros2_driver' for CMake module files
[6.429s] Level 1:colcon.colcon_core.environment:checking '/home/xumeng/robot1_ws/install/ydlidar_ros2_driver' for CMake config files
[6.430s] Level 1:colcon.colcon_core.environment:checking '/home/xumeng/robot1_ws/install/ydlidar_ros2_driver/bin'
[6.430s] Level 1:colcon.colcon_core.environment:checking '/home/xumeng/robot1_ws/install/ydlidar_ros2_driver/lib/pkgconfig/ydlidar_ros2_driver.pc'
[6.431s] Level 1:colcon.colcon_core.environment:checking '/home/xumeng/robot1_ws/install/ydlidar_ros2_driver/lib/python3.10/site-packages'
[6.432s] Level 1:colcon.colcon_core.environment:checking '/home/xumeng/robot1_ws/install/ydlidar_ros2_driver/bin'
[6.433s] INFO:colcon.colcon_core.shell:Creating package script '/home/xumeng/robot1_ws/install/ydlidar_ros2_driver/share/ydlidar_ros2_driver/package.ps1'
[6.436s] INFO:colcon.colcon_core.shell:Creating package descriptor '/home/xumeng/robot1_ws/install/ydlidar_ros2_driver/share/ydlidar_ros2_driver/package.dsv'
[6.437s] INFO:colcon.colcon_core.shell:Creating package script '/home/xumeng/robot1_ws/install/ydlidar_ros2_driver/share/ydlidar_ros2_driver/package.sh'
[6.438s] INFO:colcon.colcon_core.shell:Creating package script '/home/xumeng/robot1_ws/install/ydlidar_ros2_driver/share/ydlidar_ros2_driver/package.bash'
[6.439s] INFO:colcon.colcon_core.shell:Creating package script '/home/xumeng/robot1_ws/install/ydlidar_ros2_driver/share/ydlidar_ros2_driver/package.zsh'
[6.440s] Level 1:colcon.colcon_core.environment:create_file_with_runtime_dependencies(/home/xumeng/robot1_ws/install/ydlidar_ros2_driver/share/colcon-core/packages/ydlidar_ros2_driver)
[34.170s] DEBUG:colcon.colcon_parallel_executor.executor.parallel:closing loop
[34.170s] DEBUG:colcon.colcon_parallel_executor.executor.parallel:loop closed
[34.170s] DEBUG:colcon.colcon_parallel_executor.executor.parallel:run_until_complete finished with '1'
[34.170s] DEBUG:colcon.colcon_core.event_reactor:joining thread
[34.172s] DEBUG:colcon.colcon_core.event_reactor:joined thread
[34.173s] INFO:colcon.colcon_core.shell:Creating prefix script '/home/xumeng/robot1_ws/install/local_setup.ps1'
[34.176s] INFO:colcon.colcon_core.shell:Creating prefix util module '/home/xumeng/robot1_ws/install/_local_setup_util_ps1.py'
[34.182s] INFO:colcon.colcon_core.shell:Creating prefix chain script '/home/xumeng/robot1_ws/install/setup.ps1'
[34.185s] INFO:colcon.colcon_core.shell:Creating prefix script '/home/xumeng/robot1_ws/install/local_setup.sh'
[34.187s] INFO:colcon.colcon_core.shell:Creating prefix util module '/home/xumeng/robot1_ws/install/_local_setup_util_sh.py'
[34.189s] INFO:colcon.colcon_core.shell:Creating prefix chain script '/home/xumeng/robot1_ws/install/setup.sh'
[34.192s] INFO:colcon.colcon_core.shell:Creating prefix script '/home/xumeng/robot1_ws/install/local_setup.bash'
[34.194s] INFO:colcon.colcon_core.shell:Creating prefix chain script '/home/xumeng/robot1_ws/install/setup.bash'
[34.197s] INFO:colcon.colcon_core.shell:Creating prefix script '/home/xumeng/robot1_ws/install/local_setup.zsh'
[34.199s] INFO:colcon.colcon_core.shell:Creating prefix chain script '/home/xumeng/robot1_ws/install/setup.zsh'
