[0.406s] DEBUG:colcon:Command line arguments: ['/usr/bin/colcon', 'build', '--packages-select', 'robot_driver', '--symlink-install']
[0.406s] DEBUG:colcon:Parsed command line arguments: Namespace(log_base=None, log_level=None, verb_name='build', build_base='build', install_base='install', merge_install=False, symlink_install=True, test_result_base=None, continue_on_error=False, executor='parallel', parallel_workers=4, event_handlers=None, ignore_user_meta=False, metas=['./colcon.meta'], base_paths=['.'], packages_ignore=None, packages_ignore_regex=None, paths=None, packages_up_to=None, packages_up_to_regex=None, packages_above=None, packages_above_and_dependencies=None, packages_above_depth=None, packages_select_by_dep=None, packages_skip_by_dep=None, packages_skip_up_to=None, packages_select_build_failed=False, packages_skip_build_finished=False, packages_select_test_failures=False, packages_skip_test_passed=False, packages_select=['robot_driver'], packages_skip=None, packages_select_regex=None, packages_skip_regex=None, packages_start=None, packages_end=None, allow_overriding=[], cmake_args=None, cmake_target=None, cmake_target_skip_unavailable=False, cmake_clean_cache=False, cmake_clean_first=False, cmake_force_configure=False, ament_cmake_args=None, catkin_cmake_args=None, catkin_skip_building_tests=False, mixin_files=None, mixin=None, verb_parser=<colcon_mixin.mixin.mixin_argument.MixinArgumentDecorator object at 0xffffa56241c0>, verb_extension=<colcon_core.verb.build.BuildVerb object at 0xffffa55efaf0>, main=<bound method BuildVerb.main of <colcon_core.verb.build.BuildVerb object at 0xffffa55efaf0>>, mixin_verb=('build',))
[1.126s] Level 1:colcon.colcon_core.package_discovery:discover_packages(colcon_meta) check parameters
[1.126s] Level 1:colcon.colcon_core.package_discovery:discover_packages(recursive) check parameters
[1.126s] Level 1:colcon.colcon_core.package_discovery:discover_packages(ignore) check parameters
[1.126s] Level 1:colcon.colcon_core.package_discovery:discover_packages(path) check parameters
[1.127s] Level 1:colcon.colcon_core.package_discovery:discover_packages(colcon_meta) discover
[1.127s] Level 1:colcon.colcon_core.package_discovery:discover_packages(recursive) discover
[1.127s] INFO:colcon.colcon_core.package_discovery:Crawling recursively for packages in '/home/xumeng/robot1_ws'
[1.127s] Level 1:colcon.colcon_core.package_identification:_identify(.) by extensions ['ignore', 'ignore_ament_install']
[1.128s] Level 1:colcon.colcon_core.package_identification:_identify(.) by extension 'ignore'
[1.128s] Level 1:colcon.colcon_core.package_identification:_identify(.) by extension 'ignore_ament_install'
[1.128s] Level 1:colcon.colcon_core.package_identification:_identify(.) by extensions ['colcon_pkg']
[1.129s] Level 1:colcon.colcon_core.package_identification:_identify(.) by extension 'colcon_pkg'
[1.129s] Level 1:colcon.colcon_core.package_identification:_identify(.) by extensions ['colcon_meta']
[1.129s] Level 1:colcon.colcon_core.package_identification:_identify(.) by extension 'colcon_meta'
[1.129s] Level 1:colcon.colcon_core.package_identification:_identify(.) by extensions ['ros']
[1.129s] Level 1:colcon.colcon_core.package_identification:_identify(.) by extension 'ros'
[1.195s] Level 1:colcon.colcon_core.package_identification:_identify(.) by extensions ['cmake', 'python']
[1.196s] Level 1:colcon.colcon_core.package_identification:_identify(.) by extension 'cmake'
[1.196s] Level 1:colcon.colcon_core.package_identification:_identify(.) by extension 'python'
[1.196s] Level 1:colcon.colcon_core.package_identification:_identify(.) by extensions ['python_setup_py']
[1.196s] Level 1:colcon.colcon_core.package_identification:_identify(.) by extension 'python_setup_py'
[1.197s] Level 1:colcon.colcon_core.package_identification:_identify(build) by extensions ['ignore', 'ignore_ament_install']
[1.197s] Level 1:colcon.colcon_core.package_identification:_identify(build) by extension 'ignore'
[1.197s] Level 1:colcon.colcon_core.package_identification:_identify(build) ignored
[1.198s] Level 1:colcon.colcon_core.package_identification:_identify(install) by extensions ['ignore', 'ignore_ament_install']
[1.198s] Level 1:colcon.colcon_core.package_identification:_identify(install) by extension 'ignore'
[1.198s] Level 1:colcon.colcon_core.package_identification:_identify(install) ignored
[1.199s] Level 1:colcon.colcon_core.package_identification:_identify(log) by extensions ['ignore', 'ignore_ament_install']
[1.199s] Level 1:colcon.colcon_core.package_identification:_identify(log) by extension 'ignore'
[1.199s] Level 1:colcon.colcon_core.package_identification:_identify(log) ignored
[1.199s] Level 1:colcon.colcon_core.package_identification:_identify(src) by extensions ['ignore', 'ignore_ament_install']
[1.200s] Level 1:colcon.colcon_core.package_identification:_identify(src) by extension 'ignore'
[1.200s] Level 1:colcon.colcon_core.package_identification:_identify(src) by extension 'ignore_ament_install'
[1.200s] Level 1:colcon.colcon_core.package_identification:_identify(src) by extensions ['colcon_pkg']
[1.200s] Level 1:colcon.colcon_core.package_identification:_identify(src) by extension 'colcon_pkg'
[1.200s] Level 1:colcon.colcon_core.package_identification:_identify(src) by extensions ['colcon_meta']
[1.200s] Level 1:colcon.colcon_core.package_identification:_identify(src) by extension 'colcon_meta'
[1.201s] Level 1:colcon.colcon_core.package_identification:_identify(src) by extensions ['ros']
[1.201s] Level 1:colcon.colcon_core.package_identification:_identify(src) by extension 'ros'
[1.201s] Level 1:colcon.colcon_core.package_identification:_identify(src) by extensions ['cmake', 'python']
[1.201s] Level 1:colcon.colcon_core.package_identification:_identify(src) by extension 'cmake'
[1.201s] Level 1:colcon.colcon_core.package_identification:_identify(src) by extension 'python'
[1.202s] Level 1:colcon.colcon_core.package_identification:_identify(src) by extensions ['python_setup_py']
[1.202s] Level 1:colcon.colcon_core.package_identification:_identify(src) by extension 'python_setup_py'
[1.202s] Level 1:colcon.colcon_core.package_identification:_identify(src/gimbal_ws) by extensions ['ignore', 'ignore_ament_install']
[1.202s] Level 1:colcon.colcon_core.package_identification:_identify(src/gimbal_ws) by extension 'ignore'
[1.203s] Level 1:colcon.colcon_core.package_identification:_identify(src/gimbal_ws) by extension 'ignore_ament_install'
[1.203s] Level 1:colcon.colcon_core.package_identification:_identify(src/gimbal_ws) by extensions ['colcon_pkg']
[1.203s] Level 1:colcon.colcon_core.package_identification:_identify(src/gimbal_ws) by extension 'colcon_pkg'
[1.203s] Level 1:colcon.colcon_core.package_identification:_identify(src/gimbal_ws) by extensions ['colcon_meta']
[1.203s] Level 1:colcon.colcon_core.package_identification:_identify(src/gimbal_ws) by extension 'colcon_meta'
[1.203s] Level 1:colcon.colcon_core.package_identification:_identify(src/gimbal_ws) by extensions ['ros']
[1.203s] Level 1:colcon.colcon_core.package_identification:_identify(src/gimbal_ws) by extension 'ros'
[1.204s] Level 1:colcon.colcon_core.package_identification:_identify(src/gimbal_ws) by extensions ['cmake', 'python']
[1.204s] Level 1:colcon.colcon_core.package_identification:_identify(src/gimbal_ws) by extension 'cmake'
[1.204s] Level 1:colcon.colcon_core.package_identification:_identify(src/gimbal_ws) by extension 'python'
[1.204s] Level 1:colcon.colcon_core.package_identification:_identify(src/gimbal_ws) by extensions ['python_setup_py']
[1.204s] Level 1:colcon.colcon_core.package_identification:_identify(src/gimbal_ws) by extension 'python_setup_py'
[1.205s] Level 1:colcon.colcon_core.package_identification:_identify(src/gimbal_ws/gimbal_control_cpp) by extensions ['ignore', 'ignore_ament_install']
[1.205s] Level 1:colcon.colcon_core.package_identification:_identify(src/gimbal_ws/gimbal_control_cpp) by extension 'ignore'
[1.205s] Level 1:colcon.colcon_core.package_identification:_identify(src/gimbal_ws/gimbal_control_cpp) by extension 'ignore_ament_install'
[1.205s] Level 1:colcon.colcon_core.package_identification:_identify(src/gimbal_ws/gimbal_control_cpp) by extensions ['colcon_pkg']
[1.206s] Level 1:colcon.colcon_core.package_identification:_identify(src/gimbal_ws/gimbal_control_cpp) by extension 'colcon_pkg'
[1.206s] Level 1:colcon.colcon_core.package_identification:_identify(src/gimbal_ws/gimbal_control_cpp) by extensions ['colcon_meta']
[1.206s] Level 1:colcon.colcon_core.package_identification:_identify(src/gimbal_ws/gimbal_control_cpp) by extension 'colcon_meta'
[1.206s] Level 1:colcon.colcon_core.package_identification:_identify(src/gimbal_ws/gimbal_control_cpp) by extensions ['ros']
[1.206s] Level 1:colcon.colcon_core.package_identification:_identify(src/gimbal_ws/gimbal_control_cpp) by extension 'ros'
[1.215s] DEBUG:colcon.colcon_core.package_identification:Package 'src/gimbal_ws/gimbal_control_cpp' with type 'ros.ament_cmake' and name 'gimbal_control_cpp'
[1.215s] Level 1:colcon.colcon_core.package_identification:_identify(src/robot1_nav) by extensions ['ignore', 'ignore_ament_install']
[1.216s] Level 1:colcon.colcon_core.package_identification:_identify(src/robot1_nav) by extension 'ignore'
[1.216s] Level 1:colcon.colcon_core.package_identification:_identify(src/robot1_nav) by extension 'ignore_ament_install'
[1.216s] Level 1:colcon.colcon_core.package_identification:_identify(src/robot1_nav) by extensions ['colcon_pkg']
[1.216s] Level 1:colcon.colcon_core.package_identification:_identify(src/robot1_nav) by extension 'colcon_pkg'
[1.216s] Level 1:colcon.colcon_core.package_identification:_identify(src/robot1_nav) by extensions ['colcon_meta']
[1.217s] Level 1:colcon.colcon_core.package_identification:_identify(src/robot1_nav) by extension 'colcon_meta'
[1.217s] Level 1:colcon.colcon_core.package_identification:_identify(src/robot1_nav) by extensions ['ros']
[1.217s] Level 1:colcon.colcon_core.package_identification:_identify(src/robot1_nav) by extension 'ros'
[1.218s] DEBUG:colcon.colcon_core.package_identification:Package 'src/robot1_nav' with type 'ros.ament_cmake' and name 'robot1_nav'
[1.219s] Level 1:colcon.colcon_core.package_identification:_identify(src/robot1_soldier) by extensions ['ignore', 'ignore_ament_install']
[1.219s] Level 1:colcon.colcon_core.package_identification:_identify(src/robot1_soldier) by extension 'ignore'
[1.219s] Level 1:colcon.colcon_core.package_identification:_identify(src/robot1_soldier) by extension 'ignore_ament_install'
[1.220s] Level 1:colcon.colcon_core.package_identification:_identify(src/robot1_soldier) by extensions ['colcon_pkg']
[1.220s] Level 1:colcon.colcon_core.package_identification:_identify(src/robot1_soldier) by extension 'colcon_pkg'
[1.220s] Level 1:colcon.colcon_core.package_identification:_identify(src/robot1_soldier) by extensions ['colcon_meta']
[1.220s] Level 1:colcon.colcon_core.package_identification:_identify(src/robot1_soldier) by extension 'colcon_meta'
[1.220s] Level 1:colcon.colcon_core.package_identification:_identify(src/robot1_soldier) by extensions ['ros']
[1.220s] Level 1:colcon.colcon_core.package_identification:_identify(src/robot1_soldier) by extension 'ros'
[1.222s] DEBUG:colcon.colcon_core.package_identification:Package 'src/robot1_soldier' with type 'ros.ament_python' and name 'robot1_soldier'
[1.223s] Level 1:colcon.colcon_core.package_identification:_identify(src/robot_driver) by extensions ['ignore', 'ignore_ament_install']
[1.223s] Level 1:colcon.colcon_core.package_identification:_identify(src/robot_driver) by extension 'ignore'
[1.223s] Level 1:colcon.colcon_core.package_identification:_identify(src/robot_driver) by extension 'ignore_ament_install'
[1.223s] Level 1:colcon.colcon_core.package_identification:_identify(src/robot_driver) by extensions ['colcon_pkg']
[1.223s] Level 1:colcon.colcon_core.package_identification:_identify(src/robot_driver) by extension 'colcon_pkg'
[1.224s] Level 1:colcon.colcon_core.package_identification:_identify(src/robot_driver) by extensions ['colcon_meta']
[1.224s] Level 1:colcon.colcon_core.package_identification:_identify(src/robot_driver) by extension 'colcon_meta'
[1.224s] Level 1:colcon.colcon_core.package_identification:_identify(src/robot_driver) by extensions ['ros']
[1.224s] Level 1:colcon.colcon_core.package_identification:_identify(src/robot_driver) by extension 'ros'
[1.227s] DEBUG:colcon.colcon_core.package_identification:Package 'src/robot_driver' with type 'ros.ament_python' and name 'robot_driver'
[1.227s] Level 1:colcon.colcon_core.package_identification:_identify(src/ydlidar_ros2_driver) by extensions ['ignore', 'ignore_ament_install']
[1.228s] Level 1:colcon.colcon_core.package_identification:_identify(src/ydlidar_ros2_driver) by extension 'ignore'
[1.228s] Level 1:colcon.colcon_core.package_identification:_identify(src/ydlidar_ros2_driver) by extension 'ignore_ament_install'
[1.228s] Level 1:colcon.colcon_core.package_identification:_identify(src/ydlidar_ros2_driver) by extensions ['colcon_pkg']
[1.228s] Level 1:colcon.colcon_core.package_identification:_identify(src/ydlidar_ros2_driver) by extension 'colcon_pkg'
[1.228s] Level 1:colcon.colcon_core.package_identification:_identify(src/ydlidar_ros2_driver) by extensions ['colcon_meta']
[1.228s] Level 1:colcon.colcon_core.package_identification:_identify(src/ydlidar_ros2_driver) by extension 'colcon_meta'
[1.229s] Level 1:colcon.colcon_core.package_identification:_identify(src/ydlidar_ros2_driver) by extensions ['ros']
[1.229s] Level 1:colcon.colcon_core.package_identification:_identify(src/ydlidar_ros2_driver) by extension 'ros'
[1.230s] DEBUG:colcon.colcon_core.package_identification:Package 'src/ydlidar_ros2_driver' with type 'ros.ament_cmake' and name 'ydlidar_ros2_driver'
[1.231s] Level 1:colcon.colcon_core.package_discovery:discover_packages(recursive) using defaults
[1.231s] Level 1:colcon.colcon_core.package_discovery:discover_packages(ignore) discover
[1.231s] Level 1:colcon.colcon_core.package_discovery:discover_packages(ignore) using defaults
[1.231s] Level 1:colcon.colcon_core.package_discovery:discover_packages(path) discover
[1.231s] Level 1:colcon.colcon_core.package_discovery:discover_packages(path) using defaults
[1.297s] INFO:colcon.colcon_core.package_selection:Skipping not selected package 'gimbal_control_cpp' in 'src/gimbal_ws/gimbal_control_cpp'
[1.297s] INFO:colcon.colcon_core.package_selection:Skipping not selected package 'robot1_nav' in 'src/robot1_nav'
[1.297s] INFO:colcon.colcon_core.package_selection:Skipping not selected package 'ydlidar_ros2_driver' in 'src/ydlidar_ros2_driver'
[1.297s] INFO:colcon.colcon_core.package_selection:Skipping not selected package 'robot1_soldier' in 'src/robot1_soldier'
[1.299s] Level 1:colcon.colcon_core.package_discovery:discover_packages(prefix_path) check parameters
[1.299s] Level 1:colcon.colcon_core.package_discovery:discover_packages(prefix_path) discover
[1.308s] DEBUG:colcon.colcon_installed_package_information.package_discovery:Found 318 installed packages in /opt/ros/humble
[1.312s] Level 1:colcon.colcon_core.package_discovery:discover_packages(prefix_path) using defaults
[1.446s] Level 5:colcon.colcon_core.verb:set package 'robot_driver' build argument 'cmake_args' from command line to 'None'
[1.446s] Level 5:colcon.colcon_core.verb:set package 'robot_driver' build argument 'cmake_target' from command line to 'None'
[1.446s] Level 5:colcon.colcon_core.verb:set package 'robot_driver' build argument 'cmake_target_skip_unavailable' from command line to 'False'
[1.447s] Level 5:colcon.colcon_core.verb:set package 'robot_driver' build argument 'cmake_clean_cache' from command line to 'False'
[1.447s] Level 5:colcon.colcon_core.verb:set package 'robot_driver' build argument 'cmake_clean_first' from command line to 'False'
[1.447s] Level 5:colcon.colcon_core.verb:set package 'robot_driver' build argument 'cmake_force_configure' from command line to 'False'
[1.447s] Level 5:colcon.colcon_core.verb:set package 'robot_driver' build argument 'ament_cmake_args' from command line to 'None'
[1.447s] Level 5:colcon.colcon_core.verb:set package 'robot_driver' build argument 'catkin_cmake_args' from command line to 'None'
[1.447s] Level 5:colcon.colcon_core.verb:set package 'robot_driver' build argument 'catkin_skip_building_tests' from command line to 'False'
[1.447s] DEBUG:colcon.colcon_core.verb:Building package 'robot_driver' with the following arguments: {'ament_cmake_args': None, 'build_base': '/home/xumeng/robot1_ws/build/robot_driver', 'catkin_cmake_args': None, 'catkin_skip_building_tests': False, 'cmake_args': None, 'cmake_clean_cache': False, 'cmake_clean_first': False, 'cmake_force_configure': False, 'cmake_target': None, 'cmake_target_skip_unavailable': False, 'install_base': '/home/xumeng/robot1_ws/install/robot_driver', 'merge_install': False, 'path': '/home/xumeng/robot1_ws/src/robot_driver', 'symlink_install': True, 'test_result_base': None}
[1.448s] INFO:colcon.colcon_core.executor:Executing jobs using 'parallel' executor
[1.450s] DEBUG:colcon.colcon_parallel_executor.executor.parallel:run_until_complete
[1.451s] INFO:colcon.colcon_ros.task.ament_python.build:Building ROS package in '/home/xumeng/robot1_ws/src/robot_driver' with build type 'ament_python'
[1.452s] Level 1:colcon.colcon_core.shell:create_environment_hook('robot_driver', 'ament_prefix_path')
[1.463s] INFO:colcon.colcon_core.plugin_system:Skipping extension 'colcon_core.shell.bat': Not used on non-Windows systems
[1.463s] INFO:colcon.colcon_core.shell:Creating environment hook '/home/xumeng/robot1_ws/install/robot_driver/share/robot_driver/hook/ament_prefix_path.ps1'
[1.466s] INFO:colcon.colcon_core.shell:Creating environment descriptor '/home/xumeng/robot1_ws/install/robot_driver/share/robot_driver/hook/ament_prefix_path.dsv'
[1.468s] INFO:colcon.colcon_core.shell:Creating environment hook '/home/xumeng/robot1_ws/install/robot_driver/share/robot_driver/hook/ament_prefix_path.sh'
[1.470s] INFO:colcon.colcon_core.shell:Skip shell extension 'powershell' for command environment: Not usable outside of PowerShell
[1.470s] DEBUG:colcon.colcon_core.shell:Skip shell extension 'dsv' for command environment
[2.396s] INFO:colcon.colcon_core.task.python.build:Building Python package in '/home/xumeng/robot1_ws/src/robot_driver'
[2.398s] INFO:colcon.colcon_core.shell:Skip shell extension 'powershell' for command environment: Not usable outside of PowerShell
[2.398s] DEBUG:colcon.colcon_core.shell:Skip shell extension 'dsv' for command environment
[3.648s] DEBUG:colcon.colcon_core.task.python.build:Available setuptools commands: build_clib, install_lib, init_catalog, check, easy_install, saveopts, sdist, bdist_dumb, bdist_egg, bdist_wheel, build_py, build_scripts, build_ext, setopt, clean, update_catalog, upload_docs, install_scripts, dist_info, symlink_data, extract_messages, install, alias, develop, install_data, bdist_rpm, install_egg_info, register, build, compile_catalog, egg_info, test, upload, bdist, rotate, install_headers
[4.610s] DEBUG:colcon.colcon_core.task.python.build:Available setuptools 'develop' options: --prefix, --install-layout, --egg-path, --dry-run, --no-user-cfg, --index-url, --local-snapshots-ok, --verbose, --quiet, --build-directory, --force-installation-into-system-dir, --upgrade, --zip-ok, --help, --no-find-links, --version, --install-dir, --find-links, --script-dir, --exclude-scripts, --record, --allow-hosts, --editable, --user, --multi-version, --always-unzip, --no-deps, --always-copy, --site-dirs, --optimize, --uninstall
[4.615s] DEBUG:colcon.colcon_core.event_handler.log_command:Invoking command in '/home/xumeng/robot1_ws/build/robot_driver': PYTHONPATH=/home/xumeng/robot1_ws/build/robot_driver/prefix_override:/usr/lib/python3/dist-packages/colcon_core/task/python/colcon_distutils_commands:/home/xumeng/robot1_ws/install/robot_driver/lib/python3.10/site-packages:${PYTHONPATH} /usr/bin/python3 -W ignore:setup.py install is deprecated -W ignore:easy_install command is deprecated setup.py develop --editable --build-directory /home/xumeng/robot1_ws/build/robot_driver/build --no-deps symlink_data
[6.291s] Level 1:colcon.colcon_core.shell:create_environment_hook('robot_driver', 'pythonpath_develop')
[6.293s] INFO:colcon.colcon_core.shell:Creating environment hook '/home/xumeng/robot1_ws/build/robot_driver/share/robot_driver/hook/pythonpath_develop.ps1'
[6.294s] DEBUG:colcon.colcon_core.event_handler.log_command:Invoked command in '/home/xumeng/robot1_ws/build/robot_driver' returned '0': PYTHONPATH=/home/xumeng/robot1_ws/build/robot_driver/prefix_override:/usr/lib/python3/dist-packages/colcon_core/task/python/colcon_distutils_commands:/home/xumeng/robot1_ws/install/robot_driver/lib/python3.10/site-packages:${PYTHONPATH} /usr/bin/python3 -W ignore:setup.py install is deprecated -W ignore:easy_install command is deprecated setup.py develop --editable --build-directory /home/xumeng/robot1_ws/build/robot_driver/build --no-deps symlink_data
[6.296s] INFO:colcon.colcon_core.shell:Creating environment descriptor '/home/xumeng/robot1_ws/build/robot_driver/share/robot_driver/hook/pythonpath_develop.dsv'
[6.297s] INFO:colcon.colcon_core.shell:Creating environment hook '/home/xumeng/robot1_ws/build/robot_driver/share/robot_driver/hook/pythonpath_develop.sh'
[6.309s] Level 1:colcon.colcon_core.environment:checking '/home/xumeng/robot1_ws/install/robot_driver' for CMake module files
[6.310s] Level 1:colcon.colcon_core.environment:checking '/home/xumeng/robot1_ws/install/robot_driver' for CMake config files
[6.313s] Level 1:colcon.colcon_core.environment:checking '/home/xumeng/robot1_ws/install/robot_driver/lib'
[6.314s] Level 1:colcon.colcon_core.environment:checking '/home/xumeng/robot1_ws/install/robot_driver/bin'
[6.314s] Level 1:colcon.colcon_core.environment:checking '/home/xumeng/robot1_ws/install/robot_driver/lib/pkgconfig/robot_driver.pc'
[6.315s] Level 1:colcon.colcon_core.environment:checking '/home/xumeng/robot1_ws/install/robot_driver/lib/python3.10/site-packages'
[6.315s] Level 1:colcon.colcon_core.shell:create_environment_hook('robot_driver', 'pythonpath')
[6.316s] INFO:colcon.colcon_core.shell:Creating environment hook '/home/xumeng/robot1_ws/install/robot_driver/share/robot_driver/hook/pythonpath.ps1'
[6.318s] INFO:colcon.colcon_core.shell:Creating environment descriptor '/home/xumeng/robot1_ws/install/robot_driver/share/robot_driver/hook/pythonpath.dsv'
[6.319s] INFO:colcon.colcon_core.shell:Creating environment hook '/home/xumeng/robot1_ws/install/robot_driver/share/robot_driver/hook/pythonpath.sh'
[6.321s] Level 1:colcon.colcon_core.environment:checking '/home/xumeng/robot1_ws/install/robot_driver/bin'
[6.322s] Level 1:colcon.colcon_core.environment:create_environment_scripts_only(robot_driver)
[6.323s] INFO:colcon.colcon_core.shell:Creating package script '/home/xumeng/robot1_ws/install/robot_driver/share/robot_driver/package.ps1'
[6.327s] INFO:colcon.colcon_core.shell:Creating package descriptor '/home/xumeng/robot1_ws/install/robot_driver/share/robot_driver/package.dsv'
[6.330s] INFO:colcon.colcon_core.shell:Creating package script '/home/xumeng/robot1_ws/install/robot_driver/share/robot_driver/package.sh'
[6.332s] INFO:colcon.colcon_core.shell:Creating package script '/home/xumeng/robot1_ws/install/robot_driver/share/robot_driver/package.bash'
[6.335s] INFO:colcon.colcon_core.shell:Creating package script '/home/xumeng/robot1_ws/install/robot_driver/share/robot_driver/package.zsh'
[6.338s] Level 1:colcon.colcon_core.environment:create_file_with_runtime_dependencies(/home/xumeng/robot1_ws/install/robot_driver/share/colcon-core/packages/robot_driver)
[6.339s] DEBUG:colcon.colcon_parallel_executor.executor.parallel:closing loop
[6.340s] DEBUG:colcon.colcon_parallel_executor.executor.parallel:loop closed
[6.340s] DEBUG:colcon.colcon_parallel_executor.executor.parallel:run_until_complete finished with '0'
[6.340s] DEBUG:colcon.colcon_core.event_reactor:joining thread
[6.341s] DEBUG:colcon.colcon_core.event_reactor:joined thread
[6.342s] INFO:colcon.colcon_core.shell:Creating prefix script '/home/xumeng/robot1_ws/install/local_setup.ps1'
[6.345s] INFO:colcon.colcon_core.shell:Creating prefix util module '/home/xumeng/robot1_ws/install/_local_setup_util_ps1.py'
[6.350s] INFO:colcon.colcon_core.shell:Creating prefix chain script '/home/xumeng/robot1_ws/install/setup.ps1'
[6.354s] INFO:colcon.colcon_core.shell:Creating prefix script '/home/xumeng/robot1_ws/install/local_setup.sh'
[6.356s] INFO:colcon.colcon_core.shell:Creating prefix util module '/home/xumeng/robot1_ws/install/_local_setup_util_sh.py'
[6.357s] INFO:colcon.colcon_core.shell:Creating prefix chain script '/home/xumeng/robot1_ws/install/setup.sh'
[6.361s] INFO:colcon.colcon_core.shell:Creating prefix script '/home/xumeng/robot1_ws/install/local_setup.bash'
[6.363s] INFO:colcon.colcon_core.shell:Creating prefix chain script '/home/xumeng/robot1_ws/install/setup.bash'
[6.366s] INFO:colcon.colcon_core.shell:Creating prefix script '/home/xumeng/robot1_ws/install/local_setup.zsh'
[6.368s] INFO:colcon.colcon_core.shell:Creating prefix chain script '/home/xumeng/robot1_ws/install/setup.zsh'
