[0.765s] DEBUG:colcon:Command line arguments: ['/usr/bin/colcon', 'build', '--packages-select', 'robot_driver']
[0.766s] DEBUG:colcon:Parsed command line arguments: Namespace(log_base=None, log_level=None, verb_name='build', build_base='build', install_base='install', merge_install=False, symlink_install=False, test_result_base=None, continue_on_error=False, executor='parallel', parallel_workers=4, event_handlers=None, ignore_user_meta=False, metas=['./colcon.meta'], base_paths=['.'], packages_ignore=None, packages_ignore_regex=None, paths=None, packages_up_to=None, packages_up_to_regex=None, packages_above=None, packages_above_and_dependencies=None, packages_above_depth=None, packages_select_by_dep=None, packages_skip_by_dep=None, packages_skip_up_to=None, packages_select_build_failed=False, packages_skip_build_finished=False, packages_select_test_failures=False, packages_skip_test_passed=False, packages_select=['robot_driver'], packages_skip=None, packages_select_regex=None, packages_skip_regex=None, packages_start=None, packages_end=None, allow_overriding=[], cmake_args=None, cmake_target=None, cmake_target_skip_unavailable=False, cmake_clean_cache=False, cmake_clean_first=False, cmake_force_configure=False, ament_cmake_args=None, catkin_cmake_args=None, catkin_skip_building_tests=False, verb_parser=<colcon_defaults.argument_parser.defaults.DefaultArgumentsDecorator object at 0x7f8f5daec0>, verb_extension=<colcon_core.verb.build.BuildVerb object at 0x7f8f734c70>, main=<bound method BuildVerb.main of <colcon_core.verb.build.BuildVerb object at 0x7f8f734c70>>)
[1.073s] Level 1:colcon.colcon_core.package_discovery:discover_packages(colcon_meta) check parameters
[1.074s] Level 1:colcon.colcon_core.package_discovery:discover_packages(recursive) check parameters
[1.074s] Level 1:colcon.colcon_core.package_discovery:discover_packages(ignore) check parameters
[1.074s] Level 1:colcon.colcon_core.package_discovery:discover_packages(path) check parameters
[1.074s] Level 1:colcon.colcon_core.package_discovery:discover_packages(colcon_meta) discover
[1.075s] Level 1:colcon.colcon_core.package_discovery:discover_packages(recursive) discover
[1.075s] INFO:colcon.colcon_core.package_discovery:Crawling recursively for packages in '/home/sunrise/robot1_ws'
[1.076s] Level 1:colcon.colcon_core.package_identification:_identify(.) by extensions ['ignore', 'ignore_ament_install']
[1.076s] Level 1:colcon.colcon_core.package_identification:_identify(.) by extension 'ignore'
[1.077s] Level 1:colcon.colcon_core.package_identification:_identify(.) by extension 'ignore_ament_install'
[1.077s] Level 1:colcon.colcon_core.package_identification:_identify(.) by extensions ['colcon_pkg']
[1.077s] Level 1:colcon.colcon_core.package_identification:_identify(.) by extension 'colcon_pkg'
[1.078s] Level 1:colcon.colcon_core.package_identification:_identify(.) by extensions ['colcon_meta']
[1.078s] Level 1:colcon.colcon_core.package_identification:_identify(.) by extension 'colcon_meta'
[1.078s] Level 1:colcon.colcon_core.package_identification:_identify(.) by extensions ['ros']
[1.079s] Level 1:colcon.colcon_core.package_identification:_identify(.) by extension 'ros'
[1.200s] Level 1:colcon.colcon_core.package_identification:_identify(.) by extensions ['cmake', 'python']
[1.201s] Level 1:colcon.colcon_core.package_identification:_identify(.) by extension 'cmake'
[1.201s] Level 1:colcon.colcon_core.package_identification:_identify(.) by extension 'python'
[1.201s] Level 1:colcon.colcon_core.package_identification:_identify(.) by extensions ['python_setup_py']
[1.202s] Level 1:colcon.colcon_core.package_identification:_identify(.) by extension 'python_setup_py'
[1.202s] Level 1:colcon.colcon_core.package_identification:_identify(build) by extensions ['ignore', 'ignore_ament_install']
[1.203s] Level 1:colcon.colcon_core.package_identification:_identify(build) by extension 'ignore'
[1.203s] Level 1:colcon.colcon_core.package_identification:_identify(build) ignored
[1.204s] Level 1:colcon.colcon_core.package_identification:_identify(install) by extensions ['ignore', 'ignore_ament_install']
[1.205s] Level 1:colcon.colcon_core.package_identification:_identify(install) by extension 'ignore'
[1.205s] Level 1:colcon.colcon_core.package_identification:_identify(install) ignored
[1.206s] Level 1:colcon.colcon_core.package_identification:_identify(log) by extensions ['ignore', 'ignore_ament_install']
[1.207s] Level 1:colcon.colcon_core.package_identification:_identify(log) by extension 'ignore'
[1.207s] Level 1:colcon.colcon_core.package_identification:_identify(log) ignored
[1.207s] Level 1:colcon.colcon_core.package_identification:_identify(src) by extensions ['ignore', 'ignore_ament_install']
[1.208s] Level 1:colcon.colcon_core.package_identification:_identify(src) by extension 'ignore'
[1.208s] Level 1:colcon.colcon_core.package_identification:_identify(src) by extension 'ignore_ament_install'
[1.209s] Level 1:colcon.colcon_core.package_identification:_identify(src) by extensions ['colcon_pkg']
[1.209s] Level 1:colcon.colcon_core.package_identification:_identify(src) by extension 'colcon_pkg'
[1.210s] Level 1:colcon.colcon_core.package_identification:_identify(src) by extensions ['colcon_meta']
[1.210s] Level 1:colcon.colcon_core.package_identification:_identify(src) by extension 'colcon_meta'
[1.210s] Level 1:colcon.colcon_core.package_identification:_identify(src) by extensions ['ros']
[1.211s] Level 1:colcon.colcon_core.package_identification:_identify(src) by extension 'ros'
[1.211s] Level 1:colcon.colcon_core.package_identification:_identify(src) by extensions ['cmake', 'python']
[1.212s] Level 1:colcon.colcon_core.package_identification:_identify(src) by extension 'cmake'
[1.212s] Level 1:colcon.colcon_core.package_identification:_identify(src) by extension 'python'
[1.212s] Level 1:colcon.colcon_core.package_identification:_identify(src) by extensions ['python_setup_py']
[1.212s] Level 1:colcon.colcon_core.package_identification:_identify(src) by extension 'python_setup_py'
[1.213s] Level 1:colcon.colcon_core.package_identification:_identify(src/robot_driver) by extensions ['ignore', 'ignore_ament_install']
[1.214s] Level 1:colcon.colcon_core.package_identification:_identify(src/robot_driver) by extension 'ignore'
[1.214s] Level 1:colcon.colcon_core.package_identification:_identify(src/robot_driver) by extension 'ignore_ament_install'
[1.215s] Level 1:colcon.colcon_core.package_identification:_identify(src/robot_driver) by extensions ['colcon_pkg']
[1.215s] Level 1:colcon.colcon_core.package_identification:_identify(src/robot_driver) by extension 'colcon_pkg'
[1.215s] Level 1:colcon.colcon_core.package_identification:_identify(src/robot_driver) by extensions ['colcon_meta']
[1.215s] Level 1:colcon.colcon_core.package_identification:_identify(src/robot_driver) by extension 'colcon_meta'
[1.216s] Level 1:colcon.colcon_core.package_identification:_identify(src/robot_driver) by extensions ['ros']
[1.216s] Level 1:colcon.colcon_core.package_identification:_identify(src/robot_driver) by extension 'ros'
[1.223s] DEBUG:colcon.colcon_core.package_identification:Failed to parse potential ROS package manifest in'src/robot_driver': Error(s) in package 'src/robot_driver/package.xml':
The manifest contains invalid XML:
junk after document element: line 18, column 68
[1.224s] Level 1:colcon.colcon_core.package_identification:_identify(src/robot_driver) by extensions ['cmake', 'python']
[1.225s] Level 1:colcon.colcon_core.package_identification:_identify(src/robot_driver) by extension 'cmake'
[1.225s] Level 1:colcon.colcon_core.package_identification:_identify(src/robot_driver) by extension 'python'
[1.226s] DEBUG:colcon.colcon_core.package_identification:Python package in 'src/robot_driver' passes arguments to the setup() function which requires a different identification extension than 'python'
[1.226s] Level 1:colcon.colcon_core.package_identification:_identify(src/robot_driver) by extensions ['python_setup_py']
[1.227s] Level 1:colcon.colcon_core.package_identification:_identify(src/robot_driver) by extension 'python_setup_py'
[2.818s] DEBUG:colcon.colcon_core.package_identification:Package 'src/robot_driver' with type 'python' and name 'robot_driver'
[2.819s] Level 1:colcon.colcon_core.package_identification:_identify(src/ydlidar_ros2_driver) by extensions ['ignore', 'ignore_ament_install']
[2.820s] Level 1:colcon.colcon_core.package_identification:_identify(src/ydlidar_ros2_driver) by extension 'ignore'
[2.820s] Level 1:colcon.colcon_core.package_identification:_identify(src/ydlidar_ros2_driver) by extension 'ignore_ament_install'
[2.821s] Level 1:colcon.colcon_core.package_identification:_identify(src/ydlidar_ros2_driver) by extensions ['colcon_pkg']
[2.821s] Level 1:colcon.colcon_core.package_identification:_identify(src/ydlidar_ros2_driver) by extension 'colcon_pkg'
[2.821s] Level 1:colcon.colcon_core.package_identification:_identify(src/ydlidar_ros2_driver) by extensions ['colcon_meta']
[2.821s] Level 1:colcon.colcon_core.package_identification:_identify(src/ydlidar_ros2_driver) by extension 'colcon_meta'
[2.822s] Level 1:colcon.colcon_core.package_identification:_identify(src/ydlidar_ros2_driver) by extensions ['ros']
[2.822s] Level 1:colcon.colcon_core.package_identification:_identify(src/ydlidar_ros2_driver) by extension 'ros'
[2.835s] DEBUG:colcon.colcon_core.package_identification:Package 'src/ydlidar_ros2_driver' with type 'ros.ament_cmake' and name 'ydlidar_ros2_driver'
[2.836s] Level 1:colcon.colcon_core.package_discovery:discover_packages(recursive) using defaults
[2.836s] Level 1:colcon.colcon_core.package_discovery:discover_packages(ignore) discover
[2.836s] Level 1:colcon.colcon_core.package_discovery:discover_packages(ignore) using defaults
[2.837s] Level 1:colcon.colcon_core.package_discovery:discover_packages(path) discover
[2.837s] Level 1:colcon.colcon_core.package_discovery:discover_packages(path) using defaults
[2.982s] INFO:colcon.colcon_core.package_selection:Skipping not selected package 'ydlidar_ros2_driver' in 'src/ydlidar_ros2_driver'
[2.985s] Level 1:colcon.colcon_core.package_discovery:discover_packages(prefix_path) check parameters
[2.985s] Level 1:colcon.colcon_core.package_discovery:discover_packages(prefix_path) discover
[2.998s] DEBUG:colcon.colcon_installed_package_information.package_discovery:Found 2 installed packages in /home/sunrise/robot1_ws/install
[3.005s] DEBUG:colcon.colcon_installed_package_information.package_discovery:Found 195 installed packages in /opt/ros/humble
[3.016s] Level 1:colcon.colcon_core.package_discovery:discover_packages(prefix_path) using defaults
[3.259s] Level 5:colcon.colcon_core.verb:set package 'robot_driver' build argument 'cmake_args' from command line to 'None'
[3.259s] Level 5:colcon.colcon_core.verb:set package 'robot_driver' build argument 'cmake_target' from command line to 'None'
[3.260s] Level 5:colcon.colcon_core.verb:set package 'robot_driver' build argument 'cmake_target_skip_unavailable' from command line to 'False'
[3.260s] Level 5:colcon.colcon_core.verb:set package 'robot_driver' build argument 'cmake_clean_cache' from command line to 'False'
[3.260s] Level 5:colcon.colcon_core.verb:set package 'robot_driver' build argument 'cmake_clean_first' from command line to 'False'
[3.260s] Level 5:colcon.colcon_core.verb:set package 'robot_driver' build argument 'cmake_force_configure' from command line to 'False'
[3.260s] Level 5:colcon.colcon_core.verb:set package 'robot_driver' build argument 'ament_cmake_args' from command line to 'None'
[3.260s] Level 5:colcon.colcon_core.verb:set package 'robot_driver' build argument 'catkin_cmake_args' from command line to 'None'
[3.261s] Level 5:colcon.colcon_core.verb:set package 'robot_driver' build argument 'catkin_skip_building_tests' from command line to 'False'
[3.261s] DEBUG:colcon.colcon_core.verb:Building package 'robot_driver' with the following arguments: {'ament_cmake_args': None, 'build_base': '/home/sunrise/robot1_ws/build/robot_driver', 'catkin_cmake_args': None, 'catkin_skip_building_tests': False, 'cmake_args': None, 'cmake_clean_cache': False, 'cmake_clean_first': False, 'cmake_force_configure': False, 'cmake_target': None, 'cmake_target_skip_unavailable': False, 'install_base': '/home/sunrise/robot1_ws/install/robot_driver', 'merge_install': False, 'path': '/home/sunrise/robot1_ws/src/robot_driver', 'symlink_install': False, 'test_result_base': None}
[3.262s] INFO:colcon.colcon_core.executor:Executing jobs using 'parallel' executor
[3.268s] DEBUG:colcon.colcon_parallel_executor.executor.parallel:run_until_complete
[3.269s] INFO:colcon.colcon_core.task.python.build:Building Python package in '/home/sunrise/robot1_ws/src/robot_driver'
[3.282s] INFO:colcon.colcon_core.plugin_system:Skipping extension 'colcon_core.shell.bat': Not used on non-Windows systems
[3.283s] INFO:colcon.colcon_core.shell:Skip shell extension 'powershell' for command environment: Not usable outside of PowerShell
[3.284s] DEBUG:colcon.colcon_core.shell:Skip shell extension 'dsv' for command environment
[7.848s] DEBUG:colcon.colcon_core.task.python.build:Available setuptools commands: build_scripts, check, build_clib, bdist_egg, alias, clean, bdist, easy_install, bdist_wheel, rotate, saveopts, isort, bdist_rpm, develop, install_scripts, build, install_data, editable_wheel, install_headers, install_egg_info, dist_info, egg_info, sdist, build_py, install, install_lib, build_ext, bdist_dumb, symlink_data, setopt
[7.860s] DEBUG:colcon.colcon_core.event_handler.log_command:Invoking command in '/home/sunrise/robot1_ws/src/robot_driver': PYTHONPATH=/home/sunrise/robot1_ws/build/robot_driver/prefix_override:/usr/lib/python3/dist-packages/colcon_core/task/python/colcon_distutils_commands:/home/sunrise/robot1_ws/install/robot_driver/lib/python3.10/site-packages:${PYTHONPATH} /usr/bin/python3 -W ignore:setup.py install is deprecated -W ignore:easy_install command is deprecated setup.py egg_info --egg-base ../../build/robot_driver build --build-base /home/sunrise/robot1_ws/build/robot_driver/build install --record /home/sunrise/robot1_ws/build/robot_driver/install.log --install-scripts $base/lib/robot_driver --single-version-externally-managed install_data
[10.739s] DEBUG:colcon.colcon_core.event_handler.log_command:Invoked command in '/home/sunrise/robot1_ws/src/robot_driver' returned '0': PYTHONPATH=/home/sunrise/robot1_ws/build/robot_driver/prefix_override:/usr/lib/python3/dist-packages/colcon_core/task/python/colcon_distutils_commands:/home/sunrise/robot1_ws/install/robot_driver/lib/python3.10/site-packages:${PYTHONPATH} /usr/bin/python3 -W ignore:setup.py install is deprecated -W ignore:easy_install command is deprecated setup.py egg_info --egg-base ../../build/robot_driver build --build-base /home/sunrise/robot1_ws/build/robot_driver/build install --record /home/sunrise/robot1_ws/build/robot_driver/install.log --install-scripts $base/lib/robot_driver --single-version-externally-managed install_data
[10.754s] Level 1:colcon.colcon_core.environment:checking '/home/sunrise/robot1_ws/install/robot_driver' for CMake module files
[10.758s] Level 1:colcon.colcon_core.environment:checking '/home/sunrise/robot1_ws/install/robot_driver' for CMake config files
[10.761s] Level 1:colcon.colcon_core.environment:checking '/home/sunrise/robot1_ws/install/robot_driver/lib'
[10.763s] Level 1:colcon.colcon_core.environment:checking '/home/sunrise/robot1_ws/install/robot_driver/bin'
[10.763s] Level 1:colcon.colcon_core.environment:checking '/home/sunrise/robot1_ws/install/robot_driver/lib/pkgconfig/robot_driver.pc'
[10.765s] Level 1:colcon.colcon_core.environment:checking '/home/sunrise/robot1_ws/install/robot_driver/lib/python3.10/site-packages'
[10.765s] Level 1:colcon.colcon_core.shell:create_environment_hook('robot_driver', 'pythonpath')
[10.767s] INFO:colcon.colcon_core.shell:Creating environment hook '/home/sunrise/robot1_ws/install/robot_driver/share/robot_driver/hook/pythonpath.ps1'
[10.771s] INFO:colcon.colcon_core.shell:Creating environment descriptor '/home/sunrise/robot1_ws/install/robot_driver/share/robot_driver/hook/pythonpath.dsv'
[10.778s] INFO:colcon.colcon_core.shell:Creating environment hook '/home/sunrise/robot1_ws/install/robot_driver/share/robot_driver/hook/pythonpath.sh'
[10.785s] Level 1:colcon.colcon_core.environment:checking '/home/sunrise/robot1_ws/install/robot_driver/bin'
[10.786s] Level 1:colcon.colcon_core.environment:create_environment_scripts_only(robot_driver)
[10.788s] INFO:colcon.colcon_core.shell:Creating package script '/home/sunrise/robot1_ws/install/robot_driver/share/robot_driver/package.ps1'
[10.797s] INFO:colcon.colcon_core.shell:Creating package descriptor '/home/sunrise/robot1_ws/install/robot_driver/share/robot_driver/package.dsv'
[10.802s] INFO:colcon.colcon_core.shell:Creating package script '/home/sunrise/robot1_ws/install/robot_driver/share/robot_driver/package.sh'
[10.808s] INFO:colcon.colcon_core.shell:Creating package script '/home/sunrise/robot1_ws/install/robot_driver/share/robot_driver/package.bash'
[10.815s] INFO:colcon.colcon_core.shell:Creating package script '/home/sunrise/robot1_ws/install/robot_driver/share/robot_driver/package.zsh'
[10.821s] Level 1:colcon.colcon_core.environment:create_file_with_runtime_dependencies(/home/sunrise/robot1_ws/install/robot_driver/share/colcon-core/packages/robot_driver)
[10.823s] DEBUG:colcon.colcon_parallel_executor.executor.parallel:closing loop
[10.825s] DEBUG:colcon.colcon_parallel_executor.executor.parallel:loop closed
[10.825s] DEBUG:colcon.colcon_parallel_executor.executor.parallel:run_until_complete finished with '0'
[10.826s] DEBUG:colcon.colcon_core.event_reactor:joining thread
[10.828s] DEBUG:colcon.colcon_core.event_reactor:joined thread
[10.830s] INFO:colcon.colcon_core.shell:Creating prefix script '/home/sunrise/robot1_ws/install/local_setup.ps1'
[10.839s] INFO:colcon.colcon_core.shell:Creating prefix util module '/home/sunrise/robot1_ws/install/_local_setup_util_ps1.py'
[10.853s] INFO:colcon.colcon_core.shell:Creating prefix chain script '/home/sunrise/robot1_ws/install/setup.ps1'
[10.862s] INFO:colcon.colcon_core.shell:Creating prefix script '/home/sunrise/robot1_ws/install/local_setup.sh'
[10.868s] INFO:colcon.colcon_core.shell:Creating prefix util module '/home/sunrise/robot1_ws/install/_local_setup_util_sh.py'
[10.873s] INFO:colcon.colcon_core.shell:Creating prefix chain script '/home/sunrise/robot1_ws/install/setup.sh'
[10.883s] INFO:colcon.colcon_core.shell:Creating prefix script '/home/sunrise/robot1_ws/install/local_setup.bash'
[10.888s] INFO:colcon.colcon_core.shell:Creating prefix chain script '/home/sunrise/robot1_ws/install/setup.bash'
[10.897s] INFO:colcon.colcon_core.shell:Creating prefix script '/home/sunrise/robot1_ws/install/local_setup.zsh'
[10.902s] INFO:colcon.colcon_core.shell:Creating prefix chain script '/home/sunrise/robot1_ws/install/setup.zsh'
