[1.072s] Invoking command in '/home/xumeng/robot1_ws/build/ydlidar_ros2_driver': CMAKE_PREFIX_PATH=/opt/ros/humble /usr/bin/cmake /home/xumeng/robot1_ws/src/ydlidar_ros2_driver -DAMENT_CMAKE_SYMLINK_INSTALL=1 -DCMAKE_INSTALL_PREFIX=/home/xumeng/robot1_ws/install/ydlidar_ros2_driver
[1.309s] -- The C compiler identification is GNU 11.4.0
[1.498s] -- The CXX compiler identification is GNU 11.4.0
[1.532s] -- Detecting C compiler ABI info
[1.769s] -- Detecting C compiler ABI info - done
[1.798s] -- Check for working C compiler: /usr/bin/cc - skipped
[1.800s] -- Detecting C compile features
[1.802s] -- Detecting C compile features - done
[1.812s] -- Detecting CXX compiler ABI info
[2.094s] -- Detecting CXX compiler ABI info - done
[2.117s] -- Check for working CXX compiler: /usr/bin/c++ - skipped
[2.118s] -- Detecting CXX compile features
[2.120s] -- Detecting CXX compile features - done
[2.128s] -- Found ament_cmake: 1.3.14 (/opt/ros/humble/share/ament_cmake/cmake)
[2.748s] -- Found Python3: /usr/bin/python3 (found version "3.10.12") found components: Interpreter 
[2.957s] -- Override CMake install command with custom implementation using symlinks instead of copying resources
[3.035s] -- Found rclcpp: 16.0.19 (/opt/ros/humble/share/rclcpp/cmake)
[3.209s] -- Found rosidl_generator_c: 3.1.9 (/opt/ros/humble/share/rosidl_generator_c/cmake)
[3.209s] -- Found rosidl_adapter: 3.1.9 (/opt/ros/humble/share/rosidl_adapter/cmake)
[3.209s] -- Found rosidl_generator_cpp: 3.1.9 (/opt/ros/humble/share/rosidl_generator_cpp/cmake)
[3.229s] -- Using all available rosidl_typesupport_c: rosidl_typesupport_fastrtps_c;rosidl_typesupport_introspection_c
[3.276s] -- Using all available rosidl_typesupport_cpp: rosidl_typesupport_fastrtps_cpp;rosidl_typesupport_introspection_cpp
[3.402s] -- Found rmw_implementation_cmake: 6.1.3 (/opt/ros/humble/share/rmw_implementation_cmake/cmake)
[3.409s] -- Found rmw_fastrtps_cpp: 6.2.10 (/opt/ros/humble/share/rmw_fastrtps_cpp/cmake)
[3.653s] -- Found OpenSSL: /usr/lib/aarch64-linux-gnu/libcrypto.so (found version "3.0.2")  
[3.731s] -- Found FastRTPS: /opt/ros/humble/include  
[3.861s] -- Using RMW implementation 'rmw_fastrtps_cpp' as default
[3.886s] -- Looking for pthread.h
[4.123s] -- Looking for pthread.h - found
[4.123s] -- Performing Test CMAKE_HAVE_LIBC_PTHREAD
[4.332s] -- Performing Test CMAKE_HAVE_LIBC_PTHREAD - Success
[4.335s] -- Found Threads: TRUE  
[4.495s] -- Found sensor_msgs: 4.9.2 (/opt/ros/humble/share/sensor_msgs/cmake)
[4.585s] -- Found visualization_msgs: 4.9.2 (/opt/ros/humble/share/visualization_msgs/cmake)
[4.644s] -- Found std_srvs: 4.9.2 (/opt/ros/humble/share/std_srvs/cmake)
[4.699s] CMake Error at CMakeLists.txt:25 (find_package):
[4.699s]   By not providing "Findydlidar_sdk.cmake" in CMAKE_MODULE_PATH this project
[4.699s]   has asked CMake to find a package configuration file provided by
[4.699s]   "ydlidar_sdk", but CMake did not find one.
[4.700s] 
[4.700s]   Could not find a package configuration file provided by "ydlidar_sdk" with
[4.700s]   any of the following names:
[4.700s] 
[4.700s]     ydlidar_sdkConfig.cmake
[4.700s]     ydlidar_sdk-config.cmake
[4.701s] 
[4.701s]   Add the installation prefix of "ydlidar_sdk" to CMAKE_PREFIX_PATH or set
[4.701s]   "ydlidar_sdk_DIR" to a directory containing one of the above files.  If
[4.701s]   "ydlidar_sdk" provides a separate development package or SDK, be sure it
[4.701s]   has been installed.
[4.701s] 
[4.702s] 
[4.702s] -- Configuring incomplete, errors occurred!
[4.702s] See also "/home/xumeng/robot1_ws/build/ydlidar_ros2_driver/CMakeFiles/CMakeOutput.log".
[4.733s] Invoked command in '/home/xumeng/robot1_ws/build/ydlidar_ros2_driver' returned '1': CMAKE_PREFIX_PATH=/opt/ros/humble /usr/bin/cmake /home/xumeng/robot1_ws/src/ydlidar_ros2_driver -DAMENT_CMAKE_SYMLINK_INSTALL=1 -DCMAKE_INSTALL_PREFIX=/home/xumeng/robot1_ws/install/ydlidar_ros2_driver
