[0.984s] Invoking command in '/home/xumeng/robot1_ws/build/ydlidar_ros2_driver': CMAKE_PREFIX_PATH=/opt/ros/humble /usr/bin/cmake --build /home/xumeng/robot1_ws/build/ydlidar_ros2_driver -- -j4 -l4
[1.151s] Consolidate compiler generated dependencies of target ydlidar_ros2_driver_node
[1.152s] Consolidate compiler generated dependencies of target ydlidar_ros2_driver_client
[1.216s] [ 50%] Built target ydlidar_ros2_driver_client
[1.216s] [100%] Built target ydlidar_ros2_driver_node
[2.175s] Invoked command in '/home/xumeng/robot1_ws/build/ydlidar_ros2_driver' returned '0': CMAKE_PREFIX_PATH=/opt/ros/humble /usr/bin/cmake --build /home/xumeng/robot1_ws/build/ydlidar_ros2_driver -- -j4 -l4
[2.178s] Invoking command in '/home/xumeng/robot1_ws/build/ydlidar_ros2_driver': CMAKE_PREFIX_PATH=/opt/ros/humble /usr/bin/cmake --install /home/xumeng/robot1_ws/build/ydlidar_ros2_driver
[2.200s] -- Install configuration: ""
[2.201s] -- Execute custom install script
[2.203s] -- Up-to-date symlink: /home/xumeng/robot1_ws/install/ydlidar_ros2_driver/lib/ydlidar_ros2_driver/ydlidar_ros2_driver_node
[2.203s] -- Up-to-date symlink: /home/xumeng/robot1_ws/install/ydlidar_ros2_driver/lib/ydlidar_ros2_driver/ydlidar_ros2_driver_client
[2.204s] -- Up-to-date symlink: /home/xumeng/robot1_ws/install/ydlidar_ros2_driver/share/ydlidar_ros2_driver/launch/ydlidar.py
[2.205s] -- Up-to-date symlink: /home/xumeng/robot1_ws/install/ydlidar_ros2_driver/share/ydlidar_ros2_driver/launch/ydlidar_launch.py
[2.205s] -- Up-to-date symlink: /home/xumeng/robot1_ws/install/ydlidar_ros2_driver/share/ydlidar_ros2_driver/launch/ydlidar_launch_view.py
[2.206s] -- Up-to-date symlink: /home/xumeng/robot1_ws/install/ydlidar_ros2_driver/share/ydlidar_ros2_driver/params/G1.yaml
[2.207s] -- Up-to-date symlink: /home/xumeng/robot1_ws/install/ydlidar_ros2_driver/share/ydlidar_ros2_driver/params/G2.yaml
[2.207s] -- Up-to-date symlink: /home/xumeng/robot1_ws/install/ydlidar_ros2_driver/share/ydlidar_ros2_driver/params/G4.yaml
[2.208s] -- Up-to-date symlink: /home/xumeng/robot1_ws/install/ydlidar_ros2_driver/share/ydlidar_ros2_driver/params/G6.yaml
[2.208s] -- Up-to-date symlink: /home/xumeng/robot1_ws/install/ydlidar_ros2_driver/share/ydlidar_ros2_driver/params/GS2.yaml
[2.209s] -- Up-to-date symlink: /home/xumeng/robot1_ws/install/ydlidar_ros2_driver/share/ydlidar_ros2_driver/params/GS5.yaml
[2.209s] -- Up-to-date symlink: /home/xumeng/robot1_ws/install/ydlidar_ros2_driver/share/ydlidar_ros2_driver/params/TEA.yaml
[2.216s] -- Up-to-date symlink: /home/xumeng/robot1_ws/install/ydlidar_ros2_driver/share/ydlidar_ros2_driver/params/TG.yaml
[2.216s] -- Up-to-date symlink: /home/xumeng/robot1_ws/install/ydlidar_ros2_driver/share/ydlidar_ros2_driver/params/Tmini-Plus-SH.yaml
[2.216s] -- Up-to-date symlink: /home/xumeng/robot1_ws/install/ydlidar_ros2_driver/share/ydlidar_ros2_driver/params/Tmini.yaml
[2.216s] -- Up-to-date symlink: /home/xumeng/robot1_ws/install/ydlidar_ros2_driver/share/ydlidar_ros2_driver/params/X2.yaml
[2.217s] -- Up-to-date symlink: /home/xumeng/robot1_ws/install/ydlidar_ros2_driver/share/ydlidar_ros2_driver/params/X3.yaml
[2.217s] -- Up-to-date symlink: /home/xumeng/robot1_ws/install/ydlidar_ros2_driver/share/ydlidar_ros2_driver/params/X4-Pro.yaml
[2.217s] -- Up-to-date symlink: /home/xumeng/robot1_ws/install/ydlidar_ros2_driver/share/ydlidar_ros2_driver/params/X4.yaml
[2.217s] -- Up-to-date symlink: /home/xumeng/robot1_ws/install/ydlidar_ros2_driver/share/ydlidar_ros2_driver/params/sdm15.yaml
[2.217s] -- Up-to-date symlink: /home/xumeng/robot1_ws/install/ydlidar_ros2_driver/share/ydlidar_ros2_driver/params/ydlidar.yaml
[2.217s] -- Up-to-date symlink: /home/xumeng/robot1_ws/install/ydlidar_ros2_driver/share/ydlidar_ros2_driver/startup/initenv.sh
[2.218s] -- Up-to-date symlink: /home/xumeng/robot1_ws/install/ydlidar_ros2_driver/share/ydlidar_ros2_driver/config/ydlidar.rviz
[2.218s] -- Up-to-date symlink: /home/xumeng/robot1_ws/install/ydlidar_ros2_driver/share/ament_index/resource_index/package_run_dependencies/ydlidar_ros2_driver
[2.218s] -- Up-to-date symlink: /home/xumeng/robot1_ws/install/ydlidar_ros2_driver/share/ament_index/resource_index/parent_prefix_path/ydlidar_ros2_driver
[2.218s] -- Up-to-date symlink: /home/xumeng/robot1_ws/install/ydlidar_ros2_driver/share/ydlidar_ros2_driver/environment/ament_prefix_path.sh
[2.219s] -- Up-to-date symlink: /home/xumeng/robot1_ws/install/ydlidar_ros2_driver/share/ydlidar_ros2_driver/environment/ament_prefix_path.dsv
[2.219s] -- Up-to-date symlink: /home/xumeng/robot1_ws/install/ydlidar_ros2_driver/share/ydlidar_ros2_driver/environment/path.sh
[2.219s] -- Up-to-date symlink: /home/xumeng/robot1_ws/install/ydlidar_ros2_driver/share/ydlidar_ros2_driver/environment/path.dsv
[2.219s] -- Up-to-date symlink: /home/xumeng/robot1_ws/install/ydlidar_ros2_driver/share/ydlidar_ros2_driver/local_setup.bash
[2.219s] -- Up-to-date symlink: /home/xumeng/robot1_ws/install/ydlidar_ros2_driver/share/ydlidar_ros2_driver/local_setup.sh
[2.219s] -- Up-to-date symlink: /home/xumeng/robot1_ws/install/ydlidar_ros2_driver/share/ydlidar_ros2_driver/local_setup.zsh
[2.220s] -- Up-to-date symlink: /home/xumeng/robot1_ws/install/ydlidar_ros2_driver/share/ydlidar_ros2_driver/local_setup.dsv
[2.220s] -- Symlinking: /home/xumeng/robot1_ws/install/ydlidar_ros2_driver/share/ydlidar_ros2_driver/package.dsv
[2.257s] -- Up-to-date symlink: /home/xumeng/robot1_ws/install/ydlidar_ros2_driver/share/ament_index/resource_index/packages/ydlidar_ros2_driver
[2.257s] -- Up-to-date symlink: /home/xumeng/robot1_ws/install/ydlidar_ros2_driver/share/ydlidar_ros2_driver/cmake/ydlidar_ros2_driverConfig.cmake
[2.257s] -- Up-to-date symlink: /home/xumeng/robot1_ws/install/ydlidar_ros2_driver/share/ydlidar_ros2_driver/cmake/ydlidar_ros2_driverConfig-version.cmake
[2.258s] -- Up-to-date symlink: /home/xumeng/robot1_ws/install/ydlidar_ros2_driver/share/ydlidar_ros2_driver/package.xml
[2.264s] Invoked command in '/home/xumeng/robot1_ws/build/ydlidar_ros2_driver' returned '0': CMAKE_PREFIX_PATH=/opt/ros/humble /usr/bin/cmake --install /home/xumeng/robot1_ws/build/ydlidar_ros2_driver
