running egg_info
creating ../../build/robot_driver/robot_driver.egg-info
writing ../../build/robot_driver/robot_driver.egg-info/PKG-INFO
writing dependency_links to ../../build/robot_driver/robot_driver.egg-info/dependency_links.txt
writing requirements to ../../build/robot_driver/robot_driver.egg-info/requires.txt
writing top-level names to ../../build/robot_driver/robot_driver.egg-info/top_level.txt
writing manifest file '../../build/robot_driver/robot_driver.egg-info/SOURCES.txt'
reading manifest file '../../build/robot_driver/robot_driver.egg-info/SOURCES.txt'
writing manifest file '../../build/robot_driver/robot_driver.egg-info/SOURCES.txt'
running build
running build_py
creating /home/sunrise/robot1_ws/build/robot_driver/build/lib/robot_driver
copying robot_driver/__init__.py -> /home/sunrise/robot1_ws/build/robot_driver/build/lib/robot_driver
copying robot_driver/robot_driver_node.py -> /home/sunrise/robot1_ws/build/robot_driver/build/lib/robot_driver
running install
running install_lib
creating /home/sunrise/robot1_ws/install/robot_driver/lib/python3.10/site-packages/robot_driver
copying /home/sunrise/robot1_ws/build/robot_driver/build/lib/robot_driver/__init__.py -> /home/sunrise/robot1_ws/install/robot_driver/lib/python3.10/site-packages/robot_driver
copying /home/sunrise/robot1_ws/build/robot_driver/build/lib/robot_driver/robot_driver_node.py -> /home/sunrise/robot1_ws/install/robot_driver/lib/python3.10/site-packages/robot_driver
byte-compiling /home/sunrise/robot1_ws/install/robot_driver/lib/python3.10/site-packages/robot_driver/__init__.py to __init__.cpython-310.pyc
byte-compiling /home/sunrise/robot1_ws/install/robot_driver/lib/python3.10/site-packages/robot_driver/robot_driver_node.py to robot_driver_node.cpython-310.pyc
running install_data
creating /home/sunrise/robot1_ws/install/robot_driver/share/ament_index/resource_index/packages
copying resource/robot_driver -> /home/sunrise/robot1_ws/install/robot_driver/share/ament_index/resource_index/packages
creating /home/sunrise/robot1_ws/install/robot_driver/share/robot_driver
copying package.xml -> /home/sunrise/robot1_ws/install/robot_driver/share/robot_driver
running install_egg_info
Copying ../../build/robot_driver/robot_driver.egg-info to /home/sunrise/robot1_ws/install/robot_driver/lib/python3.10/site-packages/robot_driver-0.0.0-py3.10.egg-info
running install_scripts
writing list of installed files to '/home/sunrise/robot1_ws/build/robot_driver/install.log'
