[0.051s] Invoking command in '/home/xumeng/robot1_ws/build/robot1_nav': CMAKE_PREFIX_PATH=/opt/ros/humble /usr/bin/cmake /home/xumeng/robot1_ws/src/robot1_nav -DAMENT_CMAKE_SYMLINK_INSTALL=1 -DCMAKE_INSTALL_PREFIX=/home/xumeng/robot1_ws/install/robot1_nav
[1.113s] -- The C compiler identification is GNU 11.4.0
[1.114s] -- The CXX compiler identification is GNU 11.4.0
[1.114s] -- Detecting C compiler ABI info
[1.114s] -- Detecting C compiler ABI info - done
[1.114s] -- Check for working C compiler: /usr/bin/cc - skipped
[1.114s] -- Detecting C compile features
[1.114s] -- Detecting C compile features - done
[1.115s] -- Detecting CXX compiler ABI info
[1.115s] -- Detecting CXX compiler ABI info - done
[1.115s] -- Check for working CXX compiler: /usr/bin/c++ - skipped
[1.115s] -- Detecting CXX compile features
[1.115s] -- Detecting CXX compile features - done
[1.115s] -- Found ament_cmake: 1.3.14 (/opt/ros/humble/share/ament_cmake/cmake)
[1.691s] -- Found Python3: /usr/bin/python3 (found version "3.10.12") found components: Interpreter 
[1.968s] -- Override CMake install command with custom implementation using symlinks instead of copying resources
[2.085s] -- Found ament_lint_auto: 0.12.15 (/opt/ros/humble/share/ament_lint_auto/cmake)
[2.364s] -- Added test 'copyright' to check source files copyright and LICENSE
[2.374s] -- Added test 'flake8' to check Python code syntax and style conventions
[2.377s] -- Added test 'lint_cmake' to check CMake code style
[2.380s] -- Added test 'pep257' to check Python code against some of the docstring style conventions in PEP 257
[2.385s] -- Added test 'xmllint' to check XML markup files
[2.390s] -- Configuring done
[2.401s] -- Generating done
[2.408s] -- Build files have been written to: /home/xumeng/robot1_ws/build/robot1_nav
[2.433s] Invoked command in '/home/xumeng/robot1_ws/build/robot1_nav' returned '0': CMAKE_PREFIX_PATH=/opt/ros/humble /usr/bin/cmake /home/xumeng/robot1_ws/src/robot1_nav -DAMENT_CMAKE_SYMLINK_INSTALL=1 -DCMAKE_INSTALL_PREFIX=/home/xumeng/robot1_ws/install/robot1_nav
[2.434s] Invoking command in '/home/xumeng/robot1_ws/build/robot1_nav': CMAKE_PREFIX_PATH=/opt/ros/humble /usr/bin/cmake --build /home/xumeng/robot1_ws/build/robot1_nav -- -j4 -l4
[2.541s] Invoked command in '/home/xumeng/robot1_ws/build/robot1_nav' returned '0': CMAKE_PREFIX_PATH=/opt/ros/humble /usr/bin/cmake --build /home/xumeng/robot1_ws/build/robot1_nav -- -j4 -l4
[2.566s] Invoking command in '/home/xumeng/robot1_ws/build/robot1_nav': CMAKE_PREFIX_PATH=/opt/ros/humble /usr/bin/cmake --install /home/xumeng/robot1_ws/build/robot1_nav
[2.588s] -- Install configuration: ""
[2.590s] -- Execute custom install script
[2.593s] -- Symlinking: /home/xumeng/robot1_ws/install/robot1_nav/share/robot1_nav//launch/__pycache__/nav2_bringup.launch.cpython-310.pyc
[2.619s] -- Symlinking: /home/xumeng/robot1_ws/install/robot1_nav/share/robot1_nav//launch/nav2_bringup.launch.py
[2.644s] -- Symlinking: /home/xumeng/robot1_ws/install/robot1_nav/share/robot1_nav//config/nav2_params.yaml
[2.676s] -- Symlinking: /home/xumeng/robot1_ws/install/robot1_nav/share/robot1_nav//maps/lab_map.pgm
[2.712s] -- Symlinking: /home/xumeng/robot1_ws/install/robot1_nav/share/robot1_nav//maps/lab_map.yaml
[2.765s] -- Symlinking: /home/xumeng/robot1_ws/install/robot1_nav/share/robot1_nav//scripts/map_relay.py
[2.765s] -- Symlinking: /home/xumeng/robot1_ws/install/robot1_nav/share/ament_index/resource_index/package_run_dependencies/robot1_nav
[2.794s] -- Symlinking: /home/xumeng/robot1_ws/install/robot1_nav/share/ament_index/resource_index/parent_prefix_path/robot1_nav
[2.820s] -- Symlinking: /home/xumeng/robot1_ws/install/robot1_nav/share/robot1_nav/environment/ament_prefix_path.sh
[2.847s] -- Symlinking: /home/xumeng/robot1_ws/install/robot1_nav/share/robot1_nav/environment/ament_prefix_path.dsv
[2.872s] -- Symlinking: /home/xumeng/robot1_ws/install/robot1_nav/share/robot1_nav/environment/path.sh
[2.904s] -- Symlinking: /home/xumeng/robot1_ws/install/robot1_nav/share/robot1_nav/environment/path.dsv
[2.933s] -- Symlinking: /home/xumeng/robot1_ws/install/robot1_nav/share/robot1_nav/local_setup.bash
[2.962s] -- Symlinking: /home/xumeng/robot1_ws/install/robot1_nav/share/robot1_nav/local_setup.sh
[2.988s] -- Symlinking: /home/xumeng/robot1_ws/install/robot1_nav/share/robot1_nav/local_setup.zsh
[3.015s] -- Symlinking: /home/xumeng/robot1_ws/install/robot1_nav/share/robot1_nav/local_setup.dsv
[3.040s] -- Symlinking: /home/xumeng/robot1_ws/install/robot1_nav/share/robot1_nav/package.dsv
[3.066s] -- Symlinking: /home/xumeng/robot1_ws/install/robot1_nav/share/ament_index/resource_index/packages/robot1_nav
[3.091s] -- Symlinking: /home/xumeng/robot1_ws/install/robot1_nav/share/robot1_nav/cmake/robot1_navConfig.cmake
[3.118s] -- Symlinking: /home/xumeng/robot1_ws/install/robot1_nav/share/robot1_nav/cmake/robot1_navConfig-version.cmake
[3.142s] -- Symlinking: /home/xumeng/robot1_ws/install/robot1_nav/share/robot1_nav/package.xml
[3.181s] Invoked command in '/home/xumeng/robot1_ws/build/robot1_nav' returned '0': CMAKE_PREFIX_PATH=/opt/ros/humble /usr/bin/cmake --install /home/xumeng/robot1_ws/build/robot1_nav
