-- Found ament_cmake: 1.3.14 (/opt/ros/humble/share/ament_cmake/cmake)
-- Override CMake install command with custom implementation using symlinks instead of copying resources
-- Found rclcpp: 16.0.19 (/opt/ros/humble/share/rclcpp/cmake)
-- Found rosidl_generator_c: 3.1.9 (/opt/ros/humble/share/rosidl_generator_c/cmake)
-- Found rosidl_adapter: 3.1.9 (/opt/ros/humble/share/rosidl_adapter/cmake)
-- Found rosidl_generator_cpp: 3.1.9 (/opt/ros/humble/share/rosidl_generator_cpp/cmake)
-- Using all available rosidl_typesupport_c: rosidl_typesupport_fastrtps_c;rosidl_typesupport_introspection_c
-- Using all available rosidl_typesupport_cpp: rosidl_typesupport_fastrtps_cpp;rosidl_typesupport_introspection_cpp
-- Found rmw_implementation_cmake: 6.1.3 (/opt/ros/humble/share/rmw_implementation_cmake/cmake)
-- Found rmw_fastrtps_cpp: 6.2.10 (/opt/ros/humble/share/rmw_fastrtps_cpp/cmake)
-- Using RMW implementation 'rmw_fastrtps_cpp' as default
-- Found sensor_msgs: 4.9.2 (/opt/ros/humble/share/sensor_msgs/cmake)
-- Found visualization_msgs: 4.9.2 (/opt/ros/humble/share/visualization_msgs/cmake)
-- Found std_srvs: 4.9.2 (/opt/ros/humble/share/std_srvs/cmake)
-- Found ament_lint_auto: 0.12.15 (/opt/ros/humble/share/ament_lint_auto/cmake)
-- Added test 'copyright' to check source files copyright and LICENSE
-- Added test 'cppcheck' to perform static code analysis on C / C++ code
-- Configured cppcheck include dirs: /home/xumeng/robot1_ws/src/ydlidar_ros2_driver/src
-- Configured cppcheck exclude dirs and/or files: 
-- Added test 'cpplint' to check C / C++ code against the Google style
-- Configured cpplint exclude dirs and/or files: 
-- Added test 'flake8' to check Python code syntax and style conventions
-- Added test 'lint_cmake' to check CMake code style
-- Added test 'pep257' to check Python code against some of the docstring style conventions in PEP 257
-- Added test 'uncrustify' to check C / C++ code style
-- Configured uncrustify additional arguments: 
-- Added test 'xmllint' to check XML markup files
-- Configuring done
-- Generating done
-- Build files have been written to: /home/xumeng/robot1_ws/build/ydlidar_ros2_driver
[ 25%] Building CXX object CMakeFiles/ydlidar_ros2_driver_node.dir/src/ydlidar_ros2_driver_node.cpp.o
[ 50%] Building CXX object CMakeFiles/ydlidar_ros2_driver_client.dir/src/ydlidar_ros2_driver_client.cpp.o
/home/xumeng/robot1_ws/src/ydlidar_ros2_driver/src/ydlidar_ros2_driver_node.cpp: In lambda function:
/home/xumeng/robot1_ws/src/ydlidar_ros2_driver/src/ydlidar_ros2_driver_node.cpp:192:54: warning: unused parameter ‘request_header’ [-Wunused-parameter]
  192 |     [&laser](const std::shared_ptr<rmw_request_id_t> request_header,
      |              ~~~~~~~~~~~~~~~~~~~~~~~~~~~~~~~~~~~~~~~~^~~~~~~~~~~~~~
/home/xumeng/robot1_ws/src/ydlidar_ros2_driver/src/ydlidar_ros2_driver_node.cpp:193:56: warning: unused parameter ‘req’ [-Wunused-parameter]
  193 |   const std::shared_ptr<std_srvs::srv::Empty::Request> req,
      |   ~~~~~~~~~~~~~~~~~~~~~~~~~~~~~~~~~~~~~~~~~~~~~~~~~~~~~^~~
/home/xumeng/robot1_ws/src/ydlidar_ros2_driver/src/ydlidar_ros2_driver_node.cpp:194:51: warning: unused parameter ‘response’ [-Wunused-parameter]
  194 |   std::shared_ptr<std_srvs::srv::Empty::Response> response) -> bool
      |   ~~~~~~~~~~~~~~~~~~~~~~~~~~~~~~~~~~~~~~~~~~~~~~~~^~~~~~~~
/home/xumeng/robot1_ws/src/ydlidar_ros2_driver/src/ydlidar_ros2_driver_node.cpp: In lambda function:
/home/xumeng/robot1_ws/src/ydlidar_ros2_driver/src/ydlidar_ros2_driver_node.cpp:202:54: warning: unused parameter ‘request_header’ [-Wunused-parameter]
  202 |     [&laser](const std::shared_ptr<rmw_request_id_t> request_header,
      |              ~~~~~~~~~~~~~~~~~~~~~~~~~~~~~~~~~~~~~~~~^~~~~~~~~~~~~~
/home/xumeng/robot1_ws/src/ydlidar_ros2_driver/src/ydlidar_ros2_driver_node.cpp:203:56: warning: unused parameter ‘req’ [-Wunused-parameter]
  203 |   const std::shared_ptr<std_srvs::srv::Empty::Request> req,
      |   ~~~~~~~~~~~~~~~~~~~~~~~~~~~~~~~~~~~~~~~~~~~~~~~~~~~~~^~~
/home/xumeng/robot1_ws/src/ydlidar_ros2_driver/src/ydlidar_ros2_driver_node.cpp:204:51: warning: unused parameter ‘response’ [-Wunused-parameter]
  204 |   std::shared_ptr<std_srvs::srv::Empty::Response> response) -> bool
      |   ~~~~~~~~~~~~~~~~~~~~~~~~~~~~~~~~~~~~~~~~~~~~~~~~^~~~~~~~
[ 75%] Linking CXX executable ydlidar_ros2_driver_node
[ 75%] Built target ydlidar_ros2_driver_node
[100%] Linking CXX executable ydlidar_ros2_driver_client
[100%] Built target ydlidar_ros2_driver_client
-- Install configuration: ""
-- Execute custom install script
-- Symlinking: /home/xumeng/robot1_ws/install/ydlidar_ros2_driver/lib/ydlidar_ros2_driver/ydlidar_ros2_driver_node
-- Symlinking: /home/xumeng/robot1_ws/install/ydlidar_ros2_driver/lib/ydlidar_ros2_driver/ydlidar_ros2_driver_client
-- Symlinking: /home/xumeng/robot1_ws/install/ydlidar_ros2_driver/share/ydlidar_ros2_driver/launch/ydlidar.py
-- Symlinking: /home/xumeng/robot1_ws/install/ydlidar_ros2_driver/share/ydlidar_ros2_driver/launch/ydlidar_launch.py
-- Symlinking: /home/xumeng/robot1_ws/install/ydlidar_ros2_driver/share/ydlidar_ros2_driver/launch/ydlidar_launch_view.py
-- Symlinking: /home/xumeng/robot1_ws/install/ydlidar_ros2_driver/share/ydlidar_ros2_driver/params/G1.yaml
-- Symlinking: /home/xumeng/robot1_ws/install/ydlidar_ros2_driver/share/ydlidar_ros2_driver/params/G2.yaml
-- Symlinking: /home/xumeng/robot1_ws/install/ydlidar_ros2_driver/share/ydlidar_ros2_driver/params/G4.yaml
-- Symlinking: /home/xumeng/robot1_ws/install/ydlidar_ros2_driver/share/ydlidar_ros2_driver/params/G6.yaml
-- Symlinking: /home/xumeng/robot1_ws/install/ydlidar_ros2_driver/share/ydlidar_ros2_driver/params/GS2.yaml
-- Symlinking: /home/xumeng/robot1_ws/install/ydlidar_ros2_driver/share/ydlidar_ros2_driver/params/GS5.yaml
-- Symlinking: /home/xumeng/robot1_ws/install/ydlidar_ros2_driver/share/ydlidar_ros2_driver/params/TEA.yaml
-- Symlinking: /home/xumeng/robot1_ws/install/ydlidar_ros2_driver/share/ydlidar_ros2_driver/params/TG.yaml
-- Symlinking: /home/xumeng/robot1_ws/install/ydlidar_ros2_driver/share/ydlidar_ros2_driver/params/Tmini-Plus-SH.yaml
-- Symlinking: /home/xumeng/robot1_ws/install/ydlidar_ros2_driver/share/ydlidar_ros2_driver/params/Tmini.yaml
-- Symlinking: /home/xumeng/robot1_ws/install/ydlidar_ros2_driver/share/ydlidar_ros2_driver/params/X2.yaml
-- Symlinking: /home/xumeng/robot1_ws/install/ydlidar_ros2_driver/share/ydlidar_ros2_driver/params/X3.yaml
-- Symlinking: /home/xumeng/robot1_ws/install/ydlidar_ros2_driver/share/ydlidar_ros2_driver/params/X4-Pro.yaml
-- Symlinking: /home/xumeng/robot1_ws/install/ydlidar_ros2_driver/share/ydlidar_ros2_driver/params/X4.yaml
-- Symlinking: /home/xumeng/robot1_ws/install/ydlidar_ros2_driver/share/ydlidar_ros2_driver/params/sdm15.yaml
-- Symlinking: /home/xumeng/robot1_ws/install/ydlidar_ros2_driver/share/ydlidar_ros2_driver/params/ydlidar.yaml
-- Symlinking: /home/xumeng/robot1_ws/install/ydlidar_ros2_driver/share/ydlidar_ros2_driver/startup/initenv.sh
-- Symlinking: /home/xumeng/robot1_ws/install/ydlidar_ros2_driver/share/ydlidar_ros2_driver/config/ydlidar.rviz
-- Symlinking: /home/xumeng/robot1_ws/install/ydlidar_ros2_driver/share/ament_index/resource_index/package_run_dependencies/ydlidar_ros2_driver
-- Symlinking: /home/xumeng/robot1_ws/install/ydlidar_ros2_driver/share/ament_index/resource_index/parent_prefix_path/ydlidar_ros2_driver
-- Symlinking: /home/xumeng/robot1_ws/install/ydlidar_ros2_driver/share/ydlidar_ros2_driver/environment/ament_prefix_path.sh
-- Symlinking: /home/xumeng/robot1_ws/install/ydlidar_ros2_driver/share/ydlidar_ros2_driver/environment/ament_prefix_path.dsv
-- Symlinking: /home/xumeng/robot1_ws/install/ydlidar_ros2_driver/share/ydlidar_ros2_driver/environment/path.sh
-- Symlinking: /home/xumeng/robot1_ws/install/ydlidar_ros2_driver/share/ydlidar_ros2_driver/environment/path.dsv
-- Symlinking: /home/xumeng/robot1_ws/install/ydlidar_ros2_driver/share/ydlidar_ros2_driver/local_setup.bash
-- Symlinking: /home/xumeng/robot1_ws/install/ydlidar_ros2_driver/share/ydlidar_ros2_driver/local_setup.sh
-- Symlinking: /home/xumeng/robot1_ws/install/ydlidar_ros2_driver/share/ydlidar_ros2_driver/local_setup.zsh
-- Symlinking: /home/xumeng/robot1_ws/install/ydlidar_ros2_driver/share/ydlidar_ros2_driver/local_setup.dsv
-- Symlinking: /home/xumeng/robot1_ws/install/ydlidar_ros2_driver/share/ydlidar_ros2_driver/package.dsv
-- Symlinking: /home/xumeng/robot1_ws/install/ydlidar_ros2_driver/share/ament_index/resource_index/packages/ydlidar_ros2_driver
-- Symlinking: /home/xumeng/robot1_ws/install/ydlidar_ros2_driver/share/ydlidar_ros2_driver/cmake/ydlidar_ros2_driverConfig.cmake
-- Symlinking: /home/xumeng/robot1_ws/install/ydlidar_ros2_driver/share/ydlidar_ros2_driver/cmake/ydlidar_ros2_driverConfig-version.cmake
-- Symlinking: /home/xumeng/robot1_ws/install/ydlidar_ros2_driver/share/ydlidar_ros2_driver/package.xml
