running egg_info
writing ../../build/robot_driver/robot_driver.egg-info/PKG-INFO
writing dependency_links to ../../build/robot_driver/robot_driver.egg-info/dependency_links.txt
writing requirements to ../../build/robot_driver/robot_driver.egg-info/requires.txt
writing top-level names to ../../build/robot_driver/robot_driver.egg-info/top_level.txt
reading manifest file '../../build/robot_driver/robot_driver.egg-info/SOURCES.txt'
writing manifest file '../../build/robot_driver/robot_driver.egg-info/SOURCES.txt'
running build
running build_py
copying robot_driver/__init__.py -> /home/sunrise/robot1_ws/build/robot_driver/build/lib/robot_driver
copying robot_driver/robot_driver_node.py -> /home/sunrise/robot1_ws/build/robot_driver/build/lib/robot_driver
running install
running install_lib
running install_data
copying resource/robot_driver -> /home/sunrise/robot1_ws/install/robot_driver/share/ament_index/resource_index/packages
copying package.xml -> /home/sunrise/robot1_ws/install/robot_driver/share/robot_driver
running install_egg_info
removing '/home/sunrise/robot1_ws/install/robot_driver/lib/python3.10/site-packages/robot_driver-0.0.0-py3.10.egg-info' (and everything under it)
Copying ../../build/robot_driver/robot_driver.egg-info to /home/sunrise/robot1_ws/install/robot_driver/lib/python3.10/site-packages/robot_driver-0.0.0-py3.10.egg-info
running install_scripts
writing list of installed files to '/home/sunrise/robot1_ws/build/robot_driver/install.log'
