[0.861s] DEBUG:colcon:Command line arguments: ['/usr/bin/colcon', 'build', '--packages-select', 'robot_driver']
[0.862s] DEBUG:colcon:Parsed command line arguments: Namespace(log_base=None, log_level=None, verb_name='build', build_base='build', install_base='install', merge_install=False, symlink_install=False, test_result_base=None, continue_on_error=False, executor='parallel', parallel_workers=4, event_handlers=None, ignore_user_meta=False, metas=['./colcon.meta'], base_paths=['.'], packages_ignore=None, packages_ignore_regex=None, paths=None, packages_up_to=None, packages_up_to_regex=None, packages_above=None, packages_above_and_dependencies=None, packages_above_depth=None, packages_select_by_dep=None, packages_skip_by_dep=None, packages_skip_up_to=None, packages_select_build_failed=False, packages_skip_build_finished=False, packages_select_test_failures=False, packages_skip_test_passed=False, packages_select=['robot_driver'], packages_skip=None, packages_select_regex=None, packages_skip_regex=None, packages_start=None, packages_end=None, allow_overriding=[], cmake_args=None, cmake_target=None, cmake_target_skip_unavailable=False, cmake_clean_cache=False, cmake_clean_first=False, cmake_force_configure=False, ament_cmake_args=None, catkin_cmake_args=None, catkin_skip_building_tests=False, verb_parser=<colcon_defaults.argument_parser.defaults.DefaultArgumentsDecorator object at 0x7f93b0ad70>, verb_extension=<colcon_core.verb.build.BuildVerb object at 0x7f93c64b20>, main=<bound method BuildVerb.main of <colcon_core.verb.build.BuildVerb object at 0x7f93c64b20>>)
[1.221s] Level 1:colcon.colcon_core.package_discovery:discover_packages(colcon_meta) check parameters
[1.222s] Level 1:colcon.colcon_core.package_discovery:discover_packages(recursive) check parameters
[1.222s] Level 1:colcon.colcon_core.package_discovery:discover_packages(ignore) check parameters
[1.223s] Level 1:colcon.colcon_core.package_discovery:discover_packages(path) check parameters
[1.223s] Level 1:colcon.colcon_core.package_discovery:discover_packages(colcon_meta) discover
[1.223s] Level 1:colcon.colcon_core.package_discovery:discover_packages(recursive) discover
[1.224s] INFO:colcon.colcon_core.package_discovery:Crawling recursively for packages in '/home/sunrise/robot1_ws'
[1.225s] Level 1:colcon.colcon_core.package_identification:_identify(.) by extensions ['ignore', 'ignore_ament_install']
[1.226s] Level 1:colcon.colcon_core.package_identification:_identify(.) by extension 'ignore'
[1.227s] Level 1:colcon.colcon_core.package_identification:_identify(.) by extension 'ignore_ament_install'
[1.227s] Level 1:colcon.colcon_core.package_identification:_identify(.) by extensions ['colcon_pkg']
[1.228s] Level 1:colcon.colcon_core.package_identification:_identify(.) by extension 'colcon_pkg'
[1.228s] Level 1:colcon.colcon_core.package_identification:_identify(.) by extensions ['colcon_meta']
[1.229s] Level 1:colcon.colcon_core.package_identification:_identify(.) by extension 'colcon_meta'
[1.229s] Level 1:colcon.colcon_core.package_identification:_identify(.) by extensions ['ros']
[1.230s] Level 1:colcon.colcon_core.package_identification:_identify(.) by extension 'ros'
[1.353s] Level 1:colcon.colcon_core.package_identification:_identify(.) by extensions ['cmake', 'python']
[1.353s] Level 1:colcon.colcon_core.package_identification:_identify(.) by extension 'cmake'
[1.354s] Level 1:colcon.colcon_core.package_identification:_identify(.) by extension 'python'
[1.354s] Level 1:colcon.colcon_core.package_identification:_identify(.) by extensions ['python_setup_py']
[1.354s] Level 1:colcon.colcon_core.package_identification:_identify(.) by extension 'python_setup_py'
[1.355s] Level 1:colcon.colcon_core.package_identification:_identify(build) by extensions ['ignore', 'ignore_ament_install']
[1.355s] Level 1:colcon.colcon_core.package_identification:_identify(build) by extension 'ignore'
[1.356s] Level 1:colcon.colcon_core.package_identification:_identify(build) ignored
[1.357s] Level 1:colcon.colcon_core.package_identification:_identify(install) by extensions ['ignore', 'ignore_ament_install']
[1.357s] Level 1:colcon.colcon_core.package_identification:_identify(install) by extension 'ignore'
[1.358s] Level 1:colcon.colcon_core.package_identification:_identify(install) ignored
[1.358s] Level 1:colcon.colcon_core.package_identification:_identify(log) by extensions ['ignore', 'ignore_ament_install']
[1.359s] Level 1:colcon.colcon_core.package_identification:_identify(log) by extension 'ignore'
[1.359s] Level 1:colcon.colcon_core.package_identification:_identify(log) ignored
[1.360s] Level 1:colcon.colcon_core.package_identification:_identify(src) by extensions ['ignore', 'ignore_ament_install']
[1.361s] Level 1:colcon.colcon_core.package_identification:_identify(src) by extension 'ignore'
[1.361s] Level 1:colcon.colcon_core.package_identification:_identify(src) by extension 'ignore_ament_install'
[1.361s] Level 1:colcon.colcon_core.package_identification:_identify(src) by extensions ['colcon_pkg']
[1.362s] Level 1:colcon.colcon_core.package_identification:_identify(src) by extension 'colcon_pkg'
[1.362s] Level 1:colcon.colcon_core.package_identification:_identify(src) by extensions ['colcon_meta']
[1.362s] Level 1:colcon.colcon_core.package_identification:_identify(src) by extension 'colcon_meta'
[1.362s] Level 1:colcon.colcon_core.package_identification:_identify(src) by extensions ['ros']
[1.363s] Level 1:colcon.colcon_core.package_identification:_identify(src) by extension 'ros'
[1.363s] Level 1:colcon.colcon_core.package_identification:_identify(src) by extensions ['cmake', 'python']
[1.363s] Level 1:colcon.colcon_core.package_identification:_identify(src) by extension 'cmake'
[1.364s] Level 1:colcon.colcon_core.package_identification:_identify(src) by extension 'python'
[1.364s] Level 1:colcon.colcon_core.package_identification:_identify(src) by extensions ['python_setup_py']
[1.364s] Level 1:colcon.colcon_core.package_identification:_identify(src) by extension 'python_setup_py'
[1.365s] Level 1:colcon.colcon_core.package_identification:_identify(src/robot_driver) by extensions ['ignore', 'ignore_ament_install']
[1.366s] Level 1:colcon.colcon_core.package_identification:_identify(src/robot_driver) by extension 'ignore'
[1.366s] Level 1:colcon.colcon_core.package_identification:_identify(src/robot_driver) by extension 'ignore_ament_install'
[1.367s] Level 1:colcon.colcon_core.package_identification:_identify(src/robot_driver) by extensions ['colcon_pkg']
[1.367s] Level 1:colcon.colcon_core.package_identification:_identify(src/robot_driver) by extension 'colcon_pkg'
[1.367s] Level 1:colcon.colcon_core.package_identification:_identify(src/robot_driver) by extensions ['colcon_meta']
[1.367s] Level 1:colcon.colcon_core.package_identification:_identify(src/robot_driver) by extension 'colcon_meta'
[1.368s] Level 1:colcon.colcon_core.package_identification:_identify(src/robot_driver) by extensions ['ros']
[1.368s] Level 1:colcon.colcon_core.package_identification:_identify(src/robot_driver) by extension 'ros'
[1.375s] DEBUG:colcon.colcon_core.package_identification:Failed to parse potential ROS package manifest in'src/robot_driver': Error(s) in package 'src/robot_driver/package.xml':
The manifest contains invalid XML:
junk after document element: line 18, column 68
[1.375s] Level 1:colcon.colcon_core.package_identification:_identify(src/robot_driver) by extensions ['cmake', 'python']
[1.376s] Level 1:colcon.colcon_core.package_identification:_identify(src/robot_driver) by extension 'cmake'
[1.376s] Level 1:colcon.colcon_core.package_identification:_identify(src/robot_driver) by extension 'python'
[1.377s] DEBUG:colcon.colcon_core.package_identification:Python package in 'src/robot_driver' passes arguments to the setup() function which requires a different identification extension than 'python'
[1.377s] Level 1:colcon.colcon_core.package_identification:_identify(src/robot_driver) by extensions ['python_setup_py']
[1.377s] Level 1:colcon.colcon_core.package_identification:_identify(src/robot_driver) by extension 'python_setup_py'
[2.828s] DEBUG:colcon.colcon_core.package_identification:Package 'src/robot_driver' with type 'python' and name 'robot_driver'
[2.829s] Level 1:colcon.colcon_core.package_identification:_identify(src/ydlidar_ros2_driver) by extensions ['ignore', 'ignore_ament_install']
[2.829s] Level 1:colcon.colcon_core.package_identification:_identify(src/ydlidar_ros2_driver) by extension 'ignore'
[2.830s] Level 1:colcon.colcon_core.package_identification:_identify(src/ydlidar_ros2_driver) by extension 'ignore_ament_install'
[2.830s] Level 1:colcon.colcon_core.package_identification:_identify(src/ydlidar_ros2_driver) by extensions ['colcon_pkg']
[2.830s] Level 1:colcon.colcon_core.package_identification:_identify(src/ydlidar_ros2_driver) by extension 'colcon_pkg'
[2.831s] Level 1:colcon.colcon_core.package_identification:_identify(src/ydlidar_ros2_driver) by extensions ['colcon_meta']
[2.831s] Level 1:colcon.colcon_core.package_identification:_identify(src/ydlidar_ros2_driver) by extension 'colcon_meta'
[2.831s] Level 1:colcon.colcon_core.package_identification:_identify(src/ydlidar_ros2_driver) by extensions ['ros']
[2.832s] Level 1:colcon.colcon_core.package_identification:_identify(src/ydlidar_ros2_driver) by extension 'ros'
[2.845s] DEBUG:colcon.colcon_core.package_identification:Package 'src/ydlidar_ros2_driver' with type 'ros.ament_cmake' and name 'ydlidar_ros2_driver'
[2.845s] Level 1:colcon.colcon_core.package_discovery:discover_packages(recursive) using defaults
[2.846s] Level 1:colcon.colcon_core.package_discovery:discover_packages(ignore) discover
[2.846s] Level 1:colcon.colcon_core.package_discovery:discover_packages(ignore) using defaults
[2.846s] Level 1:colcon.colcon_core.package_discovery:discover_packages(path) discover
[2.846s] Level 1:colcon.colcon_core.package_discovery:discover_packages(path) using defaults
[3.010s] INFO:colcon.colcon_core.package_selection:Skipping not selected package 'ydlidar_ros2_driver' in 'src/ydlidar_ros2_driver'
[3.013s] Level 1:colcon.colcon_core.package_discovery:discover_packages(prefix_path) check parameters
[3.014s] Level 1:colcon.colcon_core.package_discovery:discover_packages(prefix_path) discover
[3.033s] DEBUG:colcon.colcon_installed_package_information.package_discovery:Found 195 installed packages in /opt/ros/humble
[3.043s] Level 1:colcon.colcon_core.package_discovery:discover_packages(prefix_path) using defaults
[3.308s] Level 5:colcon.colcon_core.verb:set package 'robot_driver' build argument 'cmake_args' from command line to 'None'
[3.309s] Level 5:colcon.colcon_core.verb:set package 'robot_driver' build argument 'cmake_target' from command line to 'None'
[3.309s] Level 5:colcon.colcon_core.verb:set package 'robot_driver' build argument 'cmake_target_skip_unavailable' from command line to 'False'
[3.310s] Level 5:colcon.colcon_core.verb:set package 'robot_driver' build argument 'cmake_clean_cache' from command line to 'False'
[3.310s] Level 5:colcon.colcon_core.verb:set package 'robot_driver' build argument 'cmake_clean_first' from command line to 'False'
[3.311s] Level 5:colcon.colcon_core.verb:set package 'robot_driver' build argument 'cmake_force_configure' from command line to 'False'
[3.311s] Level 5:colcon.colcon_core.verb:set package 'robot_driver' build argument 'ament_cmake_args' from command line to 'None'
[3.312s] Level 5:colcon.colcon_core.verb:set package 'robot_driver' build argument 'catkin_cmake_args' from command line to 'None'
[3.312s] Level 5:colcon.colcon_core.verb:set package 'robot_driver' build argument 'catkin_skip_building_tests' from command line to 'False'
[3.313s] DEBUG:colcon.colcon_core.verb:Building package 'robot_driver' with the following arguments: {'ament_cmake_args': None, 'build_base': '/home/sunrise/robot1_ws/build/robot_driver', 'catkin_cmake_args': None, 'catkin_skip_building_tests': False, 'cmake_args': None, 'cmake_clean_cache': False, 'cmake_clean_first': False, 'cmake_force_configure': False, 'cmake_target': None, 'cmake_target_skip_unavailable': False, 'install_base': '/home/sunrise/robot1_ws/install/robot_driver', 'merge_install': False, 'path': '/home/sunrise/robot1_ws/src/robot_driver', 'symlink_install': False, 'test_result_base': None}
[3.315s] INFO:colcon.colcon_core.executor:Executing jobs using 'parallel' executor
[3.331s] DEBUG:colcon.colcon_parallel_executor.executor.parallel:run_until_complete
[3.337s] INFO:colcon.colcon_core.task.python.build:Building Python package in '/home/sunrise/robot1_ws/src/robot_driver'
[3.360s] INFO:colcon.colcon_core.plugin_system:Skipping extension 'colcon_core.shell.bat': Not used on non-Windows systems
[3.363s] INFO:colcon.colcon_core.shell:Skip shell extension 'powershell' for command environment: Not usable outside of PowerShell
[3.363s] DEBUG:colcon.colcon_core.shell:Skip shell extension 'dsv' for command environment
[8.238s] DEBUG:colcon.colcon_core.task.python.build:Available setuptools commands: rotate, check, saveopts, isort, install_data, build, build_clib, clean, editable_wheel, bdist, dist_info, symlink_data, build_ext, bdist_dumb, bdist_rpm, alias, easy_install, install_lib, egg_info, install_scripts, setopt, develop, install, build_py, install_egg_info, bdist_wheel, bdist_egg, build_scripts, install_headers, sdist
[8.250s] DEBUG:colcon.colcon_core.event_handler.log_command:Invoking command in '/home/sunrise/robot1_ws/src/robot_driver': PYTHONPATH=/home/sunrise/robot1_ws/build/robot_driver/prefix_override:/usr/lib/python3/dist-packages/colcon_core/task/python/colcon_distutils_commands:/home/sunrise/robot1_ws/install/robot_driver/lib/python3.10/site-packages:${PYTHONPATH} /usr/bin/python3 -W ignore:setup.py install is deprecated -W ignore:easy_install command is deprecated setup.py egg_info --egg-base ../../build/robot_driver build --build-base /home/sunrise/robot1_ws/build/robot_driver/build install --record /home/sunrise/robot1_ws/build/robot_driver/install.log --install-scripts $base/lib/robot_driver --single-version-externally-managed install_data
[11.166s] DEBUG:colcon.colcon_core.event_handler.log_command:Invoked command in '/home/sunrise/robot1_ws/src/robot_driver' returned '0': PYTHONPATH=/home/sunrise/robot1_ws/build/robot_driver/prefix_override:/usr/lib/python3/dist-packages/colcon_core/task/python/colcon_distutils_commands:/home/sunrise/robot1_ws/install/robot_driver/lib/python3.10/site-packages:${PYTHONPATH} /usr/bin/python3 -W ignore:setup.py install is deprecated -W ignore:easy_install command is deprecated setup.py egg_info --egg-base ../../build/robot_driver build --build-base /home/sunrise/robot1_ws/build/robot_driver/build install --record /home/sunrise/robot1_ws/build/robot_driver/install.log --install-scripts $base/lib/robot_driver --single-version-externally-managed install_data
[11.185s] Level 1:colcon.colcon_core.environment:checking '/home/sunrise/robot1_ws/install/robot_driver' for CMake module files
[11.189s] Level 1:colcon.colcon_core.environment:checking '/home/sunrise/robot1_ws/install/robot_driver' for CMake config files
[11.193s] Level 1:colcon.colcon_core.environment:checking '/home/sunrise/robot1_ws/install/robot_driver/lib'
[11.194s] Level 1:colcon.colcon_core.environment:checking '/home/sunrise/robot1_ws/install/robot_driver/bin'
[11.195s] Level 1:colcon.colcon_core.environment:checking '/home/sunrise/robot1_ws/install/robot_driver/lib/pkgconfig/robot_driver.pc'
[11.197s] Level 1:colcon.colcon_core.environment:checking '/home/sunrise/robot1_ws/install/robot_driver/lib/python3.10/site-packages'
[11.198s] Level 1:colcon.colcon_core.shell:create_environment_hook('robot_driver', 'pythonpath')
[11.200s] INFO:colcon.colcon_core.shell:Creating environment hook '/home/sunrise/robot1_ws/install/robot_driver/share/robot_driver/hook/pythonpath.ps1'
[11.205s] INFO:colcon.colcon_core.shell:Creating environment descriptor '/home/sunrise/robot1_ws/install/robot_driver/share/robot_driver/hook/pythonpath.dsv'
[11.213s] INFO:colcon.colcon_core.shell:Creating environment hook '/home/sunrise/robot1_ws/install/robot_driver/share/robot_driver/hook/pythonpath.sh'
[11.221s] Level 1:colcon.colcon_core.environment:checking '/home/sunrise/robot1_ws/install/robot_driver/bin'
[11.222s] Level 1:colcon.colcon_core.environment:create_environment_scripts_only(robot_driver)
[11.225s] INFO:colcon.colcon_core.shell:Creating package script '/home/sunrise/robot1_ws/install/robot_driver/share/robot_driver/package.ps1'
[11.236s] INFO:colcon.colcon_core.shell:Creating package descriptor '/home/sunrise/robot1_ws/install/robot_driver/share/robot_driver/package.dsv'
[11.240s] INFO:colcon.colcon_core.shell:Creating package script '/home/sunrise/robot1_ws/install/robot_driver/share/robot_driver/package.sh'
[11.247s] INFO:colcon.colcon_core.shell:Creating package script '/home/sunrise/robot1_ws/install/robot_driver/share/robot_driver/package.bash'
[11.254s] INFO:colcon.colcon_core.shell:Creating package script '/home/sunrise/robot1_ws/install/robot_driver/share/robot_driver/package.zsh'
[11.261s] Level 1:colcon.colcon_core.environment:create_file_with_runtime_dependencies(/home/sunrise/robot1_ws/install/robot_driver/share/colcon-core/packages/robot_driver)
[11.263s] DEBUG:colcon.colcon_parallel_executor.executor.parallel:closing loop
[11.264s] DEBUG:colcon.colcon_parallel_executor.executor.parallel:loop closed
[11.265s] DEBUG:colcon.colcon_parallel_executor.executor.parallel:run_until_complete finished with '0'
[11.266s] DEBUG:colcon.colcon_core.event_reactor:joining thread
[11.269s] DEBUG:colcon.colcon_core.event_reactor:joined thread
[11.271s] INFO:colcon.colcon_core.shell:Creating prefix script '/home/sunrise/robot1_ws/install/local_setup.ps1'
[11.279s] INFO:colcon.colcon_core.shell:Creating prefix util module '/home/sunrise/robot1_ws/install/_local_setup_util_ps1.py'
[11.292s] INFO:colcon.colcon_core.shell:Creating prefix chain script '/home/sunrise/robot1_ws/install/setup.ps1'
[11.299s] INFO:colcon.colcon_core.shell:Creating prefix script '/home/sunrise/robot1_ws/install/local_setup.sh'
[11.304s] INFO:colcon.colcon_core.shell:Creating prefix util module '/home/sunrise/robot1_ws/install/_local_setup_util_sh.py'
[11.308s] INFO:colcon.colcon_core.shell:Creating prefix chain script '/home/sunrise/robot1_ws/install/setup.sh'
[11.316s] INFO:colcon.colcon_core.shell:Creating prefix script '/home/sunrise/robot1_ws/install/local_setup.bash'
[11.320s] INFO:colcon.colcon_core.shell:Creating prefix chain script '/home/sunrise/robot1_ws/install/setup.bash'
[11.327s] INFO:colcon.colcon_core.shell:Creating prefix script '/home/sunrise/robot1_ws/install/local_setup.zsh'
[11.331s] INFO:colcon.colcon_core.shell:Creating prefix chain script '/home/sunrise/robot1_ws/install/setup.zsh'
